[2020-09-24T05:33:14.370-0400][gc,heap] Heap region size: 1M
[2020-09-24T05:33:14.372-0400][gc     ] Using G1
[2020-09-24T05:33:14.372-0400][gc,heap,coops] Heap address: 0x00000000e0000000, size: 512 MB, Compressed Oops mode: 32-bit
[2020-09-24T05:33:14.372-0400][gc,cds       ] Mark closed archive regions in map: [0x00000000fff00000, 0x00000000fff69ff8]
[2020-09-24T05:33:14.372-0400][gc,cds       ] Mark open archive regions in map: [0x00000000ffe00000, 0x00000000ffe46ff8]
[2020-09-24T05:33:14.553-0400][gc,start     ] GC(0) Pause Young (Normal) (G1 Evacuation Pause)
[2020-09-24T05:33:14.553-0400][gc,task      ] GC(0) Using 3 workers of 4 for evacuation
[2020-09-24T05:33:14.560-0400][gc,phases    ] GC(0)   Pre Evacuate Collection Set: 0.0ms
[2020-09-24T05:33:14.560-0400][gc,phases    ] GC(0)   Evacuate Collection Set: 6.9ms
[2020-09-24T05:33:14.560-0400][gc,phases    ] GC(0)   Post Evacuate Collection Set: 0.4ms
[2020-09-24T05:33:14.561-0400][gc,phases    ] GC(0)   Other: 0.4ms
[2020-09-24T05:33:14.561-0400][gc,heap      ] GC(0) Eden regions: 6->0(5)
[2020-09-24T05:33:14.561-0400][gc,heap      ] GC(0) Survivor regions: 0->1(1)
[2020-09-24T05:33:14.561-0400][gc,heap      ] GC(0) Old regions: 2->5
[2020-09-24T05:33:14.561-0400][gc,heap      ] GC(0) Humongous regions: 0->0
[2020-09-24T05:33:14.561-0400][gc,metaspace ] GC(0) Metaspace: 2150K->2150K(1056768K)
[2020-09-24T05:33:14.561-0400][gc           ] GC(0) Pause Young (Normal) (G1 Evacuation Pause) 6M->3M(130M) 7.837ms
[2020-09-24T05:33:14.561-0400][gc,cpu       ] GC(0) User=0.01s Sys=0.00s Real=0.01s
[2020-09-24T05:33:14.707-0400][gc,start     ] GC(1) Pause Young (Normal) (G1 Evacuation Pause)
[2020-09-24T05:33:14.707-0400][gc,task      ] GC(1) Using 3 workers of 4 for evacuation
[2020-09-24T05:33:14.712-0400][gc,phases    ] GC(1)   Pre Evacuate Collection Set: 0.0ms
[2020-09-24T05:33:14.712-0400][gc,phases    ] GC(1)   Evacuate Collection Set: 4.9ms
[2020-09-24T05:33:14.712-0400][gc,phases    ] GC(1)   Post Evacuate Collection Set: 0.5ms
[2020-09-24T05:33:14.712-0400][gc,phases    ] GC(1)   Other: 0.1ms
[2020-09-24T05:33:14.712-0400][gc,heap      ] GC(1) Eden regions: 5->0(5)
[2020-09-24T05:33:14.712-0400][gc,heap      ] GC(1) Survivor regions: 1->1(1)
[2020-09-24T05:33:14.712-0400][gc,heap      ] GC(1) Old regions: 5->6
[2020-09-24T05:33:14.712-0400][gc,heap      ] GC(1) Humongous regions: 0->0
[2020-09-24T05:33:14.712-0400][gc,metaspace ] GC(1) Metaspace: 4991K->4991K(1056768K)
[2020-09-24T05:33:14.712-0400][gc           ] GC(1) Pause Young (Normal) (G1 Evacuation Pause) 8M->5M(130M) 5.637ms
[2020-09-24T05:33:14.713-0400][gc,cpu       ] GC(1) User=0.01s Sys=0.00s Real=0.00s
[2020-09-24T05:33:14.820-0400][gc,start     ] GC(2) Pause Young (Normal) (G1 Evacuation Pause)
[2020-09-24T05:33:14.820-0400][gc,task      ] GC(2) Using 3 workers of 4 for evacuation
[2020-09-24T05:33:14.826-0400][gc,phases    ] GC(2)   Pre Evacuate Collection Set: 0.0ms
[2020-09-24T05:33:14.826-0400][gc,phases    ] GC(2)   Evacuate Collection Set: 5.0ms
[2020-09-24T05:33:14.826-0400][gc,phases    ] GC(2)   Post Evacuate Collection Set: 0.3ms
[2020-09-24T05:33:14.826-0400][gc,phases    ] GC(2)   Other: 0.1ms
[2020-09-24T05:33:14.826-0400][gc,heap      ] GC(2) Eden regions: 5->0(5)
[2020-09-24T05:33:14.826-0400][gc,heap      ] GC(2) Survivor regions: 1->1(1)
[2020-09-24T05:33:14.826-0400][gc,heap      ] GC(2) Old regions: 6->7
[2020-09-24T05:33:14.826-0400][gc,heap      ] GC(2) Humongous regions: 0->0
[2020-09-24T05:33:14.826-0400][gc,metaspace ] GC(2) Metaspace: 6279K->6279K(1056768K)
[2020-09-24T05:33:14.826-0400][gc           ] GC(2) Pause Young (Normal) (G1 Evacuation Pause) 10M->6M(130M) 5.568ms
[2020-09-24T05:33:14.826-0400][gc,cpu       ] GC(2) User=0.01s Sys=0.01s Real=0.01s
[2020-09-24T05:33:14.922-0400][gc,start     ] GC(3) Pause Young (Normal) (G1 Evacuation Pause)
[2020-09-24T05:33:14.922-0400][gc,task      ] GC(3) Using 3 workers of 4 for evacuation
[2020-09-24T05:33:14.924-0400][gc,phases    ] GC(3)   Pre Evacuate Collection Set: 0.0ms
[2020-09-24T05:33:14.924-0400][gc,phases    ] GC(3)   Evacuate Collection Set: 1.5ms
[2020-09-24T05:33:14.924-0400][gc,phases    ] GC(3)   Post Evacuate Collection Set: 0.3ms
[2020-09-24T05:33:14.924-0400][gc,phases    ] GC(3)   Other: 0.1ms
[2020-09-24T05:33:14.924-0400][gc,heap      ] GC(3) Eden regions: 5->0(5)
[2020-09-24T05:33:14.924-0400][gc,heap      ] GC(3) Survivor regions: 1->1(1)
[2020-09-24T05:33:14.924-0400][gc,heap      ] GC(3) Old regions: 7->8
[2020-09-24T05:33:14.924-0400][gc,heap      ] GC(3) Humongous regions: 0->0
[2020-09-24T05:33:14.924-0400][gc,metaspace ] GC(3) Metaspace: 7720K->7720K(1056768K)
[2020-09-24T05:33:14.924-0400][gc           ] GC(3) Pause Young (Normal) (G1 Evacuation Pause) 11M->6M(130M) 2.071ms
[2020-09-24T05:33:14.924-0400][gc,cpu       ] GC(3) User=0.01s Sys=0.00s Real=0.01s
[2020-09-24T05:33:15.019-0400][gc,start     ] GC(4) Pause Young (Normal) (G1 Evacuation Pause)
[2020-09-24T05:33:15.019-0400][gc,task      ] GC(4) Using 3 workers of 4 for evacuation
[2020-09-24T05:33:15.021-0400][gc,phases    ] GC(4)   Pre Evacuate Collection Set: 0.0ms
[2020-09-24T05:33:15.021-0400][gc,phases    ] GC(4)   Evacuate Collection Set: 1.6ms
[2020-09-24T05:33:15.021-0400][gc,phases    ] GC(4)   Post Evacuate Collection Set: 0.3ms
[2020-09-24T05:33:15.021-0400][gc,phases    ] GC(4)   Other: 0.1ms
[2020-09-24T05:33:15.021-0400][gc,heap      ] GC(4) Eden regions: 5->0(6)
[2020-09-24T05:33:15.021-0400][gc,heap      ] GC(4) Survivor regions: 1->1(1)
[2020-09-24T05:33:15.021-0400][gc,heap      ] GC(4) Old regions: 8->8
[2020-09-24T05:33:15.021-0400][gc,heap      ] GC(4) Humongous regions: 0->0
[2020-09-24T05:33:15.021-0400][gc,metaspace ] GC(4) Metaspace: 9388K->9388K(1058816K)
[2020-09-24T05:33:15.021-0400][gc           ] GC(4) Pause Young (Normal) (G1 Evacuation Pause) 11M->6M(130M) 2.110ms
[2020-09-24T05:33:15.021-0400][gc,cpu       ] GC(4) User=0.01s Sys=0.00s Real=0.00s
[2020-09-24T05:33:15.099-0400][gc,start     ] GC(5) Pause Young (Normal) (G1 Evacuation Pause)
[2020-09-24T05:33:15.099-0400][gc,task      ] GC(5) Using 3 workers of 4 for evacuation
[2020-09-24T05:33:15.101-0400][gc,phases    ] GC(5)   Pre Evacuate Collection Set: 0.0ms
[2020-09-24T05:33:15.101-0400][gc,phases    ] GC(5)   Evacuate Collection Set: 1.1ms
[2020-09-24T05:33:15.101-0400][gc,phases    ] GC(5)   Post Evacuate Collection Set: 0.4ms
[2020-09-24T05:33:15.101-0400][gc,phases    ] GC(5)   Other: 0.1ms
[2020-09-24T05:33:15.101-0400][gc,heap      ] GC(5) Eden regions: 6->0(9)
[2020-09-24T05:33:15.101-0400][gc,heap      ] GC(5) Survivor regions: 1->1(1)
[2020-09-24T05:33:15.101-0400][gc,heap      ] GC(5) Old regions: 8->8
[2020-09-24T05:33:15.101-0400][gc,heap      ] GC(5) Humongous regions: 0->0
[2020-09-24T05:33:15.101-0400][gc,metaspace ] GC(5) Metaspace: 11014K->11014K(1058816K)
[2020-09-24T05:33:15.101-0400][gc           ] GC(5) Pause Young (Normal) (G1 Evacuation Pause) 12M->6M(130M) 1.634ms
[2020-09-24T05:33:15.101-0400][gc,cpu       ] GC(5) User=0.01s Sys=0.00s Real=0.00s
[2020-09-24T05:33:15.249-0400][gc,start     ] GC(6) Pause Young (Normal) (G1 Evacuation Pause)
[2020-09-24T05:33:15.249-0400][gc,task      ] GC(6) Using 3 workers of 4 for evacuation
[2020-09-24T05:33:15.255-0400][gc,phases    ] GC(6)   Pre Evacuate Collection Set: 0.0ms
[2020-09-24T05:33:15.255-0400][gc,phases    ] GC(6)   Evacuate Collection Set: 5.5ms
[2020-09-24T05:33:15.255-0400][gc,phases    ] GC(6)   Post Evacuate Collection Set: 0.4ms
[2020-09-24T05:33:15.255-0400][gc,phases    ] GC(6)   Other: 0.2ms
[2020-09-24T05:33:15.255-0400][gc,heap      ] GC(6) Eden regions: 9->0(12)
[2020-09-24T05:33:15.255-0400][gc,heap      ] GC(6) Survivor regions: 1->1(2)
[2020-09-24T05:33:15.255-0400][gc,heap      ] GC(6) Old regions: 8->8
[2020-09-24T05:33:15.255-0400][gc,heap      ] GC(6) Humongous regions: 0->0
[2020-09-24T05:33:15.255-0400][gc,metaspace ] GC(6) Metaspace: 13582K->13582K(1060864K)
[2020-09-24T05:33:15.255-0400][gc           ] GC(6) Pause Young (Normal) (G1 Evacuation Pause) 15M->6M(130M) 6.127ms
[2020-09-24T05:33:15.255-0400][gc,cpu       ] GC(6) User=0.01s Sys=0.00s Real=0.01s
[2020-09-24T05:33:15.578-0400][gc,start     ] GC(7) Pause Young (Normal) (G1 Evacuation Pause)
[2020-09-24T05:33:15.578-0400][gc,task      ] GC(7) Using 3 workers of 4 for evacuation
[2020-09-24T05:33:15.603-0400][gc,mmu       ] GC(7) MMU target violated: 21.0ms (20.0ms/21.0ms)
[2020-09-24T05:33:15.603-0400][gc,phases    ] GC(7)   Pre Evacuate Collection Set: 0.0ms
[2020-09-24T05:33:15.603-0400][gc,phases    ] GC(7)   Evacuate Collection Set: 23.9ms
[2020-09-24T05:33:15.603-0400][gc,phases    ] GC(7)   Post Evacuate Collection Set: 0.9ms
[2020-09-24T05:33:15.603-0400][gc,phases    ] GC(7)   Other: 0.2ms
[2020-09-24T05:33:15.603-0400][gc,heap      ] GC(7) Eden regions: 12->0(12)
[2020-09-24T05:33:15.603-0400][gc,heap      ] GC(7) Survivor regions: 1->2(2)
[2020-09-24T05:33:15.603-0400][gc,heap      ] GC(7) Old regions: 8->8
[2020-09-24T05:33:15.603-0400][gc,heap      ] GC(7) Humongous regions: 0->0
[2020-09-24T05:33:15.603-0400][gc,metaspace ] GC(7) Metaspace: 16981K->16981K(1064960K)
[2020-09-24T05:33:15.603-0400][gc           ] GC(7) Pause Young (Normal) (G1 Evacuation Pause) 18M->7M(148M) 24.996ms
[2020-09-24T05:33:15.603-0400][gc,cpu       ] GC(7) User=0.05s Sys=0.02s Real=0.02s
[2020-09-24T05:33:15.833-0400][gc,start     ] GC(8) Pause Young (Normal) (G1 Evacuation Pause)
[2020-09-24T05:33:15.833-0400][gc,task      ] GC(8) Using 4 workers of 4 for evacuation
[2020-09-24T05:33:15.836-0400][gc,phases    ] GC(8)   Pre Evacuate Collection Set: 0.0ms
[2020-09-24T05:33:15.836-0400][gc,phases    ] GC(8)   Evacuate Collection Set: 1.7ms
[2020-09-24T05:33:15.836-0400][gc,phases    ] GC(8)   Post Evacuate Collection Set: 0.4ms
[2020-09-24T05:33:15.836-0400][gc,phases    ] GC(8)   Other: 0.3ms
[2020-09-24T05:33:15.836-0400][gc,heap      ] GC(8) Eden regions: 12->0(13)
[2020-09-24T05:33:15.836-0400][gc,heap      ] GC(8) Survivor regions: 2->2(2)
[2020-09-24T05:33:15.836-0400][gc,heap      ] GC(8) Old regions: 8->8
[2020-09-24T05:33:15.836-0400][gc,heap      ] GC(8) Humongous regions: 0->0
[2020-09-24T05:33:15.836-0400][gc,metaspace ] GC(8) Metaspace: 19958K->19958K(1067008K)
[2020-09-24T05:33:15.836-0400][gc           ] GC(8) Pause Young (Normal) (G1 Evacuation Pause) 19M->7M(148M) 2.448ms
[2020-09-24T05:33:15.836-0400][gc,cpu       ] GC(8) User=0.00s Sys=0.01s Real=0.01s
[2020-09-24T05:33:15.866-0400][gc,start     ] GC(9) Pause Young (Concurrent Start) (G1 Humongous Allocation)
[2020-09-24T05:33:15.866-0400][gc,task      ] GC(9) Using 4 workers of 4 for evacuation
[2020-09-24T05:33:15.870-0400][gc,phases    ] GC(9)   Pre Evacuate Collection Set: 0.0ms
[2020-09-24T05:33:15.870-0400][gc,phases    ] GC(9)   Evacuate Collection Set: 3.3ms
[2020-09-24T05:33:15.870-0400][gc,phases    ] GC(9)   Post Evacuate Collection Set: 0.4ms
[2020-09-24T05:33:15.870-0400][gc,phases    ] GC(9)   Other: 0.2ms
[2020-09-24T05:33:15.870-0400][gc,heap      ] GC(9) Eden regions: 2->0(12)
[2020-09-24T05:33:15.870-0400][gc,heap      ] GC(9) Survivor regions: 2->1(2)
[2020-09-24T05:33:15.870-0400][gc,heap      ] GC(9) Old regions: 8->9
[2020-09-24T05:33:15.870-0400][gc,heap      ] GC(9) Humongous regions: 0->0
[2020-09-24T05:33:15.870-0400][gc,metaspace ] GC(9) Metaspace: 20374K->20374K(1067008K)
[2020-09-24T05:33:15.870-0400][gc           ] GC(9) Pause Young (Concurrent Start) (G1 Humongous Allocation) 9M->7M(148M) 3.992ms
[2020-09-24T05:33:15.870-0400][gc,cpu       ] GC(9) User=0.01s Sys=0.00s Real=0.00s
[2020-09-24T05:33:15.870-0400][gc           ] GC(10) Concurrent Cycle
[2020-09-24T05:33:15.870-0400][gc,marking   ] GC(10) Concurrent Clear Claimed Marks
[2020-09-24T05:33:15.870-0400][gc,marking   ] GC(10) Concurrent Clear Claimed Marks 0.023ms
[2020-09-24T05:33:15.870-0400][gc,marking   ] GC(10) Concurrent Scan Root Regions
[2020-09-24T05:33:15.872-0400][gc,marking   ] GC(10) Concurrent Scan Root Regions 1.887ms
[2020-09-24T05:33:15.872-0400][gc,marking   ] GC(10) Concurrent Mark (1.505s)
[2020-09-24T05:33:15.872-0400][gc,marking   ] GC(10) Concurrent Mark From Roots
[2020-09-24T05:33:15.872-0400][gc,task      ] GC(10) Using 1 workers of 1 for marking
[2020-09-24T05:33:15.881-0400][gc,marking   ] GC(10) Concurrent Mark From Roots 9.351ms
[2020-09-24T05:33:15.881-0400][gc,marking   ] GC(10) Concurrent Preclean
[2020-09-24T05:33:15.881-0400][gc,marking   ] GC(10) Concurrent Preclean 0.085ms
[2020-09-24T05:33:15.881-0400][gc,marking   ] GC(10) Concurrent Mark (1.505s, 1.515s) 9.525ms
[2020-09-24T05:33:15.949-0400][gc,start     ] GC(10) Pause Remark
[2020-09-24T05:33:15.951-0400][gc,stringtable] GC(10) Cleaned string and symbol table, strings: 4932 processed, 6 removed, symbols: 50040 processed, 45 removed
[2020-09-24T05:33:15.951-0400][gc            ] GC(10) Pause Remark 136M->136M(148M) 2.100ms
[2020-09-24T05:33:15.951-0400][gc,cpu        ] GC(10) User=0.00s Sys=0.00s Real=0.00s
[2020-09-24T05:33:15.951-0400][gc,marking    ] GC(10) Concurrent Rebuild Remembered Sets
[2020-09-24T05:33:15.962-0400][gc,marking    ] GC(10) Concurrent Rebuild Remembered Sets 10.696ms
[2020-09-24T05:33:15.962-0400][gc,start      ] GC(10) Pause Cleanup
[2020-09-24T05:33:15.962-0400][gc            ] GC(10) Pause Cleanup 138M->138M(148M) 0.141ms
[2020-09-24T05:33:15.963-0400][gc,cpu        ] GC(10) User=0.00s Sys=0.00s Real=0.00s
[2020-09-24T05:33:15.963-0400][gc,marking    ] GC(10) Concurrent Cleanup for Next Mark
[2020-09-24T05:33:15.966-0400][gc,marking    ] GC(10) Concurrent Cleanup for Next Mark 3.134ms
[2020-09-24T05:33:15.966-0400][gc            ] GC(10) Concurrent Cycle 95.991ms
[2020-09-24T05:33:16.031-0400][gc,start      ] GC(11) Pause Young (Normal) (G1 Evacuation Pause)
[2020-09-24T05:33:16.031-0400][gc,task       ] GC(11) Using 4 workers of 4 for evacuation
[2020-09-24T05:33:16.035-0400][gc,phases     ] GC(11)   Pre Evacuate Collection Set: 0.0ms
[2020-09-24T05:33:16.035-0400][gc,phases     ] GC(11)   Evacuate Collection Set: 2.7ms
[2020-09-24T05:33:16.035-0400][gc,phases     ] GC(11)   Post Evacuate Collection Set: 0.4ms
[2020-09-24T05:33:16.035-0400][gc,phases     ] GC(11)   Other: 0.1ms
[2020-09-24T05:33:16.035-0400][gc,heap       ] GC(11) Eden regions: 9->0(5)
[2020-09-24T05:33:16.035-0400][gc,heap       ] GC(11) Survivor regions: 1->2(2)
[2020-09-24T05:33:16.035-0400][gc,heap       ] GC(11) Old regions: 9->9
[2020-09-24T05:33:16.035-0400][gc,heap       ] GC(11) Humongous regions: 129->129
[2020-09-24T05:33:16.035-0400][gc,metaspace  ] GC(11) Metaspace: 21907K->21907K(1069056K)
[2020-09-24T05:33:16.035-0400][gc            ] GC(11) Pause Young (Normal) (G1 Evacuation Pause) 145M->137M(150M) 3.359ms
[2020-09-24T05:33:16.035-0400][gc,cpu        ] GC(11) User=0.00s Sys=0.00s Real=0.01s
[2020-09-24T05:33:16.085-0400][gc,start      ] GC(12) Pause Young (Concurrent Start) (G1 Evacuation Pause)
[2020-09-24T05:33:16.085-0400][gc,task       ] GC(12) Using 4 workers of 4 for evacuation
[2020-09-24T05:33:16.088-0400][gc,phases     ] GC(12)   Pre Evacuate Collection Set: 0.0ms
[2020-09-24T05:33:16.088-0400][gc,phases     ] GC(12)   Evacuate Collection Set: 2.1ms
[2020-09-24T05:33:16.088-0400][gc,phases     ] GC(12)   Post Evacuate Collection Set: 0.3ms
[2020-09-24T05:33:16.088-0400][gc,phases     ] GC(12)   Other: 0.1ms
[2020-09-24T05:33:16.088-0400][gc,heap       ] GC(12) Eden regions: 5->0(6)
[2020-09-24T05:33:16.088-0400][gc,heap       ] GC(12) Survivor regions: 2->1(1)
[2020-09-24T05:33:16.088-0400][gc,heap       ] GC(12) Old regions: 9->10
[2020-09-24T05:33:16.088-0400][gc,heap       ] GC(12) Humongous regions: 129->129
[2020-09-24T05:33:16.088-0400][gc,metaspace  ] GC(12) Metaspace: 23251K->23251K(1071104K)
[2020-09-24T05:33:16.088-0400][gc            ] GC(12) Pause Young (Concurrent Start) (G1 Evacuation Pause) 142M->137M(150M) 2.672ms
[2020-09-24T05:33:16.088-0400][gc,cpu        ] GC(12) User=0.01s Sys=0.00s Real=0.00s
[2020-09-24T05:33:16.088-0400][gc            ] GC(13) Concurrent Cycle
[2020-09-24T05:33:16.088-0400][gc,marking    ] GC(13) Concurrent Clear Claimed Marks
[2020-09-24T05:33:16.088-0400][gc,marking    ] GC(13) Concurrent Clear Claimed Marks 0.017ms
[2020-09-24T05:33:16.088-0400][gc,marking    ] GC(13) Concurrent Scan Root Regions
[2020-09-24T05:33:16.088-0400][gc,marking    ] GC(13) Concurrent Scan Root Regions 0.252ms
[2020-09-24T05:33:16.088-0400][gc,marking    ] GC(13) Concurrent Mark (1.721s)
[2020-09-24T05:33:16.088-0400][gc,marking    ] GC(13) Concurrent Mark From Roots
[2020-09-24T05:33:16.088-0400][gc,task       ] GC(13) Using 1 workers of 1 for marking
[2020-09-24T05:33:16.099-0400][gc,marking    ] GC(13) Concurrent Mark From Roots 10.846ms
[2020-09-24T05:33:16.099-0400][gc,marking    ] GC(13) Concurrent Preclean
[2020-09-24T05:33:16.099-0400][gc,marking    ] GC(13) Concurrent Preclean 0.049ms
[2020-09-24T05:33:16.099-0400][gc,marking    ] GC(13) Concurrent Mark (1.721s, 1.732s) 10.935ms
[2020-09-24T05:33:16.099-0400][gc,start      ] GC(13) Pause Remark
[2020-09-24T05:33:16.101-0400][gc,stringtable] GC(13) Cleaned string and symbol table, strings: 5831 processed, 3 removed, symbols: 57125 processed, 0 removed
[2020-09-24T05:33:16.101-0400][gc            ] GC(13) Pause Remark 138M->138M(150M) 1.909ms
[2020-09-24T05:33:16.101-0400][gc,cpu        ] GC(13) User=0.00s Sys=0.00s Real=0.00s
[2020-09-24T05:33:16.101-0400][gc,marking    ] GC(13) Concurrent Rebuild Remembered Sets
[2020-09-24T05:33:16.107-0400][gc,marking    ] GC(13) Concurrent Rebuild Remembered Sets 5.511ms
[2020-09-24T05:33:16.107-0400][gc,start      ] GC(13) Pause Cleanup
[2020-09-24T05:33:16.107-0400][gc            ] GC(13) Pause Cleanup 139M->139M(150M) 0.223ms
[2020-09-24T05:33:16.107-0400][gc,cpu        ] GC(13) User=0.00s Sys=0.00s Real=0.00s
[2020-09-24T05:33:16.107-0400][gc,marking    ] GC(13) Concurrent Cleanup for Next Mark
[2020-09-24T05:33:16.109-0400][gc,marking    ] GC(13) Concurrent Cleanup for Next Mark 1.342ms
[2020-09-24T05:33:16.109-0400][gc            ] GC(13) Concurrent Cycle 20.907ms
[2020-09-24T05:33:16.158-0400][gc,start      ] GC(14) Pause Young (Normal) (G1 Evacuation Pause)
[2020-09-24T05:33:16.158-0400][gc,task       ] GC(14) Using 4 workers of 4 for evacuation
[2020-09-24T05:33:16.159-0400][gc,phases     ] GC(14)   Pre Evacuate Collection Set: 0.0ms
[2020-09-24T05:33:16.159-0400][gc,phases     ] GC(14)   Evacuate Collection Set: 0.8ms
[2020-09-24T05:33:16.159-0400][gc,phases     ] GC(14)   Post Evacuate Collection Set: 0.4ms
[2020-09-24T05:33:16.159-0400][gc,phases     ] GC(14)   Other: 0.1ms
[2020-09-24T05:33:16.159-0400][gc,heap       ] GC(14) Eden regions: 6->0(6)
[2020-09-24T05:33:16.159-0400][gc,heap       ] GC(14) Survivor regions: 1->1(1)
[2020-09-24T05:33:16.159-0400][gc,heap       ] GC(14) Old regions: 10->10
[2020-09-24T05:33:16.159-0400][gc,heap       ] GC(14) Humongous regions: 129->129
[2020-09-24T05:33:16.159-0400][gc,metaspace  ] GC(14) Metaspace: 24824K->24824K(1071104K)
[2020-09-24T05:33:16.159-0400][gc            ] GC(14) Pause Young (Normal) (G1 Evacuation Pause) 143M->137M(150M) 1.373ms
[2020-09-24T05:33:16.159-0400][gc,cpu        ] GC(14) User=0.01s Sys=0.00s Real=0.00s
[2020-09-24T05:33:16.274-0400][gc,start      ] GC(15) Pause Young (Concurrent Start) (G1 Evacuation Pause)
[2020-09-24T05:33:16.274-0400][gc,task       ] GC(15) Using 4 workers of 4 for evacuation
[2020-09-24T05:33:16.276-0400][gc,phases     ] GC(15)   Pre Evacuate Collection Set: 0.1ms
[2020-09-24T05:33:16.276-0400][gc,phases     ] GC(15)   Evacuate Collection Set: 2.2ms
[2020-09-24T05:33:16.276-0400][gc,phases     ] GC(15)   Post Evacuate Collection Set: 0.4ms
[2020-09-24T05:33:16.276-0400][gc,phases     ] GC(15)   Other: 0.2ms
[2020-09-24T05:33:16.276-0400][gc,heap       ] GC(15) Eden regions: 6->0(6)
[2020-09-24T05:33:16.276-0400][gc,heap       ] GC(15) Survivor regions: 1->1(1)
[2020-09-24T05:33:16.276-0400][gc,heap       ] GC(15) Old regions: 10->11
[2020-09-24T05:33:16.276-0400][gc,heap       ] GC(15) Humongous regions: 129->129
[2020-09-24T05:33:16.276-0400][gc,metaspace  ] GC(15) Metaspace: 25334K->25334K(1073152K)
[2020-09-24T05:33:16.276-0400][gc            ] GC(15) Pause Young (Concurrent Start) (G1 Evacuation Pause) 143M->138M(150M) 2.881ms
[2020-09-24T05:33:16.276-0400][gc,cpu        ] GC(15) User=0.01s Sys=0.00s Real=0.00s
[2020-09-24T05:33:16.276-0400][gc            ] GC(16) Concurrent Cycle
[2020-09-24T05:33:16.277-0400][gc,marking    ] GC(16) Concurrent Clear Claimed Marks
[2020-09-24T05:33:16.277-0400][gc,marking    ] GC(16) Concurrent Clear Claimed Marks 0.033ms
[2020-09-24T05:33:16.277-0400][gc,marking    ] GC(16) Concurrent Scan Root Regions
[2020-09-24T05:33:16.277-0400][gc,marking    ] GC(16) Concurrent Scan Root Regions 0.815ms
[2020-09-24T05:33:16.277-0400][gc,marking    ] GC(16) Concurrent Mark (1.911s)
[2020-09-24T05:33:16.277-0400][gc,marking    ] GC(16) Concurrent Mark From Roots
[2020-09-24T05:33:16.277-0400][gc,task       ] GC(16) Using 1 workers of 1 for marking
[2020-09-24T05:33:16.289-0400][gc,marking    ] GC(16) Concurrent Mark From Roots 11.732ms
[2020-09-24T05:33:16.289-0400][gc,marking    ] GC(16) Concurrent Preclean
[2020-09-24T05:33:16.289-0400][gc,marking    ] GC(16) Concurrent Preclean 0.051ms
[2020-09-24T05:33:16.289-0400][gc,marking    ] GC(16) Concurrent Mark (1.911s, 1.922s) 11.825ms
[2020-09-24T05:33:16.290-0400][gc,start      ] GC(16) Pause Remark
[2020-09-24T05:33:16.291-0400][gc,stringtable] GC(16) Cleaned string and symbol table, strings: 6847 processed, 3 removed, symbols: 58967 processed, 1 removed
[2020-09-24T05:33:16.292-0400][gc            ] GC(16) Pause Remark 139M->139M(150M) 2.153ms
[2020-09-24T05:33:16.292-0400][gc,cpu        ] GC(16) User=0.01s Sys=0.00s Real=0.00s
[2020-09-24T05:33:16.292-0400][gc,marking    ] GC(16) Concurrent Rebuild Remembered Sets
[2020-09-24T05:33:16.298-0400][gc,marking    ] GC(16) Concurrent Rebuild Remembered Sets 5.973ms
[2020-09-24T05:33:16.300-0400][gc,start      ] GC(16) Pause Cleanup
[2020-09-24T05:33:16.300-0400][gc            ] GC(16) Pause Cleanup 140M->140M(150M) 0.154ms
[2020-09-24T05:33:16.300-0400][gc,cpu        ] GC(16) User=0.00s Sys=0.00s Real=0.00s
[2020-09-24T05:33:16.300-0400][gc,marking    ] GC(16) Concurrent Cleanup for Next Mark
[2020-09-24T05:33:16.300-0400][gc,marking    ] GC(16) Concurrent Cleanup for Next Mark 0.197ms
[2020-09-24T05:33:16.300-0400][gc            ] GC(16) Concurrent Cycle 23.977ms
[2020-09-24T05:33:16.359-0400][gc,start      ] GC(17) Pause Young (Normal) (G1 Evacuation Pause)
[2020-09-24T05:33:16.359-0400][gc,task       ] GC(17) Using 4 workers of 4 for evacuation
[2020-09-24T05:33:16.361-0400][gc,phases     ] GC(17)   Pre Evacuate Collection Set: 0.0ms
[2020-09-24T05:33:16.361-0400][gc,phases     ] GC(17)   Evacuate Collection Set: 2.0ms
[2020-09-24T05:33:16.361-0400][gc,phases     ] GC(17)   Post Evacuate Collection Set: 0.3ms
[2020-09-24T05:33:16.361-0400][gc,phases     ] GC(17)   Other: 0.1ms
[2020-09-24T05:33:16.361-0400][gc,heap       ] GC(17) Eden regions: 6->0(6)
[2020-09-24T05:33:16.361-0400][gc,heap       ] GC(17) Survivor regions: 1->1(1)
[2020-09-24T05:33:16.361-0400][gc,heap       ] GC(17) Old regions: 11->12
[2020-09-24T05:33:16.361-0400][gc,heap       ] GC(17) Humongous regions: 129->129
[2020-09-24T05:33:16.361-0400][gc,metaspace  ] GC(17) Metaspace: 26518K->26518K(1073152K)
[2020-09-24T05:33:16.361-0400][gc            ] GC(17) Pause Young (Normal) (G1 Evacuation Pause) 144M->139M(150M) 2.537ms
[2020-09-24T05:33:16.361-0400][gc,cpu        ] GC(17) User=0.00s Sys=0.00s Real=0.00s
[2020-09-24T05:33:16.466-0400][gc,start      ] GC(18) Pause Young (Concurrent Start) (G1 Evacuation Pause)
[2020-09-24T05:33:16.466-0400][gc,task       ] GC(18) Using 4 workers of 4 for evacuation
[2020-09-24T05:33:16.468-0400][gc,phases     ] GC(18)   Pre Evacuate Collection Set: 0.1ms
[2020-09-24T05:33:16.469-0400][gc,phases     ] GC(18)   Evacuate Collection Set: 2.3ms
[2020-09-24T05:33:16.469-0400][gc,phases     ] GC(18)   Post Evacuate Collection Set: 0.5ms
[2020-09-24T05:33:16.469-0400][gc,phases     ] GC(18)   Other: 0.2ms
[2020-09-24T05:33:16.469-0400][gc,heap       ] GC(18) Eden regions: 6->0(6)
[2020-09-24T05:33:16.469-0400][gc,heap       ] GC(18) Survivor regions: 1->1(1)
[2020-09-24T05:33:16.469-0400][gc,heap       ] GC(18) Old regions: 12->12
[2020-09-24T05:33:16.469-0400][gc,heap       ] GC(18) Humongous regions: 129->129
[2020-09-24T05:33:16.469-0400][gc,metaspace  ] GC(18) Metaspace: 27970K->27970K(1075200K)
[2020-09-24T05:33:16.469-0400][gc            ] GC(18) Pause Young (Concurrent Start) (G1 Evacuation Pause) 145M->140M(150M) 3.028ms
[2020-09-24T05:33:16.469-0400][gc,cpu        ] GC(18) User=0.00s Sys=0.00s Real=0.00s
[2020-09-24T05:33:16.469-0400][gc            ] GC(19) Concurrent Cycle
[2020-09-24T05:33:16.469-0400][gc,marking    ] GC(19) Concurrent Clear Claimed Marks
[2020-09-24T05:33:16.469-0400][gc,marking    ] GC(19) Concurrent Clear Claimed Marks 0.020ms
[2020-09-24T05:33:16.469-0400][gc,marking    ] GC(19) Concurrent Scan Root Regions
[2020-09-24T05:33:16.469-0400][gc,marking    ] GC(19) Concurrent Scan Root Regions 0.647ms
[2020-09-24T05:33:16.469-0400][gc,marking    ] GC(19) Concurrent Mark (2.103s)
[2020-09-24T05:33:16.469-0400][gc,marking    ] GC(19) Concurrent Mark From Roots
[2020-09-24T05:33:16.469-0400][gc,task       ] GC(19) Using 1 workers of 1 for marking
[2020-09-24T05:33:16.487-0400][gc,marking    ] GC(19) Concurrent Mark From Roots 17.941ms
[2020-09-24T05:33:16.487-0400][gc,marking    ] GC(19) Concurrent Preclean
[2020-09-24T05:33:16.487-0400][gc,marking    ] GC(19) Concurrent Preclean 0.071ms
[2020-09-24T05:33:16.487-0400][gc,marking    ] GC(19) Concurrent Mark (2.103s, 2.121s) 18.057ms
[2020-09-24T05:33:16.488-0400][gc,start      ] GC(19) Pause Remark
[2020-09-24T05:33:16.494-0400][gc,stringtable] GC(19) Cleaned string and symbol table, strings: 9316 processed, 1 removed, symbols: 68848 processed, 14 removed
[2020-09-24T05:33:16.494-0400][gc            ] GC(19) Pause Remark 142M->142M(150M) 6.504ms
[2020-09-24T05:33:16.494-0400][gc,cpu        ] GC(19) User=0.02s Sys=0.00s Real=0.01s
[2020-09-24T05:33:16.496-0400][gc,marking    ] GC(19) Concurrent Rebuild Remembered Sets
[2020-09-24T05:33:16.510-0400][gc,marking    ] GC(19) Concurrent Rebuild Remembered Sets 14.505ms
[2020-09-24T05:33:16.511-0400][gc,start      ] GC(19) Pause Cleanup
[2020-09-24T05:33:16.511-0400][gc            ] GC(19) Pause Cleanup 143M->143M(150M) 0.166ms
[2020-09-24T05:33:16.511-0400][gc,cpu        ] GC(19) User=0.00s Sys=0.00s Real=0.00s
[2020-09-24T05:33:16.511-0400][gc,marking    ] GC(19) Concurrent Cleanup for Next Mark
[2020-09-24T05:33:16.512-0400][gc,marking    ] GC(19) Concurrent Cleanup for Next Mark 0.571ms
[2020-09-24T05:33:16.512-0400][gc            ] GC(19) Concurrent Cycle 43.386ms
[2020-09-24T05:33:16.553-0400][gc,start      ] GC(20) Pause Young (Normal) (G1 Evacuation Pause)
[2020-09-24T05:33:16.553-0400][gc,task       ] GC(20) Using 4 workers of 4 for evacuation
[2020-09-24T05:33:16.556-0400][gc,phases     ] GC(20)   Pre Evacuate Collection Set: 0.0ms
[2020-09-24T05:33:16.556-0400][gc,phases     ] GC(20)   Evacuate Collection Set: 2.4ms
[2020-09-24T05:33:16.556-0400][gc,phases     ] GC(20)   Post Evacuate Collection Set: 0.4ms
[2020-09-24T05:33:16.556-0400][gc,phases     ] GC(20)   Other: 0.2ms
[2020-09-24T05:33:16.556-0400][gc,heap       ] GC(20) Eden regions: 6->0(6)
[2020-09-24T05:33:16.556-0400][gc,heap       ] GC(20) Survivor regions: 1->1(1)
[2020-09-24T05:33:16.556-0400][gc,heap       ] GC(20) Old regions: 12->13
[2020-09-24T05:33:16.556-0400][gc,heap       ] GC(20) Humongous regions: 129->129
[2020-09-24T05:33:16.556-0400][gc,metaspace  ] GC(20) Metaspace: 29491K->29491K(1077248K)
[2020-09-24T05:33:16.556-0400][gc            ] GC(20) Pause Young (Normal) (G1 Evacuation Pause) 146M->140M(150M) 2.933ms
[2020-09-24T05:33:16.556-0400][gc,cpu        ] GC(20) User=0.01s Sys=0.01s Real=0.01s
[2020-09-24T05:33:16.613-0400][gc,start      ] GC(21) Pause Young (Concurrent Start) (G1 Evacuation Pause)
[2020-09-24T05:33:16.613-0400][gc,task       ] GC(21) Using 4 workers of 4 for evacuation
[2020-09-24T05:33:16.615-0400][gc,phases     ] GC(21)   Pre Evacuate Collection Set: 0.1ms
[2020-09-24T05:33:16.615-0400][gc,phases     ] GC(21)   Evacuate Collection Set: 1.5ms
[2020-09-24T05:33:16.615-0400][gc,phases     ] GC(21)   Post Evacuate Collection Set: 0.4ms
[2020-09-24T05:33:16.615-0400][gc,phases     ] GC(21)   Other: 0.1ms
[2020-09-24T05:33:16.615-0400][gc,heap       ] GC(21) Eden regions: 6->0(6)
[2020-09-24T05:33:16.615-0400][gc,heap       ] GC(21) Survivor regions: 1->1(1)
[2020-09-24T05:33:16.615-0400][gc,heap       ] GC(21) Old regions: 13->14
[2020-09-24T05:33:16.615-0400][gc,heap       ] GC(21) Humongous regions: 129->129
[2020-09-24T05:33:16.615-0400][gc,metaspace  ] GC(21) Metaspace: 31017K->31017K(1077248K)
[2020-09-24T05:33:16.615-0400][gc            ] GC(21) Pause Young (Concurrent Start) (G1 Evacuation Pause) 146M->141M(151M) 2.108ms
[2020-09-24T05:33:16.615-0400][gc,cpu        ] GC(21) User=0.01s Sys=0.00s Real=0.01s
[2020-09-24T05:33:16.615-0400][gc            ] GC(22) Concurrent Cycle
[2020-09-24T05:33:16.615-0400][gc,marking    ] GC(22) Concurrent Clear Claimed Marks
[2020-09-24T05:33:16.615-0400][gc,marking    ] GC(22) Concurrent Clear Claimed Marks 0.025ms
[2020-09-24T05:33:16.615-0400][gc,marking    ] GC(22) Concurrent Scan Root Regions
[2020-09-24T05:33:16.616-0400][gc,marking    ] GC(22) Concurrent Scan Root Regions 0.552ms
[2020-09-24T05:33:16.616-0400][gc,marking    ] GC(22) Concurrent Mark (2.249s)
[2020-09-24T05:33:16.616-0400][gc,marking    ] GC(22) Concurrent Mark From Roots
[2020-09-24T05:33:16.616-0400][gc,task       ] GC(22) Using 1 workers of 1 for marking
[2020-09-24T05:33:16.634-0400][gc,marking    ] GC(22) Concurrent Mark From Roots 18.121ms
[2020-09-24T05:33:16.634-0400][gc,marking    ] GC(22) Concurrent Preclean
[2020-09-24T05:33:16.634-0400][gc,marking    ] GC(22) Concurrent Preclean 0.054ms
[2020-09-24T05:33:16.634-0400][gc,marking    ] GC(22) Concurrent Mark (2.249s, 2.267s) 18.220ms
[2020-09-24T05:33:16.636-0400][gc,start      ] GC(22) Pause Remark
[2020-09-24T05:33:16.641-0400][gc,stringtable] GC(22) Cleaned string and symbol table, strings: 9772 processed, 5 removed, symbols: 76354 processed, 10 removed
[2020-09-24T05:33:16.641-0400][gc            ] GC(22) Pause Remark 142M->142M(151M) 5.328ms
[2020-09-24T05:33:16.641-0400][gc,cpu        ] GC(22) User=0.01s Sys=0.00s Real=0.00s
[2020-09-24T05:33:16.641-0400][gc,marking    ] GC(22) Concurrent Rebuild Remembered Sets
[2020-09-24T05:33:16.650-0400][gc,marking    ] GC(22) Concurrent Rebuild Remembered Sets 9.023ms
[2020-09-24T05:33:16.655-0400][gc,start      ] GC(22) Pause Cleanup
[2020-09-24T05:33:16.655-0400][gc            ] GC(22) Pause Cleanup 144M->144M(151M) 0.127ms
[2020-09-24T05:33:16.655-0400][gc,cpu        ] GC(22) User=0.00s Sys=0.00s Real=0.00s
[2020-09-24T05:33:16.656-0400][gc,marking    ] GC(22) Concurrent Cleanup for Next Mark
[2020-09-24T05:33:16.657-0400][gc,marking    ] GC(22) Concurrent Cleanup for Next Mark 0.793ms
[2020-09-24T05:33:16.657-0400][gc            ] GC(22) Concurrent Cycle 41.392ms
[2020-09-24T05:33:16.695-0400][gc,start      ] GC(23) Pause Young (Normal) (G1 Evacuation Pause)
[2020-09-24T05:33:16.695-0400][gc,task       ] GC(23) Using 4 workers of 4 for evacuation
[2020-09-24T05:33:16.697-0400][gc,phases     ] GC(23)   Pre Evacuate Collection Set: 0.0ms
[2020-09-24T05:33:16.697-0400][gc,phases     ] GC(23)   Evacuate Collection Set: 1.4ms
[2020-09-24T05:33:16.697-0400][gc,phases     ] GC(23)   Post Evacuate Collection Set: 0.4ms
[2020-09-24T05:33:16.697-0400][gc,phases     ] GC(23)   Other: 0.1ms
[2020-09-24T05:33:16.697-0400][gc,heap       ] GC(23) Eden regions: 6->0(6)
[2020-09-24T05:33:16.697-0400][gc,heap       ] GC(23) Survivor regions: 1->1(1)
[2020-09-24T05:33:16.697-0400][gc,heap       ] GC(23) Old regions: 14->14
[2020-09-24T05:33:16.697-0400][gc,heap       ] GC(23) Humongous regions: 129->129
[2020-09-24T05:33:16.697-0400][gc,metaspace  ] GC(23) Metaspace: 32503K->32503K(1079296K)
[2020-09-24T05:33:16.697-0400][gc            ] GC(23) Pause Young (Normal) (G1 Evacuation Pause) 147M->141M(151M) 2.039ms
[2020-09-24T05:33:16.697-0400][gc,cpu        ] GC(23) User=0.01s Sys=0.01s Real=0.00s
[2020-09-24T05:44:16.024-0400][gc,start      ] GC(24) Pause Young (Concurrent Start) (G1 Evacuation Pause)
[2020-09-24T05:44:16.024-0400][gc,task       ] GC(24) Using 4 workers of 4 for evacuation
[2020-09-24T05:44:16.026-0400][gc,phases     ] GC(24)   Pre Evacuate Collection Set: 0.1ms
[2020-09-24T05:44:16.027-0400][gc,phases     ] GC(24)   Evacuate Collection Set: 2.1ms
[2020-09-24T05:44:16.027-0400][gc,phases     ] GC(24)   Post Evacuate Collection Set: 0.5ms
[2020-09-24T05:44:16.027-0400][gc,phases     ] GC(24)   Other: 0.2ms
[2020-09-24T05:44:16.027-0400][gc,heap       ] GC(24) Eden regions: 6->0(6)
[2020-09-24T05:44:16.027-0400][gc,heap       ] GC(24) Survivor regions: 1->1(1)
[2020-09-24T05:44:16.027-0400][gc,heap       ] GC(24) Old regions: 14->14
[2020-09-24T05:44:16.027-0400][gc,heap       ] GC(24) Humongous regions: 129->129
[2020-09-24T05:44:16.027-0400][gc,metaspace  ] GC(24) Metaspace: 33189K->33189K(1079296K)
[2020-09-24T05:44:16.027-0400][gc            ] GC(24) Pause Young (Concurrent Start) (G1 Evacuation Pause) 147M->141M(151M) 2.961ms
[2020-09-24T05:44:16.027-0400][gc,cpu        ] GC(24) User=0.00s Sys=0.00s Real=0.00s
[2020-09-24T05:44:16.027-0400][gc            ] GC(25) Concurrent Cycle
[2020-09-24T05:44:16.027-0400][gc,marking    ] GC(25) Concurrent Clear Claimed Marks
[2020-09-24T05:44:16.027-0400][gc,marking    ] GC(25) Concurrent Clear Claimed Marks 0.025ms
[2020-09-24T05:44:16.027-0400][gc,marking    ] GC(25) Concurrent Scan Root Regions
[2020-09-24T05:44:16.027-0400][gc,marking    ] GC(25) Concurrent Scan Root Regions 0.655ms
[2020-09-24T05:44:16.027-0400][gc,marking    ] GC(25) Concurrent Mark (661.661s)
[2020-09-24T05:44:16.027-0400][gc,marking    ] GC(25) Concurrent Mark From Roots
[2020-09-24T05:44:16.027-0400][gc,task       ] GC(25) Using 1 workers of 1 for marking
[2020-09-24T05:44:16.043-0400][gc,marking    ] GC(25) Concurrent Mark From Roots 15.994ms
[2020-09-24T05:44:16.043-0400][gc,marking    ] GC(25) Concurrent Preclean
[2020-09-24T05:44:16.044-0400][gc,marking    ] GC(25) Concurrent Preclean 0.129ms
[2020-09-24T05:44:16.044-0400][gc,marking    ] GC(25) Concurrent Mark (661.661s, 661.677s) 16.175ms
[2020-09-24T05:44:16.044-0400][gc,start      ] GC(25) Pause Remark
[2020-09-24T05:44:16.049-0400][gc,stringtable] GC(25) Cleaned string and symbol table, strings: 10141 processed, 299 removed, symbols: 78923 processed, 0 removed
[2020-09-24T05:44:16.049-0400][gc            ] GC(25) Pause Remark 141M->141M(151M) 5.261ms
[2020-09-24T05:44:16.049-0400][gc,cpu        ] GC(25) User=0.02s Sys=0.00s Real=0.00s
[2020-09-24T05:44:16.049-0400][gc,marking    ] GC(25) Concurrent Rebuild Remembered Sets
[2020-09-24T05:44:16.057-0400][gc,marking    ] GC(25) Concurrent Rebuild Remembered Sets 7.858ms
[2020-09-24T05:44:16.057-0400][gc,start      ] GC(25) Pause Cleanup
[2020-09-24T05:44:16.057-0400][gc            ] GC(25) Pause Cleanup 141M->141M(151M) 0.182ms
[2020-09-24T05:44:16.057-0400][gc,cpu        ] GC(25) User=0.00s Sys=0.00s Real=0.00s
[2020-09-24T05:44:16.058-0400][gc,marking    ] GC(25) Concurrent Cleanup for Next Mark
[2020-09-24T05:44:16.058-0400][gc,marking    ] GC(25) Concurrent Cleanup for Next Mark 0.400ms
[2020-09-24T05:44:16.058-0400][gc            ] GC(25) Concurrent Cycle 31.247ms
[2020-09-24T05:56:43.467-0400][gc,start      ] GC(26) Pause Young (Normal) (G1 Evacuation Pause)
[2020-09-24T05:56:43.467-0400][gc,task       ] GC(26) Using 4 workers of 4 for evacuation
[2020-09-24T05:56:43.472-0400][gc,phases     ] GC(26)   Pre Evacuate Collection Set: 0.0ms
[2020-09-24T05:56:43.472-0400][gc,phases     ] GC(26)   Evacuate Collection Set: 2.9ms
[2020-09-24T05:56:43.472-0400][gc,phases     ] GC(26)   Post Evacuate Collection Set: 1.7ms
[2020-09-24T05:56:43.472-0400][gc,phases     ] GC(26)   Other: 0.2ms
[2020-09-24T05:56:43.472-0400][gc,heap       ] GC(26) Eden regions: 6->0(6)
[2020-09-24T05:56:43.472-0400][gc,heap       ] GC(26) Survivor regions: 1->1(1)
[2020-09-24T05:56:43.472-0400][gc,heap       ] GC(26) Old regions: 14->14
[2020-09-24T05:56:43.472-0400][gc,heap       ] GC(26) Humongous regions: 129->129
[2020-09-24T05:56:43.472-0400][gc,metaspace  ] GC(26) Metaspace: 33220K->33220K(1079296K)
[2020-09-24T05:56:43.472-0400][gc            ] GC(26) Pause Young (Normal) (G1 Evacuation Pause) 147M->141M(151M) 4.831ms
[2020-09-24T05:56:43.472-0400][gc,cpu        ] GC(26) User=0.01s Sys=0.00s Real=0.00s
[2020-09-24T06:08:04.319-0400][gc,start      ] GC(27) Pause Young (Concurrent Start) (G1 Evacuation Pause)
[2020-09-24T06:08:04.319-0400][gc,task       ] GC(27) Using 4 workers of 4 for evacuation
[2020-09-24T06:08:04.322-0400][gc,phases     ] GC(27)   Pre Evacuate Collection Set: 0.1ms
[2020-09-24T06:08:04.322-0400][gc,phases     ] GC(27)   Evacuate Collection Set: 2.3ms
[2020-09-24T06:08:04.322-0400][gc,phases     ] GC(27)   Post Evacuate Collection Set: 0.3ms
[2020-09-24T06:08:04.322-0400][gc,phases     ] GC(27)   Other: 0.3ms
[2020-09-24T06:08:04.322-0400][gc,heap       ] GC(27) Eden regions: 6->0(6)
[2020-09-24T06:08:04.322-0400][gc,heap       ] GC(27) Survivor regions: 1->1(1)
[2020-09-24T06:08:04.322-0400][gc,heap       ] GC(27) Old regions: 14->15
[2020-09-24T06:08:04.322-0400][gc,heap       ] GC(27) Humongous regions: 129->129
[2020-09-24T06:08:04.322-0400][gc,metaspace  ] GC(27) Metaspace: 33593K->33593K(1079296K)
[2020-09-24T06:08:04.322-0400][gc            ] GC(27) Pause Young (Concurrent Start) (G1 Evacuation Pause) 147M->142M(152M) 3.050ms
[2020-09-24T06:08:04.322-0400][gc,cpu        ] GC(27) User=0.01s Sys=0.00s Real=0.00s
[2020-09-24T06:08:04.322-0400][gc            ] GC(28) Concurrent Cycle
[2020-09-24T06:08:04.322-0400][gc,marking    ] GC(28) Concurrent Clear Claimed Marks
[2020-09-24T06:08:04.322-0400][gc,marking    ] GC(28) Concurrent Clear Claimed Marks 0.056ms
[2020-09-24T06:08:04.322-0400][gc,marking    ] GC(28) Concurrent Scan Root Regions
[2020-09-24T06:08:04.323-0400][gc,marking    ] GC(28) Concurrent Scan Root Regions 0.464ms
[2020-09-24T06:08:04.323-0400][gc,marking    ] GC(28) Concurrent Mark (2089.956s)
[2020-09-24T06:08:04.323-0400][gc,marking    ] GC(28) Concurrent Mark From Roots
[2020-09-24T06:08:04.323-0400][gc,task       ] GC(28) Using 1 workers of 1 for marking
[2020-09-24T06:08:04.346-0400][gc,marking    ] GC(28) Concurrent Mark From Roots 23.562ms
[2020-09-24T06:08:04.346-0400][gc,marking    ] GC(28) Concurrent Preclean
[2020-09-24T06:08:04.346-0400][gc,marking    ] GC(28) Concurrent Preclean 0.131ms
[2020-09-24T06:08:04.346-0400][gc,marking    ] GC(28) Concurrent Mark (2089.956s, 2089.980s) 23.752ms
[2020-09-24T06:08:04.347-0400][gc,start      ] GC(28) Pause Remark
[2020-09-24T06:08:04.350-0400][gc,stringtable] GC(28) Cleaned string and symbol table, strings: 9969 processed, 2 removed, symbols: 79320 processed, 18 removed
[2020-09-24T06:08:04.350-0400][gc            ] GC(28) Pause Remark 143M->143M(152M) 3.577ms
[2020-09-24T06:08:04.350-0400][gc,cpu        ] GC(28) User=0.01s Sys=0.00s Real=0.00s
[2020-09-24T06:08:04.350-0400][gc,marking    ] GC(28) Concurrent Rebuild Remembered Sets
[2020-09-24T06:08:04.360-0400][gc,marking    ] GC(28) Concurrent Rebuild Remembered Sets 9.120ms
[2020-09-24T06:08:04.360-0400][gc,start      ] GC(28) Pause Cleanup
[2020-09-24T06:08:04.360-0400][gc            ] GC(28) Pause Cleanup 143M->143M(152M) 0.116ms
[2020-09-24T06:08:04.360-0400][gc,cpu        ] GC(28) User=0.00s Sys=0.00s Real=0.00s
[2020-09-24T06:08:04.360-0400][gc,marking    ] GC(28) Concurrent Cleanup for Next Mark
[2020-09-24T06:08:04.361-0400][gc,marking    ] GC(28) Concurrent Cleanup for Next Mark 0.713ms
[2020-09-24T06:08:04.361-0400][gc            ] GC(28) Concurrent Cycle 38.523ms
[2020-09-24T06:08:04.452-0400][gc,start      ] GC(29) Pause Young (Normal) (G1 Evacuation Pause)
[2020-09-24T06:08:04.452-0400][gc,task       ] GC(29) Using 4 workers of 4 for evacuation
[2020-09-24T06:08:04.465-0400][gc,phases     ] GC(29)   Pre Evacuate Collection Set: 0.0ms
[2020-09-24T06:08:04.465-0400][gc,phases     ] GC(29)   Evacuate Collection Set: 2.1ms
[2020-09-24T06:08:04.465-0400][gc,phases     ] GC(29)   Post Evacuate Collection Set: 10.8ms
[2020-09-24T06:08:04.465-0400][gc,phases     ] GC(29)   Other: 0.2ms
[2020-09-24T06:08:04.465-0400][gc,heap       ] GC(29) Eden regions: 6->0(6)
[2020-09-24T06:08:04.465-0400][gc,heap       ] GC(29) Survivor regions: 1->1(1)
[2020-09-24T06:08:04.465-0400][gc,heap       ] GC(29) Old regions: 15->15
[2020-09-24T06:08:04.465-0400][gc,heap       ] GC(29) Humongous regions: 129->129
[2020-09-24T06:08:04.465-0400][gc,metaspace  ] GC(29) Metaspace: 34473K->34473K(1081344K)
[2020-09-24T06:08:04.465-0400][gc            ] GC(29) Pause Young (Normal) (G1 Evacuation Pause) 148M->143M(152M) 13.185ms
[2020-09-24T06:08:04.465-0400][gc,cpu        ] GC(29) User=0.04s Sys=0.00s Real=0.02s
[2020-09-24T06:08:04.637-0400][gc,start      ] GC(30) Pause Young (Concurrent Start) (G1 Evacuation Pause)
[2020-09-24T06:08:04.637-0400][gc,task       ] GC(30) Using 4 workers of 4 for evacuation
[2020-09-24T06:08:04.644-0400][gc,phases     ] GC(30)   Pre Evacuate Collection Set: 0.1ms
[2020-09-24T06:08:04.644-0400][gc,phases     ] GC(30)   Evacuate Collection Set: 7.1ms
[2020-09-24T06:08:04.644-0400][gc,phases     ] GC(30)   Post Evacuate Collection Set: 0.5ms
[2020-09-24T06:08:04.645-0400][gc,phases     ] GC(30)   Other: 0.2ms
[2020-09-24T06:08:04.645-0400][gc,heap       ] GC(30) Eden regions: 6->0(6)
[2020-09-24T06:08:04.645-0400][gc,heap       ] GC(30) Survivor regions: 1->1(1)
[2020-09-24T06:08:04.645-0400][gc,heap       ] GC(30) Old regions: 15->16
[2020-09-24T06:08:04.645-0400][gc,heap       ] GC(30) Humongous regions: 129->129
[2020-09-24T06:08:04.645-0400][gc,metaspace  ] GC(30) Metaspace: 35514K->35514K(1081344K)
[2020-09-24T06:08:04.645-0400][gc            ] GC(30) Pause Young (Concurrent Start) (G1 Evacuation Pause) 149M->143M(153M) 7.978ms
[2020-09-24T06:08:04.645-0400][gc,cpu        ] GC(30) User=0.00s Sys=0.00s Real=0.01s
[2020-09-24T06:08:04.645-0400][gc            ] GC(31) Concurrent Cycle
[2020-09-24T06:08:04.645-0400][gc,marking    ] GC(31) Concurrent Clear Claimed Marks
[2020-09-24T06:08:04.645-0400][gc,marking    ] GC(31) Concurrent Clear Claimed Marks 0.103ms
[2020-09-24T06:08:04.645-0400][gc,marking    ] GC(31) Concurrent Scan Root Regions
[2020-09-24T06:08:04.645-0400][gc,marking    ] GC(31) Concurrent Scan Root Regions 0.700ms
[2020-09-24T06:08:04.645-0400][gc,marking    ] GC(31) Concurrent Mark (2090.279s)
[2020-09-24T06:08:04.645-0400][gc,marking    ] GC(31) Concurrent Mark From Roots
[2020-09-24T06:08:04.645-0400][gc,task       ] GC(31) Using 1 workers of 1 for marking
[2020-09-24T06:08:04.683-0400][gc,marking    ] GC(31) Concurrent Mark From Roots 37.375ms
[2020-09-24T06:08:04.683-0400][gc,marking    ] GC(31) Concurrent Preclean
[2020-09-24T06:08:04.683-0400][gc,marking    ] GC(31) Concurrent Preclean 0.132ms
[2020-09-24T06:08:04.683-0400][gc,marking    ] GC(31) Concurrent Mark (2090.279s, 2090.316s) 37.560ms
[2020-09-24T06:08:04.684-0400][gc,start      ] GC(31) Pause Remark
[2020-09-24T06:08:04.719-0400][gc,stringtable] GC(31) Cleaned string and symbol table, strings: 10392 processed, 6 removed, symbols: 81637 processed, 7 removed
[2020-09-24T06:08:04.720-0400][gc,mmu        ] GC(31) MMU target violated: 21.0ms (20.0ms/21.0ms)
[2020-09-24T06:08:04.720-0400][gc            ] GC(31) Pause Remark 144M->144M(153M) 35.873ms
[2020-09-24T06:08:04.720-0400][gc,cpu        ] GC(31) User=0.02s Sys=0.00s Real=0.03s
[2020-09-24T06:08:04.720-0400][gc,marking    ] GC(31) Concurrent Rebuild Remembered Sets
[2020-09-24T06:08:04.764-0400][gc,marking    ] GC(31) Concurrent Rebuild Remembered Sets 43.621ms
[2020-09-24T06:08:04.775-0400][gc,start      ] GC(31) Pause Cleanup
[2020-09-24T06:08:04.775-0400][gc            ] GC(31) Pause Cleanup 144M->144M(153M) 0.137ms
[2020-09-24T06:08:04.775-0400][gc,cpu        ] GC(31) User=0.00s Sys=0.00s Real=0.00s
[2020-09-24T06:08:04.776-0400][gc,marking    ] GC(31) Concurrent Cleanup for Next Mark
[2020-09-24T06:08:04.784-0400][gc,marking    ] GC(31) Concurrent Cleanup for Next Mark 8.642ms
[2020-09-24T06:08:04.784-0400][gc            ] GC(31) Concurrent Cycle 139.697ms
[2020-09-24T06:08:05.454-0400][gc,start      ] GC(32) Pause Young (Normal) (G1 Evacuation Pause)
[2020-09-24T06:08:05.454-0400][gc,task       ] GC(32) Using 4 workers of 4 for evacuation
[2020-09-24T06:08:05.476-0400][gc,mmu        ] GC(32) MMU target violated: 21.0ms (20.0ms/21.0ms)
[2020-09-24T06:08:05.476-0400][gc,phases     ] GC(32)   Pre Evacuate Collection Set: 0.0ms
[2020-09-24T06:08:05.476-0400][gc,phases     ] GC(32)   Evacuate Collection Set: 17.2ms
[2020-09-24T06:08:05.476-0400][gc,phases     ] GC(32)   Post Evacuate Collection Set: 3.9ms
[2020-09-24T06:08:05.476-0400][gc,phases     ] GC(32)   Other: 0.2ms
[2020-09-24T06:08:05.476-0400][gc,heap       ] GC(32) Eden regions: 6->0(6)
[2020-09-24T06:08:05.476-0400][gc,heap       ] GC(32) Survivor regions: 1->1(1)
[2020-09-24T06:08:05.476-0400][gc,heap       ] GC(32) Old regions: 16->16
[2020-09-24T06:08:05.476-0400][gc,heap       ] GC(32) Humongous regions: 129->129
[2020-09-24T06:08:05.476-0400][gc,metaspace  ] GC(32) Metaspace: 35602K->35602K(1081344K)
[2020-09-24T06:08:05.476-0400][gc            ] GC(32) Pause Young (Normal) (G1 Evacuation Pause) 149M->143M(153M) 21.436ms
[2020-09-24T06:08:05.476-0400][gc,cpu        ] GC(32) User=0.01s Sys=0.00s Real=0.02s
[2020-09-24T06:11:29.566-0400][gc,start      ] GC(33) Pause Young (Concurrent Start) (G1 Evacuation Pause)
[2020-09-24T06:11:29.566-0400][gc,task       ] GC(33) Using 4 workers of 4 for evacuation
[2020-09-24T06:11:29.570-0400][gc,phases     ] GC(33)   Pre Evacuate Collection Set: 0.2ms
[2020-09-24T06:11:29.570-0400][gc,phases     ] GC(33)   Evacuate Collection Set: 4.0ms
[2020-09-24T06:11:29.570-0400][gc,phases     ] GC(33)   Post Evacuate Collection Set: 0.4ms
[2020-09-24T06:11:29.570-0400][gc,phases     ] GC(33)   Other: 0.2ms
[2020-09-24T06:11:29.571-0400][gc,heap       ] GC(33) Eden regions: 6->0(6)
[2020-09-24T06:11:29.571-0400][gc,heap       ] GC(33) Survivor regions: 1->1(1)
[2020-09-24T06:11:29.571-0400][gc,heap       ] GC(33) Old regions: 16->16
[2020-09-24T06:11:29.571-0400][gc,heap       ] GC(33) Humongous regions: 129->129
[2020-09-24T06:11:29.571-0400][gc,metaspace  ] GC(33) Metaspace: 36059K->36059K(1081344K)
[2020-09-24T06:11:29.571-0400][gc            ] GC(33) Pause Young (Concurrent Start) (G1 Evacuation Pause) 149M->143M(153M) 4.824ms
[2020-09-24T06:11:29.571-0400][gc,cpu        ] GC(33) User=0.00s Sys=0.00s Real=0.00s
[2020-09-24T06:11:29.571-0400][gc            ] GC(34) Concurrent Cycle
[2020-09-24T06:11:29.571-0400][gc,marking    ] GC(34) Concurrent Clear Claimed Marks
[2020-09-24T06:11:29.571-0400][gc,marking    ] GC(34) Concurrent Clear Claimed Marks 0.036ms
[2020-09-24T06:11:29.571-0400][gc,marking    ] GC(34) Concurrent Scan Root Regions
[2020-09-24T06:11:29.572-0400][gc,marking    ] GC(34) Concurrent Scan Root Regions 0.941ms
[2020-09-24T06:11:29.572-0400][gc,marking    ] GC(34) Concurrent Mark (2295.205s)
[2020-09-24T06:11:29.572-0400][gc,marking    ] GC(34) Concurrent Mark From Roots
[2020-09-24T06:11:29.572-0400][gc,task       ] GC(34) Using 1 workers of 1 for marking
[2020-09-24T06:11:29.591-0400][gc,marking    ] GC(34) Concurrent Mark From Roots 19.064ms
[2020-09-24T06:11:29.591-0400][gc,marking    ] GC(34) Concurrent Preclean
[2020-09-24T06:11:29.591-0400][gc,marking    ] GC(34) Concurrent Preclean 0.089ms
[2020-09-24T06:11:29.591-0400][gc,marking    ] GC(34) Concurrent Mark (2295.205s, 2295.224s) 19.209ms
[2020-09-24T06:11:29.591-0400][gc,start      ] GC(34) Pause Remark
[2020-09-24T06:11:29.598-0400][gc,stringtable] GC(34) Cleaned string and symbol table, strings: 10565 processed, 1 removed, symbols: 81836 processed, 3 removed
[2020-09-24T06:11:29.599-0400][gc            ] GC(34) Pause Remark 143M->143M(153M) 7.351ms
[2020-09-24T06:11:29.599-0400][gc,cpu        ] GC(34) User=0.02s Sys=0.00s Real=0.01s
[2020-09-24T06:11:29.599-0400][gc,marking    ] GC(34) Concurrent Rebuild Remembered Sets
[2020-09-24T06:11:29.609-0400][gc,marking    ] GC(34) Concurrent Rebuild Remembered Sets 10.654ms
[2020-09-24T06:11:29.610-0400][gc,start      ] GC(34) Pause Cleanup
[2020-09-24T06:11:29.610-0400][gc            ] GC(34) Pause Cleanup 143M->143M(153M) 0.194ms
[2020-09-24T06:11:29.610-0400][gc,cpu        ] GC(34) User=0.00s Sys=0.00s Real=0.00s
[2020-09-24T06:11:29.610-0400][gc,marking    ] GC(34) Concurrent Cleanup for Next Mark
[2020-09-24T06:11:29.610-0400][gc,marking    ] GC(34) Concurrent Cleanup for Next Mark 0.402ms
[2020-09-24T06:11:29.611-0400][gc            ] GC(34) Concurrent Cycle 39.903ms
[2020-09-24T06:16:45.860-0400][gc,start      ] GC(35) Pause Young (Normal) (G1 Evacuation Pause)
[2020-09-24T06:16:45.860-0400][gc,task       ] GC(35) Using 4 workers of 4 for evacuation
[2020-09-24T06:16:45.862-0400][gc,phases     ] GC(35)   Pre Evacuate Collection Set: 0.0ms
[2020-09-24T06:16:45.862-0400][gc,phases     ] GC(35)   Evacuate Collection Set: 2.0ms
[2020-09-24T06:16:45.862-0400][gc,phases     ] GC(35)   Post Evacuate Collection Set: 0.4ms
[2020-09-24T06:16:45.862-0400][gc,phases     ] GC(35)   Other: 0.2ms
[2020-09-24T06:16:45.862-0400][gc,heap       ] GC(35) Eden regions: 6->0(6)
[2020-09-24T06:16:45.862-0400][gc,heap       ] GC(35) Survivor regions: 1->1(1)
[2020-09-24T06:16:45.862-0400][gc,heap       ] GC(35) Old regions: 16->17
[2020-09-24T06:16:45.862-0400][gc,heap       ] GC(35) Humongous regions: 129->129
[2020-09-24T06:16:45.862-0400][gc,metaspace  ] GC(35) Metaspace: 36140K->36140K(1081344K)
[2020-09-24T06:16:45.862-0400][gc            ] GC(35) Pause Young (Normal) (G1 Evacuation Pause) 149M->143M(154M) 2.663ms
[2020-09-24T06:16:45.862-0400][gc,cpu        ] GC(35) User=0.00s Sys=0.00s Real=0.00s
[2020-09-24T06:21:49.566-0400][gc,start      ] GC(36) Pause Young (Concurrent Start) (G1 Evacuation Pause)
[2020-09-24T06:21:49.566-0400][gc,task       ] GC(36) Using 4 workers of 4 for evacuation
[2020-09-24T06:21:49.569-0400][gc,phases     ] GC(36)   Pre Evacuate Collection Set: 0.1ms
[2020-09-24T06:21:49.569-0400][gc,phases     ] GC(36)   Evacuate Collection Set: 1.3ms
[2020-09-24T06:21:49.569-0400][gc,phases     ] GC(36)   Post Evacuate Collection Set: 1.1ms
[2020-09-24T06:21:49.569-0400][gc,phases     ] GC(36)   Other: 0.2ms
[2020-09-24T06:21:49.569-0400][gc,heap       ] GC(36) Eden regions: 6->0(6)
[2020-09-24T06:21:49.569-0400][gc,heap       ] GC(36) Survivor regions: 1->1(1)
[2020-09-24T06:21:49.569-0400][gc,heap       ] GC(36) Old regions: 17->17
[2020-09-24T06:21:49.569-0400][gc,heap       ] GC(36) Humongous regions: 129->129
[2020-09-24T06:21:49.569-0400][gc,metaspace  ] GC(36) Metaspace: 36172K->36172K(1081344K)
[2020-09-24T06:21:49.569-0400][gc            ] GC(36) Pause Young (Concurrent Start) (G1 Evacuation Pause) 149M->143M(154M) 2.805ms
[2020-09-24T06:21:49.569-0400][gc,cpu        ] GC(36) User=0.00s Sys=0.00s Real=0.00s
[2020-09-24T06:21:49.569-0400][gc            ] GC(37) Concurrent Cycle
[2020-09-24T06:21:49.569-0400][gc,marking    ] GC(37) Concurrent Clear Claimed Marks
[2020-09-24T06:21:49.569-0400][gc,marking    ] GC(37) Concurrent Clear Claimed Marks 0.063ms
[2020-09-24T06:21:49.569-0400][gc,marking    ] GC(37) Concurrent Scan Root Regions
[2020-09-24T06:21:49.570-0400][gc,marking    ] GC(37) Concurrent Scan Root Regions 0.575ms
[2020-09-24T06:21:49.570-0400][gc,marking    ] GC(37) Concurrent Mark (2915.203s)
[2020-09-24T06:21:49.570-0400][gc,marking    ] GC(37) Concurrent Mark From Roots
[2020-09-24T06:21:49.570-0400][gc,task       ] GC(37) Using 1 workers of 1 for marking
[2020-09-24T06:21:49.590-0400][gc,marking    ] GC(37) Concurrent Mark From Roots 20.573ms
[2020-09-24T06:21:49.590-0400][gc,marking    ] GC(37) Concurrent Preclean
[2020-09-24T06:21:49.590-0400][gc,marking    ] GC(37) Concurrent Preclean 0.098ms
[2020-09-24T06:21:49.590-0400][gc,marking    ] GC(37) Concurrent Mark (2915.203s, 2915.224s) 20.720ms
[2020-09-24T06:21:49.590-0400][gc,start      ] GC(37) Pause Remark
[2020-09-24T06:21:49.595-0400][gc,stringtable] GC(37) Cleaned string and symbol table, strings: 10751 processed, 22 removed, symbols: 81834 processed, 11 removed
[2020-09-24T06:21:49.595-0400][gc            ] GC(37) Pause Remark 143M->143M(154M) 4.907ms
[2020-09-24T06:21:49.595-0400][gc,cpu        ] GC(37) User=0.01s Sys=0.00s Real=0.01s
[2020-09-24T06:21:49.596-0400][gc,marking    ] GC(37) Concurrent Rebuild Remembered Sets
[2020-09-24T06:21:49.605-0400][gc,marking    ] GC(37) Concurrent Rebuild Remembered Sets 9.747ms
[2020-09-24T06:21:49.606-0400][gc,start      ] GC(37) Pause Cleanup
[2020-09-24T06:21:49.606-0400][gc            ] GC(37) Pause Cleanup 143M->143M(154M) 0.136ms
[2020-09-24T06:21:49.606-0400][gc,cpu        ] GC(37) User=0.00s Sys=0.00s Real=0.00s
[2020-09-24T06:21:49.606-0400][gc,marking    ] GC(37) Concurrent Cleanup for Next Mark
[2020-09-24T06:21:49.606-0400][gc,marking    ] GC(37) Concurrent Cleanup for Next Mark 0.436ms
[2020-09-24T06:21:49.606-0400][gc            ] GC(37) Concurrent Cycle 37.353ms
[2020-09-24T06:27:16.285-0400][gc,start      ] GC(38) Pause Young (Normal) (G1 Evacuation Pause)
[2020-09-24T06:27:16.285-0400][gc,task       ] GC(38) Using 4 workers of 4 for evacuation
[2020-09-24T06:27:16.291-0400][gc,phases     ] GC(38)   Pre Evacuate Collection Set: 0.0ms
[2020-09-24T06:27:16.291-0400][gc,phases     ] GC(38)   Evacuate Collection Set: 2.3ms
[2020-09-24T06:27:16.291-0400][gc,phases     ] GC(38)   Post Evacuate Collection Set: 3.3ms
[2020-09-24T06:27:16.291-0400][gc,phases     ] GC(38)   Other: 0.2ms
[2020-09-24T06:27:16.291-0400][gc,heap       ] GC(38) Eden regions: 6->0(6)
[2020-09-24T06:27:16.291-0400][gc,heap       ] GC(38) Survivor regions: 1->1(1)
[2020-09-24T06:27:16.291-0400][gc,heap       ] GC(38) Old regions: 17->17
[2020-09-24T06:27:16.291-0400][gc,heap       ] GC(38) Humongous regions: 129->129
[2020-09-24T06:27:16.291-0400][gc,metaspace  ] GC(38) Metaspace: 36232K->36232K(1081344K)
[2020-09-24T06:27:16.291-0400][gc            ] GC(38) Pause Young (Normal) (G1 Evacuation Pause) 149M->143M(154M) 5.911ms
[2020-09-24T06:27:16.291-0400][gc,cpu        ] GC(38) User=0.00s Sys=0.00s Real=0.00s
[2020-09-24T06:32:39.566-0400][gc,start      ] GC(39) Pause Young (Concurrent Start) (G1 Evacuation Pause)
[2020-09-24T06:32:39.566-0400][gc,task       ] GC(39) Using 4 workers of 4 for evacuation
[2020-09-24T06:32:39.568-0400][gc,phases     ] GC(39)   Pre Evacuate Collection Set: 0.1ms
[2020-09-24T06:32:39.568-0400][gc,phases     ] GC(39)   Evacuate Collection Set: 1.2ms
[2020-09-24T06:32:39.568-0400][gc,phases     ] GC(39)   Post Evacuate Collection Set: 0.6ms
[2020-09-24T06:32:39.568-0400][gc,phases     ] GC(39)   Other: 0.3ms
[2020-09-24T06:32:39.568-0400][gc,heap       ] GC(39) Eden regions: 6->0(6)
[2020-09-24T06:32:39.568-0400][gc,heap       ] GC(39) Survivor regions: 1->1(1)
[2020-09-24T06:32:39.568-0400][gc,heap       ] GC(39) Old regions: 17->17
[2020-09-24T06:32:39.568-0400][gc,heap       ] GC(39) Humongous regions: 129->129
[2020-09-24T06:32:39.568-0400][gc,metaspace  ] GC(39) Metaspace: 36268K->36268K(1083392K)
[2020-09-24T06:32:39.568-0400][gc            ] GC(39) Pause Young (Concurrent Start) (G1 Evacuation Pause) 149M->143M(154M) 2.257ms
[2020-09-24T06:32:39.568-0400][gc,cpu        ] GC(39) User=0.01s Sys=0.00s Real=0.00s
[2020-09-24T06:32:39.568-0400][gc            ] GC(40) Concurrent Cycle
[2020-09-24T06:32:39.568-0400][gc,marking    ] GC(40) Concurrent Clear Claimed Marks
[2020-09-24T06:32:39.568-0400][gc,marking    ] GC(40) Concurrent Clear Claimed Marks 0.050ms
[2020-09-24T06:32:39.568-0400][gc,marking    ] GC(40) Concurrent Scan Root Regions
[2020-09-24T06:32:39.569-0400][gc,marking    ] GC(40) Concurrent Scan Root Regions 0.782ms
[2020-09-24T06:32:39.569-0400][gc,marking    ] GC(40) Concurrent Mark (3565.202s)
[2020-09-24T06:32:39.569-0400][gc,marking    ] GC(40) Concurrent Mark From Roots
[2020-09-24T06:32:39.569-0400][gc,task       ] GC(40) Using 1 workers of 1 for marking
[2020-09-24T06:32:39.588-0400][gc,marking    ] GC(40) Concurrent Mark From Roots 18.922ms
[2020-09-24T06:32:39.588-0400][gc,marking    ] GC(40) Concurrent Preclean
[2020-09-24T06:32:39.588-0400][gc,marking    ] GC(40) Concurrent Preclean 0.094ms
[2020-09-24T06:32:39.588-0400][gc,marking    ] GC(40) Concurrent Mark (3565.202s, 3565.222s) 19.072ms
[2020-09-24T06:32:39.589-0400][gc,start      ] GC(40) Pause Remark
[2020-09-24T06:32:39.592-0400][gc,stringtable] GC(40) Cleaned string and symbol table, strings: 10747 processed, 0 removed, symbols: 81823 processed, 0 removed
[2020-09-24T06:32:39.592-0400][gc            ] GC(40) Pause Remark 143M->143M(154M) 3.730ms
[2020-09-24T06:32:39.592-0400][gc,cpu        ] GC(40) User=0.01s Sys=0.00s Real=0.00s
[2020-09-24T06:32:39.592-0400][gc,marking    ] GC(40) Concurrent Rebuild Remembered Sets
[2020-09-24T06:32:39.602-0400][gc,marking    ] GC(40) Concurrent Rebuild Remembered Sets 9.518ms
[2020-09-24T06:32:39.602-0400][gc,start      ] GC(40) Pause Cleanup
[2020-09-24T06:32:39.603-0400][gc            ] GC(40) Pause Cleanup 143M->143M(154M) 0.270ms
[2020-09-24T06:32:39.603-0400][gc,cpu        ] GC(40) User=0.00s Sys=0.00s Real=0.00s
[2020-09-24T06:32:39.603-0400][gc,marking    ] GC(40) Concurrent Cleanup for Next Mark
[2020-09-24T06:32:39.603-0400][gc,marking    ] GC(40) Concurrent Cleanup for Next Mark 0.470ms
[2020-09-24T06:32:39.603-0400][gc            ] GC(40) Concurrent Cycle 34.826ms
[2020-09-24T06:37:34.566-0400][gc,start      ] GC(41) Pause Young (Normal) (G1 Evacuation Pause)
[2020-09-24T06:37:34.566-0400][gc,task       ] GC(41) Using 4 workers of 4 for evacuation
[2020-09-24T06:37:34.577-0400][gc,phases     ] GC(41)   Pre Evacuate Collection Set: 0.0ms
[2020-09-24T06:37:34.577-0400][gc,phases     ] GC(41)   Evacuate Collection Set: 9.1ms
[2020-09-24T06:37:34.577-0400][gc,phases     ] GC(41)   Post Evacuate Collection Set: 1.4ms
[2020-09-24T06:37:34.577-0400][gc,phases     ] GC(41)   Other: 0.2ms
[2020-09-24T06:37:34.577-0400][gc,heap       ] GC(41) Eden regions: 6->0(6)
[2020-09-24T06:37:34.577-0400][gc,heap       ] GC(41) Survivor regions: 1->1(1)
[2020-09-24T06:37:34.577-0400][gc,heap       ] GC(41) Old regions: 17->17
[2020-09-24T06:37:34.577-0400][gc,heap       ] GC(41) Humongous regions: 129->129
[2020-09-24T06:37:34.577-0400][gc,metaspace  ] GC(41) Metaspace: 36381K->36381K(1083392K)
[2020-09-24T06:37:34.577-0400][gc            ] GC(41) Pause Young (Normal) (G1 Evacuation Pause) 149M->143M(154M) 10.929ms
[2020-09-24T06:37:34.577-0400][gc,cpu        ] GC(41) User=0.01s Sys=0.00s Real=0.01s
[2020-09-24T06:42:54.565-0400][gc,start      ] GC(42) Pause Young (Concurrent Start) (G1 Evacuation Pause)
[2020-09-24T06:42:54.565-0400][gc,task       ] GC(42) Using 4 workers of 4 for evacuation
[2020-09-24T06:42:54.567-0400][gc,phases     ] GC(42)   Pre Evacuate Collection Set: 0.2ms
[2020-09-24T06:42:54.567-0400][gc,phases     ] GC(42)   Evacuate Collection Set: 1.5ms
[2020-09-24T06:42:54.567-0400][gc,phases     ] GC(42)   Post Evacuate Collection Set: 0.6ms
[2020-09-24T06:42:54.567-0400][gc,phases     ] GC(42)   Other: 0.2ms
[2020-09-24T06:42:54.567-0400][gc,heap       ] GC(42) Eden regions: 6->0(6)
[2020-09-24T06:42:54.567-0400][gc,heap       ] GC(42) Survivor regions: 1->1(1)
[2020-09-24T06:42:54.567-0400][gc,heap       ] GC(42) Old regions: 17->17
[2020-09-24T06:42:54.567-0400][gc,heap       ] GC(42) Humongous regions: 129->129
[2020-09-24T06:42:54.567-0400][gc,metaspace  ] GC(42) Metaspace: 36395K->36395K(1083392K)
[2020-09-24T06:42:54.567-0400][gc            ] GC(42) Pause Young (Concurrent Start) (G1 Evacuation Pause) 149M->143M(154M) 2.501ms
[2020-09-24T06:42:54.567-0400][gc,cpu        ] GC(42) User=0.01s Sys=0.00s Real=0.00s
[2020-09-24T06:42:54.567-0400][gc            ] GC(43) Concurrent Cycle
[2020-09-24T06:42:54.567-0400][gc,marking    ] GC(43) Concurrent Clear Claimed Marks
[2020-09-24T06:42:54.567-0400][gc,marking    ] GC(43) Concurrent Clear Claimed Marks 0.032ms
[2020-09-24T06:42:54.567-0400][gc,marking    ] GC(43) Concurrent Scan Root Regions
[2020-09-24T06:42:54.568-0400][gc,marking    ] GC(43) Concurrent Scan Root Regions 0.659ms
[2020-09-24T06:42:54.568-0400][gc,marking    ] GC(43) Concurrent Mark (4180.201s)
[2020-09-24T06:42:54.568-0400][gc,marking    ] GC(43) Concurrent Mark From Roots
[2020-09-24T06:42:54.568-0400][gc,task       ] GC(43) Using 1 workers of 1 for marking
[2020-09-24T06:42:54.587-0400][gc,marking    ] GC(43) Concurrent Mark From Roots 19.212ms
[2020-09-24T06:42:54.587-0400][gc,marking    ] GC(43) Concurrent Preclean
[2020-09-24T06:42:54.588-0400][gc,marking    ] GC(43) Concurrent Preclean 0.089ms
[2020-09-24T06:42:54.588-0400][gc,marking    ] GC(43) Concurrent Mark (4180.201s, 4180.221s) 19.364ms
[2020-09-24T06:42:54.588-0400][gc,start      ] GC(43) Pause Remark
[2020-09-24T06:42:54.591-0400][gc,stringtable] GC(43) Cleaned string and symbol table, strings: 10790 processed, 0 removed, symbols: 81847 processed, 0 removed
[2020-09-24T06:42:54.591-0400][gc            ] GC(43) Pause Remark 143M->143M(154M) 3.185ms
[2020-09-24T06:42:54.591-0400][gc,cpu        ] GC(43) User=0.01s Sys=0.00s Real=0.00s
[2020-09-24T06:42:54.591-0400][gc,marking    ] GC(43) Concurrent Rebuild Remembered Sets
[2020-09-24T06:42:54.601-0400][gc,marking    ] GC(43) Concurrent Rebuild Remembered Sets 9.696ms
[2020-09-24T06:42:54.601-0400][gc,start      ] GC(43) Pause Cleanup
[2020-09-24T06:42:54.601-0400][gc            ] GC(43) Pause Cleanup 143M->143M(154M) 0.180ms
[2020-09-24T06:42:54.601-0400][gc,cpu        ] GC(43) User=0.00s Sys=0.00s Real=0.00s
[2020-09-24T06:42:54.601-0400][gc,marking    ] GC(43) Concurrent Cleanup for Next Mark
[2020-09-24T06:42:54.602-0400][gc,marking    ] GC(43) Concurrent Cleanup for Next Mark 0.449ms
[2020-09-24T06:42:54.602-0400][gc            ] GC(43) Concurrent Cycle 34.293ms
[2020-09-24T06:48:14.565-0400][gc,start      ] GC(44) Pause Young (Normal) (G1 Evacuation Pause)
[2020-09-24T06:48:14.565-0400][gc,task       ] GC(44) Using 4 workers of 4 for evacuation
[2020-09-24T06:48:14.567-0400][gc,phases     ] GC(44)   Pre Evacuate Collection Set: 0.0ms
[2020-09-24T06:48:14.567-0400][gc,phases     ] GC(44)   Evacuate Collection Set: 1.3ms
[2020-09-24T06:48:14.567-0400][gc,phases     ] GC(44)   Post Evacuate Collection Set: 0.7ms
[2020-09-24T06:48:14.567-0400][gc,phases     ] GC(44)   Other: 0.2ms
[2020-09-24T06:48:14.567-0400][gc,heap       ] GC(44) Eden regions: 6->0(6)
[2020-09-24T06:48:14.567-0400][gc,heap       ] GC(44) Survivor regions: 1->1(1)
[2020-09-24T06:48:14.567-0400][gc,heap       ] GC(44) Old regions: 17->17
[2020-09-24T06:48:14.567-0400][gc,heap       ] GC(44) Humongous regions: 129->129
[2020-09-24T06:48:14.567-0400][gc,metaspace  ] GC(44) Metaspace: 36419K->36419K(1083392K)
[2020-09-24T06:48:14.567-0400][gc            ] GC(44) Pause Young (Normal) (G1 Evacuation Pause) 149M->143M(154M) 2.317ms
[2020-09-24T06:48:14.567-0400][gc,cpu        ] GC(44) User=0.01s Sys=0.00s Real=0.00s
