[2020-09-26T00:59:18.352-0400][gc,heap] Heap region size: 1M
[2020-09-26T00:59:18.355-0400][gc     ] Using G1
[2020-09-26T00:59:18.355-0400][gc,heap,coops] Heap address: 0x00000000e0000000, size: 512 MB, Compressed Oops mode: 32-bit
[2020-09-26T00:59:18.355-0400][gc,cds       ] Mark closed archive regions in map: [0x00000000fff00000, 0x00000000fff69ff8]
[2020-09-26T00:59:18.355-0400][gc,cds       ] Mark open archive regions in map: [0x00000000ffe00000, 0x00000000ffe46ff8]
[2020-09-26T00:59:18.552-0400][gc,start     ] GC(0) Pause Young (Normal) (G1 Evacuation Pause)
[2020-09-26T00:59:18.552-0400][gc,task      ] GC(0) Using 3 workers of 4 for evacuation
[2020-09-26T00:59:18.559-0400][gc,phases    ] GC(0)   Pre Evacuate Collection Set: 0.0ms
[2020-09-26T00:59:18.559-0400][gc,phases    ] GC(0)   Evacuate Collection Set: 6.8ms
[2020-09-26T00:59:18.559-0400][gc,phases    ] GC(0)   Post Evacuate Collection Set: 0.4ms
[2020-09-26T00:59:18.559-0400][gc,phases    ] GC(0)   Other: 0.5ms
[2020-09-26T00:59:18.559-0400][gc,heap      ] GC(0) Eden regions: 6->0(5)
[2020-09-26T00:59:18.559-0400][gc,heap      ] GC(0) Survivor regions: 0->1(1)
[2020-09-26T00:59:18.559-0400][gc,heap      ] GC(0) Old regions: 2->5
[2020-09-26T00:59:18.559-0400][gc,heap      ] GC(0) Humongous regions: 0->0
[2020-09-26T00:59:18.559-0400][gc,metaspace ] GC(0) Metaspace: 2154K->2154K(1056768K)
[2020-09-26T00:59:18.559-0400][gc           ] GC(0) Pause Young (Normal) (G1 Evacuation Pause) 6M->3M(130M) 7.849ms
[2020-09-26T00:59:18.559-0400][gc,cpu       ] GC(0) User=0.02s Sys=0.00s Real=0.01s
[2020-09-26T00:59:18.732-0400][gc,start     ] GC(1) Pause Young (Normal) (G1 Evacuation Pause)
[2020-09-26T00:59:18.732-0400][gc,task      ] GC(1) Using 3 workers of 4 for evacuation
[2020-09-26T00:59:18.739-0400][gc,phases    ] GC(1)   Pre Evacuate Collection Set: 0.0ms
[2020-09-26T00:59:18.739-0400][gc,phases    ] GC(1)   Evacuate Collection Set: 6.8ms
[2020-09-26T00:59:18.739-0400][gc,phases    ] GC(1)   Post Evacuate Collection Set: 0.3ms
[2020-09-26T00:59:18.739-0400][gc,phases    ] GC(1)   Other: 0.1ms
[2020-09-26T00:59:18.739-0400][gc,heap      ] GC(1) Eden regions: 5->0(5)
[2020-09-26T00:59:18.739-0400][gc,heap      ] GC(1) Survivor regions: 1->1(1)
[2020-09-26T00:59:18.739-0400][gc,heap      ] GC(1) Old regions: 5->6
[2020-09-26T00:59:18.739-0400][gc,heap      ] GC(1) Humongous regions: 0->0
[2020-09-26T00:59:18.739-0400][gc,metaspace ] GC(1) Metaspace: 4995K->4995K(1056768K)
[2020-09-26T00:59:18.739-0400][gc           ] GC(1) Pause Young (Normal) (G1 Evacuation Pause) 8M->5M(130M) 7.336ms
[2020-09-26T00:59:18.739-0400][gc,cpu       ] GC(1) User=0.02s Sys=0.00s Real=0.01s
[2020-09-26T00:59:18.857-0400][gc,start     ] GC(2) Pause Young (Normal) (G1 Evacuation Pause)
[2020-09-26T00:59:18.857-0400][gc,task      ] GC(2) Using 3 workers of 4 for evacuation
[2020-09-26T00:59:18.860-0400][gc,phases    ] GC(2)   Pre Evacuate Collection Set: 0.0ms
[2020-09-26T00:59:18.860-0400][gc,phases    ] GC(2)   Evacuate Collection Set: 2.5ms
[2020-09-26T00:59:18.860-0400][gc,phases    ] GC(2)   Post Evacuate Collection Set: 0.3ms
[2020-09-26T00:59:18.860-0400][gc,phases    ] GC(2)   Other: 0.1ms
[2020-09-26T00:59:18.860-0400][gc,heap      ] GC(2) Eden regions: 5->0(5)
[2020-09-26T00:59:18.860-0400][gc,heap      ] GC(2) Survivor regions: 1->1(1)
[2020-09-26T00:59:18.860-0400][gc,heap      ] GC(2) Old regions: 6->7
[2020-09-26T00:59:18.860-0400][gc,heap      ] GC(2) Humongous regions: 0->0
[2020-09-26T00:59:18.860-0400][gc,metaspace ] GC(2) Metaspace: 6245K->6245K(1056768K)
[2020-09-26T00:59:18.860-0400][gc           ] GC(2) Pause Young (Normal) (G1 Evacuation Pause) 10M->6M(130M) 3.036ms
[2020-09-26T00:59:18.860-0400][gc,cpu       ] GC(2) User=0.01s Sys=0.01s Real=0.00s
[2020-09-26T00:59:18.936-0400][gc,start     ] GC(3) Pause Young (Normal) (G1 Evacuation Pause)
[2020-09-26T00:59:18.936-0400][gc,task      ] GC(3) Using 3 workers of 4 for evacuation
[2020-09-26T00:59:18.938-0400][gc,phases    ] GC(3)   Pre Evacuate Collection Set: 0.0ms
[2020-09-26T00:59:18.938-0400][gc,phases    ] GC(3)   Evacuate Collection Set: 1.1ms
[2020-09-26T00:59:18.938-0400][gc,phases    ] GC(3)   Post Evacuate Collection Set: 0.4ms
[2020-09-26T00:59:18.938-0400][gc,phases    ] GC(3)   Other: 0.1ms
[2020-09-26T00:59:18.938-0400][gc,heap      ] GC(3) Eden regions: 5->0(5)
[2020-09-26T00:59:18.938-0400][gc,heap      ] GC(3) Survivor regions: 1->1(1)
[2020-09-26T00:59:18.938-0400][gc,heap      ] GC(3) Old regions: 7->8
[2020-09-26T00:59:18.938-0400][gc,heap      ] GC(3) Humongous regions: 0->0
[2020-09-26T00:59:18.938-0400][gc,metaspace ] GC(3) Metaspace: 7734K->7734K(1056768K)
[2020-09-26T00:59:18.938-0400][gc           ] GC(3) Pause Young (Normal) (G1 Evacuation Pause) 11M->6M(130M) 1.645ms
[2020-09-26T00:59:18.938-0400][gc,cpu       ] GC(3) User=0.00s Sys=0.00s Real=0.00s
[2020-09-26T00:59:19.039-0400][gc,start     ] GC(4) Pause Young (Normal) (G1 Evacuation Pause)
[2020-09-26T00:59:19.039-0400][gc,task      ] GC(4) Using 3 workers of 4 for evacuation
[2020-09-26T00:59:19.040-0400][gc,phases    ] GC(4)   Pre Evacuate Collection Set: 0.0ms
[2020-09-26T00:59:19.040-0400][gc,phases    ] GC(4)   Evacuate Collection Set: 0.9ms
[2020-09-26T00:59:19.040-0400][gc,phases    ] GC(4)   Post Evacuate Collection Set: 0.4ms
[2020-09-26T00:59:19.040-0400][gc,phases    ] GC(4)   Other: 0.1ms
[2020-09-26T00:59:19.040-0400][gc,heap      ] GC(4) Eden regions: 5->0(6)
[2020-09-26T00:59:19.040-0400][gc,heap      ] GC(4) Survivor regions: 1->1(1)
[2020-09-26T00:59:19.040-0400][gc,heap      ] GC(4) Old regions: 8->8
[2020-09-26T00:59:19.040-0400][gc,heap      ] GC(4) Humongous regions: 0->0
[2020-09-26T00:59:19.040-0400][gc,metaspace ] GC(4) Metaspace: 9331K->9331K(1058816K)
[2020-09-26T00:59:19.040-0400][gc           ] GC(4) Pause Young (Normal) (G1 Evacuation Pause) 11M->6M(130M) 1.445ms
[2020-09-26T00:59:19.040-0400][gc,cpu       ] GC(4) User=0.00s Sys=0.01s Real=0.00s
[2020-09-26T00:59:19.117-0400][gc,start     ] GC(5) Pause Young (Normal) (G1 Evacuation Pause)
[2020-09-26T00:59:19.117-0400][gc,task      ] GC(5) Using 3 workers of 4 for evacuation
[2020-09-26T00:59:19.124-0400][gc,phases    ] GC(5)   Pre Evacuate Collection Set: 0.0ms
[2020-09-26T00:59:19.124-0400][gc,phases    ] GC(5)   Evacuate Collection Set: 1.2ms
[2020-09-26T00:59:19.124-0400][gc,phases    ] GC(5)   Post Evacuate Collection Set: 4.9ms
[2020-09-26T00:59:19.124-0400][gc,phases    ] GC(5)   Other: 0.1ms
[2020-09-26T00:59:19.124-0400][gc,heap      ] GC(5) Eden regions: 6->0(8)
[2020-09-26T00:59:19.124-0400][gc,heap      ] GC(5) Survivor regions: 1->1(1)
[2020-09-26T00:59:19.124-0400][gc,heap      ] GC(5) Old regions: 8->8
[2020-09-26T00:59:19.124-0400][gc,heap      ] GC(5) Humongous regions: 0->0
[2020-09-26T00:59:19.124-0400][gc,metaspace ] GC(5) Metaspace: 10959K->10959K(1058816K)
[2020-09-26T00:59:19.124-0400][gc           ] GC(5) Pause Young (Normal) (G1 Evacuation Pause) 12M->6M(130M) 6.345ms
[2020-09-26T00:59:19.124-0400][gc,cpu       ] GC(5) User=0.00s Sys=0.01s Real=0.00s
[2020-09-26T00:59:19.254-0400][gc,start     ] GC(6) Pause Young (Normal) (G1 Evacuation Pause)
[2020-09-26T00:59:19.254-0400][gc,task      ] GC(6) Using 3 workers of 4 for evacuation
[2020-09-26T00:59:19.256-0400][gc,phases    ] GC(6)   Pre Evacuate Collection Set: 0.0ms
[2020-09-26T00:59:19.256-0400][gc,phases    ] GC(6)   Evacuate Collection Set: 1.4ms
[2020-09-26T00:59:19.256-0400][gc,phases    ] GC(6)   Post Evacuate Collection Set: 0.4ms
[2020-09-26T00:59:19.256-0400][gc,phases    ] GC(6)   Other: 0.1ms
[2020-09-26T00:59:19.256-0400][gc,heap      ] GC(6) Eden regions: 8->0(10)
[2020-09-26T00:59:19.256-0400][gc,heap      ] GC(6) Survivor regions: 1->1(2)
[2020-09-26T00:59:19.256-0400][gc,heap      ] GC(6) Old regions: 8->8
[2020-09-26T00:59:19.256-0400][gc,heap      ] GC(6) Humongous regions: 0->0
[2020-09-26T00:59:19.256-0400][gc,metaspace ] GC(6) Metaspace: 13249K->13249K(1060864K)
[2020-09-26T00:59:19.256-0400][gc           ] GC(6) Pause Young (Normal) (G1 Evacuation Pause) 14M->6M(130M) 2.024ms
[2020-09-26T00:59:19.256-0400][gc,cpu       ] GC(6) User=0.00s Sys=0.00s Real=0.01s
[2020-09-26T00:59:19.423-0400][gc,start     ] GC(7) Pause Young (Normal) (G1 Evacuation Pause)
[2020-09-26T00:59:19.423-0400][gc,task      ] GC(7) Using 3 workers of 4 for evacuation
[2020-09-26T00:59:19.425-0400][gc,phases    ] GC(7)   Pre Evacuate Collection Set: 0.0ms
[2020-09-26T00:59:19.425-0400][gc,phases    ] GC(7)   Evacuate Collection Set: 2.0ms
[2020-09-26T00:59:19.425-0400][gc,phases    ] GC(7)   Post Evacuate Collection Set: 0.4ms
[2020-09-26T00:59:19.425-0400][gc,phases    ] GC(7)   Other: 0.2ms
[2020-09-26T00:59:19.425-0400][gc,heap      ] GC(7) Eden regions: 10->0(12)
[2020-09-26T00:59:19.425-0400][gc,heap      ] GC(7) Survivor regions: 1->1(2)
[2020-09-26T00:59:19.425-0400][gc,heap      ] GC(7) Old regions: 8->8
[2020-09-26T00:59:19.425-0400][gc,heap      ] GC(7) Humongous regions: 0->0
[2020-09-26T00:59:19.425-0400][gc,metaspace ] GC(7) Metaspace: 15736K->15736K(1062912K)
[2020-09-26T00:59:19.425-0400][gc           ] GC(7) Pause Young (Normal) (G1 Evacuation Pause) 16M->7M(130M) 2.670ms
[2020-09-26T00:59:19.425-0400][gc,cpu       ] GC(7) User=0.00s Sys=0.00s Real=0.01s
[2020-09-26T00:59:19.600-0400][gc,start     ] GC(8) Pause Young (Normal) (G1 Evacuation Pause)
[2020-09-26T00:59:19.600-0400][gc,task      ] GC(8) Using 3 workers of 4 for evacuation
[2020-09-26T00:59:19.602-0400][gc,phases    ] GC(8)   Pre Evacuate Collection Set: 0.0ms
[2020-09-26T00:59:19.602-0400][gc,phases    ] GC(8)   Evacuate Collection Set: 2.3ms
[2020-09-26T00:59:19.603-0400][gc,phases    ] GC(8)   Post Evacuate Collection Set: 0.5ms
[2020-09-26T00:59:19.603-0400][gc,phases    ] GC(8)   Other: 0.1ms
[2020-09-26T00:59:19.603-0400][gc,heap      ] GC(8) Eden regions: 12->0(52)
[2020-09-26T00:59:19.603-0400][gc,heap      ] GC(8) Survivor regions: 1->2(2)
[2020-09-26T00:59:19.603-0400][gc,heap      ] GC(8) Old regions: 8->8
[2020-09-26T00:59:19.603-0400][gc,heap      ] GC(8) Humongous regions: 0->0
[2020-09-26T00:59:19.603-0400][gc,metaspace ] GC(8) Metaspace: 18974K->18974K(1067008K)
[2020-09-26T00:59:19.603-0400][gc           ] GC(8) Pause Young (Normal) (G1 Evacuation Pause) 19M->7M(130M) 2.961ms
[2020-09-26T00:59:19.603-0400][gc,cpu       ] GC(8) User=0.00s Sys=0.01s Real=0.00s
[2020-09-26T00:59:19.717-0400][gc,start     ] GC(9) Pause Young (Concurrent Start) (G1 Humongous Allocation)
[2020-09-26T00:59:19.717-0400][gc,task      ] GC(9) Using 4 workers of 4 for evacuation
[2020-09-26T00:59:19.727-0400][gc,phases    ] GC(9)   Pre Evacuate Collection Set: 0.0ms
[2020-09-26T00:59:19.727-0400][gc,phases    ] GC(9)   Evacuate Collection Set: 9.7ms
[2020-09-26T00:59:19.727-0400][gc,phases    ] GC(9)   Post Evacuate Collection Set: 0.5ms
[2020-09-26T00:59:19.727-0400][gc,phases    ] GC(9)   Other: 0.3ms
[2020-09-26T00:59:19.727-0400][gc,heap      ] GC(9) Eden regions: 8->0(31)
[2020-09-26T00:59:19.727-0400][gc,heap      ] GC(9) Survivor regions: 2->2(7)
[2020-09-26T00:59:19.727-0400][gc,heap      ] GC(9) Old regions: 8->8
[2020-09-26T00:59:19.727-0400][gc,heap      ] GC(9) Humongous regions: 0->0
[2020-09-26T00:59:19.727-0400][gc,metaspace ] GC(9) Metaspace: 20340K->20340K(1067008K)
[2020-09-26T00:59:19.728-0400][gc           ] GC(9) Pause Young (Concurrent Start) (G1 Humongous Allocation) 14M->7M(130M) 10.651ms
[2020-09-26T00:59:19.728-0400][gc,cpu       ] GC(9) User=0.01s Sys=0.00s Real=0.01s
[2020-09-26T00:59:19.728-0400][gc           ] GC(10) Concurrent Cycle
[2020-09-26T00:59:19.728-0400][gc,marking   ] GC(10) Concurrent Clear Claimed Marks
[2020-09-26T00:59:19.728-0400][gc,marking   ] GC(10) Concurrent Clear Claimed Marks 0.039ms
[2020-09-26T00:59:19.728-0400][gc,marking   ] GC(10) Concurrent Scan Root Regions
[2020-09-26T00:59:19.730-0400][gc,marking   ] GC(10) Concurrent Scan Root Regions 2.413ms
[2020-09-26T00:59:19.730-0400][gc,marking   ] GC(10) Concurrent Mark (1.382s)
[2020-09-26T00:59:19.730-0400][gc,marking   ] GC(10) Concurrent Mark From Roots
[2020-09-26T00:59:19.730-0400][gc,task      ] GC(10) Using 1 workers of 1 for marking
[2020-09-26T00:59:19.740-0400][gc,marking   ] GC(10) Concurrent Mark From Roots 9.432ms
[2020-09-26T00:59:19.740-0400][gc,marking   ] GC(10) Concurrent Preclean
[2020-09-26T00:59:19.740-0400][gc,marking   ] GC(10) Concurrent Preclean 0.149ms
[2020-09-26T00:59:19.740-0400][gc,marking   ] GC(10) Concurrent Mark (1.382s, 1.392s) 9.650ms
[2020-09-26T00:59:20.102-0400][gc,start     ] GC(10) Pause Remark
[2020-09-26T00:59:20.105-0400][gc,stringtable] GC(10) Cleaned string and symbol table, strings: 4888 processed, 6 removed, symbols: 49845 processed, 42 removed
[2020-09-26T00:59:20.106-0400][gc            ] GC(10) Pause Remark 136M->136M(259M) 3.720ms
[2020-09-26T00:59:20.106-0400][gc,cpu        ] GC(10) User=0.00s Sys=0.00s Real=0.01s
[2020-09-26T00:59:20.106-0400][gc,marking    ] GC(10) Concurrent Rebuild Remembered Sets
[2020-09-26T00:59:20.110-0400][gc,marking    ] GC(10) Concurrent Rebuild Remembered Sets 4.425ms
[2020-09-26T00:59:20.111-0400][gc,start      ] GC(10) Pause Cleanup
[2020-09-26T00:59:20.112-0400][gc            ] GC(10) Pause Cleanup 137M->137M(259M) 0.262ms
[2020-09-26T00:59:20.112-0400][gc,cpu        ] GC(10) User=0.00s Sys=0.00s Real=0.00s
[2020-09-26T00:59:20.112-0400][gc,marking    ] GC(10) Concurrent Cleanup for Next Mark
[2020-09-26T00:59:20.132-0400][gc,marking    ] GC(10) Concurrent Cleanup for Next Mark 20.322ms
[2020-09-26T00:59:20.138-0400][gc            ] GC(10) Concurrent Cycle 410.153ms
[2020-09-26T00:59:20.626-0400][gc,start      ] GC(11) Pause Young (Normal) (G1 Evacuation Pause)
[2020-09-26T00:59:20.626-0400][gc,task       ] GC(11) Using 4 workers of 4 for evacuation
[2020-09-26T00:59:20.632-0400][gc,phases     ] GC(11)   Pre Evacuate Collection Set: 0.0ms
[2020-09-26T00:59:20.632-0400][gc,phases     ] GC(11)   Evacuate Collection Set: 5.4ms
[2020-09-26T00:59:20.632-0400][gc,phases     ] GC(11)   Post Evacuate Collection Set: 0.6ms
[2020-09-26T00:59:20.632-0400][gc,phases     ] GC(11)   Other: 0.2ms
[2020-09-26T00:59:20.632-0400][gc,heap       ] GC(11) Eden regions: 26->0(29)
[2020-09-26T00:59:20.632-0400][gc,heap       ] GC(11) Survivor regions: 2->4(4)
[2020-09-26T00:59:20.632-0400][gc,heap       ] GC(11) Old regions: 8->8
[2020-09-26T00:59:20.632-0400][gc,heap       ] GC(11) Humongous regions: 129->129
[2020-09-26T00:59:20.632-0400][gc,metaspace  ] GC(11) Metaspace: 25267K->25267K(1073152K)
[2020-09-26T00:59:20.632-0400][gc            ] GC(11) Pause Young (Normal) (G1 Evacuation Pause) 162M->138M(259M) 6.229ms
[2020-09-26T00:59:20.632-0400][gc,cpu        ] GC(11) User=0.01s Sys=0.01s Real=0.00s
[2020-09-26T00:59:21.180-0400][gc,start      ] GC(12) Pause Young (Concurrent Start) (G1 Evacuation Pause)
[2020-09-26T00:59:21.180-0400][gc,task       ] GC(12) Using 4 workers of 4 for evacuation
[2020-09-26T00:59:21.198-0400][gc,phases     ] GC(12)   Pre Evacuate Collection Set: 0.1ms
[2020-09-26T00:59:21.198-0400][gc,phases     ] GC(12)   Evacuate Collection Set: 17.1ms
[2020-09-26T00:59:21.198-0400][gc,phases     ] GC(12)   Post Evacuate Collection Set: 0.6ms
[2020-09-26T00:59:21.198-0400][gc,phases     ] GC(12)   Other: 0.3ms
[2020-09-26T00:59:21.198-0400][gc,heap       ] GC(12) Eden regions: 29->0(29)
[2020-09-26T00:59:21.198-0400][gc,heap       ] GC(12) Survivor regions: 4->5(5)
[2020-09-26T00:59:21.198-0400][gc,heap       ] GC(12) Old regions: 8->9
[2020-09-26T00:59:21.198-0400][gc,heap       ] GC(12) Humongous regions: 129->129
[2020-09-26T00:59:21.198-0400][gc,metaspace  ] GC(12) Metaspace: 31213K->31213K(1077248K)
[2020-09-26T00:59:21.198-0400][gc            ] GC(12) Pause Young (Concurrent Start) (G1 Evacuation Pause) 167M->141M(259M) 18.082ms
[2020-09-26T00:59:21.198-0400][gc,cpu        ] GC(12) User=0.02s Sys=0.03s Real=0.02s
[2020-09-26T00:59:21.198-0400][gc            ] GC(13) Concurrent Cycle
[2020-09-26T00:59:21.198-0400][gc,marking    ] GC(13) Concurrent Clear Claimed Marks
[2020-09-26T00:59:21.198-0400][gc,marking    ] GC(13) Concurrent Clear Claimed Marks 0.083ms
[2020-09-26T00:59:21.198-0400][gc,marking    ] GC(13) Concurrent Scan Root Regions
[2020-09-26T00:59:21.201-0400][gc,marking    ] GC(13) Concurrent Scan Root Regions 3.022ms
[2020-09-26T00:59:21.201-0400][gc,marking    ] GC(13) Concurrent Mark (2.854s)
[2020-09-26T00:59:21.201-0400][gc,marking    ] GC(13) Concurrent Mark From Roots
[2020-09-26T00:59:21.201-0400][gc,task       ] GC(13) Using 1 workers of 1 for marking
[2020-09-26T00:59:21.211-0400][gc,marking    ] GC(13) Concurrent Mark From Roots 9.776ms
[2020-09-26T00:59:21.211-0400][gc,marking    ] GC(13) Concurrent Preclean
[2020-09-26T00:59:21.211-0400][gc,marking    ] GC(13) Concurrent Preclean 0.070ms
[2020-09-26T00:59:21.211-0400][gc,marking    ] GC(13) Concurrent Mark (2.854s, 2.863s) 9.898ms
[2020-09-26T00:59:21.212-0400][gc,start      ] GC(13) Pause Remark
[2020-09-26T00:59:21.215-0400][gc,stringtable] GC(13) Cleaned string and symbol table, strings: 9806 processed, 0 removed, symbols: 76671 processed, 19 removed
[2020-09-26T00:59:21.216-0400][gc            ] GC(13) Pause Remark 141M->141M(259M) 4.140ms
[2020-09-26T00:59:21.216-0400][gc,cpu        ] GC(13) User=0.01s Sys=0.00s Real=0.01s
[2020-09-26T00:59:21.216-0400][gc,marking    ] GC(13) Concurrent Rebuild Remembered Sets
[2020-09-26T00:59:21.221-0400][gc,marking    ] GC(13) Concurrent Rebuild Remembered Sets 5.323ms
[2020-09-26T00:59:21.221-0400][gc,start      ] GC(13) Pause Cleanup
[2020-09-26T00:59:21.221-0400][gc            ] GC(13) Pause Cleanup 142M->142M(259M) 0.148ms
[2020-09-26T00:59:21.222-0400][gc,cpu        ] GC(13) User=0.00s Sys=0.00s Real=0.00s
[2020-09-26T00:59:21.222-0400][gc,marking    ] GC(13) Concurrent Cleanup for Next Mark
[2020-09-26T00:59:21.256-0400][gc,marking    ] GC(13) Concurrent Cleanup for Next Mark 34.661ms
[2020-09-26T00:59:21.256-0400][gc            ] GC(13) Concurrent Cycle 58.132ms
[2020-09-26T01:02:47.542-0400][gc,start      ] GC(14) Pause Young (Normal) (G1 Evacuation Pause)
[2020-09-26T01:02:47.542-0400][gc,task       ] GC(14) Using 4 workers of 4 for evacuation
[2020-09-26T01:02:47.549-0400][gc,phases     ] GC(14)   Pre Evacuate Collection Set: 0.0ms
[2020-09-26T01:02:47.549-0400][gc,phases     ] GC(14)   Evacuate Collection Set: 6.2ms
[2020-09-26T01:02:47.549-0400][gc,phases     ] GC(14)   Post Evacuate Collection Set: 0.7ms
[2020-09-26T01:02:47.549-0400][gc,phases     ] GC(14)   Other: 0.3ms
[2020-09-26T01:02:47.549-0400][gc,heap       ] GC(14) Eden regions: 22->0(32)
[2020-09-26T01:02:47.549-0400][gc,heap       ] GC(14) Survivor regions: 5->2(4)
[2020-09-26T01:02:47.549-0400][gc,heap       ] GC(14) Old regions: 9->14
[2020-09-26T01:02:47.549-0400][gc,heap       ] GC(14) Humongous regions: 129->129
[2020-09-26T01:02:47.549-0400][gc,metaspace  ] GC(14) Metaspace: 35049K->35049K(1081344K)
[2020-09-26T01:02:47.549-0400][gc            ] GC(14) Pause Young (Normal) (G1 Evacuation Pause) 163M->142M(259M) 7.162ms
[2020-09-26T01:02:47.549-0400][gc,cpu        ] GC(14) User=0.01s Sys=0.00s Real=0.01s
[2020-09-26T01:12:54.406-0400][gc,start      ] GC(15) Pause Young (Concurrent Start) (G1 Evacuation Pause)
[2020-09-26T01:12:54.406-0400][gc,task       ] GC(15) Using 4 workers of 4 for evacuation
[2020-09-26T01:12:54.411-0400][gc,phases     ] GC(15)   Pre Evacuate Collection Set: 0.2ms
[2020-09-26T01:12:54.411-0400][gc,phases     ] GC(15)   Evacuate Collection Set: 3.7ms
[2020-09-26T01:12:54.411-0400][gc,phases     ] GC(15)   Post Evacuate Collection Set: 0.5ms
[2020-09-26T01:12:54.411-0400][gc,phases     ] GC(15)   Other: 0.4ms
[2020-09-26T01:12:54.411-0400][gc,heap       ] GC(15) Eden regions: 32->0(77)
[2020-09-26T01:12:54.411-0400][gc,heap       ] GC(15) Survivor regions: 2->2(5)
[2020-09-26T01:12:54.411-0400][gc,heap       ] GC(15) Old regions: 14->14
[2020-09-26T01:12:54.411-0400][gc,heap       ] GC(15) Humongous regions: 129->129
[2020-09-26T01:12:54.411-0400][gc,metaspace  ] GC(15) Metaspace: 35734K->35734K(1081344K)
[2020-09-26T01:12:54.411-0400][gc            ] GC(15) Pause Young (Concurrent Start) (G1 Evacuation Pause) 174M->142M(259M) 4.796ms
[2020-09-26T01:12:54.411-0400][gc,cpu        ] GC(15) User=0.01s Sys=0.00s Real=0.00s
[2020-09-26T01:12:54.411-0400][gc            ] GC(16) Concurrent Cycle
[2020-09-26T01:12:54.411-0400][gc,marking    ] GC(16) Concurrent Clear Claimed Marks
[2020-09-26T01:12:54.411-0400][gc,marking    ] GC(16) Concurrent Clear Claimed Marks 0.057ms
[2020-09-26T01:12:54.411-0400][gc,marking    ] GC(16) Concurrent Scan Root Regions
[2020-09-26T01:12:54.413-0400][gc,marking    ] GC(16) Concurrent Scan Root Regions 1.461ms
[2020-09-26T01:12:54.413-0400][gc,marking    ] GC(16) Concurrent Mark (816.065s)
[2020-09-26T01:12:54.413-0400][gc,marking    ] GC(16) Concurrent Mark From Roots
[2020-09-26T01:12:54.413-0400][gc,task       ] GC(16) Using 1 workers of 1 for marking
[2020-09-26T01:12:54.428-0400][gc,marking    ] GC(16) Concurrent Mark From Roots 15.483ms
[2020-09-26T01:12:54.428-0400][gc,marking    ] GC(16) Concurrent Preclean
[2020-09-26T01:12:54.428-0400][gc,marking    ] GC(16) Concurrent Preclean 0.157ms
[2020-09-26T01:12:54.428-0400][gc,marking    ] GC(16) Concurrent Mark (816.065s, 816.080s) 15.689ms
[2020-09-26T01:12:54.428-0400][gc,start      ] GC(16) Pause Remark
[2020-09-26T01:12:54.435-0400][gc,stringtable] GC(16) Cleaned string and symbol table, strings: 10693 processed, 311 removed, symbols: 81709 processed, 9 removed
[2020-09-26T01:12:54.436-0400][gc            ] GC(16) Pause Remark 142M->142M(259M) 7.388ms
[2020-09-26T01:12:54.436-0400][gc,cpu        ] GC(16) User=0.02s Sys=0.00s Real=0.01s
[2020-09-26T01:12:54.436-0400][gc,marking    ] GC(16) Concurrent Rebuild Remembered Sets
[2020-09-26T01:12:54.444-0400][gc,marking    ] GC(16) Concurrent Rebuild Remembered Sets 8.148ms
[2020-09-26T01:12:54.444-0400][gc,start      ] GC(16) Pause Cleanup
[2020-09-26T01:12:54.445-0400][gc            ] GC(16) Pause Cleanup 142M->142M(259M) 0.214ms
[2020-09-26T01:12:54.445-0400][gc,cpu        ] GC(16) User=0.00s Sys=0.00s Real=0.01s
[2020-09-26T01:12:54.445-0400][gc,marking    ] GC(16) Concurrent Cleanup for Next Mark
[2020-09-26T01:12:54.445-0400][gc,marking    ] GC(16) Concurrent Cleanup for Next Mark 0.666ms
[2020-09-26T01:12:54.445-0400][gc            ] GC(16) Concurrent Cycle 34.518ms
[2020-09-26T01:17:29.249-0400][gc,start      ] GC(17) Pause Young (Normal) (G1 Evacuation Pause)
[2020-09-26T01:17:29.249-0400][gc,task       ] GC(17) Using 4 workers of 4 for evacuation
[2020-09-26T01:17:29.254-0400][gc,phases     ] GC(17)   Pre Evacuate Collection Set: 0.0ms
[2020-09-26T01:17:29.254-0400][gc,phases     ] GC(17)   Evacuate Collection Set: 3.7ms
[2020-09-26T01:17:29.254-0400][gc,phases     ] GC(17)   Post Evacuate Collection Set: 1.0ms
[2020-09-26T01:17:29.254-0400][gc,phases     ] GC(17)   Other: 0.3ms
[2020-09-26T01:17:29.254-0400][gc,heap       ] GC(17) Eden regions: 77->0(78)
[2020-09-26T01:17:29.254-0400][gc,heap       ] GC(17) Survivor regions: 2->2(10)
[2020-09-26T01:17:29.254-0400][gc,heap       ] GC(17) Old regions: 14->14
[2020-09-26T01:17:29.254-0400][gc,heap       ] GC(17) Humongous regions: 129->129
[2020-09-26T01:17:29.254-0400][gc,metaspace  ] GC(17) Metaspace: 35930K->35930K(1081344K)
[2020-09-26T01:17:29.254-0400][gc            ] GC(17) Pause Young (Normal) (G1 Evacuation Pause) 219M->142M(259M) 5.045ms
[2020-09-26T01:17:29.254-0400][gc,cpu        ] GC(17) User=0.01s Sys=0.00s Real=0.00s
[2020-09-26T01:26:24.770-0400][gc,start      ] GC(18) Pause Young (Concurrent Start) (G1 Evacuation Pause)
[2020-09-26T01:26:24.770-0400][gc,task       ] GC(18) Using 4 workers of 4 for evacuation
[2020-09-26T01:26:24.776-0400][gc,phases     ] GC(18)   Pre Evacuate Collection Set: 0.2ms
[2020-09-26T01:26:24.776-0400][gc,phases     ] GC(18)   Evacuate Collection Set: 4.7ms
[2020-09-26T01:26:24.776-0400][gc,phases     ] GC(18)   Post Evacuate Collection Set: 0.7ms
[2020-09-26T01:26:24.776-0400][gc,phases     ] GC(18)   Other: 0.3ms
[2020-09-26T01:26:24.776-0400][gc,heap       ] GC(18) Eden regions: 78->0(79)
[2020-09-26T01:26:24.776-0400][gc,heap       ] GC(18) Survivor regions: 2->2(10)
[2020-09-26T01:26:24.776-0400][gc,heap       ] GC(18) Old regions: 14->14
[2020-09-26T01:26:24.776-0400][gc,heap       ] GC(18) Humongous regions: 129->129
[2020-09-26T01:26:24.776-0400][gc,metaspace  ] GC(18) Metaspace: 36016K->36016K(1083392K)
[2020-09-26T01:26:24.776-0400][gc            ] GC(18) Pause Young (Concurrent Start) (G1 Evacuation Pause) 220M->142M(259M) 5.962ms
[2020-09-26T01:26:24.776-0400][gc,cpu        ] GC(18) User=0.01s Sys=0.00s Real=0.01s
[2020-09-26T01:26:24.776-0400][gc            ] GC(19) Concurrent Cycle
[2020-09-26T01:26:24.776-0400][gc,marking    ] GC(19) Concurrent Clear Claimed Marks
[2020-09-26T01:26:24.776-0400][gc,marking    ] GC(19) Concurrent Clear Claimed Marks 0.050ms
[2020-09-26T01:26:24.776-0400][gc,marking    ] GC(19) Concurrent Scan Root Regions
[2020-09-26T01:26:24.778-0400][gc,marking    ] GC(19) Concurrent Scan Root Regions 2.129ms
[2020-09-26T01:26:24.778-0400][gc,marking    ] GC(19) Concurrent Mark (1626.431s)
[2020-09-26T01:26:24.778-0400][gc,marking    ] GC(19) Concurrent Mark From Roots
[2020-09-26T01:26:24.778-0400][gc,task       ] GC(19) Using 1 workers of 1 for marking
[2020-09-26T01:26:24.795-0400][gc,marking    ] GC(19) Concurrent Mark From Roots 16.399ms
[2020-09-26T01:26:24.795-0400][gc,marking    ] GC(19) Concurrent Preclean
[2020-09-26T01:26:24.795-0400][gc,marking    ] GC(19) Concurrent Preclean 0.109ms
[2020-09-26T01:26:24.795-0400][gc,marking    ] GC(19) Concurrent Mark (1626.431s, 1626.447s) 16.561ms
[2020-09-26T01:26:24.795-0400][gc,start      ] GC(19) Pause Remark
[2020-09-26T01:26:24.803-0400][gc,stringtable] GC(19) Cleaned string and symbol table, strings: 10968 processed, 0 removed, symbols: 81713 processed, 18 removed
[2020-09-26T01:26:24.804-0400][gc            ] GC(19) Pause Remark 143M->143M(259M) 8.555ms
[2020-09-26T01:26:24.804-0400][gc,cpu        ] GC(19) User=0.02s Sys=0.00s Real=0.00s
[2020-09-26T01:26:24.804-0400][gc,marking    ] GC(19) Concurrent Rebuild Remembered Sets
[2020-09-26T01:26:24.812-0400][gc,marking    ] GC(19) Concurrent Rebuild Remembered Sets 7.967ms
[2020-09-26T01:26:24.812-0400][gc,start      ] GC(19) Pause Cleanup
[2020-09-26T01:26:24.812-0400][gc            ] GC(19) Pause Cleanup 143M->143M(259M) 0.237ms
[2020-09-26T01:26:24.812-0400][gc,cpu        ] GC(19) User=0.00s Sys=0.00s Real=0.00s
[2020-09-26T01:26:24.813-0400][gc,marking    ] GC(19) Concurrent Cleanup for Next Mark
[2020-09-26T01:26:24.814-0400][gc,marking    ] GC(19) Concurrent Cleanup for Next Mark 1.000ms
[2020-09-26T01:26:24.814-0400][gc            ] GC(19) Concurrent Cycle 37.304ms
[2020-09-26T01:35:45.032-0400][gc,start      ] GC(20) Pause Young (Normal) (G1 Evacuation Pause)
[2020-09-26T01:35:45.032-0400][gc,task       ] GC(20) Using 4 workers of 4 for evacuation
[2020-09-26T01:35:45.157-0400][gc,mmu        ] GC(20) MMU target violated: 21.0ms (20.0ms/21.0ms)
[2020-09-26T01:35:45.157-0400][gc,phases     ] GC(20)   Pre Evacuate Collection Set: 0.1ms
[2020-09-26T01:35:45.157-0400][gc,phases     ] GC(20)   Evacuate Collection Set: 81.4ms
[2020-09-26T01:35:45.157-0400][gc,phases     ] GC(20)   Post Evacuate Collection Set: 42.2ms
[2020-09-26T01:35:45.157-0400][gc,phases     ] GC(20)   Other: 1.5ms
[2020-09-26T01:35:45.157-0400][gc,heap       ] GC(20) Eden regions: 79->0(10)
[2020-09-26T01:35:45.157-0400][gc,heap       ] GC(20) Survivor regions: 2->2(11)
[2020-09-26T01:35:45.157-0400][gc,heap       ] GC(20) Old regions: 14->14
[2020-09-26T01:35:45.157-0400][gc,heap       ] GC(20) Humongous regions: 129->129
[2020-09-26T01:35:45.157-0400][gc,metaspace  ] GC(20) Metaspace: 36073K->36073K(1083392K)
[2020-09-26T01:35:45.157-0400][gc            ] GC(20) Pause Young (Normal) (G1 Evacuation Pause) 221M->142M(259M) 125.232ms
[2020-09-26T01:35:45.157-0400][gc,cpu        ] GC(20) User=0.16s Sys=0.01s Real=0.13s
[2020-09-26T01:36:54.184-0400][gc,start      ] GC(21) Pause Young (Concurrent Start) (G1 Evacuation Pause)
[2020-09-26T01:36:54.185-0400][gc,task       ] GC(21) Using 4 workers of 4 for evacuation
[2020-09-26T01:36:54.189-0400][gc,phases     ] GC(21)   Pre Evacuate Collection Set: 0.1ms
[2020-09-26T01:36:54.189-0400][gc,phases     ] GC(21)   Evacuate Collection Set: 4.0ms
[2020-09-26T01:36:54.189-0400][gc,phases     ] GC(21)   Post Evacuate Collection Set: 0.5ms
[2020-09-26T01:36:54.189-0400][gc,phases     ] GC(21)   Other: 0.3ms
[2020-09-26T01:36:54.189-0400][gc,heap       ] GC(21) Eden regions: 10->0(10)
[2020-09-26T01:36:54.189-0400][gc,heap       ] GC(21) Survivor regions: 2->2(2)
[2020-09-26T01:36:54.189-0400][gc,heap       ] GC(21) Old regions: 14->15
[2020-09-26T01:36:54.189-0400][gc,heap       ] GC(21) Humongous regions: 129->129
[2020-09-26T01:36:54.189-0400][gc,metaspace  ] GC(21) Metaspace: 36077K->36077K(1083392K)
[2020-09-26T01:36:54.189-0400][gc            ] GC(21) Pause Young (Concurrent Start) (G1 Evacuation Pause) 152M->142M(259M) 5.009ms
[2020-09-26T01:36:54.190-0400][gc,cpu        ] GC(21) User=0.01s Sys=0.00s Real=0.01s
[2020-09-26T01:36:54.190-0400][gc            ] GC(22) Concurrent Cycle
[2020-09-26T01:36:54.190-0400][gc,marking    ] GC(22) Concurrent Clear Claimed Marks
[2020-09-26T01:36:54.190-0400][gc,marking    ] GC(22) Concurrent Clear Claimed Marks 0.098ms
[2020-09-26T01:36:54.190-0400][gc,marking    ] GC(22) Concurrent Scan Root Regions
[2020-09-26T01:36:54.191-0400][gc,marking    ] GC(22) Concurrent Scan Root Regions 0.868ms
[2020-09-26T01:36:54.191-0400][gc,marking    ] GC(22) Concurrent Mark (2255.843s)
[2020-09-26T01:36:54.191-0400][gc,marking    ] GC(22) Concurrent Mark From Roots
[2020-09-26T01:36:54.191-0400][gc,task       ] GC(22) Using 1 workers of 1 for marking
[2020-09-26T01:36:54.210-0400][gc,marking    ] GC(22) Concurrent Mark From Roots 19.184ms
[2020-09-26T01:36:54.210-0400][gc,marking    ] GC(22) Concurrent Preclean
[2020-09-26T01:36:54.210-0400][gc,marking    ] GC(22) Concurrent Preclean 0.131ms
[2020-09-26T01:36:54.210-0400][gc,marking    ] GC(22) Concurrent Mark (2255.843s, 2255.862s) 19.387ms
[2020-09-26T01:36:54.210-0400][gc,start      ] GC(22) Pause Remark
[2020-09-26T01:36:54.215-0400][gc,stringtable] GC(22) Cleaned string and symbol table, strings: 11063 processed, 0 removed, symbols: 81733 processed, 1 removed
[2020-09-26T01:36:54.215-0400][gc            ] GC(22) Pause Remark 143M->143M(259M) 4.604ms
[2020-09-26T01:36:54.215-0400][gc,cpu        ] GC(22) User=0.01s Sys=0.00s Real=0.01s
[2020-09-26T01:36:54.215-0400][gc,marking    ] GC(22) Concurrent Rebuild Remembered Sets
[2020-09-26T01:36:54.224-0400][gc,marking    ] GC(22) Concurrent Rebuild Remembered Sets 9.343ms
[2020-09-26T01:36:54.225-0400][gc,start      ] GC(22) Pause Cleanup
[2020-09-26T01:36:54.225-0400][gc            ] GC(22) Pause Cleanup 143M->143M(259M) 0.198ms
[2020-09-26T01:36:54.225-0400][gc,cpu        ] GC(22) User=0.00s Sys=0.00s Real=0.00s
[2020-09-26T01:36:54.225-0400][gc,marking    ] GC(22) Concurrent Cleanup for Next Mark
[2020-09-26T01:36:54.226-0400][gc,marking    ] GC(22) Concurrent Cleanup for Next Mark 1.159ms
[2020-09-26T01:36:54.226-0400][gc            ] GC(22) Concurrent Cycle 36.839ms
[2020-09-26T01:38:02.115-0400][gc,start      ] GC(23) Pause Young (Normal) (G1 Evacuation Pause)
[2020-09-26T01:38:02.115-0400][gc,task       ] GC(23) Using 4 workers of 4 for evacuation
[2020-09-26T01:38:02.138-0400][gc,mmu        ] GC(23) MMU target violated: 21.0ms (20.0ms/21.0ms)
[2020-09-26T01:38:02.138-0400][gc,phases     ] GC(23)   Pre Evacuate Collection Set: 0.0ms
[2020-09-26T01:38:02.138-0400][gc,phases     ] GC(23)   Evacuate Collection Set: 22.1ms
[2020-09-26T01:38:02.138-0400][gc,phases     ] GC(23)   Post Evacuate Collection Set: 0.3ms
[2020-09-26T01:38:02.138-0400][gc,phases     ] GC(23)   Other: 0.3ms
[2020-09-26T01:38:02.138-0400][gc,heap       ] GC(23) Eden regions: 10->0(22)
[2020-09-26T01:38:02.138-0400][gc,heap       ] GC(23) Survivor regions: 2->2(2)
[2020-09-26T01:38:02.138-0400][gc,heap       ] GC(23) Old regions: 15->15
[2020-09-26T01:38:02.138-0400][gc,heap       ] GC(23) Humongous regions: 129->129
[2020-09-26T01:38:02.138-0400][gc,metaspace  ] GC(23) Metaspace: 36080K->36080K(1083392K)
[2020-09-26T01:38:02.138-0400][gc            ] GC(23) Pause Young (Normal) (G1 Evacuation Pause) 152M->142M(259M) 22.799ms
[2020-09-26T01:38:02.138-0400][gc,cpu        ] GC(23) User=0.07s Sys=0.00s Real=0.02s
[2020-09-26T01:40:37.255-0400][gc,start      ] GC(24) Pause Young (Concurrent Start) (G1 Evacuation Pause)
[2020-09-26T01:40:37.255-0400][gc,task       ] GC(24) Using 4 workers of 4 for evacuation
[2020-09-26T01:40:37.275-0400][gc,mmu        ] GC(24) MMU target violated: 20.2ms (20.0ms/21.0ms)
[2020-09-26T01:40:37.275-0400][gc,phases     ] GC(24)   Pre Evacuate Collection Set: 0.2ms
[2020-09-26T01:40:37.275-0400][gc,phases     ] GC(24)   Evacuate Collection Set: 19.2ms
[2020-09-26T01:40:37.275-0400][gc,phases     ] GC(24)   Post Evacuate Collection Set: 0.5ms
[2020-09-26T01:40:37.275-0400][gc,phases     ] GC(24)   Other: 0.5ms
[2020-09-26T01:40:37.275-0400][gc,heap       ] GC(24) Eden regions: 22->0(30)
[2020-09-26T01:40:37.275-0400][gc,heap       ] GC(24) Survivor regions: 2->1(3)
[2020-09-26T01:40:37.275-0400][gc,heap       ] GC(24) Old regions: 15->15
[2020-09-26T01:40:37.275-0400][gc,heap       ] GC(24) Humongous regions: 129->129
[2020-09-26T01:40:37.275-0400][gc,metaspace  ] GC(24) Metaspace: 36083K->36083K(1083392K)
[2020-09-26T01:40:37.275-0400][gc            ] GC(24) Pause Young (Concurrent Start) (G1 Evacuation Pause) 164M->142M(259M) 20.484ms
[2020-09-26T01:40:37.275-0400][gc,cpu        ] GC(24) User=0.00s Sys=0.00s Real=0.03s
[2020-09-26T01:40:37.276-0400][gc            ] GC(25) Concurrent Cycle
[2020-09-26T01:40:37.276-0400][gc,marking    ] GC(25) Concurrent Clear Claimed Marks
[2020-09-26T01:40:37.276-0400][gc,marking    ] GC(25) Concurrent Clear Claimed Marks 0.124ms
[2020-09-26T01:40:37.276-0400][gc,marking    ] GC(25) Concurrent Scan Root Regions
[2020-09-26T01:40:37.277-0400][gc,marking    ] GC(25) Concurrent Scan Root Regions 1.413ms
[2020-09-26T01:40:37.277-0400][gc,marking    ] GC(25) Concurrent Mark (2478.929s)
[2020-09-26T01:40:37.277-0400][gc,marking    ] GC(25) Concurrent Mark From Roots
[2020-09-26T01:40:37.277-0400][gc,task       ] GC(25) Using 1 workers of 1 for marking
[2020-09-26T01:40:37.308-0400][gc,marking    ] GC(25) Concurrent Mark From Roots 31.230ms
[2020-09-26T01:40:37.309-0400][gc,marking    ] GC(25) Concurrent Preclean
[2020-09-26T01:40:37.309-0400][gc,marking    ] GC(25) Concurrent Preclean 0.408ms
[2020-09-26T01:40:37.309-0400][gc,marking    ] GC(25) Concurrent Mark (2478.929s, 2478.961s) 31.717ms
[2020-09-26T01:40:37.311-0400][gc,start      ] GC(25) Pause Remark
[2020-09-26T01:40:37.357-0400][gc,stringtable] GC(25) Cleaned string and symbol table, strings: 11063 processed, 13 removed, symbols: 81732 processed, 0 removed
[2020-09-26T01:40:37.358-0400][gc,mmu        ] GC(25) MMU target violated: 21.0ms (20.0ms/21.0ms)
[2020-09-26T01:40:37.358-0400][gc            ] GC(25) Pause Remark 142M->142M(259M) 46.842ms
[2020-09-26T01:40:37.358-0400][gc,cpu        ] GC(25) User=0.03s Sys=0.00s Real=0.05s
[2020-09-26T01:40:37.358-0400][gc,marking    ] GC(25) Concurrent Rebuild Remembered Sets
[2020-09-26T01:40:37.392-0400][gc,marking    ] GC(25) Concurrent Rebuild Remembered Sets 34.122ms
[2020-09-26T01:40:37.402-0400][gc,start      ] GC(25) Pause Cleanup
[2020-09-26T01:40:37.403-0400][gc            ] GC(25) Pause Cleanup 142M->142M(259M) 0.319ms
[2020-09-26T01:40:37.403-0400][gc,cpu        ] GC(25) User=0.00s Sys=0.00s Real=0.00s
[2020-09-26T01:40:37.403-0400][gc,marking    ] GC(25) Concurrent Cleanup for Next Mark
[2020-09-26T01:40:37.404-0400][gc,marking    ] GC(25) Concurrent Cleanup for Next Mark 1.002ms
[2020-09-26T01:40:37.404-0400][gc            ] GC(25) Concurrent Cycle 128.219ms
[2020-09-26T01:44:14.484-0400][gc,start      ] GC(26) Pause Young (Normal) (G1 Evacuation Pause)
[2020-09-26T01:44:14.484-0400][gc,task       ] GC(26) Using 4 workers of 4 for evacuation
[2020-09-26T01:44:14.488-0400][gc,phases     ] GC(26)   Pre Evacuate Collection Set: 0.1ms
[2020-09-26T01:44:14.488-0400][gc,phases     ] GC(26)   Evacuate Collection Set: 2.8ms
[2020-09-26T01:44:14.488-0400][gc,phases     ] GC(26)   Post Evacuate Collection Set: 0.3ms
[2020-09-26T01:44:14.488-0400][gc,phases     ] GC(26)   Other: 0.2ms
[2020-09-26T01:44:14.488-0400][gc,heap       ] GC(26) Eden regions: 30->0(64)
[2020-09-26T01:44:14.488-0400][gc,heap       ] GC(26) Survivor regions: 1->1(4)
[2020-09-26T01:44:14.488-0400][gc,heap       ] GC(26) Old regions: 15->15
[2020-09-26T01:44:14.488-0400][gc,heap       ] GC(26) Humongous regions: 129->129
[2020-09-26T01:44:14.488-0400][gc,metaspace  ] GC(26) Metaspace: 36089K->36089K(1083392K)
[2020-09-26T01:44:14.488-0400][gc            ] GC(26) Pause Young (Normal) (G1 Evacuation Pause) 172M->142M(259M) 3.508ms
[2020-09-26T01:44:14.488-0400][gc,cpu        ] GC(26) User=0.01s Sys=0.00s Real=0.01s
[2020-09-26T01:51:54.118-0400][gc,start      ] GC(27) Pause Young (Concurrent Start) (G1 Evacuation Pause)
[2020-09-26T01:51:54.118-0400][gc,task       ] GC(27) Using 4 workers of 4 for evacuation
[2020-09-26T01:51:54.122-0400][gc,phases     ] GC(27)   Pre Evacuate Collection Set: 0.3ms
[2020-09-26T01:51:54.122-0400][gc,phases     ] GC(27)   Evacuate Collection Set: 3.0ms
[2020-09-26T01:51:54.122-0400][gc,phases     ] GC(27)   Post Evacuate Collection Set: 0.3ms
[2020-09-26T01:51:54.122-0400][gc,phases     ] GC(27)   Other: 0.6ms
[2020-09-26T01:51:54.122-0400][gc,heap       ] GC(27) Eden regions: 64->0(78)
[2020-09-26T01:51:54.122-0400][gc,heap       ] GC(27) Survivor regions: 1->2(9)
[2020-09-26T01:51:54.122-0400][gc,heap       ] GC(27) Old regions: 15->15
[2020-09-26T01:51:54.122-0400][gc,heap       ] GC(27) Humongous regions: 129->129
[2020-09-26T01:51:54.122-0400][gc,metaspace  ] GC(27) Metaspace: 36095K->36095K(1083392K)
[2020-09-26T01:51:54.122-0400][gc            ] GC(27) Pause Young (Concurrent Start) (G1 Evacuation Pause) 206M->142M(259M) 4.274ms
[2020-09-26T01:51:54.122-0400][gc,cpu        ] GC(27) User=0.01s Sys=0.00s Real=0.00s
[2020-09-26T01:51:54.122-0400][gc            ] GC(28) Concurrent Cycle
[2020-09-26T01:51:54.122-0400][gc,marking    ] GC(28) Concurrent Clear Claimed Marks
[2020-09-26T01:51:54.123-0400][gc,marking    ] GC(28) Concurrent Clear Claimed Marks 0.041ms
[2020-09-26T01:51:54.123-0400][gc,marking    ] GC(28) Concurrent Scan Root Regions
[2020-09-26T01:51:54.126-0400][gc,marking    ] GC(28) Concurrent Scan Root Regions 3.905ms
[2020-09-26T01:51:54.126-0400][gc,marking    ] GC(28) Concurrent Mark (3155.779s)
[2020-09-26T01:51:54.126-0400][gc,marking    ] GC(28) Concurrent Mark From Roots
[2020-09-26T01:51:54.127-0400][gc,task       ] GC(28) Using 1 workers of 1 for marking
[2020-09-26T01:51:54.158-0400][gc,marking    ] GC(28) Concurrent Mark From Roots 31.831ms
[2020-09-26T01:51:54.158-0400][gc,marking    ] GC(28) Concurrent Preclean
[2020-09-26T01:51:54.159-0400][gc,marking    ] GC(28) Concurrent Preclean 0.244ms
[2020-09-26T01:51:54.159-0400][gc,marking    ] GC(28) Concurrent Mark (3155.779s, 3155.811s) 32.360ms
[2020-09-26T01:51:54.159-0400][gc,start      ] GC(28) Pause Remark
[2020-09-26T01:51:54.163-0400][gc,stringtable] GC(28) Cleaned string and symbol table, strings: 11059 processed, 0 removed, symbols: 81732 processed, 2 removed
[2020-09-26T01:51:54.164-0400][gc            ] GC(28) Pause Remark 143M->143M(259M) 4.639ms
[2020-09-26T01:51:54.164-0400][gc,cpu        ] GC(28) User=0.01s Sys=0.00s Real=0.00s
[2020-09-26T01:51:54.164-0400][gc,marking    ] GC(28) Concurrent Rebuild Remembered Sets
[2020-09-26T01:51:54.173-0400][gc,marking    ] GC(28) Concurrent Rebuild Remembered Sets 9.555ms
[2020-09-26T01:51:54.174-0400][gc,start      ] GC(28) Pause Cleanup
[2020-09-26T01:51:54.174-0400][gc            ] GC(28) Pause Cleanup 143M->143M(259M) 0.114ms
[2020-09-26T01:51:54.174-0400][gc,cpu        ] GC(28) User=0.00s Sys=0.00s Real=0.00s
[2020-09-26T01:51:54.174-0400][gc,marking    ] GC(28) Concurrent Cleanup for Next Mark
[2020-09-26T01:51:54.175-0400][gc,marking    ] GC(28) Concurrent Cleanup for Next Mark 0.872ms
[2020-09-26T01:51:54.175-0400][gc            ] GC(28) Concurrent Cycle 52.299ms
[2020-09-26T02:00:46.290-0400][gc,start      ] GC(29) Pause Young (Normal) (G1 Evacuation Pause)
[2020-09-26T02:00:46.290-0400][gc,task       ] GC(29) Using 4 workers of 4 for evacuation
[2020-09-26T02:00:46.293-0400][gc,phases     ] GC(29)   Pre Evacuate Collection Set: 0.1ms
[2020-09-26T02:00:46.293-0400][gc,phases     ] GC(29)   Evacuate Collection Set: 1.7ms
[2020-09-26T02:00:46.293-0400][gc,phases     ] GC(29)   Post Evacuate Collection Set: 0.8ms
[2020-09-26T02:00:46.293-0400][gc,phases     ] GC(29)   Other: 0.2ms
[2020-09-26T02:00:46.293-0400][gc,heap       ] GC(29) Eden regions: 78->0(79)
[2020-09-26T02:00:46.293-0400][gc,heap       ] GC(29) Survivor regions: 2->2(10)
[2020-09-26T02:00:46.293-0400][gc,heap       ] GC(29) Old regions: 15->15
[2020-09-26T02:00:46.293-0400][gc,heap       ] GC(29) Humongous regions: 129->129
[2020-09-26T02:00:46.293-0400][gc,metaspace  ] GC(29) Metaspace: 36212K->36212K(1083392K)
[2020-09-26T02:00:46.293-0400][gc            ] GC(29) Pause Young (Normal) (G1 Evacuation Pause) 220M->142M(259M) 2.901ms
[2020-09-26T02:00:46.293-0400][gc,cpu        ] GC(29) User=0.01s Sys=0.00s Real=0.00s
[2020-09-26T02:10:10.265-0400][gc,start      ] GC(30) Pause Young (Concurrent Start) (G1 Evacuation Pause)
[2020-09-26T02:10:10.265-0400][gc,task       ] GC(30) Using 4 workers of 4 for evacuation
[2020-09-26T02:10:10.270-0400][gc,phases     ] GC(30)   Pre Evacuate Collection Set: 0.3ms
[2020-09-26T02:10:10.270-0400][gc,phases     ] GC(30)   Evacuate Collection Set: 3.5ms
[2020-09-26T02:10:10.270-0400][gc,phases     ] GC(30)   Post Evacuate Collection Set: 0.8ms
[2020-09-26T02:10:10.270-0400][gc,phases     ] GC(30)   Other: 0.6ms
[2020-09-26T02:10:10.270-0400][gc,heap       ] GC(30) Eden regions: 79->0(80)
[2020-09-26T02:10:10.270-0400][gc,heap       ] GC(30) Survivor regions: 2->2(11)
[2020-09-26T02:10:10.270-0400][gc,heap       ] GC(30) Old regions: 15->15
[2020-09-26T02:10:10.270-0400][gc,heap       ] GC(30) Humongous regions: 129->129
[2020-09-26T02:10:10.270-0400][gc,metaspace  ] GC(30) Metaspace: 36246K->36246K(1083392K)
[2020-09-26T02:10:10.270-0400][gc            ] GC(30) Pause Young (Concurrent Start) (G1 Evacuation Pause) 221M->142M(259M) 5.291ms
[2020-09-26T02:10:10.270-0400][gc,cpu        ] GC(30) User=0.01s Sys=0.01s Real=0.00s
[2020-09-26T02:10:10.270-0400][gc            ] GC(31) Concurrent Cycle
[2020-09-26T02:10:10.270-0400][gc,marking    ] GC(31) Concurrent Clear Claimed Marks
[2020-09-26T02:10:10.270-0400][gc,marking    ] GC(31) Concurrent Clear Claimed Marks 0.167ms
[2020-09-26T02:10:10.270-0400][gc,marking    ] GC(31) Concurrent Scan Root Regions
[2020-09-26T02:10:10.272-0400][gc,marking    ] GC(31) Concurrent Scan Root Regions 1.330ms
[2020-09-26T02:10:10.272-0400][gc,marking    ] GC(31) Concurrent Mark (4251.924s)
[2020-09-26T02:10:10.272-0400][gc,marking    ] GC(31) Concurrent Mark From Roots
[2020-09-26T02:10:10.272-0400][gc,task       ] GC(31) Using 1 workers of 1 for marking
[2020-09-26T02:10:10.293-0400][gc,marking    ] GC(31) Concurrent Mark From Roots 21.048ms
[2020-09-26T02:10:10.293-0400][gc,marking    ] GC(31) Concurrent Preclean
[2020-09-26T02:10:10.293-0400][gc,marking    ] GC(31) Concurrent Preclean 0.097ms
[2020-09-26T02:10:10.293-0400][gc,marking    ] GC(31) Concurrent Mark (4251.924s, 4251.945s) 21.213ms
[2020-09-26T02:10:10.293-0400][gc,start      ] GC(31) Pause Remark
[2020-09-26T02:10:10.298-0400][gc,stringtable] GC(31) Cleaned string and symbol table, strings: 11071 processed, 0 removed, symbols: 81762 processed, 0 removed
[2020-09-26T02:10:10.299-0400][gc            ] GC(31) Pause Remark 143M->143M(259M) 5.485ms
[2020-09-26T02:10:10.299-0400][gc,cpu        ] GC(31) User=0.02s Sys=0.00s Real=0.01s
[2020-09-26T02:10:10.299-0400][gc,marking    ] GC(31) Concurrent Rebuild Remembered Sets
[2020-09-26T02:10:10.309-0400][gc,marking    ] GC(31) Concurrent Rebuild Remembered Sets 9.942ms
[2020-09-26T02:10:10.309-0400][gc,start      ] GC(31) Pause Cleanup
[2020-09-26T02:10:10.309-0400][gc            ] GC(31) Pause Cleanup 143M->143M(259M) 0.198ms
[2020-09-26T02:10:10.309-0400][gc,cpu        ] GC(31) User=0.00s Sys=0.00s Real=0.00s
[2020-09-26T02:10:10.309-0400][gc,marking    ] GC(31) Concurrent Cleanup for Next Mark
[2020-09-26T02:10:10.311-0400][gc,marking    ] GC(31) Concurrent Cleanup for Next Mark 1.455ms
[2020-09-26T02:10:10.311-0400][gc            ] GC(31) Concurrent Cycle 40.662ms
[2020-09-26T02:19:41.337-0400][gc,start      ] GC(32) Pause Young (Normal) (G1 Evacuation Pause)
[2020-09-26T02:19:41.337-0400][gc,task       ] GC(32) Using 4 workers of 4 for evacuation
[2020-09-26T02:19:41.341-0400][gc,phases     ] GC(32)   Pre Evacuate Collection Set: 0.1ms
[2020-09-26T02:19:41.341-0400][gc,phases     ] GC(32)   Evacuate Collection Set: 3.2ms
[2020-09-26T02:19:41.341-0400][gc,phases     ] GC(32)   Post Evacuate Collection Set: 1.1ms
[2020-09-26T02:19:41.341-0400][gc,phases     ] GC(32)   Other: 0.2ms
[2020-09-26T02:19:41.341-0400][gc,heap       ] GC(32) Eden regions: 80->0(81)
[2020-09-26T02:19:41.341-0400][gc,heap       ] GC(32) Survivor regions: 2->2(11)
[2020-09-26T02:19:41.341-0400][gc,heap       ] GC(32) Old regions: 15->15
[2020-09-26T02:19:41.341-0400][gc,heap       ] GC(32) Humongous regions: 129->129
[2020-09-26T02:19:41.341-0400][gc,metaspace  ] GC(32) Metaspace: 36258K->36258K(1083392K)
[2020-09-26T02:19:41.341-0400][gc            ] GC(32) Pause Young (Normal) (G1 Evacuation Pause) 222M->142M(259M) 4.627ms
[2020-09-26T02:19:41.341-0400][gc,cpu        ] GC(32) User=0.01s Sys=0.00s Real=0.00s
[2020-09-26T02:29:24.091-0400][gc,start      ] GC(33) Pause Young (Concurrent Start) (G1 Evacuation Pause)
[2020-09-26T02:29:24.091-0400][gc,task       ] GC(33) Using 4 workers of 4 for evacuation
[2020-09-26T02:29:24.098-0400][gc,phases     ] GC(33)   Pre Evacuate Collection Set: 0.3ms
[2020-09-26T02:29:24.098-0400][gc,phases     ] GC(33)   Evacuate Collection Set: 5.2ms
[2020-09-26T02:29:24.098-0400][gc,phases     ] GC(33)   Post Evacuate Collection Set: 0.8ms
[2020-09-26T02:29:24.098-0400][gc,phases     ] GC(33)   Other: 0.3ms
[2020-09-26T02:29:24.098-0400][gc,heap       ] GC(33) Eden regions: 81->0(82)
[2020-09-26T02:29:24.098-0400][gc,heap       ] GC(33) Survivor regions: 2->2(11)
[2020-09-26T02:29:24.098-0400][gc,heap       ] GC(33) Old regions: 15->15
[2020-09-26T02:29:24.098-0400][gc,heap       ] GC(33) Humongous regions: 129->129
[2020-09-26T02:29:24.098-0400][gc,metaspace  ] GC(33) Metaspace: 36276K->36276K(1083392K)
[2020-09-26T02:29:24.098-0400][gc            ] GC(33) Pause Young (Concurrent Start) (G1 Evacuation Pause) 223M->142M(259M) 6.631ms
[2020-09-26T02:29:24.098-0400][gc,cpu        ] GC(33) User=0.01s Sys=0.00s Real=0.01s
[2020-09-26T02:29:24.098-0400][gc            ] GC(34) Concurrent Cycle
[2020-09-26T02:29:24.098-0400][gc,marking    ] GC(34) Concurrent Clear Claimed Marks
[2020-09-26T02:29:24.098-0400][gc,marking    ] GC(34) Concurrent Clear Claimed Marks 0.068ms
[2020-09-26T02:29:24.098-0400][gc,marking    ] GC(34) Concurrent Scan Root Regions
[2020-09-26T02:29:24.099-0400][gc,marking    ] GC(34) Concurrent Scan Root Regions 1.133ms
[2020-09-26T02:29:24.099-0400][gc,marking    ] GC(34) Concurrent Mark (5405.751s)
[2020-09-26T02:29:24.099-0400][gc,marking    ] GC(34) Concurrent Mark From Roots
[2020-09-26T02:29:24.099-0400][gc,task       ] GC(34) Using 1 workers of 1 for marking
[2020-09-26T02:29:24.117-0400][gc,marking    ] GC(34) Concurrent Mark From Roots 18.312ms
[2020-09-26T02:29:24.117-0400][gc,marking    ] GC(34) Concurrent Preclean
[2020-09-26T02:29:24.118-0400][gc,marking    ] GC(34) Concurrent Preclean 0.092ms
[2020-09-26T02:29:24.118-0400][gc,marking    ] GC(34) Concurrent Mark (5405.751s, 5405.770s) 18.460ms
[2020-09-26T02:29:24.118-0400][gc,start      ] GC(34) Pause Remark
[2020-09-26T02:29:24.122-0400][gc,stringtable] GC(34) Cleaned string and symbol table, strings: 11131 processed, 0 removed, symbols: 81762 processed, 0 removed
[2020-09-26T02:29:24.122-0400][gc            ] GC(34) Pause Remark 143M->143M(259M) 4.098ms
[2020-09-26T02:29:24.122-0400][gc,cpu        ] GC(34) User=0.01s Sys=0.00s Real=0.00s
[2020-09-26T02:29:24.122-0400][gc,marking    ] GC(34) Concurrent Rebuild Remembered Sets
[2020-09-26T02:29:24.132-0400][gc,marking    ] GC(34) Concurrent Rebuild Remembered Sets 9.540ms
[2020-09-26T02:29:24.132-0400][gc,start      ] GC(34) Pause Cleanup
[2020-09-26T02:29:24.132-0400][gc            ] GC(34) Pause Cleanup 143M->143M(259M) 0.137ms
[2020-09-26T02:29:24.132-0400][gc,cpu        ] GC(34) User=0.00s Sys=0.00s Real=0.00s
[2020-09-26T02:29:24.132-0400][gc,marking    ] GC(34) Concurrent Cleanup for Next Mark
[2020-09-26T02:29:24.133-0400][gc,marking    ] GC(34) Concurrent Cleanup for Next Mark 1.166ms
[2020-09-26T02:29:24.133-0400][gc            ] GC(34) Concurrent Cycle 35.538ms
[2020-09-26T02:39:04.770-0400][gc,start      ] GC(35) Pause Young (Normal) (G1 Evacuation Pause)
[2020-09-26T02:39:04.770-0400][gc,task       ] GC(35) Using 4 workers of 4 for evacuation
[2020-09-26T02:39:04.773-0400][gc,phases     ] GC(35)   Pre Evacuate Collection Set: 0.1ms
[2020-09-26T02:39:04.773-0400][gc,phases     ] GC(35)   Evacuate Collection Set: 2.6ms
[2020-09-26T02:39:04.773-0400][gc,phases     ] GC(35)   Post Evacuate Collection Set: 0.7ms
[2020-09-26T02:39:04.773-0400][gc,phases     ] GC(35)   Other: 0.2ms
[2020-09-26T02:39:04.773-0400][gc,heap       ] GC(35) Eden regions: 82->0(82)
[2020-09-26T02:39:04.773-0400][gc,heap       ] GC(35) Survivor regions: 2->2(11)
[2020-09-26T02:39:04.773-0400][gc,heap       ] GC(35) Old regions: 15->15
[2020-09-26T02:39:04.773-0400][gc,heap       ] GC(35) Humongous regions: 129->129
[2020-09-26T02:39:04.773-0400][gc,metaspace  ] GC(35) Metaspace: 36304K->36304K(1083392K)
[2020-09-26T02:39:04.773-0400][gc            ] GC(35) Pause Young (Normal) (G1 Evacuation Pause) 224M->142M(259M) 3.608ms
[2020-09-26T02:39:04.773-0400][gc,cpu        ] GC(35) User=0.01s Sys=0.00s Real=0.00s
[2020-09-26T02:48:49.276-0400][gc,start      ] GC(36) Pause Young (Concurrent Start) (G1 Evacuation Pause)
[2020-09-26T02:48:49.276-0400][gc,task       ] GC(36) Using 4 workers of 4 for evacuation
[2020-09-26T02:48:49.280-0400][gc,phases     ] GC(36)   Pre Evacuate Collection Set: 0.2ms
[2020-09-26T02:48:49.280-0400][gc,phases     ] GC(36)   Evacuate Collection Set: 2.5ms
[2020-09-26T02:48:49.280-0400][gc,phases     ] GC(36)   Post Evacuate Collection Set: 0.8ms
[2020-09-26T02:48:49.280-0400][gc,phases     ] GC(36)   Other: 0.3ms
[2020-09-26T02:48:49.280-0400][gc,heap       ] GC(36) Eden regions: 82->0(83)
[2020-09-26T02:48:49.280-0400][gc,heap       ] GC(36) Survivor regions: 2->2(11)
[2020-09-26T02:48:49.280-0400][gc,heap       ] GC(36) Old regions: 15->15
[2020-09-26T02:48:49.280-0400][gc,heap       ] GC(36) Humongous regions: 129->129
[2020-09-26T02:48:49.280-0400][gc,metaspace  ] GC(36) Metaspace: 36305K->36305K(1083392K)
[2020-09-26T02:48:49.280-0400][gc            ] GC(36) Pause Young (Concurrent Start) (G1 Evacuation Pause) 224M->142M(259M) 3.920ms
[2020-09-26T02:48:49.280-0400][gc,cpu        ] GC(36) User=0.00s Sys=0.00s Real=0.00s
[2020-09-26T02:48:49.280-0400][gc            ] GC(37) Concurrent Cycle
[2020-09-26T02:48:49.280-0400][gc,marking    ] GC(37) Concurrent Clear Claimed Marks
[2020-09-26T02:48:49.280-0400][gc,marking    ] GC(37) Concurrent Clear Claimed Marks 0.038ms
[2020-09-26T02:48:49.280-0400][gc,marking    ] GC(37) Concurrent Scan Root Regions
[2020-09-26T02:48:49.281-0400][gc,marking    ] GC(37) Concurrent Scan Root Regions 1.014ms
[2020-09-26T02:48:49.281-0400][gc,marking    ] GC(37) Concurrent Mark (6570.933s)
[2020-09-26T02:48:49.281-0400][gc,marking    ] GC(37) Concurrent Mark From Roots
[2020-09-26T02:48:49.281-0400][gc,task       ] GC(37) Using 1 workers of 1 for marking
[2020-09-26T02:48:49.302-0400][gc,marking    ] GC(37) Concurrent Mark From Roots 21.338ms
[2020-09-26T02:48:49.302-0400][gc,marking    ] GC(37) Concurrent Preclean
[2020-09-26T02:48:49.303-0400][gc,marking    ] GC(37) Concurrent Preclean 0.198ms
[2020-09-26T02:48:49.303-0400][gc,marking    ] GC(37) Concurrent Mark (6570.933s, 6570.955s) 21.607ms
[2020-09-26T02:48:49.303-0400][gc,start      ] GC(37) Pause Remark
[2020-09-26T02:48:49.307-0400][gc,stringtable] GC(37) Cleaned string and symbol table, strings: 11138 processed, 0 removed, symbols: 81762 processed, 0 removed
[2020-09-26T02:48:49.308-0400][gc            ] GC(37) Pause Remark 142M->142M(259M) 4.749ms
[2020-09-26T02:48:49.308-0400][gc,cpu        ] GC(37) User=0.01s Sys=0.00s Real=0.01s
[2020-09-26T02:48:49.308-0400][gc,marking    ] GC(37) Concurrent Rebuild Remembered Sets
[2020-09-26T02:48:49.317-0400][gc,marking    ] GC(37) Concurrent Rebuild Remembered Sets 9.404ms
[2020-09-26T02:48:49.317-0400][gc,start      ] GC(37) Pause Cleanup
[2020-09-26T02:48:49.318-0400][gc            ] GC(37) Pause Cleanup 142M->142M(259M) 0.255ms
[2020-09-26T02:48:49.318-0400][gc,cpu        ] GC(37) User=0.00s Sys=0.00s Real=0.00s
[2020-09-26T02:48:49.318-0400][gc,marking    ] GC(37) Concurrent Cleanup for Next Mark
[2020-09-26T02:48:49.319-0400][gc,marking    ] GC(37) Concurrent Cleanup for Next Mark 1.327ms
[2020-09-26T02:48:49.319-0400][gc            ] GC(37) Concurrent Cycle 39.378ms
[2020-09-26T02:58:37.517-0400][gc,start      ] GC(38) Pause Young (Normal) (G1 Evacuation Pause)
[2020-09-26T02:58:37.517-0400][gc,task       ] GC(38) Using 4 workers of 4 for evacuation
[2020-09-26T02:58:37.521-0400][gc,phases     ] GC(38)   Pre Evacuate Collection Set: 0.1ms
[2020-09-26T02:58:37.521-0400][gc,phases     ] GC(38)   Evacuate Collection Set: 3.1ms
[2020-09-26T02:58:37.521-0400][gc,phases     ] GC(38)   Post Evacuate Collection Set: 0.8ms
[2020-09-26T02:58:37.521-0400][gc,phases     ] GC(38)   Other: 0.3ms
[2020-09-26T02:58:37.521-0400][gc,heap       ] GC(38) Eden regions: 83->0(83)
[2020-09-26T02:58:37.521-0400][gc,heap       ] GC(38) Survivor regions: 2->2(11)
[2020-09-26T02:58:37.521-0400][gc,heap       ] GC(38) Old regions: 15->15
[2020-09-26T02:58:37.521-0400][gc,heap       ] GC(38) Humongous regions: 129->129
[2020-09-26T02:58:37.521-0400][gc,metaspace  ] GC(38) Metaspace: 36305K->36305K(1083392K)
[2020-09-26T02:58:37.521-0400][gc            ] GC(38) Pause Young (Normal) (G1 Evacuation Pause) 225M->142M(259M) 4.498ms
[2020-09-26T02:58:37.521-0400][gc,cpu        ] GC(38) User=0.00s Sys=0.00s Real=0.00s
[2020-09-26T03:08:14.439-0400][gc,start      ] GC(39) Pause Young (Concurrent Start) (G1 Evacuation Pause)
[2020-09-26T03:08:14.439-0400][gc,task       ] GC(39) Using 4 workers of 4 for evacuation
[2020-09-26T03:08:14.443-0400][gc,phases     ] GC(39)   Pre Evacuate Collection Set: 0.2ms
[2020-09-26T03:08:14.443-0400][gc,phases     ] GC(39)   Evacuate Collection Set: 2.8ms
[2020-09-26T03:08:14.443-0400][gc,phases     ] GC(39)   Post Evacuate Collection Set: 0.8ms
[2020-09-26T03:08:14.443-0400][gc,phases     ] GC(39)   Other: 0.4ms
[2020-09-26T03:08:14.443-0400][gc,heap       ] GC(39) Eden regions: 83->0(83)
[2020-09-26T03:08:14.443-0400][gc,heap       ] GC(39) Survivor regions: 2->2(11)
[2020-09-26T03:08:14.443-0400][gc,heap       ] GC(39) Old regions: 15->15
[2020-09-26T03:08:14.443-0400][gc,heap       ] GC(39) Humongous regions: 129->129
[2020-09-26T03:08:14.443-0400][gc,metaspace  ] GC(39) Metaspace: 36346K->36346K(1083392K)
[2020-09-26T03:08:14.443-0400][gc            ] GC(39) Pause Young (Concurrent Start) (G1 Evacuation Pause) 225M->142M(259M) 4.207ms
[2020-09-26T03:08:14.443-0400][gc,cpu        ] GC(39) User=0.01s Sys=0.00s Real=0.00s
[2020-09-26T03:08:14.443-0400][gc            ] GC(40) Concurrent Cycle
[2020-09-26T03:08:14.443-0400][gc,marking    ] GC(40) Concurrent Clear Claimed Marks
[2020-09-26T03:08:14.443-0400][gc,marking    ] GC(40) Concurrent Clear Claimed Marks 0.099ms
[2020-09-26T03:08:14.443-0400][gc,marking    ] GC(40) Concurrent Scan Root Regions
[2020-09-26T03:08:14.445-0400][gc,marking    ] GC(40) Concurrent Scan Root Regions 1.477ms
[2020-09-26T03:08:14.445-0400][gc,marking    ] GC(40) Concurrent Mark (7736.097s)
[2020-09-26T03:08:14.445-0400][gc,marking    ] GC(40) Concurrent Mark From Roots
[2020-09-26T03:08:14.445-0400][gc,task       ] GC(40) Using 1 workers of 1 for marking
[2020-09-26T03:08:14.465-0400][gc,marking    ] GC(40) Concurrent Mark From Roots 20.266ms
[2020-09-26T03:08:14.465-0400][gc,marking    ] GC(40) Concurrent Preclean
[2020-09-26T03:08:14.465-0400][gc,marking    ] GC(40) Concurrent Preclean 0.097ms
[2020-09-26T03:08:14.465-0400][gc,marking    ] GC(40) Concurrent Mark (7736.097s, 7736.117s) 20.431ms
[2020-09-26T03:08:14.465-0400][gc,start      ] GC(40) Pause Remark
[2020-09-26T03:08:14.469-0400][gc,stringtable] GC(40) Cleaned string and symbol table, strings: 11138 processed, 0 removed, symbols: 81762 processed, 0 removed
[2020-09-26T03:08:14.469-0400][gc            ] GC(40) Pause Remark 143M->143M(259M) 3.645ms
[2020-09-26T03:08:14.469-0400][gc,cpu        ] GC(40) User=0.02s Sys=0.00s Real=0.00s
[2020-09-26T03:08:14.469-0400][gc,marking    ] GC(40) Concurrent Rebuild Remembered Sets
[2020-09-26T03:08:14.479-0400][gc,marking    ] GC(40) Concurrent Rebuild Remembered Sets 9.652ms
[2020-09-26T03:08:14.479-0400][gc,start      ] GC(40) Pause Cleanup
[2020-09-26T03:08:14.479-0400][gc            ] GC(40) Pause Cleanup 143M->143M(259M) 0.258ms
[2020-09-26T03:08:14.479-0400][gc,cpu        ] GC(40) User=0.00s Sys=0.00s Real=0.00s
[2020-09-26T03:08:14.480-0400][gc,marking    ] GC(40) Concurrent Cleanup for Next Mark
[2020-09-26T03:08:14.481-0400][gc,marking    ] GC(40) Concurrent Cleanup for Next Mark 1.417ms
[2020-09-26T03:08:14.481-0400][gc            ] GC(40) Concurrent Cycle 37.910ms
[2020-09-26T03:18:13.646-0400][gc,start      ] GC(41) Pause Young (Normal) (G1 Evacuation Pause)
[2020-09-26T03:18:13.646-0400][gc,task       ] GC(41) Using 4 workers of 4 for evacuation
[2020-09-26T03:18:13.650-0400][gc,phases     ] GC(41)   Pre Evacuate Collection Set: 0.1ms
[2020-09-26T03:18:13.650-0400][gc,phases     ] GC(41)   Evacuate Collection Set: 2.4ms
[2020-09-26T03:18:13.650-0400][gc,phases     ] GC(41)   Post Evacuate Collection Set: 1.0ms
[2020-09-26T03:18:13.650-0400][gc,phases     ] GC(41)   Other: 0.2ms
[2020-09-26T03:18:13.650-0400][gc,heap       ] GC(41) Eden regions: 83->0(83)
[2020-09-26T03:18:13.650-0400][gc,heap       ] GC(41) Survivor regions: 2->2(11)
[2020-09-26T03:18:13.650-0400][gc,heap       ] GC(41) Old regions: 15->15
[2020-09-26T03:18:13.650-0400][gc,heap       ] GC(41) Humongous regions: 129->129
[2020-09-26T03:18:13.650-0400][gc,metaspace  ] GC(41) Metaspace: 36346K->36346K(1083392K)
[2020-09-26T03:18:13.650-0400][gc            ] GC(41) Pause Young (Normal) (G1 Evacuation Pause) 225M->142M(259M) 3.704ms
[2020-09-26T03:18:13.650-0400][gc,cpu        ] GC(41) User=0.01s Sys=0.00s Real=0.00s
[2020-09-26T03:27:57.838-0400][gc,start      ] GC(42) Pause Young (Concurrent Start) (G1 Evacuation Pause)
[2020-09-26T03:27:57.838-0400][gc,task       ] GC(42) Using 4 workers of 4 for evacuation
[2020-09-26T03:27:57.842-0400][gc,phases     ] GC(42)   Pre Evacuate Collection Set: 0.3ms
[2020-09-26T03:27:57.842-0400][gc,phases     ] GC(42)   Evacuate Collection Set: 1.9ms
[2020-09-26T03:27:57.842-0400][gc,phases     ] GC(42)   Post Evacuate Collection Set: 0.8ms
[2020-09-26T03:27:57.842-0400][gc,phases     ] GC(42)   Other: 0.4ms
[2020-09-26T03:27:57.842-0400][gc,heap       ] GC(42) Eden regions: 83->0(83)
[2020-09-26T03:27:57.842-0400][gc,heap       ] GC(42) Survivor regions: 2->2(11)
[2020-09-26T03:27:57.842-0400][gc,heap       ] GC(42) Old regions: 15->15
[2020-09-26T03:27:57.842-0400][gc,heap       ] GC(42) Humongous regions: 129->129
[2020-09-26T03:27:57.842-0400][gc,metaspace  ] GC(42) Metaspace: 36347K->36347K(1083392K)
[2020-09-26T03:27:57.842-0400][gc            ] GC(42) Pause Young (Concurrent Start) (G1 Evacuation Pause) 225M->142M(259M) 3.602ms
[2020-09-26T03:27:57.842-0400][gc,cpu        ] GC(42) User=0.00s Sys=0.00s Real=0.00s
[2020-09-26T03:27:57.842-0400][gc            ] GC(43) Concurrent Cycle
[2020-09-26T03:27:57.842-0400][gc,marking    ] GC(43) Concurrent Clear Claimed Marks
[2020-09-26T03:27:57.842-0400][gc,marking    ] GC(43) Concurrent Clear Claimed Marks 0.049ms
[2020-09-26T03:27:57.842-0400][gc,marking    ] GC(43) Concurrent Scan Root Regions
[2020-09-26T03:27:57.843-0400][gc,marking    ] GC(43) Concurrent Scan Root Regions 1.216ms
[2020-09-26T03:27:57.843-0400][gc,marking    ] GC(43) Concurrent Mark (8919.496s)
[2020-09-26T03:27:57.843-0400][gc,marking    ] GC(43) Concurrent Mark From Roots
[2020-09-26T03:27:57.843-0400][gc,task       ] GC(43) Using 1 workers of 1 for marking
[2020-09-26T03:27:57.864-0400][gc,marking    ] GC(43) Concurrent Mark From Roots 20.675ms
[2020-09-26T03:27:57.864-0400][gc,marking    ] GC(43) Concurrent Preclean
[2020-09-26T03:27:57.864-0400][gc,marking    ] GC(43) Concurrent Preclean 0.096ms
[2020-09-26T03:27:57.864-0400][gc,marking    ] GC(43) Concurrent Mark (8919.496s, 8919.517s) 20.829ms
[2020-09-26T03:27:57.864-0400][gc,start      ] GC(43) Pause Remark
[2020-09-26T03:27:57.870-0400][gc,stringtable] GC(43) Cleaned string and symbol table, strings: 11138 processed, 0 removed, symbols: 81762 processed, 0 removed
[2020-09-26T03:27:57.870-0400][gc            ] GC(43) Pause Remark 142M->142M(259M) 5.466ms
[2020-09-26T03:27:57.870-0400][gc,cpu        ] GC(43) User=0.01s Sys=0.00s Real=0.01s
[2020-09-26T03:27:57.870-0400][gc,marking    ] GC(43) Concurrent Rebuild Remembered Sets
[2020-09-26T03:27:57.879-0400][gc,marking    ] GC(43) Concurrent Rebuild Remembered Sets 9.086ms
[2020-09-26T03:27:57.879-0400][gc,start      ] GC(43) Pause Cleanup
[2020-09-26T03:27:57.880-0400][gc            ] GC(43) Pause Cleanup 142M->142M(259M) 0.160ms
[2020-09-26T03:27:57.880-0400][gc,cpu        ] GC(43) User=0.00s Sys=0.00s Real=0.00s
[2020-09-26T03:27:57.880-0400][gc,marking    ] GC(43) Concurrent Cleanup for Next Mark
[2020-09-26T03:27:57.881-0400][gc,marking    ] GC(43) Concurrent Cleanup for Next Mark 1.454ms
[2020-09-26T03:27:57.881-0400][gc            ] GC(43) Concurrent Cycle 39.048ms
[2020-09-26T03:37:49.038-0400][gc,start      ] GC(44) Pause Young (Normal) (G1 Evacuation Pause)
[2020-09-26T03:37:49.038-0400][gc,task       ] GC(44) Using 4 workers of 4 for evacuation
[2020-09-26T03:37:49.043-0400][gc,phases     ] GC(44)   Pre Evacuate Collection Set: 0.1ms
[2020-09-26T03:37:49.043-0400][gc,phases     ] GC(44)   Evacuate Collection Set: 3.9ms
[2020-09-26T03:37:49.043-0400][gc,phases     ] GC(44)   Post Evacuate Collection Set: 1.1ms
[2020-09-26T03:37:49.043-0400][gc,phases     ] GC(44)   Other: 0.2ms
[2020-09-26T03:37:49.043-0400][gc,heap       ] GC(44) Eden regions: 83->0(84)
[2020-09-26T03:37:49.043-0400][gc,heap       ] GC(44) Survivor regions: 2->2(11)
[2020-09-26T03:37:49.043-0400][gc,heap       ] GC(44) Old regions: 15->15
[2020-09-26T03:37:49.043-0400][gc,heap       ] GC(44) Humongous regions: 129->129
[2020-09-26T03:37:49.043-0400][gc,metaspace  ] GC(44) Metaspace: 36348K->36348K(1083392K)
[2020-09-26T03:37:49.043-0400][gc            ] GC(44) Pause Young (Normal) (G1 Evacuation Pause) 225M->142M(259M) 5.381ms
[2020-09-26T03:37:49.043-0400][gc,cpu        ] GC(44) User=0.01s Sys=0.00s Real=0.00s
[2020-09-26T03:47:54.291-0400][gc,start      ] GC(45) Pause Young (Concurrent Start) (G1 Evacuation Pause)
[2020-09-26T03:47:54.291-0400][gc,task       ] GC(45) Using 4 workers of 4 for evacuation
[2020-09-26T03:47:54.295-0400][gc,phases     ] GC(45)   Pre Evacuate Collection Set: 0.3ms
[2020-09-26T03:47:54.295-0400][gc,phases     ] GC(45)   Evacuate Collection Set: 2.3ms
[2020-09-26T03:47:54.295-0400][gc,phases     ] GC(45)   Post Evacuate Collection Set: 1.2ms
[2020-09-26T03:47:54.295-0400][gc,phases     ] GC(45)   Other: 0.3ms
[2020-09-26T03:47:54.295-0400][gc,heap       ] GC(45) Eden regions: 84->0(84)
[2020-09-26T03:47:54.295-0400][gc,heap       ] GC(45) Survivor regions: 2->2(11)
[2020-09-26T03:47:54.295-0400][gc,heap       ] GC(45) Old regions: 15->15
[2020-09-26T03:47:54.295-0400][gc,heap       ] GC(45) Humongous regions: 129->129
[2020-09-26T03:47:54.295-0400][gc,metaspace  ] GC(45) Metaspace: 36352K->36352K(1083392K)
[2020-09-26T03:47:54.295-0400][gc            ] GC(45) Pause Young (Concurrent Start) (G1 Evacuation Pause) 226M->142M(259M) 4.235ms
[2020-09-26T03:47:54.295-0400][gc,cpu        ] GC(45) User=0.01s Sys=0.00s Real=0.01s
[2020-09-26T03:47:54.295-0400][gc            ] GC(46) Concurrent Cycle
[2020-09-26T03:47:54.295-0400][gc,marking    ] GC(46) Concurrent Clear Claimed Marks
[2020-09-26T03:47:54.295-0400][gc,marking    ] GC(46) Concurrent Clear Claimed Marks 0.146ms
[2020-09-26T03:47:54.295-0400][gc,marking    ] GC(46) Concurrent Scan Root Regions
[2020-09-26T03:47:54.296-0400][gc,marking    ] GC(46) Concurrent Scan Root Regions 1.328ms
[2020-09-26T03:47:54.296-0400][gc,marking    ] GC(46) Concurrent Mark (10115.949s)
[2020-09-26T03:47:54.296-0400][gc,marking    ] GC(46) Concurrent Mark From Roots
[2020-09-26T03:47:54.296-0400][gc,task       ] GC(46) Using 1 workers of 1 for marking
[2020-09-26T03:47:54.317-0400][gc,marking    ] GC(46) Concurrent Mark From Roots 20.396ms
[2020-09-26T03:47:54.317-0400][gc,marking    ] GC(46) Concurrent Preclean
[2020-09-26T03:47:54.317-0400][gc,marking    ] GC(46) Concurrent Preclean 0.097ms
[2020-09-26T03:47:54.317-0400][gc,marking    ] GC(46) Concurrent Mark (10115.949s, 10115.969s) 20.561ms
[2020-09-26T03:47:54.317-0400][gc,start      ] GC(46) Pause Remark
[2020-09-26T03:47:54.322-0400][gc,stringtable] GC(46) Cleaned string and symbol table, strings: 11143 processed, 0 removed, symbols: 81762 processed, 0 removed
[2020-09-26T03:47:54.322-0400][gc            ] GC(46) Pause Remark 142M->142M(259M) 4.534ms
[2020-09-26T03:47:54.322-0400][gc,cpu        ] GC(46) User=0.01s Sys=0.00s Real=0.00s
[2020-09-26T03:47:54.322-0400][gc,marking    ] GC(46) Concurrent Rebuild Remembered Sets
[2020-09-26T03:47:54.331-0400][gc,marking    ] GC(46) Concurrent Rebuild Remembered Sets 9.489ms
[2020-09-26T03:47:54.332-0400][gc,start      ] GC(46) Pause Cleanup
[2020-09-26T03:47:54.332-0400][gc            ] GC(46) Pause Cleanup 142M->142M(259M) 0.191ms
[2020-09-26T03:47:54.332-0400][gc,cpu        ] GC(46) User=0.00s Sys=0.00s Real=0.00s
[2020-09-26T03:47:54.332-0400][gc,marking    ] GC(46) Concurrent Cleanup for Next Mark
[2020-09-26T03:47:54.334-0400][gc,marking    ] GC(46) Concurrent Cleanup for Next Mark 1.921ms
[2020-09-26T03:47:54.334-0400][gc            ] GC(46) Concurrent Cycle 39.148ms
[2020-09-26T03:57:54.592-0400][gc,start      ] GC(47) Pause Young (Normal) (G1 Evacuation Pause)
[2020-09-26T03:57:54.592-0400][gc,task       ] GC(47) Using 4 workers of 4 for evacuation
[2020-09-26T03:57:54.596-0400][gc,phases     ] GC(47)   Pre Evacuate Collection Set: 0.1ms
[2020-09-26T03:57:54.596-0400][gc,phases     ] GC(47)   Evacuate Collection Set: 3.0ms
[2020-09-26T03:57:54.596-0400][gc,phases     ] GC(47)   Post Evacuate Collection Set: 0.8ms
[2020-09-26T03:57:54.596-0400][gc,phases     ] GC(47)   Other: 0.3ms
[2020-09-26T03:57:54.596-0400][gc,heap       ] GC(47) Eden regions: 84->0(84)
[2020-09-26T03:57:54.596-0400][gc,heap       ] GC(47) Survivor regions: 2->2(11)
[2020-09-26T03:57:54.596-0400][gc,heap       ] GC(47) Old regions: 15->15
[2020-09-26T03:57:54.596-0400][gc,heap       ] GC(47) Humongous regions: 129->129
[2020-09-26T03:57:54.596-0400][gc,metaspace  ] GC(47) Metaspace: 36361K->36361K(1083392K)
[2020-09-26T03:57:54.596-0400][gc            ] GC(47) Pause Young (Normal) (G1 Evacuation Pause) 226M->142M(259M) 4.165ms
[2020-09-26T03:57:54.596-0400][gc,cpu        ] GC(47) User=0.00s Sys=0.00s Real=0.01s
[2020-09-26T04:37:07.226-0400][gc,start      ] GC(48) Pause Young (Concurrent Start) (G1 Evacuation Pause)
[2020-09-26T04:37:07.226-0400][gc,task       ] GC(48) Using 4 workers of 4 for evacuation
[2020-09-26T04:37:07.233-0400][gc,phases     ] GC(48)   Pre Evacuate Collection Set: 0.9ms
[2020-09-26T04:37:07.233-0400][gc,phases     ] GC(48)   Evacuate Collection Set: 4.4ms
[2020-09-26T04:37:07.233-0400][gc,phases     ] GC(48)   Post Evacuate Collection Set: 0.8ms
[2020-09-26T04:37:07.233-0400][gc,phases     ] GC(48)   Other: 0.5ms
[2020-09-26T04:37:07.233-0400][gc,heap       ] GC(48) Eden regions: 84->0(83)
[2020-09-26T04:37:07.233-0400][gc,heap       ] GC(48) Survivor regions: 2->2(11)
[2020-09-26T04:37:07.233-0400][gc,heap       ] GC(48) Old regions: 15->15
[2020-09-26T04:37:07.233-0400][gc,heap       ] GC(48) Humongous regions: 129->129
[2020-09-26T04:37:07.233-0400][gc,metaspace  ] GC(48) Metaspace: 36380K->36380K(1083392K)
[2020-09-26T04:37:07.233-0400][gc            ] GC(48) Pause Young (Concurrent Start) (G1 Evacuation Pause) 226M->142M(259M) 6.725ms
[2020-09-26T04:37:07.233-0400][gc,cpu        ] GC(48) User=0.01s Sys=0.00s Real=0.00s
[2020-09-26T04:37:07.233-0400][gc            ] GC(49) Concurrent Cycle
[2020-09-26T04:37:07.233-0400][gc,marking    ] GC(49) Concurrent Clear Claimed Marks
[2020-09-26T04:37:07.233-0400][gc,marking    ] GC(49) Concurrent Clear Claimed Marks 0.028ms
[2020-09-26T04:37:07.233-0400][gc,marking    ] GC(49) Concurrent Scan Root Regions
[2020-09-26T04:37:07.235-0400][gc,marking    ] GC(49) Concurrent Scan Root Regions 1.334ms
[2020-09-26T04:37:07.235-0400][gc,marking    ] GC(49) Concurrent Mark (13068.887s)
[2020-09-26T04:37:07.235-0400][gc,marking    ] GC(49) Concurrent Mark From Roots
[2020-09-26T04:37:07.235-0400][gc,task       ] GC(49) Using 1 workers of 1 for marking
[2020-09-26T04:37:07.257-0400][gc,marking    ] GC(49) Concurrent Mark From Roots 22.644ms
[2020-09-26T04:37:07.257-0400][gc,marking    ] GC(49) Concurrent Preclean
[2020-09-26T04:37:07.257-0400][gc,marking    ] GC(49) Concurrent Preclean 0.089ms
[2020-09-26T04:37:07.257-0400][gc,marking    ] GC(49) Concurrent Mark (13068.887s, 13068.910s) 22.790ms
[2020-09-26T04:37:07.258-0400][gc,start      ] GC(49) Pause Remark
[2020-09-26T04:37:07.261-0400][gc,stringtable] GC(49) Cleaned string and symbol table, strings: 11153 processed, 0 removed, symbols: 81762 processed, 0 removed
[2020-09-26T04:37:07.262-0400][gc            ] GC(49) Pause Remark 143M->143M(259M) 4.357ms
[2020-09-26T04:37:07.262-0400][gc,cpu        ] GC(49) User=0.02s Sys=0.00s Real=0.00s
[2020-09-26T04:37:07.262-0400][gc,marking    ] GC(49) Concurrent Rebuild Remembered Sets
[2020-09-26T04:37:07.271-0400][gc,marking    ] GC(49) Concurrent Rebuild Remembered Sets 8.861ms
[2020-09-26T04:37:07.271-0400][gc,start      ] GC(49) Pause Cleanup
[2020-09-26T04:37:07.272-0400][gc            ] GC(49) Pause Cleanup 143M->143M(259M) 0.236ms
[2020-09-26T04:37:07.272-0400][gc,cpu        ] GC(49) User=0.00s Sys=0.00s Real=0.00s
[2020-09-26T04:37:07.272-0400][gc,marking    ] GC(49) Concurrent Cleanup for Next Mark
[2020-09-26T04:37:07.274-0400][gc,marking    ] GC(49) Concurrent Cleanup for Next Mark 2.579ms
[2020-09-26T04:37:07.274-0400][gc            ] GC(49) Concurrent Cycle 41.046ms
[2020-09-26T05:44:17.359-0400][gc,start      ] GC(50) Pause Young (Normal) (G1 Evacuation Pause)
[2020-09-26T05:44:17.359-0400][gc,task       ] GC(50) Using 4 workers of 4 for evacuation
[2020-09-26T05:44:17.364-0400][gc,phases     ] GC(50)   Pre Evacuate Collection Set: 0.3ms
[2020-09-26T05:44:17.364-0400][gc,phases     ] GC(50)   Evacuate Collection Set: 3.0ms
[2020-09-26T05:44:17.364-0400][gc,phases     ] GC(50)   Post Evacuate Collection Set: 1.4ms
[2020-09-26T05:44:17.364-0400][gc,phases     ] GC(50)   Other: 0.6ms
[2020-09-26T05:44:17.364-0400][gc,heap       ] GC(50) Eden regions: 83->0(84)
[2020-09-26T05:44:17.364-0400][gc,heap       ] GC(50) Survivor regions: 2->2(11)
[2020-09-26T05:44:17.364-0400][gc,heap       ] GC(50) Old regions: 15->15
[2020-09-26T05:44:17.364-0400][gc,heap       ] GC(50) Humongous regions: 129->129
[2020-09-26T05:44:17.364-0400][gc,metaspace  ] GC(50) Metaspace: 36430K->36430K(1083392K)
[2020-09-26T05:44:17.364-0400][gc            ] GC(50) Pause Young (Normal) (G1 Evacuation Pause) 225M->143M(259M) 5.410ms
[2020-09-26T05:44:17.364-0400][gc,cpu        ] GC(50) User=0.01s Sys=0.00s Real=0.00s
