[2020-09-26T02:11:13.007-0400][gc            ] GC(70) Concurrent Cycle 97.571ms
[2020-09-26T02:19:11.616-0400][gc,start      ] GC(71) Pause Young (Normal) (G1 Evacuation Pause)
[2020-09-26T02:19:11.616-0400][gc,task       ] GC(71) Using 4 workers of 4 for evacuation
[2020-09-26T02:19:11.626-0400][gc,phases     ] GC(71)   Pre Evacuate Collection Set: 0.1ms
[2020-09-26T02:19:11.626-0400][gc,phases     ] GC(71)   Evacuate Collection Set: 8.4ms
[2020-09-26T02:19:11.626-0400][gc,phases     ] GC(71)   Post Evacuate Collection Set: 0.9ms
[2020-09-26T02:19:11.626-0400][gc,phases     ] GC(71)   Other: 0.3ms
[2020-09-26T02:19:11.626-0400][gc,heap       ] GC(71) Eden regions: 76->0(76)
[2020-09-26T02:19:11.626-0400][gc,heap       ] GC(71) Survivor regions: 5->5(11)
[2020-09-26T02:19:11.626-0400][gc,heap       ] GC(71) Old regions: 15->15
[2020-09-26T02:19:11.626-0400][gc,heap       ] GC(71) Humongous regions: 129->129
[2020-09-26T02:19:11.626-0400][gc,metaspace  ] GC(71) Metaspace: 39519K->39519K(1085440K)
[2020-09-26T02:19:11.626-0400][gc            ] GC(71) Pause Young (Normal) (G1 Evacuation Pause) 222M->147M(259M) 9.754ms
[2020-09-26T02:19:11.626-0400][gc,cpu        ] GC(71) User=0.00s Sys=0.03s Real=0.01s
[2020-09-26T02:27:08.294-0400][gc,start      ] GC(72) Pause Young (Concurrent Start) (G1 Evacuation Pause)
[2020-09-26T02:27:08.294-0400][gc,task       ] GC(72) Using 4 workers of 4 for evacuation
[2020-09-26T02:27:08.300-0400][gc,phases     ] GC(72)   Pre Evacuate Collection Set: 0.2ms
[2020-09-26T02:27:08.300-0400][gc,phases     ] GC(72)   Evacuate Collection Set: 5.1ms
[2020-09-26T02:27:08.300-0400][gc,phases     ] GC(72)   Post Evacuate Collection Set: 0.9ms
[2020-09-26T02:27:08.300-0400][gc,phases     ] GC(72)   Other: 0.3ms
[2020-09-26T02:27:08.300-0400][gc,heap       ] GC(72) Eden regions: 76->0(76)
[2020-09-26T02:27:08.300-0400][gc,heap       ] GC(72) Survivor regions: 5->5(11)
[2020-09-26T02:27:08.300-0400][gc,heap       ] GC(72) Old regions: 15->15
[2020-09-26T02:27:08.300-0400][gc,heap       ] GC(72) Humongous regions: 129->129
[2020-09-26T02:27:08.300-0400][gc,metaspace  ] GC(72) Metaspace: 39521K->39521K(1085440K)
[2020-09-26T02:27:08.300-0400][gc            ] GC(72) Pause Young (Concurrent Start) (G1 Evacuation Pause) 223M->146M(259M) 6.486ms
[2020-09-26T02:27:08.300-0400][gc,cpu        ] GC(72) User=0.00s Sys=0.02s Real=0.01s
[2020-09-26T02:27:08.300-0400][gc            ] GC(73) Concurrent Cycle
[2020-09-26T02:27:08.300-0400][gc,marking    ] GC(73) Concurrent Clear Claimed Marks
[2020-09-26T02:27:08.301-0400][gc,marking    ] GC(73) Concurrent Clear Claimed Marks 0.240ms
[2020-09-26T02:27:08.301-0400][gc,marking    ] GC(73) Concurrent Scan Root Regions
[2020-09-26T02:27:08.305-0400][gc,marking    ] GC(73) Concurrent Scan Root Regions 3.971ms
[2020-09-26T02:27:08.305-0400][gc,marking    ] GC(73) Concurrent Mark (119428.868s)
[2020-09-26T02:27:08.305-0400][gc,marking    ] GC(73) Concurrent Mark From Roots
[2020-09-26T02:27:08.305-0400][gc,task       ] GC(73) Using 1 workers of 1 for marking
[2020-09-26T02:27:08.325-0400][gc,marking    ] GC(73) Concurrent Mark From Roots 19.963ms
[2020-09-26T02:27:08.325-0400][gc,marking    ] GC(73) Concurrent Preclean
[2020-09-26T02:27:08.325-0400][gc,marking    ] GC(73) Concurrent Preclean 0.096ms
[2020-09-26T02:27:08.325-0400][gc,marking    ] GC(73) Concurrent Mark (119428.868s, 119428.888s) 20.110ms
[2020-09-26T02:27:08.325-0400][gc,start      ] GC(73) Pause Remark
[2020-09-26T02:27:08.330-0400][gc,stringtable] GC(73) Cleaned string and symbol table, strings: 12363 processed, 0 removed, symbols: 83280 processed, 0 removed
[2020-09-26T02:27:08.331-0400][gc            ] GC(73) Pause Remark 147M->147M(259M) 5.423ms
[2020-09-26T02:27:08.331-0400][gc,cpu        ] GC(73) User=0.00s Sys=0.01s Real=0.00s
[2020-09-26T02:27:08.331-0400][gc,marking    ] GC(73) Concurrent Rebuild Remembered Sets
[2020-09-26T02:27:08.340-0400][gc,marking    ] GC(73) Concurrent Rebuild Remembered Sets 9.068ms
[2020-09-26T02:27:08.340-0400][gc,start      ] GC(73) Pause Cleanup
[2020-09-26T02:27:08.340-0400][gc            ] GC(73) Pause Cleanup 147M->147M(259M) 0.145ms
[2020-09-26T02:27:08.340-0400][gc,cpu        ] GC(73) User=0.00s Sys=0.00s Real=0.00s
[2020-09-26T02:27:08.340-0400][gc,marking    ] GC(73) Concurrent Cleanup for Next Mark
[2020-09-26T02:27:08.342-0400][gc,marking    ] GC(73) Concurrent Cleanup for Next Mark 1.322ms
[2020-09-26T02:27:08.342-0400][gc            ] GC(73) Concurrent Cycle 41.252ms
[2020-09-26T02:35:14.491-0400][gc,start      ] GC(74) Pause Young (Normal) (G1 Evacuation Pause)
[2020-09-26T02:35:14.491-0400][gc,task       ] GC(74) Using 4 workers of 4 for evacuation
[2020-09-26T02:35:14.501-0400][gc,phases     ] GC(74)   Pre Evacuate Collection Set: 0.0ms
[2020-09-26T02:35:14.501-0400][gc,phases     ] GC(74)   Evacuate Collection Set: 9.4ms
[2020-09-26T02:35:14.501-0400][gc,phases     ] GC(74)   Post Evacuate Collection Set: 0.9ms
[2020-09-26T02:35:14.501-0400][gc,phases     ] GC(74)   Other: 0.3ms
[2020-09-26T02:35:14.501-0400][gc,heap       ] GC(74) Eden regions: 76->0(76)
[2020-09-26T02:35:14.501-0400][gc,heap       ] GC(74) Survivor regions: 5->5(11)
[2020-09-26T02:35:14.501-0400][gc,heap       ] GC(74) Old regions: 15->15
[2020-09-26T02:35:14.501-0400][gc,heap       ] GC(74) Humongous regions: 129->129
[2020-09-26T02:35:14.501-0400][gc,metaspace  ] GC(74) Metaspace: 39523K->39523K(1085440K)
[2020-09-26T02:35:14.502-0400][gc            ] GC(74) Pause Young (Normal) (G1 Evacuation Pause) 222M->147M(259M) 10.684ms
[2020-09-26T02:35:14.502-0400][gc,cpu        ] GC(74) User=0.00s Sys=0.02s Real=0.01s
[2020-09-26T02:43:16.154-0400][gc,start      ] GC(75) Pause Young (Concurrent Start) (G1 Evacuation Pause)
[2020-09-26T02:43:16.154-0400][gc,task       ] GC(75) Using 4 workers of 4 for evacuation
[2020-09-26T02:43:16.171-0400][gc,phases     ] GC(75)   Pre Evacuate Collection Set: 0.3ms
[2020-09-26T02:43:16.171-0400][gc,phases     ] GC(75)   Evacuate Collection Set: 9.9ms
[2020-09-26T02:43:16.171-0400][gc,phases     ] GC(75)   Post Evacuate Collection Set: 6.8ms
[2020-09-26T02:43:16.171-0400][gc,phases     ] GC(75)   Other: 0.4ms
[2020-09-26T02:43:16.171-0400][gc,heap       ] GC(75) Eden regions: 76->0(76)
[2020-09-26T02:43:16.171-0400][gc,heap       ] GC(75) Survivor regions: 5->5(11)
[2020-09-26T02:43:16.171-0400][gc,heap       ] GC(75) Old regions: 15->15
[2020-09-26T02:43:16.171-0400][gc,heap       ] GC(75) Humongous regions: 129->129
[2020-09-26T02:43:16.171-0400][gc,metaspace  ] GC(75) Metaspace: 39527K->39527K(1085440K)
[2020-09-26T02:43:16.171-0400][gc            ] GC(75) Pause Young (Concurrent Start) (G1 Evacuation Pause) 223M->147M(259M) 17.459ms
[2020-09-26T02:43:16.171-0400][gc,cpu        ] GC(75) User=0.00s Sys=0.04s Real=0.02s
[2020-09-26T02:43:16.172-0400][gc            ] GC(76) Concurrent Cycle
[2020-09-26T02:43:16.172-0400][gc,marking    ] GC(76) Concurrent Clear Claimed Marks
[2020-09-26T02:43:16.172-0400][gc,marking    ] GC(76) Concurrent Clear Claimed Marks 0.161ms
[2020-09-26T02:43:16.172-0400][gc,marking    ] GC(76) Concurrent Scan Root Regions
[2020-09-26T02:43:16.175-0400][gc,marking    ] GC(76) Concurrent Scan Root Regions 3.658ms
[2020-09-26T02:43:16.175-0400][gc,marking    ] GC(76) Concurrent Mark (120396.739s)
[2020-09-26T02:43:16.175-0400][gc,marking    ] GC(76) Concurrent Mark From Roots
[2020-09-26T02:43:16.175-0400][gc,task       ] GC(76) Using 1 workers of 1 for marking
[2020-09-26T02:43:16.197-0400][gc,marking    ] GC(76) Concurrent Mark From Roots 21.537ms
[2020-09-26T02:43:16.197-0400][gc,marking    ] GC(76) Concurrent Preclean
[2020-09-26T02:43:16.197-0400][gc,marking    ] GC(76) Concurrent Preclean 0.100ms
[2020-09-26T02:43:16.197-0400][gc,marking    ] GC(76) Concurrent Mark (120396.739s, 120396.760s) 21.703ms
[2020-09-26T02:43:16.197-0400][gc,start      ] GC(76) Pause Remark
[2020-09-26T02:43:16.202-0400][gc,stringtable] GC(76) Cleaned string and symbol table, strings: 12363 processed, 0 removed, symbols: 83280 processed, 0 removed
[2020-09-26T02:43:16.202-0400][gc            ] GC(76) Pause Remark 147M->147M(259M) 5.060ms
[2020-09-26T02:43:16.202-0400][gc,cpu        ] GC(76) User=0.00s Sys=0.02s Real=0.00s
[2020-09-26T02:43:16.203-0400][gc,marking    ] GC(76) Concurrent Rebuild Remembered Sets
[2020-09-26T02:43:16.213-0400][gc,marking    ] GC(76) Concurrent Rebuild Remembered Sets 10.510ms
[2020-09-26T02:43:16.213-0400][gc,start      ] GC(76) Pause Cleanup
[2020-09-26T02:43:16.214-0400][gc            ] GC(76) Pause Cleanup 147M->147M(259M) 0.196ms
[2020-09-26T02:43:16.214-0400][gc,cpu        ] GC(76) User=0.00s Sys=0.00s Real=0.00s
[2020-09-26T02:43:16.214-0400][gc,marking    ] GC(76) Concurrent Cleanup for Next Mark
[2020-09-26T02:43:16.215-0400][gc,marking    ] GC(76) Concurrent Cleanup for Next Mark 1.340ms
[2020-09-26T02:43:16.215-0400][gc            ] GC(76) Concurrent Cycle 43.535ms
[2020-09-26T02:51:09.270-0400][gc,start      ] GC(77) Pause Young (Normal) (G1 Evacuation Pause)
[2020-09-26T02:51:09.270-0400][gc,task       ] GC(77) Using 4 workers of 4 for evacuation
[2020-09-26T02:51:09.277-0400][gc,phases     ] GC(77)   Pre Evacuate Collection Set: 0.1ms
[2020-09-26T02:51:09.277-0400][gc,phases     ] GC(77)   Evacuate Collection Set: 6.0ms
[2020-09-26T02:51:09.277-0400][gc,phases     ] GC(77)   Post Evacuate Collection Set: 1.1ms
[2020-09-26T02:51:09.278-0400][gc,phases     ] GC(77)   Other: 0.3ms
[2020-09-26T02:51:09.278-0400][gc,heap       ] GC(77) Eden regions: 76->0(75)
[2020-09-26T02:51:09.278-0400][gc,heap       ] GC(77) Survivor regions: 5->5(11)
[2020-09-26T02:51:09.278-0400][gc,heap       ] GC(77) Old regions: 15->15
[2020-09-26T02:51:09.278-0400][gc,heap       ] GC(77) Humongous regions: 129->129
[2020-09-26T02:51:09.278-0400][gc,metaspace  ] GC(77) Metaspace: 39528K->39528K(1085440K)
[2020-09-26T02:51:09.278-0400][gc            ] GC(77) Pause Young (Normal) (G1 Evacuation Pause) 223M->147M(259M) 7.532ms
[2020-09-26T02:51:09.278-0400][gc,cpu        ] GC(77) User=0.00s Sys=0.02s Real=0.01s
[2020-09-26T02:59:03.466-0400][gc,start      ] GC(78) Pause Young (Concurrent Start) (G1 Evacuation Pause)
[2020-09-26T02:59:03.466-0400][gc,task       ] GC(78) Using 4 workers of 4 for evacuation
[2020-09-26T02:59:03.474-0400][gc,phases     ] GC(78)   Pre Evacuate Collection Set: 0.3ms
[2020-09-26T02:59:03.474-0400][gc,phases     ] GC(78)   Evacuate Collection Set: 6.0ms
[2020-09-26T02:59:03.474-0400][gc,phases     ] GC(78)   Post Evacuate Collection Set: 1.3ms
[2020-09-26T02:59:03.474-0400][gc,phases     ] GC(78)   Other: 0.3ms
[2020-09-26T02:59:03.474-0400][gc,heap       ] GC(78) Eden regions: 75->0(75)
[2020-09-26T02:59:03.474-0400][gc,heap       ] GC(78) Survivor regions: 5->5(10)
[2020-09-26T02:59:03.474-0400][gc,heap       ] GC(78) Old regions: 15->16
[2020-09-26T02:59:03.474-0400][gc,heap       ] GC(78) Humongous regions: 129->129
[2020-09-26T02:59:03.474-0400][gc,metaspace  ] GC(78) Metaspace: 39529K->39529K(1085440K)
[2020-09-26T02:59:03.474-0400][gc            ] GC(78) Pause Young (Concurrent Start) (G1 Evacuation Pause) 222M->147M(259M) 7.995ms
[2020-09-26T02:59:03.474-0400][gc,cpu        ] GC(78) User=0.00s Sys=0.02s Real=0.00s
[2020-09-26T02:59:03.474-0400][gc            ] GC(79) Concurrent Cycle
[2020-09-26T02:59:03.474-0400][gc,marking    ] GC(79) Concurrent Clear Claimed Marks
[2020-09-26T02:59:03.474-0400][gc,marking    ] GC(79) Concurrent Clear Claimed Marks 0.184ms
[2020-09-26T02:59:03.475-0400][gc,marking    ] GC(79) Concurrent Scan Root Regions
[2020-09-26T02:59:03.478-0400][gc,marking    ] GC(79) Concurrent Scan Root Regions 3.417ms
[2020-09-26T02:59:03.478-0400][gc,marking    ] GC(79) Concurrent Mark (121344.041s)
[2020-09-26T02:59:03.478-0400][gc,marking    ] GC(79) Concurrent Mark From Roots
[2020-09-26T02:59:03.478-0400][gc,task       ] GC(79) Using 1 workers of 1 for marking
[2020-09-26T02:59:03.501-0400][gc,marking    ] GC(79) Concurrent Mark From Roots 23.414ms
[2020-09-26T02:59:03.501-0400][gc,marking    ] GC(79) Concurrent Preclean
[2020-09-26T02:59:03.502-0400][gc,marking    ] GC(79) Concurrent Preclean 0.119ms
[2020-09-26T02:59:03.502-0400][gc,marking    ] GC(79) Concurrent Mark (121344.041s, 121344.065s) 23.599ms
[2020-09-26T02:59:03.502-0400][gc,start      ] GC(79) Pause Remark
[2020-09-26T02:59:03.507-0400][gc,stringtable] GC(79) Cleaned string and symbol table, strings: 12369 processed, 7 removed, symbols: 83280 processed, 0 removed
[2020-09-26T02:59:03.507-0400][gc            ] GC(79) Pause Remark 148M->148M(259M) 5.620ms
[2020-09-26T02:59:03.508-0400][gc,cpu        ] GC(79) User=0.00s Sys=0.02s Real=0.01s
[2020-09-26T02:59:03.508-0400][gc,marking    ] GC(79) Concurrent Rebuild Remembered Sets
[2020-09-26T02:59:03.518-0400][gc,marking    ] GC(79) Concurrent Rebuild Remembered Sets 10.547ms
[2020-09-26T02:59:03.518-0400][gc,start      ] GC(79) Pause Cleanup
[2020-09-26T02:59:03.519-0400][gc            ] GC(79) Pause Cleanup 148M->148M(259M) 0.178ms
[2020-09-26T02:59:03.519-0400][gc,cpu        ] GC(79) User=0.00s Sys=0.00s Real=0.00s
[2020-09-26T02:59:03.519-0400][gc,marking    ] GC(79) Concurrent Cleanup for Next Mark
[2020-09-26T02:59:03.520-0400][gc,marking    ] GC(79) Concurrent Cleanup for Next Mark 1.106ms
[2020-09-26T02:59:03.520-0400][gc            ] GC(79) Concurrent Cycle 45.547ms
[2020-09-26T03:06:51.980-0400][gc,start      ] GC(80) Pause Young (Normal) (G1 Evacuation Pause)
[2020-09-26T03:06:51.980-0400][gc,task       ] GC(80) Using 4 workers of 4 for evacuation
[2020-09-26T03:06:51.987-0400][gc,phases     ] GC(80)   Pre Evacuate Collection Set: 0.0ms
[2020-09-26T03:06:51.987-0400][gc,phases     ] GC(80)   Evacuate Collection Set: 4.6ms
[2020-09-26T03:06:51.987-0400][gc,phases     ] GC(80)   Post Evacuate Collection Set: 1.4ms
[2020-09-26T03:06:51.987-0400][gc,phases     ] GC(80)   Other: 0.3ms
[2020-09-26T03:06:51.987-0400][gc,heap       ] GC(80) Eden regions: 75->0(75)
[2020-09-26T03:06:51.987-0400][gc,heap       ] GC(80) Survivor regions: 5->5(10)
[2020-09-26T03:06:51.987-0400][gc,heap       ] GC(80) Old regions: 16->16
[2020-09-26T03:06:51.987-0400][gc,heap       ] GC(80) Humongous regions: 129->129
[2020-09-26T03:06:51.987-0400][gc,metaspace  ] GC(80) Metaspace: 39529K->39529K(1085440K)
[2020-09-26T03:06:51.987-0400][gc            ] GC(80) Pause Young (Normal) (G1 Evacuation Pause) 222M->147M(259M) 6.306ms
[2020-09-26T03:06:51.987-0400][gc,cpu        ] GC(80) User=0.00s Sys=0.02s Real=0.01s
[2020-09-26T03:14:35.969-0400][gc,start      ] GC(81) Pause Young (Concurrent Start) (G1 Evacuation Pause)
[2020-09-26T03:14:35.969-0400][gc,task       ] GC(81) Using 4 workers of 4 for evacuation
[2020-09-26T03:14:35.975-0400][gc,phases     ] GC(81)   Pre Evacuate Collection Set: 0.2ms
[2020-09-26T03:14:35.975-0400][gc,phases     ] GC(81)   Evacuate Collection Set: 4.7ms
[2020-09-26T03:14:35.975-0400][gc,phases     ] GC(81)   Post Evacuate Collection Set: 1.0ms
[2020-09-26T03:14:35.975-0400][gc,phases     ] GC(81)   Other: 0.3ms
[2020-09-26T03:14:35.975-0400][gc,heap       ] GC(81) Eden regions: 75->0(74)
[2020-09-26T03:14:35.975-0400][gc,heap       ] GC(81) Survivor regions: 5->5(10)
[2020-09-26T03:14:35.975-0400][gc,heap       ] GC(81) Old regions: 16->16
[2020-09-26T03:14:35.975-0400][gc,heap       ] GC(81) Humongous regions: 129->129
[2020-09-26T03:14:35.975-0400][gc,metaspace  ] GC(81) Metaspace: 39529K->39529K(1085440K)
[2020-09-26T03:14:35.975-0400][gc            ] GC(81) Pause Young (Concurrent Start) (G1 Evacuation Pause) 222M->147M(259M) 6.333ms
[2020-09-26T03:14:35.975-0400][gc,cpu        ] GC(81) User=0.00s Sys=0.02s Real=0.01s
[2020-09-26T03:14:35.975-0400][gc            ] GC(82) Concurrent Cycle
[2020-09-26T03:14:35.975-0400][gc,marking    ] GC(82) Concurrent Clear Claimed Marks
[2020-09-26T03:14:35.975-0400][gc,marking    ] GC(82) Concurrent Clear Claimed Marks 0.197ms
[2020-09-26T03:14:35.976-0400][gc,marking    ] GC(82) Concurrent Scan Root Regions
[2020-09-26T03:14:35.978-0400][gc,marking    ] GC(82) Concurrent Scan Root Regions 2.503ms
[2020-09-26T03:14:35.978-0400][gc,marking    ] GC(82) Concurrent Mark (122276.541s)
[2020-09-26T03:14:35.978-0400][gc,marking    ] GC(82) Concurrent Mark From Roots
[2020-09-26T03:14:35.978-0400][gc,task       ] GC(82) Using 1 workers of 1 for marking
[2020-09-26T03:14:36.004-0400][gc,marking    ] GC(82) Concurrent Mark From Roots 25.913ms
[2020-09-26T03:14:36.004-0400][gc,marking    ] GC(82) Concurrent Preclean
[2020-09-26T03:14:36.004-0400][gc,marking    ] GC(82) Concurrent Preclean 0.175ms
[2020-09-26T03:14:36.004-0400][gc,marking    ] GC(82) Concurrent Mark (122276.541s, 122276.567s) 26.176ms
[2020-09-26T03:14:36.005-0400][gc,start      ] GC(82) Pause Remark
[2020-09-26T03:14:36.010-0400][gc,stringtable] GC(82) Cleaned string and symbol table, strings: 12362 processed, 20 removed, symbols: 83280 processed, 0 removed
[2020-09-26T03:14:36.010-0400][gc            ] GC(82) Pause Remark 147M->147M(259M) 5.949ms
[2020-09-26T03:14:36.011-0400][gc,cpu        ] GC(82) User=0.00s Sys=0.02s Real=0.01s
[2020-09-26T03:14:36.011-0400][gc,marking    ] GC(82) Concurrent Rebuild Remembered Sets
[2020-09-26T03:14:36.022-0400][gc,marking    ] GC(82) Concurrent Rebuild Remembered Sets 11.403ms
[2020-09-26T03:14:36.022-0400][gc,start      ] GC(82) Pause Cleanup
[2020-09-26T03:14:36.023-0400][gc            ] GC(82) Pause Cleanup 148M->148M(259M) 0.182ms
[2020-09-26T03:14:36.023-0400][gc,cpu        ] GC(82) User=0.00s Sys=0.00s Real=0.00s
[2020-09-26T03:14:36.023-0400][gc,marking    ] GC(82) Concurrent Cleanup for Next Mark
[2020-09-26T03:14:36.024-0400][gc,marking    ] GC(82) Concurrent Cleanup for Next Mark 1.305ms
[2020-09-26T03:14:36.024-0400][gc            ] GC(82) Concurrent Cycle 48.708ms
[2020-09-26T03:22:29.639-0400][gc,start      ] GC(83) Pause Young (Normal) (G1 Evacuation Pause)
[2020-09-26T03:22:29.639-0400][gc,task       ] GC(83) Using 4 workers of 4 for evacuation
[2020-09-26T03:22:29.647-0400][gc,phases     ] GC(83)   Pre Evacuate Collection Set: 0.0ms
[2020-09-26T03:22:29.647-0400][gc,phases     ] GC(83)   Evacuate Collection Set: 6.6ms
[2020-09-26T03:22:29.647-0400][gc,phases     ] GC(83)   Post Evacuate Collection Set: 0.5ms
[2020-09-26T03:22:29.647-0400][gc,phases     ] GC(83)   Other: 0.2ms
[2020-09-26T03:22:29.647-0400][gc,heap       ] GC(83) Eden regions: 74->0(75)
[2020-09-26T03:22:29.647-0400][gc,heap       ] GC(83) Survivor regions: 5->4(10)
[2020-09-26T03:22:29.647-0400][gc,heap       ] GC(83) Old regions: 16->16
[2020-09-26T03:22:29.647-0400][gc,heap       ] GC(83) Humongous regions: 129->129
[2020-09-26T03:22:29.647-0400][gc,metaspace  ] GC(83) Metaspace: 39529K->39529K(1085440K)
[2020-09-26T03:22:29.647-0400][gc            ] GC(83) Pause Young (Normal) (G1 Evacuation Pause) 221M->147M(259M) 7.508ms
[2020-09-26T03:22:29.647-0400][gc,cpu        ] GC(83) User=0.00s Sys=0.02s Real=0.01s
[2020-09-26T03:30:22.870-0400][gc,start      ] GC(84) Pause Young (Concurrent Start) (G1 Evacuation Pause)
[2020-09-26T03:30:22.870-0400][gc,task       ] GC(84) Using 4 workers of 4 for evacuation
[2020-09-26T03:30:22.876-0400][gc,phases     ] GC(84)   Pre Evacuate Collection Set: 0.4ms
[2020-09-26T03:30:22.876-0400][gc,phases     ] GC(84)   Evacuate Collection Set: 4.0ms
[2020-09-26T03:30:22.876-0400][gc,phases     ] GC(84)   Post Evacuate Collection Set: 0.7ms
[2020-09-26T03:30:22.876-0400][gc,phases     ] GC(84)   Other: 0.6ms
[2020-09-26T03:30:22.876-0400][gc,heap       ] GC(84) Eden regions: 75->0(74)
[2020-09-26T03:30:22.876-0400][gc,heap       ] GC(84) Survivor regions: 4->5(10)
[2020-09-26T03:30:22.876-0400][gc,heap       ] GC(84) Old regions: 16->16
[2020-09-26T03:30:22.876-0400][gc,heap       ] GC(84) Humongous regions: 129->129
[2020-09-26T03:30:22.876-0400][gc,metaspace  ] GC(84) Metaspace: 39530K->39530K(1085440K)
[2020-09-26T03:30:22.876-0400][gc            ] GC(84) Pause Young (Concurrent Start) (G1 Evacuation Pause) 222M->147M(259M) 5.702ms
[2020-09-26T03:30:22.876-0400][gc,cpu        ] GC(84) User=0.00s Sys=0.01s Real=0.01s
[2020-09-26T03:30:22.876-0400][gc            ] GC(85) Concurrent Cycle
[2020-09-26T03:30:22.876-0400][gc,marking    ] GC(85) Concurrent Clear Claimed Marks
[2020-09-26T03:30:22.876-0400][gc,marking    ] GC(85) Concurrent Clear Claimed Marks 0.121ms
[2020-09-26T03:30:22.876-0400][gc,marking    ] GC(85) Concurrent Scan Root Regions
[2020-09-26T03:30:22.879-0400][gc,marking    ] GC(85) Concurrent Scan Root Regions 2.388ms
[2020-09-26T03:30:22.879-0400][gc,marking    ] GC(85) Concurrent Mark (123223.442s)
[2020-09-26T03:30:22.879-0400][gc,marking    ] GC(85) Concurrent Mark From Roots
[2020-09-26T03:30:22.879-0400][gc,task       ] GC(85) Using 1 workers of 1 for marking
[2020-09-26T03:30:22.902-0400][gc,marking    ] GC(85) Concurrent Mark From Roots 23.145ms
[2020-09-26T03:30:22.902-0400][gc,marking    ] GC(85) Concurrent Preclean
[2020-09-26T03:30:22.902-0400][gc,marking    ] GC(85) Concurrent Preclean 0.110ms
[2020-09-26T03:30:22.902-0400][gc,marking    ] GC(85) Concurrent Mark (123223.442s, 123223.465s) 23.320ms
[2020-09-26T03:30:22.902-0400][gc,start      ] GC(85) Pause Remark
[2020-09-26T03:30:22.923-0400][gc,stringtable] GC(85) Cleaned string and symbol table, strings: 12342 processed, 25 removed, symbols: 83280 processed, 0 removed
[2020-09-26T03:30:22.924-0400][gc,mmu        ] GC(85) MMU target violated: 21.0ms (20.0ms/21.0ms)
[2020-09-26T03:30:22.924-0400][gc            ] GC(85) Pause Remark 148M->148M(259M) 21.460ms
[2020-09-26T03:30:22.924-0400][gc,cpu        ] GC(85) User=0.00s Sys=0.08s Real=0.02s
[2020-09-26T03:30:22.924-0400][gc,marking    ] GC(85) Concurrent Rebuild Remembered Sets
[2020-09-26T03:30:22.934-0400][gc,marking    ] GC(85) Concurrent Rebuild Remembered Sets 10.617ms
[2020-09-26T03:30:22.935-0400][gc,start      ] GC(85) Pause Cleanup
[2020-09-26T03:30:22.935-0400][gc            ] GC(85) Pause Cleanup 148M->148M(259M) 0.201ms
[2020-09-26T03:30:22.935-0400][gc,cpu        ] GC(85) User=0.00s Sys=0.00s Real=0.00s
[2020-09-26T03:30:22.935-0400][gc,marking    ] GC(85) Concurrent Cleanup for Next Mark
[2020-09-26T03:30:22.936-0400][gc,marking    ] GC(85) Concurrent Cleanup for Next Mark 1.370ms
[2020-09-26T03:30:22.936-0400][gc            ] GC(85) Concurrent Cycle 60.313ms
[2020-09-26T03:38:12.144-0400][gc,start      ] GC(86) Pause Young (Normal) (G1 Evacuation Pause)
[2020-09-26T03:38:12.144-0400][gc,task       ] GC(86) Using 4 workers of 4 for evacuation
[2020-09-26T03:38:12.151-0400][gc,phases     ] GC(86)   Pre Evacuate Collection Set: 0.0ms
[2020-09-26T03:38:12.151-0400][gc,phases     ] GC(86)   Evacuate Collection Set: 6.5ms
[2020-09-26T03:38:12.151-0400][gc,phases     ] GC(86)   Post Evacuate Collection Set: 0.7ms
[2020-09-26T03:38:12.151-0400][gc,phases     ] GC(86)   Other: 0.2ms
[2020-09-26T03:38:12.151-0400][gc,heap       ] GC(86) Eden regions: 74->0(74)
[2020-09-26T03:38:12.151-0400][gc,heap       ] GC(86) Survivor regions: 5->5(10)
[2020-09-26T03:38:12.151-0400][gc,heap       ] GC(86) Old regions: 16->16
[2020-09-26T03:38:12.151-0400][gc,heap       ] GC(86) Humongous regions: 129->129
[2020-09-26T03:38:12.151-0400][gc,metaspace  ] GC(86) Metaspace: 39526K->39526K(1085440K)
[2020-09-26T03:38:12.151-0400][gc            ] GC(86) Pause Young (Normal) (G1 Evacuation Pause) 221M->147M(259M) 7.554ms
[2020-09-26T03:38:12.151-0400][gc,cpu        ] GC(86) User=0.00s Sys=0.01s Real=0.01s
[2020-09-26T03:45:47.711-0400][gc,start      ] GC(87) Pause Young (Concurrent Start) (G1 Evacuation Pause)
[2020-09-26T03:45:47.711-0400][gc,task       ] GC(87) Using 4 workers of 4 for evacuation
[2020-09-26T03:45:47.717-0400][gc,phases     ] GC(87)   Pre Evacuate Collection Set: 0.3ms
[2020-09-26T03:45:47.717-0400][gc,phases     ] GC(87)   Evacuate Collection Set: 4.7ms
[2020-09-26T03:45:47.717-0400][gc,phases     ] GC(87)   Post Evacuate Collection Set: 0.6ms
[2020-09-26T03:45:47.717-0400][gc,phases     ] GC(87)   Other: 0.4ms
[2020-09-26T03:45:47.717-0400][gc,heap       ] GC(87) Eden regions: 74->0(74)
[2020-09-26T03:45:47.717-0400][gc,heap       ] GC(87) Survivor regions: 5->5(10)
[2020-09-26T03:45:47.717-0400][gc,heap       ] GC(87) Old regions: 16->16
[2020-09-26T03:45:47.717-0400][gc,heap       ] GC(87) Humongous regions: 129->129
[2020-09-26T03:45:47.717-0400][gc,metaspace  ] GC(87) Metaspace: 39526K->39526K(1085440K)
[2020-09-26T03:45:47.717-0400][gc            ] GC(87) Pause Young (Concurrent Start) (G1 Evacuation Pause) 221M->147M(259M) 6.081ms
[2020-09-26T03:45:47.717-0400][gc,cpu        ] GC(87) User=0.00s Sys=0.02s Real=0.01s
[2020-09-26T03:45:47.717-0400][gc            ] GC(88) Concurrent Cycle
[2020-09-26T03:45:47.717-0400][gc,marking    ] GC(88) Concurrent Clear Claimed Marks
[2020-09-26T03:45:47.717-0400][gc,marking    ] GC(88) Concurrent Clear Claimed Marks 0.111ms
[2020-09-26T03:45:47.717-0400][gc,marking    ] GC(88) Concurrent Scan Root Regions
[2020-09-26T03:45:47.720-0400][gc,marking    ] GC(88) Concurrent Scan Root Regions 2.980ms
[2020-09-26T03:45:47.720-0400][gc,marking    ] GC(88) Concurrent Mark (124148.284s)
[2020-09-26T03:45:47.720-0400][gc,marking    ] GC(88) Concurrent Mark From Roots
[2020-09-26T03:45:47.720-0400][gc,task       ] GC(88) Using 1 workers of 1 for marking
[2020-09-26T03:45:47.743-0400][gc,marking    ] GC(88) Concurrent Mark From Roots 22.750ms
[2020-09-26T03:45:47.743-0400][gc,marking    ] GC(88) Concurrent Preclean
[2020-09-26T03:45:47.743-0400][gc,marking    ] GC(88) Concurrent Preclean 0.107ms
[2020-09-26T03:45:47.743-0400][gc,marking    ] GC(88) Concurrent Mark (124148.284s, 124148.306s) 22.913ms
[2020-09-26T03:45:47.744-0400][gc,start      ] GC(88) Pause Remark
[2020-09-26T03:45:47.749-0400][gc,stringtable] GC(88) Cleaned string and symbol table, strings: 12320 processed, 0 removed, symbols: 83280 processed, 2 removed
[2020-09-26T03:45:47.750-0400][gc            ] GC(88) Pause Remark 147M->147M(259M) 6.342ms
[2020-09-26T03:45:47.750-0400][gc,cpu        ] GC(88) User=0.00s Sys=0.02s Real=0.01s
[2020-09-26T03:45:47.750-0400][gc,marking    ] GC(88) Concurrent Rebuild Remembered Sets
[2020-09-26T03:45:47.761-0400][gc,marking    ] GC(88) Concurrent Rebuild Remembered Sets 10.999ms
[2020-09-26T03:45:47.761-0400][gc,start      ] GC(88) Pause Cleanup
[2020-09-26T03:45:47.761-0400][gc            ] GC(88) Pause Cleanup 147M->147M(259M) 0.157ms
[2020-09-26T03:45:47.761-0400][gc,cpu        ] GC(88) User=0.00s Sys=0.00s Real=0.00s
[2020-09-26T03:45:47.762-0400][gc,marking    ] GC(88) Concurrent Cleanup for Next Mark
[2020-09-26T03:45:47.763-0400][gc,marking    ] GC(88) Concurrent Cleanup for Next Mark 1.191ms
[2020-09-26T03:45:47.763-0400][gc            ] GC(88) Concurrent Cycle 45.546ms
[2020-09-26T03:53:31.915-0400][gc,start      ] GC(89) Pause Young (Normal) (G1 Evacuation Pause)
[2020-09-26T03:53:31.915-0400][gc,task       ] GC(89) Using 4 workers of 4 for evacuation
[2020-09-26T03:53:31.920-0400][gc,phases     ] GC(89)   Pre Evacuate Collection Set: 0.2ms
[2020-09-26T03:53:31.920-0400][gc,phases     ] GC(89)   Evacuate Collection Set: 3.9ms
[2020-09-26T03:53:31.920-0400][gc,phases     ] GC(89)   Post Evacuate Collection Set: 0.6ms
[2020-09-26T03:53:31.920-0400][gc,phases     ] GC(89)   Other: 0.2ms
[2020-09-26T03:53:31.920-0400][gc,heap       ] GC(89) Eden regions: 74->0(74)
[2020-09-26T03:53:31.920-0400][gc,heap       ] GC(89) Survivor regions: 5->5(10)
[2020-09-26T03:53:31.920-0400][gc,heap       ] GC(89) Old regions: 16->16
[2020-09-26T03:53:31.920-0400][gc,heap       ] GC(89) Humongous regions: 129->129
[2020-09-26T03:53:31.920-0400][gc,metaspace  ] GC(89) Metaspace: 39526K->39526K(1085440K)
[2020-09-26T03:53:31.920-0400][gc            ] GC(89) Pause Young (Normal) (G1 Evacuation Pause) 221M->147M(259M) 4.956ms
[2020-09-26T03:53:31.920-0400][gc,cpu        ] GC(89) User=0.00s Sys=0.01s Real=0.00s
[2020-09-26T04:00:32.413-0400][gc,start      ] GC(90) Pause Young (Concurrent Start) (G1 Evacuation Pause)
[2020-09-26T04:00:32.413-0400][gc,task       ] GC(90) Using 4 workers of 4 for evacuation
[2020-09-26T04:00:32.421-0400][gc,phases     ] GC(90)   Pre Evacuate Collection Set: 0.2ms
[2020-09-26T04:00:32.421-0400][gc,phases     ] GC(90)   Evacuate Collection Set: 7.3ms
[2020-09-26T04:00:32.421-0400][gc,phases     ] GC(90)   Post Evacuate Collection Set: 0.5ms
[2020-09-26T04:00:32.421-0400][gc,phases     ] GC(90)   Other: 0.3ms
[2020-09-26T04:00:32.421-0400][gc,heap       ] GC(90) Eden regions: 74->0(72)
[2020-09-26T04:00:32.421-0400][gc,heap       ] GC(90) Survivor regions: 5->6(10)
[2020-09-26T04:00:32.421-0400][gc,heap       ] GC(90) Old regions: 16->16
[2020-09-26T04:00:32.421-0400][gc,heap       ] GC(90) Humongous regions: 129->129
[2020-09-26T04:00:32.421-0400][gc,metaspace  ] GC(90) Metaspace: 40336K->40336K(1085440K)
[2020-09-26T04:00:32.421-0400][gc            ] GC(90) Pause Young (Concurrent Start) (G1 Evacuation Pause) 221M->148M(259M) 8.426ms
[2020-09-26T04:00:32.421-0400][gc,cpu        ] GC(90) User=0.02s Sys=0.00s Real=0.01s
[2020-09-26T04:00:32.421-0400][gc            ] GC(91) Concurrent Cycle
[2020-09-26T04:00:32.422-0400][gc,marking    ] GC(91) Concurrent Clear Claimed Marks
[2020-09-26T04:00:32.422-0400][gc,marking    ] GC(91) Concurrent Clear Claimed Marks 0.074ms
[2020-09-26T04:00:32.422-0400][gc,marking    ] GC(91) Concurrent Scan Root Regions
[2020-09-26T04:00:32.425-0400][gc,marking    ] GC(91) Concurrent Scan Root Regions 3.206ms
[2020-09-26T04:00:32.425-0400][gc,marking    ] GC(91) Concurrent Mark (125032.988s)
[2020-09-26T04:00:32.425-0400][gc,marking    ] GC(91) Concurrent Mark From Roots
[2020-09-26T04:00:32.425-0400][gc,task       ] GC(91) Using 1 workers of 1 for marking
[2020-09-26T04:00:32.449-0400][gc,marking    ] GC(91) Concurrent Mark From Roots 24.569ms
[2020-09-26T04:00:32.450-0400][gc,marking    ] GC(91) Concurrent Preclean
[2020-09-26T04:00:32.450-0400][gc,marking    ] GC(91) Concurrent Preclean 0.145ms
[2020-09-26T04:00:32.450-0400][gc,marking    ] GC(91) Concurrent Mark (125032.988s, 125033.013s) 24.834ms
[2020-09-26T04:00:32.450-0400][gc,start      ] GC(91) Pause Remark
[2020-09-26T04:00:32.455-0400][gc,stringtable] GC(91) Cleaned string and symbol table, strings: 12414 processed, 0 removed, symbols: 84089 processed, 0 removed
[2020-09-26T04:00:32.456-0400][gc            ] GC(91) Pause Remark 148M->148M(259M) 5.678ms
[2020-09-26T04:00:32.456-0400][gc,cpu        ] GC(91) User=0.02s Sys=0.00s Real=0.01s
[2020-09-26T04:00:32.456-0400][gc,marking    ] GC(91) Concurrent Rebuild Remembered Sets
[2020-09-26T04:00:32.467-0400][gc,marking    ] GC(91) Concurrent Rebuild Remembered Sets 11.549ms
[2020-09-26T04:00:32.468-0400][gc,start      ] GC(91) Pause Cleanup
[2020-09-26T04:00:32.468-0400][gc            ] GC(91) Pause Cleanup 148M->148M(259M) 0.151ms
[2020-09-26T04:00:32.468-0400][gc,cpu        ] GC(91) User=0.00s Sys=0.00s Real=0.00s
[2020-09-26T04:00:32.468-0400][gc,marking    ] GC(91) Concurrent Cleanup for Next Mark
[2020-09-26T04:00:32.469-0400][gc,marking    ] GC(91) Concurrent Cleanup for Next Mark 1.229ms
[2020-09-26T04:00:32.469-0400][gc            ] GC(91) Concurrent Cycle 47.632ms
[2020-09-26T04:18:04.491-0400][gc,start      ] GC(92) Pause Young (Normal) (G1 Evacuation Pause)
[2020-09-26T04:18:04.491-0400][gc,task       ] GC(92) Using 4 workers of 4 for evacuation
[2020-09-26T04:18:04.501-0400][gc,phases     ] GC(92)   Pre Evacuate Collection Set: 0.1ms
[2020-09-26T04:18:04.501-0400][gc,phases     ] GC(92)   Evacuate Collection Set: 8.8ms
[2020-09-26T04:18:04.501-0400][gc,phases     ] GC(92)   Post Evacuate Collection Set: 0.7ms
[2020-09-26T04:18:04.501-0400][gc,phases     ] GC(92)   Other: 0.2ms
[2020-09-26T04:18:04.501-0400][gc,heap       ] GC(92) Eden regions: 72->0(73)
[2020-09-26T04:18:04.501-0400][gc,heap       ] GC(92) Survivor regions: 6->5(10)
[2020-09-26T04:18:04.501-0400][gc,heap       ] GC(92) Old regions: 16->16
[2020-09-26T04:18:04.501-0400][gc,heap       ] GC(92) Humongous regions: 129->129
[2020-09-26T04:18:04.501-0400][gc,metaspace  ] GC(92) Metaspace: 40502K->40502K(1085440K)
[2020-09-26T04:18:04.501-0400][gc            ] GC(92) Pause Young (Normal) (G1 Evacuation Pause) 220M->148M(259M) 9.821ms
[2020-09-26T04:18:04.501-0400][gc,cpu        ] GC(92) User=0.02s Sys=0.00s Real=0.01s
[2020-09-26T04:42:29.887-0400][gc,start      ] GC(93) Pause Young (Concurrent Start) (G1 Evacuation Pause)
[2020-09-26T04:42:29.887-0400][gc,task       ] GC(93) Using 4 workers of 4 for evacuation
[2020-09-26T04:42:29.896-0400][gc,phases     ] GC(93)   Pre Evacuate Collection Set: 0.6ms
[2020-09-26T04:42:29.896-0400][gc,phases     ] GC(93)   Evacuate Collection Set: 7.2ms
[2020-09-26T04:42:29.896-0400][gc,phases     ] GC(93)   Post Evacuate Collection Set: 0.8ms
[2020-09-26T04:42:29.896-0400][gc,phases     ] GC(93)   Other: 0.4ms
[2020-09-26T04:42:29.896-0400][gc,heap       ] GC(93) Eden regions: 73->0(73)
[2020-09-26T04:42:29.896-0400][gc,heap       ] GC(93) Survivor regions: 5->5(10)
[2020-09-26T04:42:29.896-0400][gc,heap       ] GC(93) Old regions: 16->16
[2020-09-26T04:42:29.896-0400][gc,heap       ] GC(93) Humongous regions: 129->129
[2020-09-26T04:42:29.896-0400][gc,metaspace  ] GC(93) Metaspace: 40526K->40526K(1085440K)
[2020-09-26T04:42:29.896-0400][gc            ] GC(93) Pause Young (Concurrent Start) (G1 Evacuation Pause) 221M->148M(259M) 9.201ms
[2020-09-26T04:42:29.896-0400][gc,cpu        ] GC(93) User=0.02s Sys=0.00s Real=0.01s
[2020-09-26T04:42:29.896-0400][gc            ] GC(94) Concurrent Cycle
[2020-09-26T04:42:29.896-0400][gc,marking    ] GC(94) Concurrent Clear Claimed Marks
[2020-09-26T04:42:29.896-0400][gc,marking    ] GC(94) Concurrent Clear Claimed Marks 0.094ms
[2020-09-26T04:42:29.896-0400][gc,marking    ] GC(94) Concurrent Scan Root Regions
[2020-09-26T04:42:29.900-0400][gc,marking    ] GC(94) Concurrent Scan Root Regions 3.314ms
[2020-09-26T04:42:29.900-0400][gc,marking    ] GC(94) Concurrent Mark (127550.463s)
[2020-09-26T04:42:29.900-0400][gc,marking    ] GC(94) Concurrent Mark From Roots
[2020-09-26T04:42:29.900-0400][gc,task       ] GC(94) Using 1 workers of 1 for marking
[2020-09-26T04:42:29.924-0400][gc,marking    ] GC(94) Concurrent Mark From Roots 24.256ms
[2020-09-26T04:42:29.924-0400][gc,marking    ] GC(94) Concurrent Preclean
[2020-09-26T04:42:29.924-0400][gc,marking    ] GC(94) Concurrent Preclean 0.135ms
[2020-09-26T04:42:29.924-0400][gc,marking    ] GC(94) Concurrent Mark (127550.463s, 127550.487s) 24.450ms
[2020-09-26T04:42:29.924-0400][gc,start      ] GC(94) Pause Remark
[2020-09-26T04:42:29.930-0400][gc,stringtable] GC(94) Cleaned string and symbol table, strings: 12449 processed, 0 removed, symbols: 84233 processed, 1 removed
[2020-09-26T04:42:29.930-0400][gc            ] GC(94) Pause Remark 148M->148M(259M) 5.868ms
[2020-09-26T04:42:29.930-0400][gc,cpu        ] GC(94) User=0.02s Sys=0.00s Real=0.01s
[2020-09-26T04:42:29.930-0400][gc,marking    ] GC(94) Concurrent Rebuild Remembered Sets
[2020-09-26T04:42:29.941-0400][gc,marking    ] GC(94) Concurrent Rebuild Remembered Sets 10.585ms
[2020-09-26T04:42:29.941-0400][gc,start      ] GC(94) Pause Cleanup
[2020-09-26T04:42:29.942-0400][gc            ] GC(94) Pause Cleanup 148M->148M(259M) 0.213ms
[2020-09-26T04:42:29.942-0400][gc,cpu        ] GC(94) User=0.00s Sys=0.00s Real=0.00s
[2020-09-26T04:42:29.942-0400][gc,marking    ] GC(94) Concurrent Cleanup for Next Mark
[2020-09-26T04:42:29.944-0400][gc,marking    ] GC(94) Concurrent Cleanup for Next Mark 1.991ms
[2020-09-26T04:42:29.944-0400][gc            ] GC(94) Concurrent Cycle 47.393ms
[2020-09-26T05:11:25.885-0400][gc,start      ] GC(95) Pause Young (Normal) (G1 Evacuation Pause)
[2020-09-26T05:11:25.885-0400][gc,task       ] GC(95) Using 4 workers of 4 for evacuation
[2020-09-26T05:11:25.892-0400][gc,phases     ] GC(95)   Pre Evacuate Collection Set: 0.1ms
[2020-09-26T05:11:25.892-0400][gc,phases     ] GC(95)   Evacuate Collection Set: 5.8ms
[2020-09-26T05:11:25.892-0400][gc,phases     ] GC(95)   Post Evacuate Collection Set: 0.6ms
[2020-09-26T05:11:25.892-0400][gc,phases     ] GC(95)   Other: 0.6ms
[2020-09-26T05:11:25.892-0400][gc,heap       ] GC(95) Eden regions: 73->0(73)
[2020-09-26T05:11:25.892-0400][gc,heap       ] GC(95) Survivor regions: 5->5(10)
[2020-09-26T05:11:25.892-0400][gc,heap       ] GC(95) Old regions: 16->16
[2020-09-26T05:11:25.892-0400][gc,heap       ] GC(95) Humongous regions: 129->129
[2020-09-26T05:11:25.892-0400][gc,metaspace  ] GC(95) Metaspace: 40893K->40893K(1087488K)
[2020-09-26T05:11:25.892-0400][gc            ] GC(95) Pause Young (Normal) (G1 Evacuation Pause) 221M->148M(259M) 7.196ms
[2020-09-26T05:11:25.892-0400][gc,cpu        ] GC(95) User=0.02s Sys=0.00s Real=0.00s
[2020-09-26T05:56:46.166-0400][gc,start      ] GC(96) Pause Young (Concurrent Start) (G1 Evacuation Pause)
[2020-09-26T05:56:46.166-0400][gc,task       ] GC(96) Using 4 workers of 4 for evacuation
[2020-09-26T05:56:46.176-0400][gc,phases     ] GC(96)   Pre Evacuate Collection Set: 0.9ms
[2020-09-26T05:56:46.176-0400][gc,phases     ] GC(96)   Evacuate Collection Set: 6.6ms
[2020-09-26T05:56:46.176-0400][gc,phases     ] GC(96)   Post Evacuate Collection Set: 1.5ms
[2020-09-26T05:56:46.176-0400][gc,phases     ] GC(96)   Other: 0.7ms
[2020-09-26T05:56:46.176-0400][gc,heap       ] GC(96) Eden regions: 73->0(73)
[2020-09-26T05:56:46.176-0400][gc,heap       ] GC(96) Survivor regions: 5->5(10)
[2020-09-26T05:56:46.176-0400][gc,heap       ] GC(96) Old regions: 16->16
[2020-09-26T05:56:46.176-0400][gc,heap       ] GC(96) Humongous regions: 129->129
[2020-09-26T05:56:46.176-0400][gc,metaspace  ] GC(96) Metaspace: 40932K->40932K(1087488K)
[2020-09-26T05:56:46.176-0400][gc            ] GC(96) Pause Young (Concurrent Start) (G1 Evacuation Pause) 221M->147M(259M) 9.720ms
[2020-09-26T05:56:46.176-0400][gc,cpu        ] GC(96) User=0.02s Sys=0.00s Real=0.01s
[2020-09-26T05:56:46.176-0400][gc            ] GC(97) Concurrent Cycle
[2020-09-26T05:56:46.176-0400][gc,marking    ] GC(97) Concurrent Clear Claimed Marks
[2020-09-26T05:56:46.176-0400][gc,marking    ] GC(97) Concurrent Clear Claimed Marks 0.192ms
[2020-09-26T05:56:46.176-0400][gc,marking    ] GC(97) Concurrent Scan Root Regions
[2020-09-26T05:56:46.179-0400][gc,marking    ] GC(97) Concurrent Scan Root Regions 3.093ms
[2020-09-26T05:56:46.179-0400][gc,marking    ] GC(97) Concurrent Mark (132006.742s)
[2020-09-26T05:56:46.179-0400][gc,marking    ] GC(97) Concurrent Mark From Roots
[2020-09-26T05:56:46.179-0400][gc,task       ] GC(97) Using 1 workers of 1 for marking
[2020-09-26T05:56:46.207-0400][gc,marking    ] GC(97) Concurrent Mark From Roots 27.588ms
[2020-09-26T05:56:46.207-0400][gc,marking    ] GC(97) Concurrent Preclean
[2020-09-26T05:56:46.207-0400][gc,marking    ] GC(97) Concurrent Preclean 0.138ms
[2020-09-26T05:56:46.207-0400][gc,marking    ] GC(97) Concurrent Mark (132006.742s, 132006.770s) 27.791ms
[2020-09-26T05:56:46.207-0400][gc,start      ] GC(97) Pause Remark
[2020-09-26T05:56:46.213-0400][gc,stringtable] GC(97) Cleaned string and symbol table, strings: 12629 processed, 1 removed, symbols: 84495 processed, 1 removed
[2020-09-26T05:56:46.213-0400][gc            ] GC(97) Pause Remark 147M->147M(259M) 6.137ms
[2020-09-26T05:56:46.214-0400][gc,cpu        ] GC(97) User=0.02s Sys=0.00s Real=0.00s
[2020-09-26T05:56:46.214-0400][gc,marking    ] GC(97) Concurrent Rebuild Remembered Sets
[2020-09-26T05:56:46.227-0400][gc,marking    ] GC(97) Concurrent Rebuild Remembered Sets 12.997ms
[2020-09-26T05:56:46.227-0400][gc,start      ] GC(97) Pause Cleanup
[2020-09-26T05:56:46.227-0400][gc            ] GC(97) Pause Cleanup 147M->147M(259M) 0.219ms
[2020-09-26T05:56:46.227-0400][gc,cpu        ] GC(97) User=0.00s Sys=0.00s Real=0.00s
[2020-09-26T05:56:46.227-0400][gc,marking    ] GC(97) Concurrent Cleanup for Next Mark
[2020-09-26T05:56:46.231-0400][gc,marking    ] GC(97) Concurrent Cleanup for Next Mark 4.064ms
[2020-09-26T05:56:46.231-0400][gc            ] GC(97) Concurrent Cycle 55.448ms
