[2020-09-24T07:40:43.319-0400][gc,heap] Heap region size: 1M
[2020-09-24T07:40:43.321-0400][gc     ] Using G1
[2020-09-24T07:40:43.321-0400][gc,heap,coops] Heap address: 0x00000000e0000000, size: 512 MB, Compressed Oops mode: 32-bit
[2020-09-24T07:40:43.322-0400][gc,cds       ] Mark closed archive regions in map: [0x00000000fff00000, 0x00000000fff69ff8]
[2020-09-24T07:40:43.322-0400][gc,cds       ] Mark open archive regions in map: [0x00000000ffe00000, 0x00000000ffe46ff8]
[2020-09-24T07:40:43.677-0400][gc,start     ] GC(0) Pause Young (Normal) (G1 Evacuation Pause)
[2020-09-24T07:40:43.677-0400][gc,task      ] GC(0) Using 3 workers of 4 for evacuation
[2020-09-24T07:40:43.722-0400][gc,mmu       ] GC(0) MMU target violated: 21.0ms (20.0ms/21.0ms)
[2020-09-24T07:40:43.723-0400][gc,phases    ] GC(0)   Pre Evacuate Collection Set: 0.0ms
[2020-09-24T07:40:43.723-0400][gc,phases    ] GC(0)   Evacuate Collection Set: 44.1ms
[2020-09-24T07:40:43.723-0400][gc,phases    ] GC(0)   Post Evacuate Collection Set: 0.8ms
[2020-09-24T07:40:43.723-0400][gc,phases    ] GC(0)   Other: 0.7ms
[2020-09-24T07:40:43.723-0400][gc,heap      ] GC(0) Eden regions: 6->0(5)
[2020-09-24T07:40:43.723-0400][gc,heap      ] GC(0) Survivor regions: 0->1(1)
[2020-09-24T07:40:43.723-0400][gc,heap      ] GC(0) Old regions: 2->5
[2020-09-24T07:40:43.723-0400][gc,heap      ] GC(0) Humongous regions: 0->0
[2020-09-24T07:40:43.723-0400][gc,metaspace ] GC(0) Metaspace: 2149K->2149K(1056768K)
[2020-09-24T07:40:43.723-0400][gc           ] GC(0) Pause Young (Normal) (G1 Evacuation Pause) 6M->3M(130M) 45.709ms
[2020-09-24T07:40:43.723-0400][gc,cpu       ] GC(0) User=0.10s Sys=0.01s Real=0.04s
[2020-09-24T07:40:43.949-0400][gc,start     ] GC(1) Pause Young (Normal) (G1 Evacuation Pause)
[2020-09-24T07:40:43.949-0400][gc,task      ] GC(1) Using 3 workers of 4 for evacuation
[2020-09-24T07:40:43.954-0400][gc,phases    ] GC(1)   Pre Evacuate Collection Set: 0.0ms
[2020-09-24T07:40:43.954-0400][gc,phases    ] GC(1)   Evacuate Collection Set: 4.5ms
[2020-09-24T07:40:43.954-0400][gc,phases    ] GC(1)   Post Evacuate Collection Set: 0.3ms
[2020-09-24T07:40:43.954-0400][gc,phases    ] GC(1)   Other: 0.1ms
[2020-09-24T07:40:43.954-0400][gc,heap      ] GC(1) Eden regions: 5->0(5)
[2020-09-24T07:40:43.954-0400][gc,heap      ] GC(1) Survivor regions: 1->1(1)
[2020-09-24T07:40:43.954-0400][gc,heap      ] GC(1) Old regions: 5->6
[2020-09-24T07:40:43.954-0400][gc,heap      ] GC(1) Humongous regions: 0->0
[2020-09-24T07:40:43.954-0400][gc,metaspace ] GC(1) Metaspace: 4993K->4993K(1056768K)
[2020-09-24T07:40:43.954-0400][gc           ] GC(1) Pause Young (Normal) (G1 Evacuation Pause) 8M->5M(130M) 5.004ms
[2020-09-24T07:40:43.954-0400][gc,cpu       ] GC(1) User=0.01s Sys=0.00s Real=0.01s
[2020-09-24T07:40:44.092-0400][gc,start     ] GC(2) Pause Young (Normal) (G1 Evacuation Pause)
[2020-09-24T07:40:44.092-0400][gc,task      ] GC(2) Using 3 workers of 4 for evacuation
[2020-09-24T07:40:44.095-0400][gc,phases    ] GC(2)   Pre Evacuate Collection Set: 0.0ms
[2020-09-24T07:40:44.095-0400][gc,phases    ] GC(2)   Evacuate Collection Set: 2.5ms
[2020-09-24T07:40:44.095-0400][gc,phases    ] GC(2)   Post Evacuate Collection Set: 0.3ms
[2020-09-24T07:40:44.095-0400][gc,phases    ] GC(2)   Other: 0.2ms
[2020-09-24T07:40:44.095-0400][gc,heap      ] GC(2) Eden regions: 5->0(5)
[2020-09-24T07:40:44.095-0400][gc,heap      ] GC(2) Survivor regions: 1->1(1)
[2020-09-24T07:40:44.095-0400][gc,heap      ] GC(2) Old regions: 6->7
[2020-09-24T07:40:44.095-0400][gc,heap      ] GC(2) Humongous regions: 0->0
[2020-09-24T07:40:44.095-0400][gc,metaspace ] GC(2) Metaspace: 6275K->6275K(1056768K)
[2020-09-24T07:40:44.095-0400][gc           ] GC(2) Pause Young (Normal) (G1 Evacuation Pause) 10M->6M(130M) 3.094ms
[2020-09-24T07:40:44.095-0400][gc,cpu       ] GC(2) User=0.01s Sys=0.00s Real=0.01s
[2020-09-24T07:40:44.185-0400][gc,start     ] GC(3) Pause Young (Normal) (G1 Evacuation Pause)
[2020-09-24T07:40:44.185-0400][gc,task      ] GC(3) Using 3 workers of 4 for evacuation
[2020-09-24T07:40:44.187-0400][gc,phases    ] GC(3)   Pre Evacuate Collection Set: 0.0ms
[2020-09-24T07:40:44.187-0400][gc,phases    ] GC(3)   Evacuate Collection Set: 1.7ms
[2020-09-24T07:40:44.187-0400][gc,phases    ] GC(3)   Post Evacuate Collection Set: 0.4ms
[2020-09-24T07:40:44.187-0400][gc,phases    ] GC(3)   Other: 0.1ms
[2020-09-24T07:40:44.187-0400][gc,heap      ] GC(3) Eden regions: 5->0(5)
[2020-09-24T07:40:44.187-0400][gc,heap      ] GC(3) Survivor regions: 1->1(1)
[2020-09-24T07:40:44.187-0400][gc,heap      ] GC(3) Old regions: 7->8
[2020-09-24T07:40:44.187-0400][gc,heap      ] GC(3) Humongous regions: 0->0
[2020-09-24T07:40:44.187-0400][gc,metaspace ] GC(3) Metaspace: 7706K->7706K(1056768K)
[2020-09-24T07:40:44.187-0400][gc           ] GC(3) Pause Young (Normal) (G1 Evacuation Pause) 11M->6M(130M) 2.221ms
[2020-09-24T07:40:44.187-0400][gc,cpu       ] GC(3) User=0.00s Sys=0.00s Real=0.00s
[2020-09-24T07:40:44.309-0400][gc,start     ] GC(4) Pause Young (Normal) (G1 Evacuation Pause)
[2020-09-24T07:40:44.309-0400][gc,task      ] GC(4) Using 3 workers of 4 for evacuation
[2020-09-24T07:40:44.312-0400][gc,phases    ] GC(4)   Pre Evacuate Collection Set: 0.0ms
[2020-09-24T07:40:44.312-0400][gc,phases    ] GC(4)   Evacuate Collection Set: 0.9ms
[2020-09-24T07:40:44.312-0400][gc,phases    ] GC(4)   Post Evacuate Collection Set: 2.1ms
[2020-09-24T07:40:44.312-0400][gc,phases    ] GC(4)   Other: 0.1ms
[2020-09-24T07:40:44.312-0400][gc,heap      ] GC(4) Eden regions: 5->0(5)
[2020-09-24T07:40:44.312-0400][gc,heap      ] GC(4) Survivor regions: 1->1(1)
[2020-09-24T07:40:44.312-0400][gc,heap      ] GC(4) Old regions: 8->8
[2020-09-24T07:40:44.312-0400][gc,heap      ] GC(4) Humongous regions: 0->0
[2020-09-24T07:40:44.312-0400][gc,metaspace ] GC(4) Metaspace: 9308K->9308K(1058816K)
[2020-09-24T07:40:44.312-0400][gc           ] GC(4) Pause Young (Normal) (G1 Evacuation Pause) 11M->6M(130M) 3.183ms
[2020-09-24T07:40:44.312-0400][gc,cpu       ] GC(4) User=0.00s Sys=0.00s Real=0.00s
[2020-09-24T07:40:44.419-0400][gc,start     ] GC(5) Pause Young (Normal) (G1 Evacuation Pause)
[2020-09-24T07:40:44.419-0400][gc,task      ] GC(5) Using 3 workers of 4 for evacuation
[2020-09-24T07:40:44.434-0400][gc,phases    ] GC(5)   Pre Evacuate Collection Set: 0.0ms
[2020-09-24T07:40:44.434-0400][gc,phases    ] GC(5)   Evacuate Collection Set: 3.8ms
[2020-09-24T07:40:44.434-0400][gc,phases    ] GC(5)   Post Evacuate Collection Set: 11.2ms
[2020-09-24T07:40:44.434-0400][gc,phases    ] GC(5)   Other: 0.1ms
[2020-09-24T07:40:44.434-0400][gc,heap      ] GC(5) Eden regions: 5->0(5)
[2020-09-24T07:40:44.434-0400][gc,heap      ] GC(5) Survivor regions: 1->1(1)
[2020-09-24T07:40:44.434-0400][gc,heap      ] GC(5) Old regions: 8->8
[2020-09-24T07:40:44.434-0400][gc,heap      ] GC(5) Humongous regions: 0->0
[2020-09-24T07:40:44.434-0400][gc,metaspace ] GC(5) Metaspace: 10703K->10703K(1058816K)
[2020-09-24T07:40:44.434-0400][gc           ] GC(5) Pause Young (Normal) (G1 Evacuation Pause) 11M->6M(130M) 15.256ms
[2020-09-24T07:40:44.434-0400][gc,cpu       ] GC(5) User=0.01s Sys=0.00s Real=0.02s
[2020-09-24T07:40:44.566-0400][gc,start     ] GC(6) Pause Young (Normal) (G1 Evacuation Pause)
[2020-09-24T07:40:44.566-0400][gc,task      ] GC(6) Using 3 workers of 4 for evacuation
[2020-09-24T07:40:44.570-0400][gc,phases    ] GC(6)   Pre Evacuate Collection Set: 0.0ms
[2020-09-24T07:40:44.570-0400][gc,phases    ] GC(6)   Evacuate Collection Set: 3.9ms
[2020-09-24T07:40:44.570-0400][gc,phases    ] GC(6)   Post Evacuate Collection Set: 0.4ms
[2020-09-24T07:40:44.571-0400][gc,phases    ] GC(6)   Other: 0.2ms
[2020-09-24T07:40:44.571-0400][gc,heap      ] GC(6) Eden regions: 5->0(8)
[2020-09-24T07:40:44.571-0400][gc,heap      ] GC(6) Survivor regions: 1->1(1)
[2020-09-24T07:40:44.571-0400][gc,heap      ] GC(6) Old regions: 8->8
[2020-09-24T07:40:44.571-0400][gc,heap      ] GC(6) Humongous regions: 0->0
[2020-09-24T07:40:44.571-0400][gc,metaspace ] GC(6) Metaspace: 12157K->12157K(1060864K)
[2020-09-24T07:40:44.571-0400][gc           ] GC(6) Pause Young (Normal) (G1 Evacuation Pause) 11M->6M(130M) 4.957ms
[2020-09-24T07:40:44.571-0400][gc,cpu       ] GC(6) User=0.01s Sys=0.00s Real=0.00s
[2020-09-24T07:40:44.863-0400][gc,start     ] GC(7) Pause Young (Normal) (G1 Evacuation Pause)
[2020-09-24T07:40:44.863-0400][gc,task      ] GC(7) Using 3 workers of 4 for evacuation
[2020-09-24T07:40:44.882-0400][gc,phases    ] GC(7)   Pre Evacuate Collection Set: 0.0ms
[2020-09-24T07:40:44.882-0400][gc,phases    ] GC(7)   Evacuate Collection Set: 10.7ms
[2020-09-24T07:40:44.882-0400][gc,phases    ] GC(7)   Post Evacuate Collection Set: 7.6ms
[2020-09-24T07:40:44.882-0400][gc,phases    ] GC(7)   Other: 0.7ms
[2020-09-24T07:40:44.882-0400][gc,heap      ] GC(7) Eden regions: 8->0(9)
[2020-09-24T07:40:44.882-0400][gc,heap      ] GC(7) Survivor regions: 1->1(2)
[2020-09-24T07:40:44.882-0400][gc,heap      ] GC(7) Old regions: 8->8
[2020-09-24T07:40:44.882-0400][gc,heap      ] GC(7) Humongous regions: 0->0
[2020-09-24T07:40:44.882-0400][gc,metaspace ] GC(7) Metaspace: 14235K->14235K(1062912K)
[2020-09-24T07:40:44.882-0400][gc           ] GC(7) Pause Young (Normal) (G1 Evacuation Pause) 14M->6M(130M) 19.082ms
[2020-09-24T07:40:44.882-0400][gc,cpu       ] GC(7) User=0.00s Sys=0.01s Real=0.02s
[2020-09-24T07:40:45.209-0400][gc,start     ] GC(8) Pause Young (Normal) (G1 Evacuation Pause)
[2020-09-24T07:40:45.209-0400][gc,task      ] GC(8) Using 3 workers of 4 for evacuation
[2020-09-24T07:40:45.215-0400][gc,phases    ] GC(8)   Pre Evacuate Collection Set: 0.1ms
[2020-09-24T07:40:45.215-0400][gc,phases    ] GC(8)   Evacuate Collection Set: 3.4ms
[2020-09-24T07:40:45.215-0400][gc,phases    ] GC(8)   Post Evacuate Collection Set: 2.1ms
[2020-09-24T07:40:45.215-0400][gc,phases    ] GC(8)   Other: 0.7ms
[2020-09-24T07:40:45.216-0400][gc,heap      ] GC(8) Eden regions: 9->0(10)
[2020-09-24T07:40:45.216-0400][gc,heap      ] GC(8) Survivor regions: 1->2(2)
[2020-09-24T07:40:45.216-0400][gc,heap      ] GC(8) Old regions: 8->8
[2020-09-24T07:40:45.216-0400][gc,heap      ] GC(8) Humongous regions: 0->0
[2020-09-24T07:40:45.216-0400][gc,metaspace ] GC(8) Metaspace: 16552K->16552K(1064960K)
[2020-09-24T07:40:45.216-0400][gc           ] GC(8) Pause Young (Normal) (G1 Evacuation Pause) 15M->7M(130M) 7.067ms
[2020-09-24T07:40:45.216-0400][gc,cpu       ] GC(8) User=0.00s Sys=0.00s Real=0.01s
[2020-09-24T07:40:45.487-0400][gc,start     ] GC(9) Pause Young (Normal) (G1 Evacuation Pause)
[2020-09-24T07:40:45.487-0400][gc,task      ] GC(9) Using 3 workers of 4 for evacuation
[2020-09-24T07:40:45.495-0400][gc,phases    ] GC(9)   Pre Evacuate Collection Set: 0.0ms
[2020-09-24T07:40:45.495-0400][gc,phases    ] GC(9)   Evacuate Collection Set: 7.1ms
[2020-09-24T07:40:45.495-0400][gc,phases    ] GC(9)   Post Evacuate Collection Set: 0.8ms
[2020-09-24T07:40:45.495-0400][gc,phases    ] GC(9)   Other: 0.1ms
[2020-09-24T07:40:45.495-0400][gc,heap      ] GC(9) Eden regions: 10->0(34)
[2020-09-24T07:40:45.495-0400][gc,heap      ] GC(9) Survivor regions: 2->2(2)
[2020-09-24T07:40:45.495-0400][gc,heap      ] GC(9) Old regions: 8->8
[2020-09-24T07:40:45.495-0400][gc,heap      ] GC(9) Humongous regions: 0->0
[2020-09-24T07:40:45.495-0400][gc,metaspace ] GC(9) Metaspace: 19029K->19029K(1067008K)
[2020-09-24T07:40:45.495-0400][gc           ] GC(9) Pause Young (Normal) (G1 Evacuation Pause) 17M->7M(130M) 8.186ms
[2020-09-24T07:40:45.495-0400][gc,cpu       ] GC(9) User=0.01s Sys=0.00s Real=0.01s
[2020-09-24T07:40:45.901-0400][gc,start     ] GC(10) Pause Young (Concurrent Start) (Metadata GC Threshold)
[2020-09-24T07:40:45.901-0400][gc,task      ] GC(10) Using 4 workers of 4 for evacuation
[2020-09-24T07:40:45.909-0400][gc,phases    ] GC(10)   Pre Evacuate Collection Set: 0.1ms
[2020-09-24T07:40:45.909-0400][gc,phases    ] GC(10)   Evacuate Collection Set: 7.0ms
[2020-09-24T07:40:45.909-0400][gc,phases    ] GC(10)   Post Evacuate Collection Set: 0.5ms
[2020-09-24T07:40:45.909-0400][gc,phases    ] GC(10)   Other: 0.4ms
[2020-09-24T07:40:45.909-0400][gc,heap      ] GC(10) Eden regions: 8->0(30)
[2020-09-24T07:40:45.909-0400][gc,heap      ] GC(10) Survivor regions: 2->2(5)
[2020-09-24T07:40:45.909-0400][gc,heap      ] GC(10) Old regions: 8->8
[2020-09-24T07:40:45.909-0400][gc,heap      ] GC(10) Humongous regions: 0->0
[2020-09-24T07:40:45.909-0400][gc,metaspace ] GC(10) Metaspace: 20562K->20562K(1067008K)
[2020-09-24T07:40:45.909-0400][gc           ] GC(10) Pause Young (Concurrent Start) (Metadata GC Threshold) 14M->7M(130M) 8.012ms
[2020-09-24T07:40:45.909-0400][gc,cpu       ] GC(10) User=0.02s Sys=0.01s Real=0.01s
[2020-09-24T07:40:45.911-0400][gc           ] GC(11) Concurrent Cycle
[2020-09-24T07:40:45.912-0400][gc,marking   ] GC(11) Concurrent Clear Claimed Marks
[2020-09-24T07:40:45.912-0400][gc,marking   ] GC(11) Concurrent Clear Claimed Marks 0.066ms
[2020-09-24T07:40:45.912-0400][gc,marking   ] GC(11) Concurrent Scan Root Regions
[2020-09-24T07:40:45.914-0400][gc,marking   ] GC(11) Concurrent Scan Root Regions 2.134ms
[2020-09-24T07:40:45.914-0400][gc,marking   ] GC(11) Concurrent Mark (2.598s)
[2020-09-24T07:40:45.914-0400][gc,marking   ] GC(11) Concurrent Mark From Roots
[2020-09-24T07:40:45.914-0400][gc,task      ] GC(11) Using 1 workers of 1 for marking
[2020-09-24T07:40:45.923-0400][gc,marking   ] GC(11) Concurrent Mark From Roots 9.138ms
[2020-09-24T07:40:45.923-0400][gc,marking   ] GC(11) Concurrent Preclean
[2020-09-24T07:40:45.923-0400][gc,marking   ] GC(11) Concurrent Preclean 0.089ms
[2020-09-24T07:40:45.923-0400][gc,marking   ] GC(11) Concurrent Mark (2.598s, 2.607s) 9.282ms
[2020-09-24T07:40:45.923-0400][gc,start     ] GC(11) Pause Remark
[2020-09-24T07:40:45.926-0400][gc,stringtable] GC(11) Cleaned string and symbol table, strings: 4901 processed, 5 removed, symbols: 51435 processed, 46 removed
[2020-09-24T07:40:45.927-0400][gc            ] GC(11) Pause Remark 8M->8M(130M) 3.733ms
[2020-09-24T07:40:45.927-0400][gc,cpu        ] GC(11) User=0.00s Sys=0.00s Real=0.01s
[2020-09-24T07:40:45.927-0400][gc,marking    ] GC(11) Concurrent Rebuild Remembered Sets
[2020-09-24T07:40:45.931-0400][gc,marking    ] GC(11) Concurrent Rebuild Remembered Sets 4.134ms
[2020-09-24T07:40:45.932-0400][gc,start      ] GC(11) Pause Cleanup
[2020-09-24T07:40:45.932-0400][gc            ] GC(11) Pause Cleanup 8M->8M(130M) 0.167ms
[2020-09-24T07:40:45.932-0400][gc,cpu        ] GC(11) User=0.00s Sys=0.00s Real=0.00s
[2020-09-24T07:40:45.932-0400][gc,marking    ] GC(11) Concurrent Cleanup for Next Mark
[2020-09-24T07:40:45.934-0400][gc,marking    ] GC(11) Concurrent Cleanup for Next Mark 1.482ms
[2020-09-24T07:40:45.934-0400][gc            ] GC(11) Concurrent Cycle 22.122ms
[2020-09-24T07:40:46.335-0400][gc,start      ] GC(12) Pause Young (Concurrent Start) (G1 Humongous Allocation)
[2020-09-24T07:40:46.335-0400][gc,task       ] GC(12) Using 4 workers of 4 for evacuation
[2020-09-24T07:40:46.349-0400][gc,phases     ] GC(12)   Pre Evacuate Collection Set: 0.1ms
[2020-09-24T07:40:46.349-0400][gc,phases     ] GC(12)   Evacuate Collection Set: 13.3ms
[2020-09-24T07:40:46.349-0400][gc,phases     ] GC(12)   Post Evacuate Collection Set: 0.4ms
[2020-09-24T07:40:46.349-0400][gc,phases     ] GC(12)   Other: 0.2ms
[2020-09-24T07:40:46.349-0400][gc,heap       ] GC(12) Eden regions: 8->0(27)
[2020-09-24T07:40:46.349-0400][gc,heap       ] GC(12) Survivor regions: 2->2(3)
[2020-09-24T07:40:46.349-0400][gc,heap       ] GC(12) Old regions: 8->8
[2020-09-24T07:40:46.349-0400][gc,heap       ] GC(12) Humongous regions: 0->0
[2020-09-24T07:40:46.349-0400][gc,metaspace  ] GC(12) Metaspace: 21471K->21471K(1069056K)
[2020-09-24T07:40:46.349-0400][gc            ] GC(12) Pause Young (Concurrent Start) (G1 Humongous Allocation) 15M->8M(130M) 14.103ms
[2020-09-24T07:40:46.349-0400][gc,cpu        ] GC(12) User=0.01s Sys=0.00s Real=0.01s
[2020-09-24T07:40:46.349-0400][gc            ] GC(13) Concurrent Cycle
[2020-09-24T07:40:46.349-0400][gc,marking    ] GC(13) Concurrent Clear Claimed Marks
[2020-09-24T07:40:46.349-0400][gc,marking    ] GC(13) Concurrent Clear Claimed Marks 0.022ms
[2020-09-24T07:40:46.349-0400][gc,marking    ] GC(13) Concurrent Scan Root Regions
[2020-09-24T07:40:46.351-0400][gc,marking    ] GC(13) Concurrent Scan Root Regions 2.573ms
[2020-09-24T07:40:46.351-0400][gc,marking    ] GC(13) Concurrent Mark (3.036s)
[2020-09-24T07:40:46.351-0400][gc,marking    ] GC(13) Concurrent Mark From Roots
[2020-09-24T07:40:46.351-0400][gc,task       ] GC(13) Using 1 workers of 1 for marking
[2020-09-24T07:40:46.374-0400][gc,marking    ] GC(13) Concurrent Mark From Roots 22.255ms
[2020-09-24T07:40:46.374-0400][gc,marking    ] GC(13) Concurrent Preclean
[2020-09-24T07:40:46.374-0400][gc,marking    ] GC(13) Concurrent Preclean 0.120ms
[2020-09-24T07:40:46.374-0400][gc,marking    ] GC(13) Concurrent Mark (3.036s, 3.058s) 22.651ms
[2020-09-24T07:40:46.442-0400][gc,start      ] GC(13) Pause Remark
[2020-09-24T07:40:46.487-0400][gc,stringtable] GC(13) Cleaned string and symbol table, strings: 5183 processed, 1 removed, symbols: 52765 processed, 3 removed
[2020-09-24T07:40:46.489-0400][gc,mmu        ] GC(13) MMU target violated: 21.0ms (20.0ms/21.0ms)
[2020-09-24T07:40:46.489-0400][gc            ] GC(13) Pause Remark 137M->137M(259M) 47.181ms
[2020-09-24T07:40:46.489-0400][gc,cpu        ] GC(13) User=0.03s Sys=0.00s Real=0.05s
[2020-09-24T07:40:46.489-0400][gc,marking    ] GC(13) Concurrent Rebuild Remembered Sets
[2020-09-24T07:40:46.495-0400][gc,marking    ] GC(13) Concurrent Rebuild Remembered Sets 6.120ms
[2020-09-24T07:40:46.501-0400][gc,start      ] GC(13) Pause Cleanup
[2020-09-24T07:40:46.501-0400][gc            ] GC(13) Pause Cleanup 137M->137M(259M) 0.516ms
[2020-09-24T07:40:46.501-0400][gc,cpu        ] GC(13) User=0.00s Sys=0.00s Real=0.00s
[2020-09-24T07:40:46.502-0400][gc,marking    ] GC(13) Concurrent Cleanup for Next Mark
[2020-09-24T07:40:46.508-0400][gc,marking    ] GC(13) Concurrent Cleanup for Next Mark 6.356ms
[2020-09-24T07:40:46.508-0400][gc            ] GC(13) Concurrent Cycle 159.277ms
[2020-09-24T07:40:47.093-0400][gc,start      ] GC(14) Pause Young (Normal) (G1 Evacuation Pause)
[2020-09-24T07:40:47.093-0400][gc,task       ] GC(14) Using 4 workers of 4 for evacuation
[2020-09-24T07:40:47.111-0400][gc,phases     ] GC(14)   Pre Evacuate Collection Set: 0.0ms
[2020-09-24T07:40:47.111-0400][gc,phases     ] GC(14)   Evacuate Collection Set: 15.2ms
[2020-09-24T07:40:47.111-0400][gc,phases     ] GC(14)   Post Evacuate Collection Set: 2.4ms
[2020-09-24T07:40:47.111-0400][gc,phases     ] GC(14)   Other: 0.6ms
[2020-09-24T07:40:47.111-0400][gc,heap       ] GC(14) Eden regions: 25->0(30)
[2020-09-24T07:40:47.111-0400][gc,heap       ] GC(14) Survivor regions: 2->4(4)
[2020-09-24T07:40:47.111-0400][gc,heap       ] GC(14) Old regions: 8->8
[2020-09-24T07:40:47.111-0400][gc,heap       ] GC(14) Humongous regions: 129->129
[2020-09-24T07:40:47.111-0400][gc,metaspace  ] GC(14) Metaspace: 26534K->26534K(1073152K)
[2020-09-24T07:40:47.111-0400][gc            ] GC(14) Pause Young (Normal) (G1 Evacuation Pause) 162M->138M(259M) 18.462ms
[2020-09-24T07:40:47.111-0400][gc,cpu        ] GC(14) User=0.01s Sys=0.00s Real=0.02s
[2020-09-24T07:40:48.146-0400][gc,start      ] GC(15) Pause Young (Concurrent Start) (G1 Evacuation Pause)
[2020-09-24T07:40:48.146-0400][gc,task       ] GC(15) Using 4 workers of 4 for evacuation
[2020-09-24T07:40:48.160-0400][gc,phases     ] GC(15)   Pre Evacuate Collection Set: 0.1ms
[2020-09-24T07:40:48.160-0400][gc,phases     ] GC(15)   Evacuate Collection Set: 13.1ms
[2020-09-24T07:40:48.160-0400][gc,phases     ] GC(15)   Post Evacuate Collection Set: 0.7ms
[2020-09-24T07:40:48.160-0400][gc,phases     ] GC(15)   Other: 0.3ms
[2020-09-24T07:40:48.160-0400][gc,heap       ] GC(15) Eden regions: 30->0(33)
[2020-09-24T07:40:48.160-0400][gc,heap       ] GC(15) Survivor regions: 4->5(5)
[2020-09-24T07:40:48.160-0400][gc,heap       ] GC(15) Old regions: 8->9
[2020-09-24T07:40:48.160-0400][gc,heap       ] GC(15) Humongous regions: 129->129
[2020-09-24T07:40:48.160-0400][gc,metaspace  ] GC(15) Metaspace: 32777K->32777K(1079296K)
[2020-09-24T07:40:48.160-0400][gc            ] GC(15) Pause Young (Concurrent Start) (G1 Evacuation Pause) 168M->141M(259M) 14.256ms
[2020-09-24T07:40:48.160-0400][gc,cpu        ] GC(15) User=0.03s Sys=0.01s Real=0.01s
[2020-09-24T07:40:48.160-0400][gc            ] GC(16) Concurrent Cycle
[2020-09-24T07:40:48.160-0400][gc,marking    ] GC(16) Concurrent Clear Claimed Marks
[2020-09-24T07:40:48.160-0400][gc,marking    ] GC(16) Concurrent Clear Claimed Marks 0.069ms
[2020-09-24T07:40:48.160-0400][gc,marking    ] GC(16) Concurrent Scan Root Regions
[2020-09-24T07:40:48.171-0400][gc,marking    ] GC(16) Concurrent Scan Root Regions 11.313ms
[2020-09-24T07:40:48.171-0400][gc,marking    ] GC(16) Concurrent Mark (4.856s)
[2020-09-24T07:40:48.171-0400][gc,marking    ] GC(16) Concurrent Mark From Roots
[2020-09-24T07:40:48.171-0400][gc,task       ] GC(16) Using 1 workers of 1 for marking
[2020-09-24T07:40:48.222-0400][gc,marking    ] GC(16) Concurrent Mark From Roots 50.589ms
[2020-09-24T07:40:48.222-0400][gc,marking    ] GC(16) Concurrent Preclean
[2020-09-24T07:40:48.222-0400][gc,marking    ] GC(16) Concurrent Preclean 0.208ms
[2020-09-24T07:40:48.222-0400][gc,marking    ] GC(16) Concurrent Mark (4.856s, 4.906s) 50.888ms
[2020-09-24T07:40:48.223-0400][gc,start      ] GC(16) Pause Remark
[2020-09-24T07:40:48.227-0400][gc,stringtable] GC(16) Cleaned string and symbol table, strings: 10156 processed, 0 removed, symbols: 79914 processed, 17 removed
[2020-09-24T07:40:48.228-0400][gc            ] GC(16) Pause Remark 143M->143M(259M) 4.590ms
[2020-09-24T07:40:48.228-0400][gc,cpu        ] GC(16) User=0.01s Sys=0.00s Real=0.01s
[2020-09-24T07:40:48.228-0400][gc,marking    ] GC(16) Concurrent Rebuild Remembered Sets
[2020-09-24T07:40:48.234-0400][gc,marking    ] GC(16) Concurrent Rebuild Remembered Sets 6.414ms
[2020-09-24T07:40:48.235-0400][gc,start      ] GC(16) Pause Cleanup
[2020-09-24T07:40:48.235-0400][gc            ] GC(16) Pause Cleanup 143M->143M(259M) 0.204ms
[2020-09-24T07:40:48.235-0400][gc,cpu        ] GC(16) User=0.00s Sys=0.00s Real=0.00s
[2020-09-24T07:40:48.235-0400][gc,marking    ] GC(16) Concurrent Cleanup for Next Mark
[2020-09-24T07:40:48.242-0400][gc,marking    ] GC(16) Concurrent Cleanup for Next Mark 7.396ms
[2020-09-24T07:40:48.243-0400][gc            ] GC(16) Concurrent Cycle 82.850ms
[2020-09-24T17:32:27.440-0400][gc,start      ] GC(17) Pause Young (Normal) (G1 Evacuation Pause)
[2020-09-24T17:32:27.440-0400][gc,task       ] GC(17) Using 4 workers of 4 for evacuation
[2020-09-24T17:32:27.445-0400][gc,phases     ] GC(17)   Pre Evacuate Collection Set: 0.1ms
[2020-09-24T17:32:27.445-0400][gc,phases     ] GC(17)   Evacuate Collection Set: 4.8ms
[2020-09-24T17:32:27.445-0400][gc,phases     ] GC(17)   Post Evacuate Collection Set: 0.6ms
[2020-09-24T17:32:27.445-0400][gc,phases     ] GC(17)   Other: 0.2ms
[2020-09-24T17:32:27.445-0400][gc,heap       ] GC(17) Eden regions: 28->0(35)
[2020-09-24T17:32:27.445-0400][gc,heap       ] GC(17) Survivor regions: 5->4(5)
[2020-09-24T17:32:27.445-0400][gc,heap       ] GC(17) Old regions: 9->12
[2020-09-24T17:32:27.445-0400][gc,heap       ] GC(17) Humongous regions: 129->129
[2020-09-24T17:32:27.445-0400][gc,metaspace  ] GC(17) Metaspace: 34887K->34887K(1081344K)
[2020-09-24T17:32:27.445-0400][gc            ] GC(17) Pause Young (Normal) (G1 Evacuation Pause) 169M->142M(259M) 5.784ms
[2020-09-24T17:32:27.445-0400][gc,cpu        ] GC(17) User=0.02s Sys=0.00s Real=0.01s
[2020-09-24T18:05:54.491-0400][gc,start      ] GC(18) Pause Young (Concurrent Start) (G1 Evacuation Pause)
[2020-09-24T18:05:54.492-0400][gc,task       ] GC(18) Using 4 workers of 4 for evacuation
[2020-09-24T18:05:54.496-0400][gc,phases     ] GC(18)   Pre Evacuate Collection Set: 0.2ms
[2020-09-24T18:05:54.496-0400][gc,phases     ] GC(18)   Evacuate Collection Set: 3.6ms
[2020-09-24T18:05:54.496-0400][gc,phases     ] GC(18)   Post Evacuate Collection Set: 0.7ms
[2020-09-24T18:05:54.496-0400][gc,phases     ] GC(18)   Other: 0.6ms
[2020-09-24T18:05:54.496-0400][gc,heap       ] GC(18) Eden regions: 35->0(60)
[2020-09-24T18:05:54.496-0400][gc,heap       ] GC(18) Survivor regions: 4->1(5)
[2020-09-24T18:05:54.496-0400][gc,heap       ] GC(18) Old regions: 12->14
[2020-09-24T18:05:54.496-0400][gc,heap       ] GC(18) Humongous regions: 129->129
[2020-09-24T18:05:54.496-0400][gc,metaspace  ] GC(18) Metaspace: 35076K->35076K(1081344K)
[2020-09-24T18:05:54.496-0400][gc            ] GC(18) Pause Young (Concurrent Start) (G1 Evacuation Pause) 177M->142M(259M) 5.179ms
[2020-09-24T18:05:54.496-0400][gc,cpu        ] GC(18) User=0.01s Sys=0.00s Real=0.01s
[2020-09-24T18:05:54.496-0400][gc            ] GC(19) Concurrent Cycle
[2020-09-24T18:05:54.496-0400][gc,marking    ] GC(19) Concurrent Clear Claimed Marks
[2020-09-24T18:05:54.497-0400][gc,marking    ] GC(19) Concurrent Clear Claimed Marks 0.076ms
[2020-09-24T18:05:54.497-0400][gc,marking    ] GC(19) Concurrent Scan Root Regions
[2020-09-24T18:05:54.498-0400][gc,marking    ] GC(19) Concurrent Scan Root Regions 1.322ms
[2020-09-24T18:05:54.498-0400][gc,marking    ] GC(19) Concurrent Mark (2955.061s)
[2020-09-24T18:05:54.498-0400][gc,marking    ] GC(19) Concurrent Mark From Roots
[2020-09-24T18:05:54.498-0400][gc,task       ] GC(19) Using 1 workers of 1 for marking
[2020-09-24T18:05:54.515-0400][gc,marking    ] GC(19) Concurrent Mark From Roots 17.492ms
[2020-09-24T18:05:54.515-0400][gc,marking    ] GC(19) Concurrent Preclean
[2020-09-24T18:05:54.516-0400][gc,marking    ] GC(19) Concurrent Preclean 0.177ms
[2020-09-24T18:05:54.516-0400][gc,marking    ] GC(19) Concurrent Mark (2955.061s, 2955.079s) 17.719ms
[2020-09-24T18:05:54.516-0400][gc,start      ] GC(19) Pause Remark
[2020-09-24T18:05:54.524-0400][gc,stringtable] GC(19) Cleaned string and symbol table, strings: 10828 processed, 285 removed, symbols: 81067 processed, 0 removed
[2020-09-24T18:05:54.524-0400][gc            ] GC(19) Pause Remark 143M->143M(259M) 8.111ms
[2020-09-24T18:05:54.524-0400][gc,cpu        ] GC(19) User=0.03s Sys=0.00s Real=0.00s
[2020-09-24T18:05:54.524-0400][gc,marking    ] GC(19) Concurrent Rebuild Remembered Sets
[2020-09-24T18:05:54.533-0400][gc,marking    ] GC(19) Concurrent Rebuild Remembered Sets 8.479ms
[2020-09-24T18:05:54.533-0400][gc,start      ] GC(19) Pause Cleanup
[2020-09-24T18:05:54.533-0400][gc            ] GC(19) Pause Cleanup 143M->143M(259M) 0.194ms
[2020-09-24T18:05:54.533-0400][gc,cpu        ] GC(19) User=0.01s Sys=0.00s Real=0.00s
[2020-09-24T18:05:54.533-0400][gc,marking    ] GC(19) Concurrent Cleanup for Next Mark
[2020-09-24T18:05:54.534-0400][gc,marking    ] GC(19) Concurrent Cleanup for Next Mark 0.703ms
[2020-09-24T18:05:54.534-0400][gc            ] GC(19) Concurrent Cycle 37.490ms
[2020-09-24T18:58:19.491-0400][gc,start      ] GC(20) Pause Young (Normal) (G1 Evacuation Pause)
[2020-09-24T18:58:19.491-0400][gc,task       ] GC(20) Using 4 workers of 4 for evacuation
[2020-09-24T18:58:19.497-0400][gc,phases     ] GC(20)   Pre Evacuate Collection Set: 0.2ms
[2020-09-24T18:58:19.497-0400][gc,phases     ] GC(20)   Evacuate Collection Set: 3.8ms
[2020-09-24T18:58:19.497-0400][gc,phases     ] GC(20)   Post Evacuate Collection Set: 1.2ms
[2020-09-24T18:58:19.497-0400][gc,phases     ] GC(20)   Other: 0.3ms
[2020-09-24T18:58:19.497-0400][gc,heap       ] GC(20) Eden regions: 52->0(60)
[2020-09-24T18:58:19.497-0400][gc,heap       ] GC(20) Survivor regions: 1->1(7)
[2020-09-24T18:58:19.497-0400][gc,heap       ] GC(20) Old regions: 14->14
[2020-09-24T18:58:19.497-0400][gc,heap       ] GC(20) Humongous regions: 129->129
[2020-09-24T18:58:19.497-0400][gc,metaspace  ] GC(20) Metaspace: 35140K->35140K(1081344K)
[2020-09-24T18:58:19.497-0400][gc            ] GC(20) Pause Young (Normal) (G1 Evacuation Pause) 194M->142M(259M) 5.536ms
[2020-09-24T18:58:19.497-0400][gc,cpu        ] GC(20) User=0.01s Sys=0.01s Real=0.01s
[2020-09-24T19:59:59.491-0400][gc,start      ] GC(21) Pause Young (Concurrent Start) (G1 Evacuation Pause)
[2020-09-24T19:59:59.491-0400][gc,task       ] GC(21) Using 4 workers of 4 for evacuation
[2020-09-24T19:59:59.496-0400][gc,phases     ] GC(21)   Pre Evacuate Collection Set: 0.4ms
[2020-09-24T19:59:59.496-0400][gc,phases     ] GC(21)   Evacuate Collection Set: 2.4ms
[2020-09-24T19:59:59.496-0400][gc,phases     ] GC(21)   Post Evacuate Collection Set: 0.9ms
[2020-09-24T19:59:59.496-0400][gc,phases     ] GC(21)   Other: 0.6ms
[2020-09-24T19:59:59.496-0400][gc,heap       ] GC(21) Eden regions: 60->0(66)
[2020-09-24T19:59:59.496-0400][gc,heap       ] GC(21) Survivor regions: 1->1(8)
[2020-09-24T19:59:59.496-0400][gc,heap       ] GC(21) Old regions: 14->14
[2020-09-24T19:59:59.496-0400][gc,heap       ] GC(21) Humongous regions: 129->129
[2020-09-24T19:59:59.496-0400][gc,metaspace  ] GC(21) Metaspace: 35208K->35208K(1081344K)
[2020-09-24T19:59:59.496-0400][gc            ] GC(21) Pause Young (Concurrent Start) (G1 Evacuation Pause) 202M->142M(259M) 4.464ms
[2020-09-24T19:59:59.496-0400][gc,cpu        ] GC(21) User=0.01s Sys=0.00s Real=0.01s
[2020-09-24T19:59:59.496-0400][gc            ] GC(22) Concurrent Cycle
[2020-09-24T19:59:59.496-0400][gc,marking    ] GC(22) Concurrent Clear Claimed Marks
[2020-09-24T19:59:59.496-0400][gc,marking    ] GC(22) Concurrent Clear Claimed Marks 0.045ms
[2020-09-24T19:59:59.496-0400][gc,marking    ] GC(22) Concurrent Scan Root Regions
[2020-09-24T19:59:59.498-0400][gc,marking    ] GC(22) Concurrent Scan Root Regions 1.456ms
[2020-09-24T19:59:59.498-0400][gc,marking    ] GC(22) Concurrent Mark (9800.061s)
[2020-09-24T19:59:59.498-0400][gc,marking    ] GC(22) Concurrent Mark From Roots
[2020-09-24T19:59:59.498-0400][gc,task       ] GC(22) Using 1 workers of 1 for marking
[2020-09-24T19:59:59.517-0400][gc,marking    ] GC(22) Concurrent Mark From Roots 19.316ms
[2020-09-24T19:59:59.517-0400][gc,marking    ] GC(22) Concurrent Preclean
[2020-09-24T19:59:59.517-0400][gc,marking    ] GC(22) Concurrent Preclean 0.119ms
[2020-09-24T19:59:59.517-0400][gc,marking    ] GC(22) Concurrent Mark (9800.061s, 9800.080s) 19.486ms
[2020-09-24T19:59:59.517-0400][gc,start      ] GC(22) Pause Remark
[2020-09-24T19:59:59.524-0400][gc,stringtable] GC(22) Cleaned string and symbol table, strings: 10801 processed, 28 removed, symbols: 81100 processed, 13 removed
[2020-09-24T19:59:59.524-0400][gc            ] GC(22) Pause Remark 142M->142M(259M) 6.654ms
[2020-09-24T19:59:59.524-0400][gc,cpu        ] GC(22) User=0.02s Sys=0.00s Real=0.00s
[2020-09-24T19:59:59.524-0400][gc,marking    ] GC(22) Concurrent Rebuild Remembered Sets
[2020-09-24T19:59:59.533-0400][gc,marking    ] GC(22) Concurrent Rebuild Remembered Sets 8.426ms
[2020-09-24T19:59:59.533-0400][gc,start      ] GC(22) Pause Cleanup
[2020-09-24T19:59:59.533-0400][gc            ] GC(22) Pause Cleanup 142M->142M(259M) 0.179ms
[2020-09-24T19:59:59.533-0400][gc,cpu        ] GC(22) User=0.00s Sys=0.00s Real=0.00s
[2020-09-24T19:59:59.533-0400][gc,marking    ] GC(22) Concurrent Cleanup for Next Mark
[2020-09-24T19:59:59.536-0400][gc,marking    ] GC(22) Concurrent Cleanup for Next Mark 2.827ms
[2020-09-24T19:59:59.536-0400][gc            ] GC(22) Concurrent Cycle 39.906ms
[2020-09-24T21:07:59.491-0400][gc,start      ] GC(23) Pause Young (Normal) (G1 Evacuation Pause)
[2020-09-24T21:07:59.491-0400][gc,task       ] GC(23) Using 4 workers of 4 for evacuation
[2020-09-24T21:07:59.496-0400][gc,phases     ] GC(23)   Pre Evacuate Collection Set: 0.2ms
[2020-09-24T21:07:59.497-0400][gc,phases     ] GC(23)   Evacuate Collection Set: 3.1ms
[2020-09-24T21:07:59.497-0400][gc,phases     ] GC(23)   Post Evacuate Collection Set: 1.5ms
[2020-09-24T21:07:59.497-0400][gc,phases     ] GC(23)   Other: 0.3ms
[2020-09-24T21:07:59.497-0400][gc,heap       ] GC(23) Eden regions: 66->0(70)
[2020-09-24T21:07:59.497-0400][gc,heap       ] GC(23) Survivor regions: 1->1(9)
[2020-09-24T21:07:59.497-0400][gc,heap       ] GC(23) Old regions: 14->14
[2020-09-24T21:07:59.497-0400][gc,heap       ] GC(23) Humongous regions: 129->129
[2020-09-24T21:07:59.497-0400][gc,metaspace  ] GC(23) Metaspace: 35277K->35277K(1081344K)
[2020-09-24T21:07:59.497-0400][gc            ] GC(23) Pause Young (Normal) (G1 Evacuation Pause) 208M->142M(259M) 5.190ms
[2020-09-24T21:07:59.497-0400][gc,cpu        ] GC(23) User=0.01s Sys=0.00s Real=0.01s
[2020-09-24T22:20:34.491-0400][gc,start      ] GC(24) Pause Young (Concurrent Start) (G1 Evacuation Pause)
[2020-09-24T22:20:34.491-0400][gc,task       ] GC(24) Using 4 workers of 4 for evacuation
[2020-09-24T22:20:34.496-0400][gc,phases     ] GC(24)   Pre Evacuate Collection Set: 0.7ms
[2020-09-24T22:20:34.496-0400][gc,phases     ] GC(24)   Evacuate Collection Set: 2.8ms
[2020-09-24T22:20:34.496-0400][gc,phases     ] GC(24)   Post Evacuate Collection Set: 1.1ms
[2020-09-24T22:20:34.496-0400][gc,phases     ] GC(24)   Other: 0.6ms
[2020-09-24T22:20:34.496-0400][gc,heap       ] GC(24) Eden regions: 70->0(73)
[2020-09-24T22:20:34.496-0400][gc,heap       ] GC(24) Survivor regions: 1->1(9)
[2020-09-24T22:20:34.496-0400][gc,heap       ] GC(24) Old regions: 14->14
[2020-09-24T22:20:34.496-0400][gc,heap       ] GC(24) Humongous regions: 129->129
[2020-09-24T22:20:34.496-0400][gc,metaspace  ] GC(24) Metaspace: 35337K->35337K(1081344K)
[2020-09-24T22:20:34.496-0400][gc            ] GC(24) Pause Young (Concurrent Start) (G1 Evacuation Pause) 212M->142M(259M) 5.178ms
[2020-09-24T22:20:34.496-0400][gc,cpu        ] GC(24) User=0.01s Sys=0.00s Real=0.01s
[2020-09-24T22:20:34.496-0400][gc            ] GC(25) Concurrent Cycle
[2020-09-24T22:20:34.496-0400][gc,marking    ] GC(25) Concurrent Clear Claimed Marks
[2020-09-24T22:20:34.496-0400][gc,marking    ] GC(25) Concurrent Clear Claimed Marks 0.035ms
[2020-09-24T22:20:34.496-0400][gc,marking    ] GC(25) Concurrent Scan Root Regions
[2020-09-24T22:20:34.499-0400][gc,marking    ] GC(25) Concurrent Scan Root Regions 2.539ms
[2020-09-24T22:20:34.499-0400][gc,marking    ] GC(25) Concurrent Mark (18235.062s)
[2020-09-24T22:20:34.499-0400][gc,marking    ] GC(25) Concurrent Mark From Roots
[2020-09-24T22:20:34.499-0400][gc,task       ] GC(25) Using 1 workers of 1 for marking
[2020-09-24T22:20:34.522-0400][gc,marking    ] GC(25) Concurrent Mark From Roots 23.462ms
[2020-09-24T22:20:34.522-0400][gc,marking    ] GC(25) Concurrent Preclean
[2020-09-24T22:20:34.522-0400][gc,marking    ] GC(25) Concurrent Preclean 0.111ms
[2020-09-24T22:20:34.522-0400][gc,marking    ] GC(25) Concurrent Mark (18235.062s, 18235.086s) 23.625ms
[2020-09-24T22:20:34.523-0400][gc,start      ] GC(25) Pause Remark
[2020-09-24T22:20:34.528-0400][gc,stringtable] GC(25) Cleaned string and symbol table, strings: 10824 processed, 0 removed, symbols: 81087 processed, 0 removed
[2020-09-24T22:20:34.528-0400][gc            ] GC(25) Pause Remark 142M->142M(259M) 5.031ms
[2020-09-24T22:20:34.528-0400][gc,cpu        ] GC(25) User=0.01s Sys=0.00s Real=0.01s
[2020-09-24T22:20:34.528-0400][gc,marking    ] GC(25) Concurrent Rebuild Remembered Sets
[2020-09-24T22:20:34.536-0400][gc,marking    ] GC(25) Concurrent Rebuild Remembered Sets 8.324ms
[2020-09-24T22:20:34.537-0400][gc,start      ] GC(25) Pause Cleanup
[2020-09-24T22:20:34.537-0400][gc            ] GC(25) Pause Cleanup 142M->142M(259M) 0.235ms
[2020-09-24T22:20:34.537-0400][gc,cpu        ] GC(25) User=0.00s Sys=0.00s Real=0.00s
[2020-09-24T22:20:34.537-0400][gc,marking    ] GC(25) Concurrent Cleanup for Next Mark
[2020-09-24T22:20:34.543-0400][gc,marking    ] GC(25) Concurrent Cleanup for Next Mark 5.866ms
[2020-09-24T22:20:34.543-0400][gc            ] GC(25) Concurrent Cycle 46.614ms
[2020-09-24T23:36:19.492-0400][gc,start      ] GC(26) Pause Young (Normal) (G1 Evacuation Pause)
[2020-09-24T23:36:19.492-0400][gc,task       ] GC(26) Using 4 workers of 4 for evacuation
[2020-09-24T23:36:19.499-0400][gc,phases     ] GC(26)   Pre Evacuate Collection Set: 0.3ms
[2020-09-24T23:36:19.499-0400][gc,phases     ] GC(26)   Evacuate Collection Set: 5.2ms
[2020-09-24T23:36:19.499-0400][gc,phases     ] GC(26)   Post Evacuate Collection Set: 1.2ms
[2020-09-24T23:36:19.499-0400][gc,phases     ] GC(26)   Other: 0.3ms
[2020-09-24T23:36:19.499-0400][gc,heap       ] GC(26) Eden regions: 73->0(75)
[2020-09-24T23:36:19.499-0400][gc,heap       ] GC(26) Survivor regions: 1->1(10)
[2020-09-24T23:36:19.499-0400][gc,heap       ] GC(26) Old regions: 14->14
[2020-09-24T23:36:19.499-0400][gc,heap       ] GC(26) Humongous regions: 129->129
[2020-09-24T23:36:19.499-0400][gc,metaspace  ] GC(26) Metaspace: 35350K->35350K(1081344K)
[2020-09-24T23:36:19.499-0400][gc            ] GC(26) Pause Young (Normal) (G1 Evacuation Pause) 215M->142M(259M) 6.965ms
[2020-09-24T23:36:19.499-0400][gc,cpu        ] GC(26) User=0.01s Sys=0.01s Real=0.01s
[2020-09-25T00:54:24.491-0400][gc,start      ] GC(27) Pause Young (Concurrent Start) (G1 Evacuation Pause)
[2020-09-25T00:54:24.491-0400][gc,task       ] GC(27) Using 4 workers of 4 for evacuation
[2020-09-25T00:54:24.497-0400][gc,phases     ] GC(27)   Pre Evacuate Collection Set: 0.9ms
[2020-09-25T00:54:24.498-0400][gc,phases     ] GC(27)   Evacuate Collection Set: 3.6ms
[2020-09-25T00:54:24.498-0400][gc,phases     ] GC(27)   Post Evacuate Collection Set: 1.0ms
[2020-09-25T00:54:24.498-0400][gc,phases     ] GC(27)   Other: 0.8ms
[2020-09-25T00:54:24.498-0400][gc,heap       ] GC(27) Eden regions: 75->0(76)
[2020-09-25T00:54:24.498-0400][gc,heap       ] GC(27) Survivor regions: 1->1(10)
[2020-09-25T00:54:24.498-0400][gc,heap       ] GC(27) Old regions: 14->14
[2020-09-25T00:54:24.498-0400][gc,heap       ] GC(27) Humongous regions: 129->129
[2020-09-25T00:54:24.498-0400][gc,metaspace  ] GC(27) Metaspace: 35365K->35365K(1081344K)
[2020-09-25T00:54:24.498-0400][gc            ] GC(27) Pause Young (Concurrent Start) (G1 Evacuation Pause) 217M->142M(259M) 6.341ms
[2020-09-25T00:54:24.498-0400][gc,cpu        ] GC(27) User=0.02s Sys=0.00s Real=0.01s
[2020-09-25T00:54:24.498-0400][gc            ] GC(28) Concurrent Cycle
[2020-09-25T00:54:24.498-0400][gc,marking    ] GC(28) Concurrent Clear Claimed Marks
[2020-09-25T00:54:24.498-0400][gc,marking    ] GC(28) Concurrent Clear Claimed Marks 0.073ms
[2020-09-25T00:54:24.498-0400][gc,marking    ] GC(28) Concurrent Scan Root Regions
[2020-09-25T00:54:24.500-0400][gc,marking    ] GC(28) Concurrent Scan Root Regions 2.476ms
[2020-09-25T00:54:24.500-0400][gc,marking    ] GC(28) Concurrent Mark (27465.064s)
[2020-09-25T00:54:24.500-0400][gc,marking    ] GC(28) Concurrent Mark From Roots
[2020-09-25T00:54:24.500-0400][gc,task       ] GC(28) Using 1 workers of 1 for marking
[2020-09-25T00:54:24.526-0400][gc,marking    ] GC(28) Concurrent Mark From Roots 25.756ms
[2020-09-25T00:54:24.526-0400][gc,marking    ] GC(28) Concurrent Preclean
[2020-09-25T00:54:24.526-0400][gc,marking    ] GC(28) Concurrent Preclean 0.118ms
[2020-09-25T00:54:24.526-0400][gc,marking    ] GC(28) Concurrent Mark (27465.064s, 27465.089s) 25.930ms
[2020-09-25T00:54:24.527-0400][gc,start      ] GC(28) Pause Remark
[2020-09-25T00:54:24.533-0400][gc,stringtable] GC(28) Cleaned string and symbol table, strings: 10844 processed, 0 removed, symbols: 81087 processed, 0 removed
[2020-09-25T00:54:24.533-0400][gc            ] GC(28) Pause Remark 142M->142M(259M) 6.334ms
[2020-09-25T00:54:24.533-0400][gc,cpu        ] GC(28) User=0.02s Sys=0.00s Real=0.00s
[2020-09-25T00:54:24.533-0400][gc,marking    ] GC(28) Concurrent Rebuild Remembered Sets
[2020-09-25T00:54:24.541-0400][gc,marking    ] GC(28) Concurrent Rebuild Remembered Sets 8.296ms
[2020-09-25T00:54:24.542-0400][gc,start      ] GC(28) Pause Cleanup
[2020-09-25T00:54:24.542-0400][gc            ] GC(28) Pause Cleanup 142M->142M(259M) 0.265ms
[2020-09-25T00:54:24.542-0400][gc,cpu        ] GC(28) User=0.00s Sys=0.00s Real=0.00s
[2020-09-25T00:54:24.542-0400][gc,marking    ] GC(28) Concurrent Cleanup for Next Mark
[2020-09-25T00:54:24.549-0400][gc,marking    ] GC(28) Concurrent Cleanup for Next Mark 6.957ms
[2020-09-25T00:54:24.549-0400][gc            ] GC(28) Concurrent Cycle 51.191ms
[2020-09-25T02:13:37.566-0400][gc,start      ] GC(29) Pause Young (Normal) (G1 Evacuation Pause)
[2020-09-25T02:13:37.566-0400][gc,task       ] GC(29) Using 4 workers of 4 for evacuation
[2020-09-25T02:13:37.573-0400][gc,phases     ] GC(29)   Pre Evacuate Collection Set: 0.3ms
[2020-09-25T02:13:37.573-0400][gc,phases     ] GC(29)   Evacuate Collection Set: 5.2ms
[2020-09-25T02:13:37.573-0400][gc,phases     ] GC(29)   Post Evacuate Collection Set: 1.5ms
[2020-09-25T02:13:37.573-0400][gc,phases     ] GC(29)   Other: 0.3ms
[2020-09-25T02:13:37.573-0400][gc,heap       ] GC(29) Eden regions: 76->0(77)
[2020-09-25T02:13:37.573-0400][gc,heap       ] GC(29) Survivor regions: 1->1(10)
[2020-09-25T02:13:37.573-0400][gc,heap       ] GC(29) Old regions: 14->14
[2020-09-25T02:13:37.573-0400][gc,heap       ] GC(29) Humongous regions: 129->129
[2020-09-25T02:13:37.573-0400][gc,metaspace  ] GC(29) Metaspace: 35415K->35415K(1081344K)
[2020-09-25T02:13:37.573-0400][gc            ] GC(29) Pause Young (Normal) (G1 Evacuation Pause) 218M->142M(259M) 7.428ms
[2020-09-25T02:13:37.573-0400][gc,cpu        ] GC(29) User=0.01s Sys=0.00s Real=0.00s
[2020-09-25T03:34:09.491-0400][gc,start      ] GC(30) Pause Young (Concurrent Start) (G1 Evacuation Pause)
[2020-09-25T03:34:09.491-0400][gc,task       ] GC(30) Using 4 workers of 4 for evacuation
[2020-09-25T03:34:09.498-0400][gc,phases     ] GC(30)   Pre Evacuate Collection Set: 0.9ms
[2020-09-25T03:34:09.498-0400][gc,phases     ] GC(30)   Evacuate Collection Set: 4.2ms
[2020-09-25T03:34:09.498-0400][gc,phases     ] GC(30)   Post Evacuate Collection Set: 1.0ms
[2020-09-25T03:34:09.498-0400][gc,phases     ] GC(30)   Other: 0.9ms
[2020-09-25T03:34:09.498-0400][gc,heap       ] GC(30) Eden regions: 77->0(78)
[2020-09-25T03:34:09.498-0400][gc,heap       ] GC(30) Survivor regions: 1->1(10)
[2020-09-25T03:34:09.498-0400][gc,heap       ] GC(30) Old regions: 14->14
[2020-09-25T03:34:09.498-0400][gc,heap       ] GC(30) Humongous regions: 129->129
[2020-09-25T03:34:09.498-0400][gc,metaspace  ] GC(30) Metaspace: 35429K->35429K(1081344K)
[2020-09-25T03:34:09.498-0400][gc            ] GC(30) Pause Young (Concurrent Start) (G1 Evacuation Pause) 219M->142M(259M) 7.078ms
[2020-09-25T03:34:09.498-0400][gc,cpu        ] GC(30) User=0.02s Sys=0.00s Real=0.01s
[2020-09-25T03:34:09.498-0400][gc            ] GC(31) Concurrent Cycle
[2020-09-25T03:34:09.498-0400][gc,marking    ] GC(31) Concurrent Clear Claimed Marks
[2020-09-25T03:34:09.498-0400][gc,marking    ] GC(31) Concurrent Clear Claimed Marks 0.037ms
[2020-09-25T03:34:09.498-0400][gc,marking    ] GC(31) Concurrent Scan Root Regions
[2020-09-25T03:34:09.502-0400][gc,marking    ] GC(31) Concurrent Scan Root Regions 3.160ms
[2020-09-25T03:34:09.502-0400][gc,marking    ] GC(31) Concurrent Mark (37050.065s)
[2020-09-25T03:34:09.502-0400][gc,marking    ] GC(31) Concurrent Mark From Roots
[2020-09-25T03:34:09.502-0400][gc,task       ] GC(31) Using 1 workers of 1 for marking
[2020-09-25T03:34:09.529-0400][gc,marking    ] GC(31) Concurrent Mark From Roots 27.062ms
[2020-09-25T03:34:09.529-0400][gc,marking    ] GC(31) Concurrent Preclean
[2020-09-25T03:34:09.529-0400][gc,marking    ] GC(31) Concurrent Preclean 0.118ms
[2020-09-25T03:34:09.529-0400][gc,marking    ] GC(31) Concurrent Mark (37050.065s, 37050.092s) 27.234ms
[2020-09-25T03:34:09.529-0400][gc,start      ] GC(31) Pause Remark
[2020-09-25T03:34:09.536-0400][gc,stringtable] GC(31) Cleaned string and symbol table, strings: 10872 processed, 0 removed, symbols: 81090 processed, 0 removed
[2020-09-25T03:34:09.536-0400][gc            ] GC(31) Pause Remark 142M->142M(259M) 7.038ms
[2020-09-25T03:34:09.536-0400][gc,cpu        ] GC(31) User=0.03s Sys=0.00s Real=0.01s
[2020-09-25T03:34:09.536-0400][gc,marking    ] GC(31) Concurrent Rebuild Remembered Sets
[2020-09-25T03:34:09.544-0400][gc,marking    ] GC(31) Concurrent Rebuild Remembered Sets 8.275ms
[2020-09-25T03:34:09.545-0400][gc,start      ] GC(31) Pause Cleanup
[2020-09-25T03:34:09.545-0400][gc            ] GC(31) Pause Cleanup 142M->142M(259M) 0.217ms
[2020-09-25T03:34:09.545-0400][gc,cpu        ] GC(31) User=0.00s Sys=0.00s Real=0.00s
[2020-09-25T03:34:09.545-0400][gc,marking    ] GC(31) Concurrent Cleanup for Next Mark
[2020-09-25T03:34:09.553-0400][gc,marking    ] GC(31) Concurrent Cleanup for Next Mark 7.928ms
[2020-09-25T03:34:09.553-0400][gc            ] GC(31) Concurrent Cycle 54.652ms
[2020-09-25T04:55:21.662-0400][gc,start      ] GC(32) Pause Young (Normal) (G1 Evacuation Pause)
[2020-09-25T04:55:21.662-0400][gc,task       ] GC(32) Using 4 workers of 4 for evacuation
[2020-09-25T04:55:21.669-0400][gc,phases     ] GC(32)   Pre Evacuate Collection Set: 0.3ms
[2020-09-25T04:55:21.669-0400][gc,phases     ] GC(32)   Evacuate Collection Set: 4.2ms
[2020-09-25T04:55:21.669-0400][gc,phases     ] GC(32)   Post Evacuate Collection Set: 2.8ms
[2020-09-25T04:55:21.669-0400][gc,phases     ] GC(32)   Other: 0.4ms
[2020-09-25T04:55:21.669-0400][gc,heap       ] GC(32) Eden regions: 78->0(78)
[2020-09-25T04:55:21.669-0400][gc,heap       ] GC(32) Survivor regions: 1->1(10)
[2020-09-25T04:55:21.669-0400][gc,heap       ] GC(32) Old regions: 14->14
[2020-09-25T04:55:21.669-0400][gc,heap       ] GC(32) Humongous regions: 129->129
[2020-09-25T04:55:21.669-0400][gc,metaspace  ] GC(32) Metaspace: 35450K->35450K(1081344K)
[2020-09-25T04:55:21.669-0400][gc            ] GC(32) Pause Young (Normal) (G1 Evacuation Pause) 220M->142M(259M) 7.701ms
[2020-09-25T04:55:21.669-0400][gc,cpu        ] GC(32) User=0.02s Sys=0.00s Real=0.01s
[2020-09-25T06:16:52.508-0400][gc,start      ] GC(33) Pause Young (Concurrent Start) (G1 Evacuation Pause)
[2020-09-25T06:16:52.517-0400][gc,task       ] GC(33) Using 4 workers of 4 for evacuation
[2020-09-25T06:16:52.527-0400][gc,phases     ] GC(33)   Pre Evacuate Collection Set: 0.9ms
[2020-09-25T06:16:52.527-0400][gc,phases     ] GC(33)   Evacuate Collection Set: 7.0ms
[2020-09-25T06:16:52.527-0400][gc,phases     ] GC(33)   Post Evacuate Collection Set: 1.5ms
[2020-09-25T06:16:52.527-0400][gc,phases     ] GC(33)   Other: 13.1ms
[2020-09-25T06:16:52.527-0400][gc,heap       ] GC(33) Eden regions: 78->0(79)
[2020-09-25T06:16:52.527-0400][gc,heap       ] GC(33) Survivor regions: 1->1(10)
[2020-09-25T06:16:52.527-0400][gc,heap       ] GC(33) Old regions: 14->14
[2020-09-25T06:16:52.527-0400][gc,heap       ] GC(33) Humongous regions: 129->129
[2020-09-25T06:16:52.527-0400][gc,metaspace  ] GC(33) Metaspace: 35455K->35455K(1081344K)
[2020-09-25T06:16:52.527-0400][gc            ] GC(33) Pause Young (Concurrent Start) (G1 Evacuation Pause) 220M->142M(259M) 19.022ms
[2020-09-25T06:16:52.527-0400][gc,cpu        ] GC(33) User=0.03s Sys=0.00s Real=0.02s
[2020-09-25T06:16:52.528-0400][gc            ] GC(34) Concurrent Cycle
[2020-09-25T06:16:52.528-0400][gc,marking    ] GC(34) Concurrent Clear Claimed Marks
[2020-09-25T06:16:52.528-0400][gc,marking    ] GC(34) Concurrent Clear Claimed Marks 0.087ms
[2020-09-25T06:16:52.528-0400][gc,marking    ] GC(34) Concurrent Scan Root Regions
[2020-09-25T06:16:52.531-0400][gc,marking    ] GC(34) Concurrent Scan Root Regions 2.793ms
[2020-09-25T06:16:52.531-0400][gc,marking    ] GC(34) Concurrent Mark (46813.094s)
[2020-09-25T06:16:52.531-0400][gc,marking    ] GC(34) Concurrent Mark From Roots
[2020-09-25T06:16:52.531-0400][gc,task       ] GC(34) Using 1 workers of 1 for marking
[2020-09-25T06:16:52.559-0400][gc,marking    ] GC(34) Concurrent Mark From Roots 28.423ms
[2020-09-25T06:16:52.559-0400][gc,marking    ] GC(34) Concurrent Preclean
[2020-09-25T06:16:52.559-0400][gc,marking    ] GC(34) Concurrent Preclean 0.146ms
[2020-09-25T06:16:52.559-0400][gc,marking    ] GC(34) Concurrent Mark (46813.094s, 46813.122s) 28.627ms
[2020-09-25T06:16:52.560-0400][gc,start      ] GC(34) Pause Remark
[2020-09-25T06:16:52.569-0400][gc,stringtable] GC(34) Cleaned string and symbol table, strings: 10888 processed, 0 removed, symbols: 81090 processed, 0 removed
[2020-09-25T06:16:52.570-0400][gc            ] GC(34) Pause Remark 142M->142M(259M) 10.015ms
[2020-09-25T06:16:52.570-0400][gc,cpu        ] GC(34) User=0.03s Sys=0.00s Real=0.01s
[2020-09-25T06:16:52.570-0400][gc,marking    ] GC(34) Concurrent Rebuild Remembered Sets
[2020-09-25T06:16:52.578-0400][gc,marking    ] GC(34) Concurrent Rebuild Remembered Sets 8.649ms
[2020-09-25T06:16:52.579-0400][gc,start      ] GC(34) Pause Cleanup
[2020-09-25T06:16:52.579-0400][gc            ] GC(34) Pause Cleanup 142M->142M(259M) 0.195ms
[2020-09-25T06:16:52.579-0400][gc,cpu        ] GC(34) User=0.00s Sys=0.00s Real=0.00s
[2020-09-25T06:16:52.579-0400][gc,marking    ] GC(34) Concurrent Cleanup for Next Mark
[2020-09-25T06:16:52.587-0400][gc,marking    ] GC(34) Concurrent Cleanup for Next Mark 8.094ms
[2020-09-25T06:16:52.587-0400][gc            ] GC(34) Concurrent Cycle 59.354ms
[2020-09-25T07:38:57.439-0400][gc,start      ] GC(35) Pause Young (Normal) (G1 Evacuation Pause)
[2020-09-25T07:38:57.439-0400][gc,task       ] GC(35) Using 4 workers of 4 for evacuation
[2020-09-25T07:38:57.446-0400][gc,phases     ] GC(35)   Pre Evacuate Collection Set: 0.6ms
[2020-09-25T07:38:57.446-0400][gc,phases     ] GC(35)   Evacuate Collection Set: 4.8ms
[2020-09-25T07:38:57.446-0400][gc,phases     ] GC(35)   Post Evacuate Collection Set: 1.4ms
[2020-09-25T07:38:57.446-0400][gc,phases     ] GC(35)   Other: 0.4ms
[2020-09-25T07:38:57.446-0400][gc,heap       ] GC(35) Eden regions: 79->0(79)
[2020-09-25T07:38:57.446-0400][gc,heap       ] GC(35) Survivor regions: 1->1(10)
[2020-09-25T07:38:57.446-0400][gc,heap       ] GC(35) Old regions: 14->14
[2020-09-25T07:38:57.446-0400][gc,heap       ] GC(35) Humongous regions: 129->129
[2020-09-25T07:38:57.446-0400][gc,metaspace  ] GC(35) Metaspace: 35464K->35464K(1081344K)
[2020-09-25T07:38:57.446-0400][gc            ] GC(35) Pause Young (Normal) (G1 Evacuation Pause) 221M->142M(259M) 7.062ms
[2020-09-25T07:38:57.446-0400][gc,cpu        ] GC(35) User=0.02s Sys=0.00s Real=0.01s
[2020-09-25T09:01:11.624-0400][gc,start      ] GC(36) Pause Young (Concurrent Start) (G1 Evacuation Pause)
[2020-09-25T09:01:11.624-0400][gc,task       ] GC(36) Using 4 workers of 4 for evacuation
[2020-09-25T09:01:11.630-0400][gc,phases     ] GC(36)   Pre Evacuate Collection Set: 0.8ms
[2020-09-25T09:01:11.630-0400][gc,phases     ] GC(36)   Evacuate Collection Set: 3.6ms
[2020-09-25T09:01:11.630-0400][gc,phases     ] GC(36)   Post Evacuate Collection Set: 1.3ms
[2020-09-25T09:01:11.630-0400][gc,phases     ] GC(36)   Other: 0.9ms
[2020-09-25T09:01:11.630-0400][gc,heap       ] GC(36) Eden regions: 79->0(80)
[2020-09-25T09:01:11.630-0400][gc,heap       ] GC(36) Survivor regions: 1->1(10)
[2020-09-25T09:01:11.630-0400][gc,heap       ] GC(36) Old regions: 14->14
[2020-09-25T09:01:11.630-0400][gc,heap       ] GC(36) Humongous regions: 129->129
[2020-09-25T09:01:11.630-0400][gc,metaspace  ] GC(36) Metaspace: 35477K->35477K(1081344K)
[2020-09-25T09:01:11.630-0400][gc            ] GC(36) Pause Young (Concurrent Start) (G1 Evacuation Pause) 221M->142M(259M) 6.541ms
[2020-09-25T09:01:11.630-0400][gc,cpu        ] GC(36) User=0.01s Sys=0.00s Real=0.01s
[2020-09-25T09:01:11.630-0400][gc            ] GC(37) Concurrent Cycle
[2020-09-25T09:01:11.630-0400][gc,marking    ] GC(37) Concurrent Clear Claimed Marks
[2020-09-25T09:01:11.630-0400][gc,marking    ] GC(37) Concurrent Clear Claimed Marks 0.039ms
[2020-09-25T09:01:11.630-0400][gc,marking    ] GC(37) Concurrent Scan Root Regions
[2020-09-25T09:01:11.633-0400][gc,marking    ] GC(37) Concurrent Scan Root Regions 2.511ms
[2020-09-25T09:01:11.633-0400][gc,marking    ] GC(37) Concurrent Mark (56672.196s)
[2020-09-25T09:01:11.633-0400][gc,marking    ] GC(37) Concurrent Mark From Roots
[2020-09-25T09:01:11.633-0400][gc,task       ] GC(37) Using 1 workers of 1 for marking
[2020-09-25T09:01:11.661-0400][gc,marking    ] GC(37) Concurrent Mark From Roots 27.894ms
[2020-09-25T09:01:11.661-0400][gc,marking    ] GC(37) Concurrent Preclean
[2020-09-25T09:01:11.661-0400][gc,marking    ] GC(37) Concurrent Preclean 0.148ms
[2020-09-25T09:01:11.661-0400][gc,marking    ] GC(37) Concurrent Mark (56672.196s, 56672.224s) 28.100ms
[2020-09-25T09:01:11.661-0400][gc,start      ] GC(37) Pause Remark
[2020-09-25T09:01:11.670-0400][gc,stringtable] GC(37) Cleaned string and symbol table, strings: 10914 processed, 0 removed, symbols: 81090 processed, 0 removed
[2020-09-25T09:01:11.671-0400][gc            ] GC(37) Pause Remark 142M->142M(259M) 9.243ms
[2020-09-25T09:01:11.671-0400][gc,cpu        ] GC(37) User=0.02s Sys=0.00s Real=0.01s
[2020-09-25T09:01:11.671-0400][gc,marking    ] GC(37) Concurrent Rebuild Remembered Sets
[2020-09-25T09:01:11.679-0400][gc,marking    ] GC(37) Concurrent Rebuild Remembered Sets 8.440ms
[2020-09-25T09:01:11.679-0400][gc,start      ] GC(37) Pause Cleanup
[2020-09-25T09:01:11.680-0400][gc            ] GC(37) Pause Cleanup 142M->142M(259M) 0.186ms
[2020-09-25T09:01:11.680-0400][gc,cpu        ] GC(37) User=0.00s Sys=0.00s Real=0.00s
[2020-09-25T09:01:11.680-0400][gc,marking    ] GC(37) Concurrent Cleanup for Next Mark
[2020-09-25T09:01:11.689-0400][gc,marking    ] GC(37) Concurrent Cleanup for Next Mark 9.012ms
[2020-09-25T09:01:11.689-0400][gc            ] GC(37) Concurrent Cycle 58.435ms
[2020-09-25T10:24:26.413-0400][gc,start      ] GC(38) Pause Young (Normal) (G1 Evacuation Pause)
[2020-09-25T10:24:26.413-0400][gc,task       ] GC(38) Using 4 workers of 4 for evacuation
[2020-09-25T10:24:26.417-0400][gc,phases     ] GC(38)   Pre Evacuate Collection Set: 0.2ms
[2020-09-25T10:24:26.418-0400][gc,phases     ] GC(38)   Evacuate Collection Set: 3.4ms
[2020-09-25T10:24:26.418-0400][gc,phases     ] GC(38)   Post Evacuate Collection Set: 1.0ms
[2020-09-25T10:24:26.418-0400][gc,phases     ] GC(38)   Other: 0.2ms
[2020-09-25T10:24:26.418-0400][gc,heap       ] GC(38) Eden regions: 80->0(80)
[2020-09-25T10:24:26.418-0400][gc,heap       ] GC(38) Survivor regions: 1->1(11)
[2020-09-25T10:24:26.418-0400][gc,heap       ] GC(38) Old regions: 14->14
[2020-09-25T10:24:26.418-0400][gc,heap       ] GC(38) Humongous regions: 129->129
[2020-09-25T10:24:26.418-0400][gc,metaspace  ] GC(38) Metaspace: 35490K->35490K(1081344K)
[2020-09-25T10:24:26.418-0400][gc            ] GC(38) Pause Young (Normal) (G1 Evacuation Pause) 222M->142M(259M) 4.903ms
[2020-09-25T10:24:26.418-0400][gc,cpu        ] GC(38) User=0.01s Sys=0.00s Real=0.01s
[2020-09-25T11:48:07.397-0400][gc,start      ] GC(39) Pause Young (Concurrent Start) (G1 Evacuation Pause)
[2020-09-25T11:48:07.397-0400][gc,task       ] GC(39) Using 4 workers of 4 for evacuation
[2020-09-25T11:48:07.402-0400][gc,phases     ] GC(39)   Pre Evacuate Collection Set: 0.3ms
[2020-09-25T11:48:07.402-0400][gc,phases     ] GC(39)   Evacuate Collection Set: 4.2ms
[2020-09-25T11:48:07.402-0400][gc,phases     ] GC(39)   Post Evacuate Collection Set: 0.8ms
[2020-09-25T11:48:07.402-0400][gc,phases     ] GC(39)   Other: 0.4ms
[2020-09-25T11:48:07.402-0400][gc,heap       ] GC(39) Eden regions: 80->0(80)
[2020-09-25T11:48:07.402-0400][gc,heap       ] GC(39) Survivor regions: 1->1(11)
[2020-09-25T11:48:07.402-0400][gc,heap       ] GC(39) Old regions: 14->15
[2020-09-25T11:48:07.402-0400][gc,heap       ] GC(39) Humongous regions: 129->129
[2020-09-25T11:48:07.402-0400][gc,metaspace  ] GC(39) Metaspace: 35508K->35508K(1081344K)
[2020-09-25T11:48:07.402-0400][gc            ] GC(39) Pause Young (Concurrent Start) (G1 Evacuation Pause) 222M->142M(259M) 5.760ms
[2020-09-25T11:48:07.402-0400][gc,cpu        ] GC(39) User=0.01s Sys=0.00s Real=0.00s
[2020-09-25T11:48:07.402-0400][gc            ] GC(40) Concurrent Cycle
[2020-09-25T11:48:07.402-0400][gc,marking    ] GC(40) Concurrent Clear Claimed Marks
[2020-09-25T11:48:07.403-0400][gc,marking    ] GC(40) Concurrent Clear Claimed Marks 0.047ms
[2020-09-25T11:48:07.403-0400][gc,marking    ] GC(40) Concurrent Scan Root Regions
[2020-09-25T11:48:07.403-0400][gc,marking    ] GC(40) Concurrent Scan Root Regions 0.757ms
[2020-09-25T11:48:07.403-0400][gc,marking    ] GC(40) Concurrent Mark (66687.966s)
[2020-09-25T11:48:07.403-0400][gc,marking    ] GC(40) Concurrent Mark From Roots
[2020-09-25T11:48:07.403-0400][gc,task       ] GC(40) Using 1 workers of 1 for marking
[2020-09-25T11:48:07.426-0400][gc,marking    ] GC(40) Concurrent Mark From Roots 22.577ms
[2020-09-25T11:48:07.426-0400][gc,marking    ] GC(40) Concurrent Preclean
[2020-09-25T11:48:07.426-0400][gc,marking    ] GC(40) Concurrent Preclean 0.099ms
[2020-09-25T11:48:07.426-0400][gc,marking    ] GC(40) Concurrent Mark (66687.966s, 66687.989s) 22.727ms
[2020-09-25T11:48:07.426-0400][gc,start      ] GC(40) Pause Remark
[2020-09-25T11:48:07.435-0400][gc,stringtable] GC(40) Cleaned string and symbol table, strings: 10916 processed, 0 removed, symbols: 81090 processed, 0 removed
[2020-09-25T11:48:07.435-0400][gc            ] GC(40) Pause Remark 142M->142M(259M) 9.112ms
[2020-09-25T11:48:07.435-0400][gc,cpu        ] GC(40) User=0.02s Sys=0.00s Real=0.01s
[2020-09-25T11:48:07.436-0400][gc,marking    ] GC(40) Concurrent Rebuild Remembered Sets
[2020-09-25T11:48:07.445-0400][gc,marking    ] GC(40) Concurrent Rebuild Remembered Sets 9.178ms
[2020-09-25T11:48:07.445-0400][gc,start      ] GC(40) Pause Cleanup
[2020-09-25T11:48:07.445-0400][gc            ] GC(40) Pause Cleanup 142M->142M(259M) 0.161ms
[2020-09-25T11:48:07.445-0400][gc,cpu        ] GC(40) User=0.00s Sys=0.00s Real=0.00s
[2020-09-25T11:48:07.445-0400][gc,marking    ] GC(40) Concurrent Cleanup for Next Mark
[2020-09-25T11:48:07.451-0400][gc,marking    ] GC(40) Concurrent Cleanup for Next Mark 5.483ms
[2020-09-25T11:48:07.451-0400][gc            ] GC(40) Concurrent Cycle 48.291ms
[2020-09-25T13:11:24.219-0400][gc,start      ] GC(41) Pause Young (Normal) (G1 Evacuation Pause)
[2020-09-25T13:11:24.219-0400][gc,task       ] GC(41) Using 4 workers of 4 for evacuation
[2020-09-25T13:11:24.222-0400][gc,phases     ] GC(41)   Pre Evacuate Collection Set: 0.3ms
[2020-09-25T13:11:24.222-0400][gc,phases     ] GC(41)   Evacuate Collection Set: 1.9ms
[2020-09-25T13:11:24.222-0400][gc,phases     ] GC(41)   Post Evacuate Collection Set: 0.8ms
[2020-09-25T13:11:24.223-0400][gc,phases     ] GC(41)   Other: 0.2ms
[2020-09-25T13:11:24.223-0400][gc,heap       ] GC(41) Eden regions: 80->0(81)
[2020-09-25T13:11:24.223-0400][gc,heap       ] GC(41) Survivor regions: 1->1(11)
[2020-09-25T13:11:24.223-0400][gc,heap       ] GC(41) Old regions: 15->15
[2020-09-25T13:11:24.223-0400][gc,heap       ] GC(41) Humongous regions: 129->129
[2020-09-25T13:11:24.223-0400][gc,metaspace  ] GC(41) Metaspace: 35520K->35520K(1081344K)
[2020-09-25T13:11:24.223-0400][gc            ] GC(41) Pause Young (Normal) (G1 Evacuation Pause) 222M->142M(259M) 3.284ms
[2020-09-25T13:11:24.223-0400][gc,cpu        ] GC(41) User=0.01s Sys=0.00s Real=0.00s
[2020-09-25T14:35:54.485-0400][gc,start      ] GC(42) Pause Young (Concurrent Start) (G1 Evacuation Pause)
[2020-09-25T14:35:54.485-0400][gc,task       ] GC(42) Using 4 workers of 4 for evacuation
[2020-09-25T14:35:54.489-0400][gc,phases     ] GC(42)   Pre Evacuate Collection Set: 0.3ms
[2020-09-25T14:35:54.489-0400][gc,phases     ] GC(42)   Evacuate Collection Set: 2.6ms
[2020-09-25T14:35:54.489-0400][gc,phases     ] GC(42)   Post Evacuate Collection Set: 0.6ms
[2020-09-25T14:35:54.489-0400][gc,phases     ] GC(42)   Other: 0.5ms
[2020-09-25T14:35:54.489-0400][gc,heap       ] GC(42) Eden regions: 81->0(83)
[2020-09-25T14:35:54.489-0400][gc,heap       ] GC(42) Survivor regions: 1->1(11)
[2020-09-25T14:35:54.489-0400][gc,heap       ] GC(42) Old regions: 15->15
[2020-09-25T14:35:54.489-0400][gc,heap       ] GC(42) Humongous regions: 129->129
[2020-09-25T14:35:54.489-0400][gc,metaspace  ] GC(42) Metaspace: 35590K->35590K(1081344K)
[2020-09-25T14:35:54.489-0400][gc            ] GC(42) Pause Young (Concurrent Start) (G1 Evacuation Pause) 223M->142M(259M) 3.975ms
[2020-09-25T14:35:54.489-0400][gc,cpu        ] GC(42) User=0.01s Sys=0.00s Real=0.00s
[2020-09-25T14:35:54.489-0400][gc            ] GC(43) Concurrent Cycle
[2020-09-25T14:35:54.489-0400][gc,marking    ] GC(43) Concurrent Clear Claimed Marks
[2020-09-25T14:35:54.489-0400][gc,marking    ] GC(43) Concurrent Clear Claimed Marks 0.040ms
[2020-09-25T14:35:54.489-0400][gc,marking    ] GC(43) Concurrent Scan Root Regions
[2020-09-25T14:35:54.490-0400][gc,marking    ] GC(43) Concurrent Scan Root Regions 0.690ms
[2020-09-25T14:35:54.490-0400][gc,marking    ] GC(43) Concurrent Mark (76755.053s)
[2020-09-25T14:35:54.490-0400][gc,marking    ] GC(43) Concurrent Mark From Roots
[2020-09-25T14:35:54.490-0400][gc,task       ] GC(43) Using 1 workers of 1 for marking
[2020-09-25T14:35:54.515-0400][gc,marking    ] GC(43) Concurrent Mark From Roots 25.007ms
[2020-09-25T14:35:54.515-0400][gc,marking    ] GC(43) Concurrent Preclean
[2020-09-25T14:35:54.515-0400][gc,marking    ] GC(43) Concurrent Preclean 0.104ms
[2020-09-25T14:35:54.515-0400][gc,marking    ] GC(43) Concurrent Mark (76755.053s, 76755.078s) 25.212ms
[2020-09-25T14:35:54.515-0400][gc,start      ] GC(43) Pause Remark
[2020-09-25T14:35:54.607-0400][gc,stringtable] GC(43) Cleaned string and symbol table, strings: 10924 processed, 1 removed, symbols: 81090 processed, 0 removed
[2020-09-25T14:35:54.608-0400][gc,mmu        ] GC(43) MMU target violated: 21.0ms (20.0ms/21.0ms)
[2020-09-25T14:35:54.608-0400][gc            ] GC(43) Pause Remark 142M->142M(259M) 92.362ms
[2020-09-25T14:35:54.608-0400][gc,cpu        ] GC(43) User=0.17s Sys=0.00s Real=0.09s
[2020-09-25T14:35:54.608-0400][gc,marking    ] GC(43) Concurrent Rebuild Remembered Sets
[2020-09-25T14:35:54.617-0400][gc,marking    ] GC(43) Concurrent Rebuild Remembered Sets 9.512ms
[2020-09-25T14:35:54.617-0400][gc,start      ] GC(43) Pause Cleanup
[2020-09-25T14:35:54.618-0400][gc            ] GC(43) Pause Cleanup 142M->142M(259M) 0.209ms
[2020-09-25T14:35:54.618-0400][gc,cpu        ] GC(43) User=0.00s Sys=0.00s Real=0.00s
[2020-09-25T14:35:54.618-0400][gc,marking    ] GC(43) Concurrent Cleanup for Next Mark
[2020-09-25T14:35:54.622-0400][gc,marking    ] GC(43) Concurrent Cleanup for Next Mark 3.799ms
[2020-09-25T14:35:54.622-0400][gc            ] GC(43) Concurrent Cycle 132.559ms
[2020-09-25T16:02:33.719-0400][gc,start      ] GC(44) Pause Young (Normal) (G1 Evacuation Pause)
[2020-09-25T16:02:33.719-0400][gc,task       ] GC(44) Using 4 workers of 4 for evacuation
[2020-09-25T16:02:33.723-0400][gc,phases     ] GC(44)   Pre Evacuate Collection Set: 0.1ms
[2020-09-25T16:02:33.723-0400][gc,phases     ] GC(44)   Evacuate Collection Set: 3.5ms
[2020-09-25T16:02:33.723-0400][gc,phases     ] GC(44)   Post Evacuate Collection Set: 0.7ms
[2020-09-25T16:02:33.723-0400][gc,phases     ] GC(44)   Other: 0.2ms
[2020-09-25T16:02:33.723-0400][gc,heap       ] GC(44) Eden regions: 83->0(84)
[2020-09-25T16:02:33.723-0400][gc,heap       ] GC(44) Survivor regions: 1->1(11)
[2020-09-25T16:02:33.723-0400][gc,heap       ] GC(44) Old regions: 15->15
[2020-09-25T16:02:33.723-0400][gc,heap       ] GC(44) Humongous regions: 129->129
[2020-09-25T16:02:33.723-0400][gc,metaspace  ] GC(44) Metaspace: 35625K->35625K(1081344K)
[2020-09-25T16:02:33.723-0400][gc            ] GC(44) Pause Young (Normal) (G1 Evacuation Pause) 225M->142M(259M) 4.460ms
[2020-09-25T16:02:33.723-0400][gc,cpu        ] GC(44) User=0.01s Sys=0.01s Real=0.00s
[2020-09-25T17:30:08.599-0400][gc,start      ] GC(45) Pause Young (Concurrent Start) (G1 Evacuation Pause)
[2020-09-25T17:30:08.599-0400][gc,task       ] GC(45) Using 4 workers of 4 for evacuation
[2020-09-25T17:30:08.602-0400][gc,phases     ] GC(45)   Pre Evacuate Collection Set: 0.2ms
[2020-09-25T17:30:08.602-0400][gc,phases     ] GC(45)   Evacuate Collection Set: 1.3ms
[2020-09-25T17:30:08.602-0400][gc,phases     ] GC(45)   Post Evacuate Collection Set: 1.1ms
[2020-09-25T17:30:08.602-0400][gc,phases     ] GC(45)   Other: 0.3ms
[2020-09-25T17:30:08.602-0400][gc,heap       ] GC(45) Eden regions: 84->0(85)
[2020-09-25T17:30:08.602-0400][gc,heap       ] GC(45) Survivor regions: 1->1(11)
[2020-09-25T17:30:08.602-0400][gc,heap       ] GC(45) Old regions: 15->15
[2020-09-25T17:30:08.602-0400][gc,heap       ] GC(45) Humongous regions: 129->129
[2020-09-25T17:30:08.602-0400][gc,metaspace  ] GC(45) Metaspace: 35629K->35629K(1081344K)
[2020-09-25T17:30:08.602-0400][gc            ] GC(45) Pause Young (Concurrent Start) (G1 Evacuation Pause) 226M->142M(259M) 2.965ms
[2020-09-25T17:30:08.602-0400][gc,cpu        ] GC(45) User=0.00s Sys=0.00s Real=0.00s
[2020-09-25T17:30:08.602-0400][gc            ] GC(46) Concurrent Cycle
[2020-09-25T17:30:08.602-0400][gc,marking    ] GC(46) Concurrent Clear Claimed Marks
[2020-09-25T17:30:08.602-0400][gc,marking    ] GC(46) Concurrent Clear Claimed Marks 0.027ms
[2020-09-25T17:30:08.602-0400][gc,marking    ] GC(46) Concurrent Scan Root Regions
[2020-09-25T17:30:08.603-0400][gc,marking    ] GC(46) Concurrent Scan Root Regions 0.740ms
[2020-09-25T17:30:08.603-0400][gc,marking    ] GC(46) Concurrent Mark (87209.166s)
[2020-09-25T17:30:08.603-0400][gc,marking    ] GC(46) Concurrent Mark From Roots
[2020-09-25T17:30:08.603-0400][gc,task       ] GC(46) Using 1 workers of 1 for marking
[2020-09-25T17:30:08.623-0400][gc,marking    ] GC(46) Concurrent Mark From Roots 20.607ms
[2020-09-25T17:30:08.624-0400][gc,marking    ] GC(46) Concurrent Preclean
[2020-09-25T17:30:08.624-0400][gc,marking    ] GC(46) Concurrent Preclean 0.095ms
[2020-09-25T17:30:08.624-0400][gc,marking    ] GC(46) Concurrent Mark (87209.166s, 87209.187s) 20.783ms
[2020-09-25T17:30:08.624-0400][gc,start      ] GC(46) Pause Remark
[2020-09-25T17:30:08.628-0400][gc,stringtable] GC(46) Cleaned string and symbol table, strings: 10936 processed, 1 removed, symbols: 81090 processed, 3 removed
[2020-09-25T17:30:08.629-0400][gc            ] GC(46) Pause Remark 142M->142M(259M) 4.651ms
[2020-09-25T17:30:08.629-0400][gc,cpu        ] GC(46) User=0.01s Sys=0.00s Real=0.01s
[2020-09-25T17:30:08.629-0400][gc,marking    ] GC(46) Concurrent Rebuild Remembered Sets
[2020-09-25T17:30:08.638-0400][gc,marking    ] GC(46) Concurrent Rebuild Remembered Sets 8.961ms
[2020-09-25T17:30:08.638-0400][gc,start      ] GC(46) Pause Cleanup
[2020-09-25T17:30:08.638-0400][gc            ] GC(46) Pause Cleanup 142M->142M(259M) 0.240ms
[2020-09-25T17:30:08.638-0400][gc,cpu        ] GC(46) User=0.00s Sys=0.00s Real=0.00s
[2020-09-25T17:30:08.638-0400][gc,marking    ] GC(46) Concurrent Cleanup for Next Mark
[2020-09-25T17:30:08.642-0400][gc,marking    ] GC(46) Concurrent Cleanup for Next Mark 3.413ms
[2020-09-25T17:30:08.642-0400][gc            ] GC(46) Concurrent Cycle 39.763ms
[2020-09-25T18:58:39.491-0400][gc,start      ] GC(47) Pause Young (Normal) (G1 Evacuation Pause)
[2020-09-25T18:58:39.491-0400][gc,task       ] GC(47) Using 4 workers of 4 for evacuation
[2020-09-25T18:58:39.494-0400][gc,phases     ] GC(47)   Pre Evacuate Collection Set: 0.1ms
[2020-09-25T18:58:39.494-0400][gc,phases     ] GC(47)   Evacuate Collection Set: 1.8ms
[2020-09-25T18:58:39.494-0400][gc,phases     ] GC(47)   Post Evacuate Collection Set: 0.6ms
[2020-09-25T18:58:39.494-0400][gc,phases     ] GC(47)   Other: 0.2ms
[2020-09-25T18:58:39.494-0400][gc,heap       ] GC(47) Eden regions: 85->0(85)
[2020-09-25T18:58:39.494-0400][gc,heap       ] GC(47) Survivor regions: 1->1(11)
[2020-09-25T18:58:39.494-0400][gc,heap       ] GC(47) Old regions: 15->15
[2020-09-25T18:58:39.494-0400][gc,heap       ] GC(47) Humongous regions: 129->129
[2020-09-25T18:58:39.494-0400][gc,metaspace  ] GC(47) Metaspace: 35629K->35629K(1081344K)
[2020-09-25T18:58:39.494-0400][gc            ] GC(47) Pause Young (Normal) (G1 Evacuation Pause) 227M->142M(259M) 2.691ms
[2020-09-25T18:58:39.494-0400][gc,cpu        ] GC(47) User=0.00s Sys=0.00s Real=0.00s
[2020-09-25T20:27:18.220-0400][gc,start      ] GC(48) Pause Young (Concurrent Start) (G1 Evacuation Pause)
[2020-09-25T20:27:18.220-0400][gc,task       ] GC(48) Using 4 workers of 4 for evacuation
[2020-09-25T20:27:18.222-0400][gc,phases     ] GC(48)   Pre Evacuate Collection Set: 0.2ms
[2020-09-25T20:27:18.222-0400][gc,phases     ] GC(48)   Evacuate Collection Set: 1.3ms
[2020-09-25T20:27:18.222-0400][gc,phases     ] GC(48)   Post Evacuate Collection Set: 0.5ms
[2020-09-25T20:27:18.222-0400][gc,phases     ] GC(48)   Other: 0.4ms
[2020-09-25T20:27:18.222-0400][gc,heap       ] GC(48) Eden regions: 85->0(86)
[2020-09-25T20:27:18.222-0400][gc,heap       ] GC(48) Survivor regions: 1->1(11)
[2020-09-25T20:27:18.222-0400][gc,heap       ] GC(48) Old regions: 15->15
[2020-09-25T20:27:18.222-0400][gc,heap       ] GC(48) Humongous regions: 129->129
[2020-09-25T20:27:18.222-0400][gc,metaspace  ] GC(48) Metaspace: 35636K->35636K(1081344K)
[2020-09-25T20:27:18.222-0400][gc            ] GC(48) Pause Young (Concurrent Start) (G1 Evacuation Pause) 227M->142M(259M) 2.303ms
[2020-09-25T20:27:18.222-0400][gc,cpu        ] GC(48) User=0.01s Sys=0.00s Real=0.00s
[2020-09-25T20:27:18.222-0400][gc            ] GC(49) Concurrent Cycle
[2020-09-25T20:27:18.222-0400][gc,marking    ] GC(49) Concurrent Clear Claimed Marks
[2020-09-25T20:27:18.222-0400][gc,marking    ] GC(49) Concurrent Clear Claimed Marks 0.030ms
[2020-09-25T20:27:18.222-0400][gc,marking    ] GC(49) Concurrent Scan Root Regions
[2020-09-25T20:27:18.223-0400][gc,marking    ] GC(49) Concurrent Scan Root Regions 0.619ms
[2020-09-25T20:27:18.223-0400][gc,marking    ] GC(49) Concurrent Mark (97838.786s)
[2020-09-25T20:27:18.223-0400][gc,marking    ] GC(49) Concurrent Mark From Roots
[2020-09-25T20:27:18.223-0400][gc,task       ] GC(49) Using 1 workers of 1 for marking
[2020-09-25T20:27:18.243-0400][gc,marking    ] GC(49) Concurrent Mark From Roots 20.140ms
[2020-09-25T20:27:18.243-0400][gc,marking    ] GC(49) Concurrent Preclean
[2020-09-25T20:27:18.243-0400][gc,marking    ] GC(49) Concurrent Preclean 0.099ms
[2020-09-25T20:27:18.243-0400][gc,marking    ] GC(49) Concurrent Mark (97838.786s, 97838.807s) 20.329ms
[2020-09-25T20:27:18.244-0400][gc,start      ] GC(49) Pause Remark
[2020-09-25T20:27:18.247-0400][gc,stringtable] GC(49) Cleaned string and symbol table, strings: 10938 processed, 0 removed, symbols: 81087 processed, 0 removed
[2020-09-25T20:27:18.248-0400][gc            ] GC(49) Pause Remark 142M->142M(259M) 4.034ms
[2020-09-25T20:27:18.248-0400][gc,cpu        ] GC(49) User=0.01s Sys=0.00s Real=0.01s
[2020-09-25T20:27:18.248-0400][gc,marking    ] GC(49) Concurrent Rebuild Remembered Sets
[2020-09-25T20:27:18.257-0400][gc,marking    ] GC(49) Concurrent Rebuild Remembered Sets 8.918ms
[2020-09-25T20:27:18.257-0400][gc,start      ] GC(49) Pause Cleanup
[2020-09-25T20:27:18.257-0400][gc            ] GC(49) Pause Cleanup 142M->142M(259M) 0.264ms
[2020-09-25T20:27:18.257-0400][gc,cpu        ] GC(49) User=0.00s Sys=0.00s Real=0.00s
[2020-09-25T20:27:18.257-0400][gc,marking    ] GC(49) Concurrent Cleanup for Next Mark
[2020-09-25T20:27:18.259-0400][gc,marking    ] GC(49) Concurrent Cleanup for Next Mark 2.089ms
[2020-09-25T20:27:18.259-0400][gc            ] GC(49) Concurrent Cycle 37.009ms
[2020-09-25T21:57:10.961-0400][gc,start      ] GC(50) Pause Young (Normal) (G1 Evacuation Pause)
[2020-09-25T21:57:10.961-0400][gc,task       ] GC(50) Using 4 workers of 4 for evacuation
[2020-09-25T21:57:10.964-0400][gc,phases     ] GC(50)   Pre Evacuate Collection Set: 0.2ms
[2020-09-25T21:57:10.964-0400][gc,phases     ] GC(50)   Evacuate Collection Set: 1.8ms
[2020-09-25T21:57:10.964-0400][gc,phases     ] GC(50)   Post Evacuate Collection Set: 0.6ms
[2020-09-25T21:57:10.964-0400][gc,phases     ] GC(50)   Other: 0.2ms
[2020-09-25T21:57:10.964-0400][gc,heap       ] GC(50) Eden regions: 86->0(86)
[2020-09-25T21:57:10.964-0400][gc,heap       ] GC(50) Survivor regions: 1->1(11)
[2020-09-25T21:57:10.964-0400][gc,heap       ] GC(50) Old regions: 15->15
[2020-09-25T21:57:10.964-0400][gc,heap       ] GC(50) Humongous regions: 129->129
[2020-09-25T21:57:10.964-0400][gc,metaspace  ] GC(50) Metaspace: 35640K->35640K(1081344K)
[2020-09-25T21:57:10.964-0400][gc            ] GC(50) Pause Young (Normal) (G1 Evacuation Pause) 228M->142M(259M) 2.875ms
[2020-09-25T21:57:10.964-0400][gc,cpu        ] GC(50) User=0.00s Sys=0.00s Real=0.00s
[2020-09-25T23:26:59.491-0400][gc,start      ] GC(51) Pause Young (Concurrent Start) (G1 Evacuation Pause)
[2020-09-25T23:26:59.491-0400][gc,task       ] GC(51) Using 4 workers of 4 for evacuation
[2020-09-25T23:26:59.494-0400][gc,phases     ] GC(51)   Pre Evacuate Collection Set: 0.2ms
[2020-09-25T23:26:59.494-0400][gc,phases     ] GC(51)   Evacuate Collection Set: 1.4ms
[2020-09-25T23:26:59.494-0400][gc,phases     ] GC(51)   Post Evacuate Collection Set: 0.5ms
[2020-09-25T23:26:59.494-0400][gc,phases     ] GC(51)   Other: 0.2ms
[2020-09-25T23:26:59.494-0400][gc,heap       ] GC(51) Eden regions: 86->0(86)
[2020-09-25T23:26:59.494-0400][gc,heap       ] GC(51) Survivor regions: 1->1(11)
[2020-09-25T23:26:59.494-0400][gc,heap       ] GC(51) Old regions: 15->15
[2020-09-25T23:26:59.494-0400][gc,heap       ] GC(51) Humongous regions: 129->129
[2020-09-25T23:26:59.494-0400][gc,metaspace  ] GC(51) Metaspace: 35665K->35665K(1081344K)
[2020-09-25T23:26:59.494-0400][gc            ] GC(51) Pause Young (Concurrent Start) (G1 Evacuation Pause) 228M->142M(259M) 2.375ms
[2020-09-25T23:26:59.494-0400][gc,cpu        ] GC(51) User=0.00s Sys=0.00s Real=0.00s
[2020-09-25T23:26:59.494-0400][gc            ] GC(52) Concurrent Cycle
[2020-09-25T23:26:59.494-0400][gc,marking    ] GC(52) Concurrent Clear Claimed Marks
[2020-09-25T23:26:59.494-0400][gc,marking    ] GC(52) Concurrent Clear Claimed Marks 0.038ms
[2020-09-25T23:26:59.494-0400][gc,marking    ] GC(52) Concurrent Scan Root Regions
[2020-09-25T23:26:59.495-0400][gc,marking    ] GC(52) Concurrent Scan Root Regions 1.162ms
[2020-09-25T23:26:59.495-0400][gc,marking    ] GC(52) Concurrent Mark (108620.058s)
[2020-09-25T23:26:59.495-0400][gc,marking    ] GC(52) Concurrent Mark From Roots
[2020-09-25T23:26:59.495-0400][gc,task       ] GC(52) Using 1 workers of 1 for marking
[2020-09-25T23:26:59.519-0400][gc,marking    ] GC(52) Concurrent Mark From Roots 23.436ms
[2020-09-25T23:26:59.519-0400][gc,marking    ] GC(52) Concurrent Preclean
[2020-09-25T23:26:59.519-0400][gc,marking    ] GC(52) Concurrent Preclean 0.096ms
[2020-09-25T23:26:59.519-0400][gc,marking    ] GC(52) Concurrent Mark (108620.058s, 108620.082s) 23.587ms
[2020-09-25T23:26:59.519-0400][gc,start      ] GC(52) Pause Remark
[2020-09-25T23:26:59.524-0400][gc,stringtable] GC(52) Cleaned string and symbol table, strings: 11035 processed, 0 removed, symbols: 81087 processed, 0 removed
[2020-09-25T23:26:59.524-0400][gc            ] GC(52) Pause Remark 142M->142M(259M) 5.223ms
[2020-09-25T23:26:59.524-0400][gc,cpu        ] GC(52) User=0.02s Sys=0.00s Real=0.00s
[2020-09-25T23:26:59.524-0400][gc,marking    ] GC(52) Concurrent Rebuild Remembered Sets
[2020-09-25T23:26:59.534-0400][gc,marking    ] GC(52) Concurrent Rebuild Remembered Sets 9.339ms
[2020-09-25T23:26:59.534-0400][gc,start      ] GC(52) Pause Cleanup
[2020-09-25T23:26:59.534-0400][gc            ] GC(52) Pause Cleanup 142M->142M(259M) 0.247ms
[2020-09-25T23:26:59.534-0400][gc,cpu        ] GC(52) User=0.00s Sys=0.00s Real=0.00s
[2020-09-25T23:26:59.534-0400][gc,marking    ] GC(52) Concurrent Cleanup for Next Mark
[2020-09-25T23:26:59.537-0400][gc,marking    ] GC(52) Concurrent Cleanup for Next Mark 2.712ms
[2020-09-25T23:26:59.537-0400][gc            ] GC(52) Concurrent Cycle 43.142ms
[2020-09-26T00:46:23.304-0400][gc,start      ] GC(53) Pause Young (Normal) (G1 Evacuation Pause)
[2020-09-26T00:46:23.304-0400][gc,task       ] GC(53) Using 4 workers of 4 for evacuation
[2020-09-26T00:46:23.309-0400][gc,phases     ] GC(53)   Pre Evacuate Collection Set: 0.2ms
[2020-09-26T00:46:23.309-0400][gc,phases     ] GC(53)   Evacuate Collection Set: 3.6ms
[2020-09-26T00:46:23.309-0400][gc,phases     ] GC(53)   Post Evacuate Collection Set: 0.5ms
[2020-09-26T00:46:23.309-0400][gc,phases     ] GC(53)   Other: 0.2ms
[2020-09-26T00:46:23.309-0400][gc,heap       ] GC(53) Eden regions: 86->0(84)
[2020-09-26T00:46:23.309-0400][gc,heap       ] GC(53) Survivor regions: 1->2(11)
[2020-09-26T00:46:23.309-0400][gc,heap       ] GC(53) Old regions: 15->15
[2020-09-26T00:46:23.309-0400][gc,heap       ] GC(53) Humongous regions: 129->129
[2020-09-26T00:46:23.309-0400][gc,metaspace  ] GC(53) Metaspace: 36688K->36688K(1083392K)
[2020-09-26T00:46:23.309-0400][gc            ] GC(53) Pause Young (Normal) (G1 Evacuation Pause) 228M->143M(259M) 4.632ms
[2020-09-26T00:46:23.309-0400][gc,cpu        ] GC(53) User=0.02s Sys=0.00s Real=0.01s
[2020-09-26T00:57:12.394-0400][gc,start      ] GC(54) Pause Young (Concurrent Start) (G1 Evacuation Pause)
[2020-09-26T00:57:12.395-0400][gc,task       ] GC(54) Using 4 workers of 4 for evacuation
[2020-09-26T00:57:12.408-0400][gc,phases     ] GC(54)   Pre Evacuate Collection Set: 0.3ms
[2020-09-26T00:57:12.408-0400][gc,phases     ] GC(54)   Evacuate Collection Set: 11.3ms
[2020-09-26T00:57:12.408-0400][gc,phases     ] GC(54)   Post Evacuate Collection Set: 1.3ms
[2020-09-26T00:57:12.408-0400][gc,phases     ] GC(54)   Other: 1.0ms
[2020-09-26T00:57:12.408-0400][gc,heap       ] GC(54) Eden regions: 84->0(79)
[2020-09-26T00:57:12.408-0400][gc,heap       ] GC(54) Survivor regions: 2->5(11)
[2020-09-26T00:57:12.408-0400][gc,heap       ] GC(54) Old regions: 15->15
[2020-09-26T00:57:12.408-0400][gc,heap       ] GC(54) Humongous regions: 129->129
[2020-09-26T00:57:12.408-0400][gc,metaspace  ] GC(54) Metaspace: 36861K->36861K(1083392K)
[2020-09-26T00:57:12.408-0400][gc            ] GC(54) Pause Young (Concurrent Start) (G1 Evacuation Pause) 227M->146M(259M) 13.874ms
[2020-09-26T00:57:12.408-0400][gc,cpu        ] GC(54) User=0.03s Sys=0.00s Real=0.02s
[2020-09-26T00:57:12.408-0400][gc            ] GC(55) Concurrent Cycle
[2020-09-26T00:57:12.408-0400][gc,marking    ] GC(55) Concurrent Clear Claimed Marks
[2020-09-26T00:57:12.408-0400][gc,marking    ] GC(55) Concurrent Clear Claimed Marks 0.163ms
[2020-09-26T00:57:12.408-0400][gc,marking    ] GC(55) Concurrent Scan Root Regions
[2020-09-26T00:57:12.411-0400][gc,marking    ] GC(55) Concurrent Scan Root Regions 2.867ms
[2020-09-26T00:57:12.411-0400][gc,marking    ] GC(55) Concurrent Mark (114032.974s)
[2020-09-26T00:57:12.411-0400][gc,marking    ] GC(55) Concurrent Mark From Roots
[2020-09-26T00:57:12.411-0400][gc,task       ] GC(55) Using 1 workers of 1 for marking
[2020-09-26T00:57:12.435-0400][gc,marking    ] GC(55) Concurrent Mark From Roots 23.590ms
[2020-09-26T00:57:12.435-0400][gc,marking    ] GC(55) Concurrent Preclean
[2020-09-26T00:57:12.435-0400][gc,marking    ] GC(55) Concurrent Preclean 0.176ms
[2020-09-26T00:57:12.435-0400][gc,marking    ] GC(55) Concurrent Mark (114032.974s, 114032.998s) 23.860ms
[2020-09-26T00:57:12.435-0400][gc,start      ] GC(55) Pause Remark
[2020-09-26T00:57:12.441-0400][gc,stringtable] GC(55) Cleaned string and symbol table, strings: 11537 processed, 0 removed, symbols: 81710 processed, 3 removed
[2020-09-26T00:57:12.441-0400][gc            ] GC(55) Pause Remark 146M->146M(259M) 5.531ms
[2020-09-26T00:57:12.441-0400][gc,cpu        ] GC(55) User=0.02s Sys=0.00s Real=0.00s
[2020-09-26T00:57:12.441-0400][gc,marking    ] GC(55) Concurrent Rebuild Remembered Sets
[2020-09-26T00:57:12.451-0400][gc,marking    ] GC(55) Concurrent Rebuild Remembered Sets 9.811ms
[2020-09-26T00:57:12.451-0400][gc,start      ] GC(55) Pause Cleanup
[2020-09-26T00:57:12.451-0400][gc            ] GC(55) Pause Cleanup 147M->147M(259M) 0.153ms
[2020-09-26T00:57:12.451-0400][gc,cpu        ] GC(55) User=0.00s Sys=0.00s Real=0.00s
[2020-09-26T00:57:12.451-0400][gc,marking    ] GC(55) Concurrent Cleanup for Next Mark
[2020-09-26T00:57:12.455-0400][gc,marking    ] GC(55) Concurrent Cleanup for Next Mark 3.435ms
[2020-09-26T00:57:12.455-0400][gc            ] GC(55) Concurrent Cycle 46.686ms
[2020-09-26T01:04:02.937-0400][gc,start      ] GC(56) Pause Young (Normal) (G1 Evacuation Pause)
[2020-09-26T01:04:02.937-0400][gc,task       ] GC(56) Using 4 workers of 4 for evacuation
[2020-09-26T01:04:02.948-0400][gc,phases     ] GC(56)   Pre Evacuate Collection Set: 0.1ms
[2020-09-26T01:04:02.948-0400][gc,phases     ] GC(56)   Evacuate Collection Set: 10.4ms
[2020-09-26T01:04:02.948-0400][gc,phases     ] GC(56)   Post Evacuate Collection Set: 0.8ms
[2020-09-26T01:04:02.948-0400][gc,phases     ] GC(56)   Other: 0.3ms
[2020-09-26T01:04:02.948-0400][gc,heap       ] GC(56) Eden regions: 79->0(77)
[2020-09-26T01:04:02.948-0400][gc,heap       ] GC(56) Survivor regions: 5->5(11)
[2020-09-26T01:04:02.948-0400][gc,heap       ] GC(56) Old regions: 15->15
[2020-09-26T01:04:02.948-0400][gc,heap       ] GC(56) Humongous regions: 129->129
[2020-09-26T01:04:02.948-0400][gc,metaspace  ] GC(56) Metaspace: 37959K->37959K(1083392K)
[2020-09-26T01:04:02.948-0400][gc            ] GC(56) Pause Young (Normal) (G1 Evacuation Pause) 225M->146M(259M) 11.633ms
[2020-09-26T01:04:02.948-0400][gc,cpu        ] GC(56) User=0.01s Sys=0.00s Real=0.01s
[2020-09-26T01:11:06.759-0400][gc,start      ] GC(57) Pause Young (Concurrent Start) (G1 Evacuation Pause)
[2020-09-26T01:11:06.759-0400][gc,task       ] GC(57) Using 4 workers of 4 for evacuation
[2020-09-26T01:11:06.767-0400][gc,phases     ] GC(57)   Pre Evacuate Collection Set: 0.2ms
[2020-09-26T01:11:06.767-0400][gc,phases     ] GC(57)   Evacuate Collection Set: 6.5ms
[2020-09-26T01:11:06.767-0400][gc,phases     ] GC(57)   Post Evacuate Collection Set: 1.0ms
[2020-09-26T01:11:06.767-0400][gc,phases     ] GC(57)   Other: 0.2ms
[2020-09-26T01:11:06.767-0400][gc,heap       ] GC(57) Eden regions: 77->0(76)
[2020-09-26T01:11:06.767-0400][gc,heap       ] GC(57) Survivor regions: 5->5(11)
[2020-09-26T01:11:06.767-0400][gc,heap       ] GC(57) Old regions: 15->15
[2020-09-26T01:11:06.767-0400][gc,heap       ] GC(57) Humongous regions: 129->129
[2020-09-26T01:11:06.767-0400][gc,metaspace  ] GC(57) Metaspace: 38012K->38012K(1083392K)
[2020-09-26T01:11:06.767-0400][gc            ] GC(57) Pause Young (Concurrent Start) (G1 Evacuation Pause) 223M->146M(259M) 8.016ms
[2020-09-26T01:11:06.767-0400][gc,cpu        ] GC(57) User=0.02s Sys=0.00s Real=0.01s
[2020-09-26T01:11:06.767-0400][gc            ] GC(58) Concurrent Cycle
[2020-09-26T01:11:06.767-0400][gc,marking    ] GC(58) Concurrent Clear Claimed Marks
[2020-09-26T01:11:06.767-0400][gc,marking    ] GC(58) Concurrent Clear Claimed Marks 0.077ms
[2020-09-26T01:11:06.767-0400][gc,marking    ] GC(58) Concurrent Scan Root Regions
[2020-09-26T01:11:06.770-0400][gc,marking    ] GC(58) Concurrent Scan Root Regions 3.051ms
[2020-09-26T01:11:06.770-0400][gc,marking    ] GC(58) Concurrent Mark (114867.333s)
[2020-09-26T01:11:06.770-0400][gc,marking    ] GC(58) Concurrent Mark From Roots
[2020-09-26T01:11:06.770-0400][gc,task       ] GC(58) Using 1 workers of 1 for marking
[2020-09-26T01:11:06.789-0400][gc,marking    ] GC(58) Concurrent Mark From Roots 18.647ms
[2020-09-26T01:11:06.789-0400][gc,marking    ] GC(58) Concurrent Preclean
[2020-09-26T01:11:06.789-0400][gc,marking    ] GC(58) Concurrent Preclean 0.096ms
[2020-09-26T01:11:06.789-0400][gc,marking    ] GC(58) Concurrent Mark (114867.333s, 114867.352s) 18.797ms
[2020-09-26T01:11:06.789-0400][gc,start      ] GC(58) Pause Remark
[2020-09-26T01:11:06.793-0400][gc,stringtable] GC(58) Cleaned string and symbol table, strings: 11893 processed, 0 removed, symbols: 82643 processed, 2 removed
[2020-09-26T01:11:06.793-0400][gc            ] GC(58) Pause Remark 146M->146M(259M) 4.221ms
[2020-09-26T01:11:06.793-0400][gc,cpu        ] GC(58) User=0.02s Sys=0.00s Real=0.00s
[2020-09-26T01:11:06.794-0400][gc,marking    ] GC(58) Concurrent Rebuild Remembered Sets
[2020-09-26T01:11:06.803-0400][gc,marking    ] GC(58) Concurrent Rebuild Remembered Sets 9.897ms
[2020-09-26T01:11:06.808-0400][gc,start      ] GC(58) Pause Cleanup
[2020-09-26T01:11:06.808-0400][gc            ] GC(58) Pause Cleanup 146M->146M(259M) 0.110ms
[2020-09-26T01:11:06.808-0400][gc,cpu        ] GC(58) User=0.00s Sys=0.00s Real=0.00s
[2020-09-26T01:11:06.808-0400][gc,marking    ] GC(58) Concurrent Cleanup for Next Mark
[2020-09-26T01:11:06.810-0400][gc,marking    ] GC(58) Concurrent Cleanup for Next Mark 2.079ms
[2020-09-26T01:11:06.810-0400][gc            ] GC(58) Concurrent Cycle 43.387ms
[2020-09-26T01:15:24.286-0400][gc,start      ] GC(59) Pause Young (Normal) (G1 Evacuation Pause)
[2020-09-26T01:15:24.286-0400][gc,task       ] GC(59) Using 4 workers of 4 for evacuation
[2020-09-26T01:15:24.293-0400][gc,phases     ] GC(59)   Pre Evacuate Collection Set: 0.0ms
[2020-09-26T01:15:24.293-0400][gc,phases     ] GC(59)   Evacuate Collection Set: 5.6ms
[2020-09-26T01:15:24.293-0400][gc,phases     ] GC(59)   Post Evacuate Collection Set: 0.9ms
[2020-09-26T01:15:24.293-0400][gc,phases     ] GC(59)   Other: 0.3ms
[2020-09-26T01:15:24.293-0400][gc,heap       ] GC(59) Eden regions: 76->0(75)
[2020-09-26T01:15:24.293-0400][gc,heap       ] GC(59) Survivor regions: 5->5(11)
[2020-09-26T01:15:24.293-0400][gc,heap       ] GC(59) Old regions: 15->15
[2020-09-26T01:15:24.293-0400][gc,heap       ] GC(59) Humongous regions: 129->129
[2020-09-26T01:15:24.293-0400][gc,metaspace  ] GC(59) Metaspace: 39447K->39447K(1085440K)
[2020-09-26T01:15:24.293-0400][gc            ] GC(59) Pause Young (Normal) (G1 Evacuation Pause) 222M->146M(259M) 6.827ms
[2020-09-26T01:15:24.293-0400][gc,cpu        ] GC(59) User=0.02s Sys=0.00s Real=0.00s
[2020-09-26T01:23:03.445-0400][gc,start      ] GC(60) Pause Young (Concurrent Start) (G1 Evacuation Pause)
[2020-09-26T01:23:03.445-0400][gc,task       ] GC(60) Using 4 workers of 4 for evacuation
[2020-09-26T01:23:03.452-0400][gc,phases     ] GC(60)   Pre Evacuate Collection Set: 0.2ms
[2020-09-26T01:23:03.452-0400][gc,phases     ] GC(60)   Evacuate Collection Set: 6.6ms
[2020-09-26T01:23:03.452-0400][gc,phases     ] GC(60)   Post Evacuate Collection Set: 0.7ms
[2020-09-26T01:23:03.452-0400][gc,phases     ] GC(60)   Other: 0.2ms
[2020-09-26T01:23:03.452-0400][gc,heap       ] GC(60) Eden regions: 75->0(76)
[2020-09-26T01:23:03.452-0400][gc,heap       ] GC(60) Survivor regions: 5->5(10)
[2020-09-26T01:23:03.452-0400][gc,heap       ] GC(60) Old regions: 15->15
[2020-09-26T01:23:03.452-0400][gc,heap       ] GC(60) Humongous regions: 129->129
[2020-09-26T01:23:03.452-0400][gc,metaspace  ] GC(60) Metaspace: 39463K->39463K(1085440K)
[2020-09-26T01:23:03.452-0400][gc            ] GC(60) Pause Young (Concurrent Start) (G1 Evacuation Pause) 221M->147M(259M) 7.796ms
[2020-09-26T01:23:03.452-0400][gc,cpu        ] GC(60) User=0.02s Sys=0.00s Real=0.01s
[2020-09-26T01:23:03.453-0400][gc            ] GC(61) Concurrent Cycle
[2020-09-26T01:23:03.453-0400][gc,marking    ] GC(61) Concurrent Clear Claimed Marks
[2020-09-26T01:23:03.453-0400][gc,marking    ] GC(61) Concurrent Clear Claimed Marks 0.098ms
[2020-09-26T01:23:03.453-0400][gc,marking    ] GC(61) Concurrent Scan Root Regions
[2020-09-26T01:23:03.456-0400][gc,marking    ] GC(61) Concurrent Scan Root Regions 3.385ms
[2020-09-26T01:23:03.456-0400][gc,marking    ] GC(61) Concurrent Mark (115584.019s)
[2020-09-26T01:23:03.456-0400][gc,marking    ] GC(61) Concurrent Mark From Roots
[2020-09-26T01:23:03.456-0400][gc,task       ] GC(61) Using 1 workers of 1 for marking
[2020-09-26T01:23:03.474-0400][gc,marking    ] GC(61) Concurrent Mark From Roots 18.284ms
[2020-09-26T01:23:03.474-0400][gc,marking    ] GC(61) Concurrent Preclean
[2020-09-26T01:23:03.475-0400][gc,marking    ] GC(61) Concurrent Preclean 0.094ms
[2020-09-26T01:23:03.475-0400][gc,marking    ] GC(61) Concurrent Mark (115584.019s, 115584.038s) 18.452ms
[2020-09-26T01:23:03.475-0400][gc,start      ] GC(61) Pause Remark
[2020-09-26T01:23:03.479-0400][gc,stringtable] GC(61) Cleaned string and symbol table, strings: 12310 processed, 0 removed, symbols: 83281 processed, 1 removed
[2020-09-26T01:23:03.479-0400][gc            ] GC(61) Pause Remark 147M->147M(259M) 4.521ms
[2020-09-26T01:23:03.479-0400][gc,cpu        ] GC(61) User=0.01s Sys=0.00s Real=0.00s
[2020-09-26T01:23:03.479-0400][gc,marking    ] GC(61) Concurrent Rebuild Remembered Sets
[2020-09-26T01:23:03.489-0400][gc,marking    ] GC(61) Concurrent Rebuild Remembered Sets 9.155ms
[2020-09-26T01:23:03.489-0400][gc,start      ] GC(61) Pause Cleanup
[2020-09-26T01:23:03.489-0400][gc            ] GC(61) Pause Cleanup 147M->147M(259M) 0.214ms
[2020-09-26T01:23:03.489-0400][gc,cpu        ] GC(61) User=0.00s Sys=0.00s Real=0.00s
[2020-09-26T01:23:03.489-0400][gc,marking    ] GC(61) Concurrent Cleanup for Next Mark
[2020-09-26T01:23:03.490-0400][gc,marking    ] GC(61) Concurrent Cleanup for Next Mark 1.088ms
[2020-09-26T01:23:03.490-0400][gc            ] GC(61) Concurrent Cycle 37.723ms
[2020-09-26T01:31:02.744-0400][gc,start      ] GC(62) Pause Young (Normal) (G1 Evacuation Pause)
[2020-09-26T01:31:02.744-0400][gc,task       ] GC(62) Using 4 workers of 4 for evacuation
[2020-09-26T01:31:02.751-0400][gc,phases     ] GC(62)   Pre Evacuate Collection Set: 0.1ms
[2020-09-26T01:31:02.751-0400][gc,phases     ] GC(62)   Evacuate Collection Set: 6.1ms
[2020-09-26T01:31:02.751-0400][gc,phases     ] GC(62)   Post Evacuate Collection Set: 1.0ms
[2020-09-26T01:31:02.751-0400][gc,phases     ] GC(62)   Other: 0.3ms
[2020-09-26T01:31:02.751-0400][gc,heap       ] GC(62) Eden regions: 76->0(76)
[2020-09-26T01:31:02.751-0400][gc,heap       ] GC(62) Survivor regions: 5->5(11)
[2020-09-26T01:31:02.751-0400][gc,heap       ] GC(62) Old regions: 15->15
[2020-09-26T01:31:02.751-0400][gc,heap       ] GC(62) Humongous regions: 129->129
[2020-09-26T01:31:02.751-0400][gc,metaspace  ] GC(62) Metaspace: 39467K->39467K(1085440K)
[2020-09-26T01:31:02.751-0400][gc            ] GC(62) Pause Young (Normal) (G1 Evacuation Pause) 223M->146M(259M) 7.466ms
[2020-09-26T01:31:02.751-0400][gc,cpu        ] GC(62) User=0.02s Sys=0.00s Real=0.01s
[2020-09-26T01:39:13.488-0400][gc,start      ] GC(63) Pause Young (Concurrent Start) (G1 Evacuation Pause)
[2020-09-26T01:39:13.488-0400][gc,task       ] GC(63) Using 4 workers of 4 for evacuation
[2020-09-26T01:39:13.498-0400][gc,phases     ] GC(63)   Pre Evacuate Collection Set: 0.4ms
[2020-09-26T01:39:13.498-0400][gc,phases     ] GC(63)   Evacuate Collection Set: 8.6ms
[2020-09-26T01:39:13.498-0400][gc,phases     ] GC(63)   Post Evacuate Collection Set: 0.7ms
[2020-09-26T01:39:13.498-0400][gc,phases     ] GC(63)   Other: 0.4ms
[2020-09-26T01:39:13.498-0400][gc,heap       ] GC(63) Eden regions: 76->0(76)
[2020-09-26T01:39:13.498-0400][gc,heap       ] GC(63) Survivor regions: 5->5(11)
[2020-09-26T01:39:13.498-0400][gc,heap       ] GC(63) Old regions: 15->15
[2020-09-26T01:39:13.498-0400][gc,heap       ] GC(63) Humongous regions: 129->129
[2020-09-26T01:39:13.498-0400][gc,metaspace  ] GC(63) Metaspace: 39481K->39481K(1085440K)
[2020-09-26T01:39:13.498-0400][gc            ] GC(63) Pause Young (Concurrent Start) (G1 Evacuation Pause) 222M->146M(259M) 10.224ms
[2020-09-26T01:39:13.498-0400][gc,cpu        ] GC(63) User=0.01s Sys=0.00s Real=0.01s
[2020-09-26T01:39:13.498-0400][gc            ] GC(64) Concurrent Cycle
[2020-09-26T01:39:13.498-0400][gc,marking    ] GC(64) Concurrent Clear Claimed Marks
[2020-09-26T01:39:13.499-0400][gc,marking    ] GC(64) Concurrent Clear Claimed Marks 0.064ms
[2020-09-26T01:39:13.499-0400][gc,marking    ] GC(64) Concurrent Scan Root Regions
[2020-09-26T01:39:13.502-0400][gc,marking    ] GC(64) Concurrent Scan Root Regions 3.257ms
[2020-09-26T01:39:13.502-0400][gc,marking    ] GC(64) Concurrent Mark (116554.065s)
[2020-09-26T01:39:13.502-0400][gc,marking    ] GC(64) Concurrent Mark From Roots
[2020-09-26T01:39:13.502-0400][gc,task       ] GC(64) Using 1 workers of 1 for marking
[2020-09-26T01:39:13.521-0400][gc,marking    ] GC(64) Concurrent Mark From Roots 19.478ms
[2020-09-26T01:39:13.521-0400][gc,marking    ] GC(64) Concurrent Preclean
[2020-09-26T01:39:13.521-0400][gc,marking    ] GC(64) Concurrent Preclean 0.097ms
[2020-09-26T01:39:13.521-0400][gc,marking    ] GC(64) Concurrent Mark (116554.065s, 116554.085s) 19.635ms
[2020-09-26T01:39:13.522-0400][gc,start      ] GC(64) Pause Remark
[2020-09-26T01:39:13.527-0400][gc,stringtable] GC(64) Cleaned string and symbol table, strings: 12363 processed, 0 removed, symbols: 83280 processed, 0 removed
[2020-09-26T01:39:13.527-0400][gc            ] GC(64) Pause Remark 146M->146M(259M) 5.784ms
[2020-09-26T01:39:13.527-0400][gc,cpu        ] GC(64) User=0.01s Sys=0.00s Real=0.01s
[2020-09-26T01:39:13.528-0400][gc,marking    ] GC(64) Concurrent Rebuild Remembered Sets
[2020-09-26T01:39:13.537-0400][gc,marking    ] GC(64) Concurrent Rebuild Remembered Sets 9.491ms
[2020-09-26T01:39:13.537-0400][gc,start      ] GC(64) Pause Cleanup
[2020-09-26T01:39:13.538-0400][gc            ] GC(64) Pause Cleanup 146M->146M(259M) 0.241ms
[2020-09-26T01:39:13.538-0400][gc,cpu        ] GC(64) User=0.00s Sys=0.00s Real=0.00s
[2020-09-26T01:39:13.538-0400][gc,marking    ] GC(64) Concurrent Cleanup for Next Mark
[2020-09-26T01:39:13.539-0400][gc,marking    ] GC(64) Concurrent Cleanup for Next Mark 1.211ms
[2020-09-26T01:39:13.539-0400][gc            ] GC(64) Concurrent Cycle 40.552ms
[2020-09-26T01:47:08.454-0400][gc,start      ] GC(65) Pause Young (Normal) (G1 Evacuation Pause)
[2020-09-26T01:47:08.454-0400][gc,task       ] GC(65) Using 4 workers of 4 for evacuation
[2020-09-26T01:47:08.463-0400][gc,phases     ] GC(65)   Pre Evacuate Collection Set: 0.1ms
[2020-09-26T01:47:08.463-0400][gc,phases     ] GC(65)   Evacuate Collection Set: 7.8ms
[2020-09-26T01:47:08.463-0400][gc,phases     ] GC(65)   Post Evacuate Collection Set: 1.0ms
[2020-09-26T01:47:08.463-0400][gc,phases     ] GC(65)   Other: 0.2ms
[2020-09-26T01:47:08.463-0400][gc,heap       ] GC(65) Eden regions: 76->0(76)
[2020-09-26T01:47:08.463-0400][gc,heap       ] GC(65) Survivor regions: 5->5(11)
[2020-09-26T01:47:08.463-0400][gc,heap       ] GC(65) Old regions: 15->15
[2020-09-26T01:47:08.463-0400][gc,heap       ] GC(65) Humongous regions: 129->129
[2020-09-26T01:47:08.463-0400][gc,metaspace  ] GC(65) Metaspace: 39487K->39487K(1085440K)
[2020-09-26T01:47:08.463-0400][gc            ] GC(65) Pause Young (Normal) (G1 Evacuation Pause) 222M->146M(259M) 9.196ms
[2020-09-26T01:47:08.463-0400][gc,cpu        ] GC(65) User=0.02s Sys=0.00s Real=0.01s
[2020-09-26T01:55:13.461-0400][gc,start      ] GC(66) Pause Young (Concurrent Start) (G1 Evacuation Pause)
[2020-09-26T01:55:13.461-0400][gc,task       ] GC(66) Using 4 workers of 4 for evacuation
[2020-09-26T01:55:13.468-0400][gc,phases     ] GC(66)   Pre Evacuate Collection Set: 0.3ms
[2020-09-26T01:55:13.468-0400][gc,phases     ] GC(66)   Evacuate Collection Set: 5.2ms
[2020-09-26T01:55:13.468-0400][gc,phases     ] GC(66)   Post Evacuate Collection Set: 0.9ms
[2020-09-26T01:55:13.468-0400][gc,phases     ] GC(66)   Other: 0.4ms
[2020-09-26T01:55:13.468-0400][gc,heap       ] GC(66) Eden regions: 76->0(76)
[2020-09-26T01:55:13.468-0400][gc,heap       ] GC(66) Survivor regions: 5->5(11)
[2020-09-26T01:55:13.468-0400][gc,heap       ] GC(66) Old regions: 15->15
[2020-09-26T01:55:13.468-0400][gc,heap       ] GC(66) Humongous regions: 129->129
[2020-09-26T01:55:13.468-0400][gc,metaspace  ] GC(66) Metaspace: 39496K->39496K(1085440K)
[2020-09-26T01:55:13.468-0400][gc            ] GC(66) Pause Young (Concurrent Start) (G1 Evacuation Pause) 222M->146M(259M) 6.900ms
[2020-09-26T01:55:13.468-0400][gc,cpu        ] GC(66) User=0.02s Sys=0.00s Real=0.01s
[2020-09-26T01:55:13.468-0400][gc            ] GC(67) Concurrent Cycle
[2020-09-26T01:55:13.468-0400][gc,marking    ] GC(67) Concurrent Clear Claimed Marks
[2020-09-26T01:55:13.468-0400][gc,marking    ] GC(67) Concurrent Clear Claimed Marks 0.130ms
[2020-09-26T01:55:13.468-0400][gc,marking    ] GC(67) Concurrent Scan Root Regions
[2020-09-26T01:55:13.473-0400][gc,marking    ] GC(67) Concurrent Scan Root Regions 4.371ms
[2020-09-26T01:55:13.473-0400][gc,marking    ] GC(67) Concurrent Mark (117514.036s)
[2020-09-26T01:55:13.473-0400][gc,marking    ] GC(67) Concurrent Mark From Roots
[2020-09-26T01:55:13.473-0400][gc,task       ] GC(67) Using 1 workers of 1 for marking
[2020-09-26T01:55:13.497-0400][gc,marking    ] GC(67) Concurrent Mark From Roots 23.874ms
[2020-09-26T01:55:13.497-0400][gc,marking    ] GC(67) Concurrent Preclean
[2020-09-26T01:55:13.497-0400][gc,marking    ] GC(67) Concurrent Preclean 0.341ms
[2020-09-26T01:55:13.497-0400][gc,marking    ] GC(67) Concurrent Mark (117514.036s, 117514.060s) 24.335ms
[2020-09-26T01:55:13.498-0400][gc,start      ] GC(67) Pause Remark
[2020-09-26T01:55:13.503-0400][gc,stringtable] GC(67) Cleaned string and symbol table, strings: 12363 processed, 0 removed, symbols: 83280 processed, 0 removed
[2020-09-26T01:55:13.504-0400][gc            ] GC(67) Pause Remark 147M->147M(259M) 5.879ms
[2020-09-26T01:55:13.504-0400][gc,cpu        ] GC(67) User=0.02s Sys=0.00s Real=0.00s
[2020-09-26T01:55:13.504-0400][gc,marking    ] GC(67) Concurrent Rebuild Remembered Sets
[2020-09-26T01:55:13.514-0400][gc,marking    ] GC(67) Concurrent Rebuild Remembered Sets 10.256ms
[2020-09-26T01:55:13.515-0400][gc,start      ] GC(67) Pause Cleanup
[2020-09-26T01:55:13.515-0400][gc            ] GC(67) Pause Cleanup 147M->147M(259M) 0.360ms
[2020-09-26T01:55:13.515-0400][gc,cpu        ] GC(67) User=0.00s Sys=0.00s Real=0.00s
[2020-09-26T01:55:13.515-0400][gc,marking    ] GC(67) Concurrent Cleanup for Next Mark
[2020-09-26T01:55:13.517-0400][gc,marking    ] GC(67) Concurrent Cleanup for Next Mark 1.713ms
[2020-09-26T01:55:13.517-0400][gc            ] GC(67) Concurrent Cycle 48.834ms
[2020-09-26T02:03:08.133-0400][gc,start      ] GC(68) Pause Young (Normal) (G1 Evacuation Pause)
[2020-09-26T02:03:08.133-0400][gc,task       ] GC(68) Using 4 workers of 4 for evacuation
[2020-09-26T02:03:08.140-0400][gc,phases     ] GC(68)   Pre Evacuate Collection Set: 0.1ms
[2020-09-26T02:03:08.140-0400][gc,phases     ] GC(68)   Evacuate Collection Set: 6.1ms
[2020-09-26T02:03:08.140-0400][gc,phases     ] GC(68)   Post Evacuate Collection Set: 0.8ms
[2020-09-26T02:03:08.140-0400][gc,phases     ] GC(68)   Other: 0.2ms
[2020-09-26T02:03:08.140-0400][gc,heap       ] GC(68) Eden regions: 76->0(76)
[2020-09-26T02:03:08.140-0400][gc,heap       ] GC(68) Survivor regions: 5->5(11)
[2020-09-26T02:03:08.140-0400][gc,heap       ] GC(68) Old regions: 15->15
[2020-09-26T02:03:08.140-0400][gc,heap       ] GC(68) Humongous regions: 129->129
[2020-09-26T02:03:08.140-0400][gc,metaspace  ] GC(68) Metaspace: 39505K->39505K(1085440K)
[2020-09-26T02:03:08.140-0400][gc            ] GC(68) Pause Young (Normal) (G1 Evacuation Pause) 222M->146M(259M) 7.258ms
[2020-09-26T02:03:08.140-0400][gc,cpu        ] GC(68) User=0.00s Sys=0.02s Real=0.01s
[2020-09-26T02:11:12.881-0400][gc,start      ] GC(69) Pause Young (Concurrent Start) (G1 Evacuation Pause)
[2020-09-26T02:11:12.881-0400][gc,task       ] GC(69) Using 4 workers of 4 for evacuation
[2020-09-26T02:11:12.909-0400][gc,mmu        ] GC(69) MMU target violated: 21.0ms (20.0ms/21.0ms)
[2020-09-26T02:11:12.909-0400][gc,phases     ] GC(69)   Pre Evacuate Collection Set: 0.3ms
[2020-09-26T02:11:12.909-0400][gc,phases     ] GC(69)   Evacuate Collection Set: 26.5ms
[2020-09-26T02:11:12.909-0400][gc,phases     ] GC(69)   Post Evacuate Collection Set: 1.1ms
[2020-09-26T02:11:12.909-0400][gc,phases     ] GC(69)   Other: 0.4ms
[2020-09-26T02:11:12.909-0400][gc,heap       ] GC(69) Eden regions: 76->0(76)
[2020-09-26T02:11:12.909-0400][gc,heap       ] GC(69) Survivor regions: 5->5(11)
[2020-09-26T02:11:12.909-0400][gc,heap       ] GC(69) Old regions: 15->15
[2020-09-26T02:11:12.909-0400][gc,heap       ] GC(69) Humongous regions: 129->129
[2020-09-26T02:11:12.909-0400][gc,metaspace  ] GC(69) Metaspace: 39515K->39515K(1085440K)
[2020-09-26T02:11:12.909-0400][gc            ] GC(69) Pause Young (Concurrent Start) (G1 Evacuation Pause) 222M->146M(259M) 28.316ms
[2020-09-26T02:11:12.909-0400][gc,cpu        ] GC(69) User=0.07s Sys=0.01s Real=0.03s
[2020-09-26T02:11:12.909-0400][gc            ] GC(70) Concurrent Cycle
[2020-09-26T02:11:12.909-0400][gc,marking    ] GC(70) Concurrent Clear Claimed Marks
[2020-09-26T02:11:12.909-0400][gc,marking    ] GC(70) Concurrent Clear Claimed Marks 0.152ms
[2020-09-26T02:11:12.909-0400][gc,marking    ] GC(70) Concurrent Scan Root Regions
[2020-09-26T02:11:12.913-0400][gc,marking    ] GC(70) Concurrent Scan Root Regions 4.103ms
[2020-09-26T02:11:12.913-0400][gc,marking    ] GC(70) Concurrent Mark (118473.476s)
[2020-09-26T02:11:12.913-0400][gc,marking    ] GC(70) Concurrent Mark From Roots
[2020-09-26T02:11:12.913-0400][gc,task       ] GC(70) Using 1 workers of 1 for marking
[2020-09-26T02:11:12.952-0400][gc,marking    ] GC(70) Concurrent Mark From Roots 39.055ms
[2020-09-26T02:11:12.952-0400][gc,marking    ] GC(70) Concurrent Preclean
[2020-09-26T02:11:12.953-0400][gc,marking    ] GC(70) Concurrent Preclean 0.252ms
[2020-09-26T02:11:12.953-0400][gc,marking    ] GC(70) Concurrent Mark (118473.476s, 118473.516s) 39.415ms
[2020-09-26T02:11:12.953-0400][gc,start      ] GC(70) Pause Remark
[2020-09-26T02:11:12.992-0400][gc,stringtable] GC(70) Cleaned string and symbol table, strings: 12363 processed, 0 removed, symbols: 83280 processed, 0 removed
[2020-09-26T02:11:12.992-0400][gc,mmu        ] GC(70) MMU target violated: 21.0ms (20.0ms/21.0ms)
[2020-09-26T02:11:12.992-0400][gc            ] GC(70) Pause Remark 147M->147M(259M) 39.109ms
[2020-09-26T02:11:12.992-0400][gc,cpu        ] GC(70) User=0.10s Sys=0.00s Real=0.04s
[2020-09-26T02:11:12.993-0400][gc,marking    ] GC(70) Concurrent Rebuild Remembered Sets
[2020-09-26T02:11:13.004-0400][gc,marking    ] GC(70) Concurrent Rebuild Remembered Sets 10.780ms
[2020-09-26T02:11:13.004-0400][gc,start      ] GC(70) Pause Cleanup
[2020-09-26T02:11:13.004-0400][gc            ] GC(70) Pause Cleanup 147M->147M(259M) 0.205ms
[2020-09-26T02:11:13.004-0400][gc,cpu        ] GC(70) User=0.00s Sys=0.00s Real=0.00s
[2020-09-26T02:11:13.004-0400][gc,marking    ] GC(70) Concurrent Cleanup for Next Mark
[2020-09-26T02:11:13.006-0400][gc,marking    ] GC(70) Concurrent Cleanup for Next Mark 1.738ms
