[2020-09-26T04:48:50.967-0400][gc,heap] Heap region size: 1M
[2020-09-26T04:48:50.969-0400][gc     ] Using G1
[2020-09-26T04:48:50.969-0400][gc,heap,coops] Heap address: 0x00000000e0000000, size: 512 MB, Compressed Oops mode: 32-bit
[2020-09-26T04:48:50.969-0400][gc,cds       ] Mark closed archive regions in map: [0x00000000fff00000, 0x00000000fff69ff8]
[2020-09-26T04:48:50.969-0400][gc,cds       ] Mark open archive regions in map: [0x00000000ffe00000, 0x00000000ffe46ff8]
[2020-09-26T04:48:51.212-0400][gc,start     ] GC(0) Pause Young (Normal) (G1 Evacuation Pause)
[2020-09-26T04:48:51.213-0400][gc,task      ] GC(0) Using 3 workers of 4 for evacuation
[2020-09-26T04:48:51.221-0400][gc,phases    ] GC(0)   Pre Evacuate Collection Set: 0.0ms
[2020-09-26T04:48:51.221-0400][gc,phases    ] GC(0)   Evacuate Collection Set: 7.6ms
[2020-09-26T04:48:51.221-0400][gc,phases    ] GC(0)   Post Evacuate Collection Set: 0.4ms
[2020-09-26T04:48:51.221-0400][gc,phases    ] GC(0)   Other: 0.6ms
[2020-09-26T04:48:51.221-0400][gc,heap      ] GC(0) Eden regions: 6->0(5)
[2020-09-26T04:48:51.221-0400][gc,heap      ] GC(0) Survivor regions: 0->1(1)
[2020-09-26T04:48:51.221-0400][gc,heap      ] GC(0) Old regions: 2->5
[2020-09-26T04:48:51.221-0400][gc,heap      ] GC(0) Humongous regions: 0->0
[2020-09-26T04:48:51.221-0400][gc,metaspace ] GC(0) Metaspace: 2152K->2152K(1056768K)
[2020-09-26T04:48:51.221-0400][gc           ] GC(0) Pause Young (Normal) (G1 Evacuation Pause) 6M->3M(130M) 8.664ms
[2020-09-26T04:48:51.221-0400][gc,cpu       ] GC(0) User=0.00s Sys=0.02s Real=0.01s
[2020-09-26T04:48:51.396-0400][gc,start     ] GC(1) Pause Young (Normal) (G1 Evacuation Pause)
[2020-09-26T04:48:51.396-0400][gc,task      ] GC(1) Using 3 workers of 4 for evacuation
[2020-09-26T04:48:51.402-0400][gc,phases    ] GC(1)   Pre Evacuate Collection Set: 0.0ms
[2020-09-26T04:48:51.402-0400][gc,phases    ] GC(1)   Evacuate Collection Set: 5.2ms
[2020-09-26T04:48:51.402-0400][gc,phases    ] GC(1)   Post Evacuate Collection Set: 0.4ms
[2020-09-26T04:48:51.402-0400][gc,phases    ] GC(1)   Other: 0.1ms
[2020-09-26T04:48:51.402-0400][gc,heap      ] GC(1) Eden regions: 5->0(5)
[2020-09-26T04:48:51.402-0400][gc,heap      ] GC(1) Survivor regions: 1->1(1)
[2020-09-26T04:48:51.402-0400][gc,heap      ] GC(1) Old regions: 5->6
[2020-09-26T04:48:51.402-0400][gc,heap      ] GC(1) Humongous regions: 0->0
[2020-09-26T04:48:51.402-0400][gc,metaspace ] GC(1) Metaspace: 5009K->5009K(1056768K)
[2020-09-26T04:48:51.402-0400][gc           ] GC(1) Pause Young (Normal) (G1 Evacuation Pause) 8M->5M(130M) 5.841ms
[2020-09-26T04:48:51.402-0400][gc,cpu       ] GC(1) User=0.01s Sys=0.01s Real=0.00s
[2020-09-26T04:48:51.519-0400][gc,start     ] GC(2) Pause Young (Normal) (G1 Evacuation Pause)
[2020-09-26T04:48:51.519-0400][gc,task      ] GC(2) Using 3 workers of 4 for evacuation
[2020-09-26T04:48:51.522-0400][gc,phases    ] GC(2)   Pre Evacuate Collection Set: 0.0ms
[2020-09-26T04:48:51.522-0400][gc,phases    ] GC(2)   Evacuate Collection Set: 2.6ms
[2020-09-26T04:48:51.522-0400][gc,phases    ] GC(2)   Post Evacuate Collection Set: 0.4ms
[2020-09-26T04:48:51.522-0400][gc,phases    ] GC(2)   Other: 0.2ms
[2020-09-26T04:48:51.522-0400][gc,heap      ] GC(2) Eden regions: 5->0(5)
[2020-09-26T04:48:51.522-0400][gc,heap      ] GC(2) Survivor regions: 1->1(1)
[2020-09-26T04:48:51.522-0400][gc,heap      ] GC(2) Old regions: 6->7
[2020-09-26T04:48:51.522-0400][gc,heap      ] GC(2) Humongous regions: 0->0
[2020-09-26T04:48:51.522-0400][gc,metaspace ] GC(2) Metaspace: 6295K->6295K(1056768K)
[2020-09-26T04:48:51.522-0400][gc           ] GC(2) Pause Young (Normal) (G1 Evacuation Pause) 10M->6M(130M) 3.209ms
[2020-09-26T04:48:51.522-0400][gc,cpu       ] GC(2) User=0.00s Sys=0.01s Real=0.00s
[2020-09-26T04:48:51.620-0400][gc,start     ] GC(3) Pause Young (Normal) (G1 Evacuation Pause)
[2020-09-26T04:48:51.620-0400][gc,task      ] GC(3) Using 3 workers of 4 for evacuation
[2020-09-26T04:48:51.637-0400][gc,phases    ] GC(3)   Pre Evacuate Collection Set: 0.0ms
[2020-09-26T04:48:51.637-0400][gc,phases    ] GC(3)   Evacuate Collection Set: 16.3ms
[2020-09-26T04:48:51.637-0400][gc,phases    ] GC(3)   Post Evacuate Collection Set: 0.6ms
[2020-09-26T04:48:51.637-0400][gc,phases    ] GC(3)   Other: 0.1ms
[2020-09-26T04:48:51.637-0400][gc,heap      ] GC(3) Eden regions: 5->0(5)
[2020-09-26T04:48:51.637-0400][gc,heap      ] GC(3) Survivor regions: 1->1(1)
[2020-09-26T04:48:51.637-0400][gc,heap      ] GC(3) Old regions: 7->8
[2020-09-26T04:48:51.637-0400][gc,heap      ] GC(3) Humongous regions: 0->0
[2020-09-26T04:48:51.637-0400][gc,metaspace ] GC(3) Metaspace: 7745K->7745K(1056768K)
[2020-09-26T04:48:51.637-0400][gc           ] GC(3) Pause Young (Normal) (G1 Evacuation Pause) 11M->6M(130M) 17.224ms
[2020-09-26T04:48:51.637-0400][gc,cpu       ] GC(3) User=0.00s Sys=0.00s Real=0.02s
[2020-09-26T04:48:51.773-0400][gc,start     ] GC(4) Pause Young (Normal) (G1 Evacuation Pause)
[2020-09-26T04:48:51.773-0400][gc,task      ] GC(4) Using 3 workers of 4 for evacuation
[2020-09-26T04:48:51.776-0400][gc,phases    ] GC(4)   Pre Evacuate Collection Set: 0.0ms
[2020-09-26T04:48:51.776-0400][gc,phases    ] GC(4)   Evacuate Collection Set: 2.4ms
[2020-09-26T04:48:51.776-0400][gc,phases    ] GC(4)   Post Evacuate Collection Set: 0.5ms
[2020-09-26T04:48:51.776-0400][gc,phases    ] GC(4)   Other: 0.1ms
[2020-09-26T04:48:51.776-0400][gc,heap      ] GC(4) Eden regions: 5->0(5)
[2020-09-26T04:48:51.776-0400][gc,heap      ] GC(4) Survivor regions: 1->1(1)
[2020-09-26T04:48:51.776-0400][gc,heap      ] GC(4) Old regions: 8->8
[2020-09-26T04:48:51.776-0400][gc,heap      ] GC(4) Humongous regions: 0->0
[2020-09-26T04:48:51.776-0400][gc,metaspace ] GC(4) Metaspace: 9336K->9336K(1058816K)
[2020-09-26T04:48:51.776-0400][gc           ] GC(4) Pause Young (Normal) (G1 Evacuation Pause) 11M->6M(130M) 3.129ms
[2020-09-26T04:48:51.777-0400][gc,cpu       ] GC(4) User=0.01s Sys=0.00s Real=0.01s
[2020-09-26T04:48:51.876-0400][gc,start     ] GC(5) Pause Young (Normal) (G1 Evacuation Pause)
[2020-09-26T04:48:51.876-0400][gc,task      ] GC(5) Using 3 workers of 4 for evacuation
[2020-09-26T04:48:51.878-0400][gc,phases    ] GC(5)   Pre Evacuate Collection Set: 0.0ms
[2020-09-26T04:48:51.878-0400][gc,phases    ] GC(5)   Evacuate Collection Set: 0.8ms
[2020-09-26T04:48:51.878-0400][gc,phases    ] GC(5)   Post Evacuate Collection Set: 1.1ms
[2020-09-26T04:48:51.878-0400][gc,phases    ] GC(5)   Other: 0.2ms
[2020-09-26T04:48:51.878-0400][gc,heap      ] GC(5) Eden regions: 5->0(8)
[2020-09-26T04:48:51.878-0400][gc,heap      ] GC(5) Survivor regions: 1->1(1)
[2020-09-26T04:48:51.878-0400][gc,heap      ] GC(5) Old regions: 8->8
[2020-09-26T04:48:51.878-0400][gc,heap      ] GC(5) Humongous regions: 0->0
[2020-09-26T04:48:51.878-0400][gc,metaspace ] GC(5) Metaspace: 10714K->10714K(1058816K)
[2020-09-26T04:48:51.878-0400][gc           ] GC(5) Pause Young (Normal) (G1 Evacuation Pause) 11M->6M(130M) 2.155ms
[2020-09-26T04:48:51.878-0400][gc,cpu       ] GC(5) User=0.00s Sys=0.01s Real=0.00s
[2020-09-26T04:48:52.055-0400][gc,start     ] GC(6) Pause Young (Normal) (G1 Evacuation Pause)
[2020-09-26T04:48:52.055-0400][gc,task      ] GC(6) Using 3 workers of 4 for evacuation
[2020-09-26T04:48:52.057-0400][gc,phases    ] GC(6)   Pre Evacuate Collection Set: 0.0ms
[2020-09-26T04:48:52.057-0400][gc,phases    ] GC(6)   Evacuate Collection Set: 1.2ms
[2020-09-26T04:48:52.057-0400][gc,phases    ] GC(6)   Post Evacuate Collection Set: 0.4ms
[2020-09-26T04:48:52.057-0400][gc,phases    ] GC(6)   Other: 0.1ms
[2020-09-26T04:48:52.057-0400][gc,heap      ] GC(6) Eden regions: 8->0(11)
[2020-09-26T04:48:52.057-0400][gc,heap      ] GC(6) Survivor regions: 1->1(2)
[2020-09-26T04:48:52.057-0400][gc,heap      ] GC(6) Old regions: 8->8
[2020-09-26T04:48:52.057-0400][gc,heap      ] GC(6) Humongous regions: 0->0
[2020-09-26T04:48:52.057-0400][gc,metaspace ] GC(6) Metaspace: 13009K->13009K(1060864K)
[2020-09-26T04:48:52.057-0400][gc           ] GC(6) Pause Young (Normal) (G1 Evacuation Pause) 14M->6M(130M) 1.908ms
[2020-09-26T04:48:52.057-0400][gc,cpu       ] GC(6) User=0.00s Sys=0.00s Real=0.00s
[2020-09-26T04:48:52.402-0400][gc,start     ] GC(7) Pause Young (Normal) (G1 Evacuation Pause)
[2020-09-26T04:48:52.402-0400][gc,task      ] GC(7) Using 3 workers of 4 for evacuation
[2020-09-26T04:48:52.422-0400][gc,phases    ] GC(7)   Pre Evacuate Collection Set: 0.0ms
[2020-09-26T04:48:52.422-0400][gc,phases    ] GC(7)   Evacuate Collection Set: 18.0ms
[2020-09-26T04:48:52.422-0400][gc,phases    ] GC(7)   Post Evacuate Collection Set: 1.6ms
[2020-09-26T04:48:52.422-0400][gc,phases    ] GC(7)   Other: 0.3ms
[2020-09-26T04:48:52.422-0400][gc,heap      ] GC(7) Eden regions: 11->0(12)
[2020-09-26T04:48:52.422-0400][gc,heap      ] GC(7) Survivor regions: 1->2(2)
[2020-09-26T04:48:52.422-0400][gc,heap      ] GC(7) Old regions: 8->8
[2020-09-26T04:48:52.422-0400][gc,heap      ] GC(7) Humongous regions: 0->0
[2020-09-26T04:48:52.422-0400][gc,metaspace ] GC(7) Metaspace: 15729K->15729K(1062912K)
[2020-09-26T04:48:52.422-0400][gc           ] GC(7) Pause Young (Normal) (G1 Evacuation Pause) 17M->7M(130M) 20.037ms
[2020-09-26T04:48:52.422-0400][gc,cpu       ] GC(7) User=0.04s Sys=0.02s Real=0.02s
[2020-09-26T04:48:52.724-0400][gc,start     ] GC(8) Pause Young (Normal) (G1 Evacuation Pause)
[2020-09-26T04:48:52.724-0400][gc,task      ] GC(8) Using 3 workers of 4 for evacuation
[2020-09-26T04:48:52.729-0400][gc,phases    ] GC(8)   Pre Evacuate Collection Set: 0.0ms
[2020-09-26T04:48:52.729-0400][gc,phases    ] GC(8)   Evacuate Collection Set: 2.8ms
[2020-09-26T04:48:52.729-0400][gc,phases    ] GC(8)   Post Evacuate Collection Set: 2.1ms
[2020-09-26T04:48:52.729-0400][gc,phases    ] GC(8)   Other: 0.2ms
[2020-09-26T04:48:52.729-0400][gc,heap      ] GC(8) Eden regions: 12->0(105)
[2020-09-26T04:48:52.729-0400][gc,heap      ] GC(8) Survivor regions: 2->2(2)
[2020-09-26T04:48:52.729-0400][gc,heap      ] GC(8) Old regions: 8->8
[2020-09-26T04:48:52.729-0400][gc,heap      ] GC(8) Humongous regions: 0->0
[2020-09-26T04:48:52.729-0400][gc,metaspace ] GC(8) Metaspace: 18913K->18913K(1067008K)
[2020-09-26T04:48:52.729-0400][gc           ] GC(8) Pause Young (Normal) (G1 Evacuation Pause) 19M->7M(179M) 5.199ms
[2020-09-26T04:48:52.730-0400][gc,cpu       ] GC(8) User=0.01s Sys=0.01s Real=0.01s
[2020-09-26T04:48:52.994-0400][gc,start     ] GC(9) Pause Young (Concurrent Start) (Metadata GC Threshold)
[2020-09-26T04:48:52.994-0400][gc,task      ] GC(9) Using 4 workers of 4 for evacuation
[2020-09-26T04:48:53.006-0400][gc,phases    ] GC(9)   Pre Evacuate Collection Set: 0.0ms
[2020-09-26T04:48:53.006-0400][gc,phases    ] GC(9)   Evacuate Collection Set: 10.9ms
[2020-09-26T04:48:53.006-0400][gc,phases    ] GC(9)   Post Evacuate Collection Set: 0.4ms
[2020-09-26T04:48:53.006-0400][gc,phases    ] GC(9)   Other: 0.5ms
[2020-09-26T04:48:53.006-0400][gc,heap      ] GC(9) Eden regions: 9->0(33)
[2020-09-26T04:48:53.006-0400][gc,heap      ] GC(9) Survivor regions: 2->2(14)
[2020-09-26T04:48:53.006-0400][gc,heap      ] GC(9) Old regions: 8->8
[2020-09-26T04:48:53.006-0400][gc,heap      ] GC(9) Humongous regions: 0->0
[2020-09-26T04:48:53.006-0400][gc,metaspace ] GC(9) Metaspace: 20552K->20552K(1067008K)
[2020-09-26T04:48:53.006-0400][gc           ] GC(9) Pause Young (Concurrent Start) (Metadata GC Threshold) 16M->7M(179M) 11.905ms
[2020-09-26T04:48:53.006-0400][gc,cpu       ] GC(9) User=0.01s Sys=0.01s Real=0.02s
[2020-09-26T04:48:53.009-0400][gc           ] GC(10) Concurrent Cycle
[2020-09-26T04:48:53.009-0400][gc,marking   ] GC(10) Concurrent Clear Claimed Marks
[2020-09-26T04:48:53.009-0400][gc,marking   ] GC(10) Concurrent Clear Claimed Marks 0.048ms
[2020-09-26T04:48:53.009-0400][gc,marking   ] GC(10) Concurrent Scan Root Regions
[2020-09-26T04:48:53.012-0400][gc,marking   ] GC(10) Concurrent Scan Root Regions 2.078ms
[2020-09-26T04:48:53.012-0400][gc,marking   ] GC(10) Concurrent Mark (2.049s)
[2020-09-26T04:48:53.012-0400][gc,marking   ] GC(10) Concurrent Mark From Roots
[2020-09-26T04:48:53.012-0400][gc,task      ] GC(10) Using 1 workers of 1 for marking
[2020-09-26T04:48:53.024-0400][gc,marking   ] GC(10) Concurrent Mark From Roots 12.297ms
[2020-09-26T04:48:53.024-0400][gc,marking   ] GC(10) Concurrent Preclean
[2020-09-26T04:48:53.024-0400][gc,marking   ] GC(10) Concurrent Preclean 0.113ms
[2020-09-26T04:48:53.024-0400][gc,marking   ] GC(10) Concurrent Mark (2.049s, 2.061s) 12.478ms
[2020-09-26T04:48:53.025-0400][gc,start     ] GC(10) Pause Remark
[2020-09-26T04:48:53.034-0400][gc,stringtable] GC(10) Cleaned string and symbol table, strings: 4905 processed, 5 removed, symbols: 51443 processed, 46 removed
[2020-09-26T04:48:53.034-0400][gc            ] GC(10) Pause Remark 8M->8M(179M) 8.386ms
[2020-09-26T04:48:53.034-0400][gc,cpu        ] GC(10) User=0.02s Sys=0.00s Real=0.00s
[2020-09-26T04:48:53.034-0400][gc,marking    ] GC(10) Concurrent Rebuild Remembered Sets
[2020-09-26T04:48:53.058-0400][gc,marking    ] GC(10) Concurrent Rebuild Remembered Sets 24.362ms
[2020-09-26T04:48:53.061-0400][gc,start      ] GC(10) Pause Cleanup
[2020-09-26T04:48:53.061-0400][gc            ] GC(10) Pause Cleanup 9M->9M(179M) 0.203ms
[2020-09-26T04:48:53.061-0400][gc,cpu        ] GC(10) User=0.00s Sys=0.00s Real=0.00s
[2020-09-26T04:48:53.063-0400][gc,marking    ] GC(10) Concurrent Cleanup for Next Mark
[2020-09-26T04:48:53.070-0400][gc,marking    ] GC(10) Concurrent Cleanup for Next Mark 6.835ms
[2020-09-26T04:48:53.070-0400][gc            ] GC(10) Concurrent Cycle 60.348ms
[2020-09-26T04:48:53.595-0400][gc,start      ] GC(11) Pause Young (Concurrent Start) (G1 Humongous Allocation)
[2020-09-26T04:48:53.595-0400][gc,task       ] GC(11) Using 4 workers of 4 for evacuation
[2020-09-26T04:48:53.607-0400][gc,phases     ] GC(11)   Pre Evacuate Collection Set: 0.9ms
[2020-09-26T04:48:53.608-0400][gc,phases     ] GC(11)   Evacuate Collection Set: 9.6ms
[2020-09-26T04:48:53.608-0400][gc,phases     ] GC(11)   Post Evacuate Collection Set: 1.3ms
[2020-09-26T04:48:53.608-0400][gc,phases     ] GC(11)   Other: 0.2ms
[2020-09-26T04:48:53.608-0400][gc,heap       ] GC(11) Eden regions: 9->0(23)
[2020-09-26T04:48:53.608-0400][gc,heap       ] GC(11) Survivor regions: 2->2(4)
[2020-09-26T04:48:53.608-0400][gc,heap       ] GC(11) Old regions: 8->8
[2020-09-26T04:48:53.608-0400][gc,heap       ] GC(11) Humongous regions: 0->0
[2020-09-26T04:48:53.608-0400][gc,metaspace  ] GC(11) Metaspace: 21604K->21604K(1069056K)
[2020-09-26T04:48:53.608-0400][gc            ] GC(11) Pause Young (Concurrent Start) (G1 Humongous Allocation) 16M->8M(179M) 12.206ms
[2020-09-26T04:48:53.608-0400][gc,cpu        ] GC(11) User=0.00s Sys=0.01s Real=0.01s
[2020-09-26T04:48:53.608-0400][gc            ] GC(12) Concurrent Cycle
[2020-09-26T04:48:53.608-0400][gc,marking    ] GC(12) Concurrent Clear Claimed Marks
[2020-09-26T04:48:53.608-0400][gc,marking    ] GC(12) Concurrent Clear Claimed Marks 0.127ms
[2020-09-26T04:48:53.608-0400][gc,marking    ] GC(12) Concurrent Scan Root Regions
[2020-09-26T04:48:53.613-0400][gc,marking    ] GC(12) Concurrent Scan Root Regions 5.220ms
[2020-09-26T04:48:53.613-0400][gc,marking    ] GC(12) Concurrent Mark (2.651s)
[2020-09-26T04:48:53.613-0400][gc,marking    ] GC(12) Concurrent Mark From Roots
[2020-09-26T04:48:53.613-0400][gc,task       ] GC(12) Using 1 workers of 1 for marking
[2020-09-26T04:48:53.622-0400][gc,marking    ] GC(12) Concurrent Mark From Roots 8.257ms
[2020-09-26T04:48:53.622-0400][gc,marking    ] GC(12) Concurrent Preclean
[2020-09-26T04:48:53.622-0400][gc,marking    ] GC(12) Concurrent Preclean 0.068ms
[2020-09-26T04:48:53.622-0400][gc,marking    ] GC(12) Concurrent Mark (2.651s, 2.659s) 8.386ms
[2020-09-26T04:48:53.922-0400][gc,start      ] GC(12) Pause Remark
[2020-09-26T04:48:53.924-0400][gc,stringtable] GC(12) Cleaned string and symbol table, strings: 5222 processed, 1 removed, symbols: 53135 processed, 2 removed
[2020-09-26T04:48:53.924-0400][gc            ] GC(12) Pause Remark 137M->137M(179M) 2.302ms
[2020-09-26T04:48:53.924-0400][gc,cpu        ] GC(12) User=0.00s Sys=0.00s Real=0.00s
[2020-09-26T04:48:53.924-0400][gc,marking    ] GC(12) Concurrent Rebuild Remembered Sets
[2020-09-26T04:48:53.929-0400][gc,marking    ] GC(12) Concurrent Rebuild Remembered Sets 4.252ms
[2020-09-26T04:48:53.929-0400][gc,start      ] GC(12) Pause Cleanup
[2020-09-26T04:48:53.929-0400][gc            ] GC(12) Pause Cleanup 138M->138M(179M) 0.150ms
[2020-09-26T04:48:53.930-0400][gc,cpu        ] GC(12) User=0.00s Sys=0.00s Real=0.00s
[2020-09-26T04:48:53.930-0400][gc,marking    ] GC(12) Concurrent Cleanup for Next Mark
[2020-09-26T04:48:53.937-0400][gc,marking    ] GC(12) Concurrent Cleanup for Next Mark 7.527ms
[2020-09-26T04:48:53.937-0400][gc            ] GC(12) Concurrent Cycle 329.416ms
[2020-09-26T04:48:54.249-0400][gc,start      ] GC(13) Pause Young (Normal) (G1 Evacuation Pause)
[2020-09-26T04:48:54.249-0400][gc,task       ] GC(13) Using 4 workers of 4 for evacuation
[2020-09-26T04:48:54.258-0400][gc,phases     ] GC(13)   Pre Evacuate Collection Set: 0.0ms
[2020-09-26T04:48:54.259-0400][gc,phases     ] GC(13)   Evacuate Collection Set: 9.3ms
[2020-09-26T04:48:54.259-0400][gc,phases     ] GC(13)   Post Evacuate Collection Set: 0.5ms
[2020-09-26T04:48:54.259-0400][gc,phases     ] GC(13)   Other: 0.1ms
[2020-09-26T04:48:54.259-0400][gc,heap       ] GC(13) Eden regions: 22->0(16)
[2020-09-26T04:48:54.259-0400][gc,heap       ] GC(13) Survivor regions: 2->3(3)
[2020-09-26T04:48:54.259-0400][gc,heap       ] GC(13) Old regions: 8->8
[2020-09-26T04:48:54.259-0400][gc,heap       ] GC(13) Humongous regions: 129->129
[2020-09-26T04:48:54.259-0400][gc,metaspace  ] GC(13) Metaspace: 26458K->26458K(1073152K)
[2020-09-26T04:48:54.259-0400][gc            ] GC(13) Pause Young (Normal) (G1 Evacuation Pause) 159M->138M(179M) 10.055ms
[2020-09-26T04:48:54.259-0400][gc,cpu        ] GC(13) User=0.01s Sys=0.01s Real=0.01s
[2020-09-26T04:48:54.752-0400][gc,start      ] GC(14) Pause Young (Concurrent Start) (G1 Evacuation Pause)
[2020-09-26T04:48:54.752-0400][gc,task       ] GC(14) Using 4 workers of 4 for evacuation
[2020-09-26T04:48:54.758-0400][gc,phases     ] GC(14)   Pre Evacuate Collection Set: 0.1ms
[2020-09-26T04:48:54.758-0400][gc,phases     ] GC(14)   Evacuate Collection Set: 4.9ms
[2020-09-26T04:48:54.758-0400][gc,phases     ] GC(14)   Post Evacuate Collection Set: 0.8ms
[2020-09-26T04:48:54.758-0400][gc,phases     ] GC(14)   Other: 0.2ms
[2020-09-26T04:48:54.758-0400][gc,heap       ] GC(14) Eden regions: 16->0(14)
[2020-09-26T04:48:54.758-0400][gc,heap       ] GC(14) Survivor regions: 3->3(3)
[2020-09-26T04:48:54.758-0400][gc,heap       ] GC(14) Old regions: 8->10
[2020-09-26T04:48:54.758-0400][gc,heap       ] GC(14) Humongous regions: 129->129
[2020-09-26T04:48:54.758-0400][gc,metaspace  ] GC(14) Metaspace: 28928K->28928K(1075200K)
[2020-09-26T04:48:54.758-0400][gc            ] GC(14) Pause Young (Concurrent Start) (G1 Evacuation Pause) 154M->140M(179M) 6.495ms
[2020-09-26T04:48:54.758-0400][gc,cpu        ] GC(14) User=0.01s Sys=0.01s Real=0.01s
[2020-09-26T04:48:54.764-0400][gc            ] GC(15) Concurrent Cycle
[2020-09-26T04:48:54.764-0400][gc,marking    ] GC(15) Concurrent Clear Claimed Marks
[2020-09-26T04:48:54.764-0400][gc,marking    ] GC(15) Concurrent Clear Claimed Marks 0.100ms
[2020-09-26T04:48:54.764-0400][gc,marking    ] GC(15) Concurrent Scan Root Regions
[2020-09-26T04:48:54.769-0400][gc,marking    ] GC(15) Concurrent Scan Root Regions 4.737ms
[2020-09-26T04:48:54.769-0400][gc,marking    ] GC(15) Concurrent Mark (3.806s)
[2020-09-26T04:48:54.769-0400][gc,marking    ] GC(15) Concurrent Mark From Roots
[2020-09-26T04:48:54.769-0400][gc,task       ] GC(15) Using 1 workers of 1 for marking
[2020-09-26T04:48:54.790-0400][gc,marking    ] GC(15) Concurrent Mark From Roots 21.232ms
[2020-09-26T04:48:54.790-0400][gc,marking    ] GC(15) Concurrent Preclean
[2020-09-26T04:48:54.790-0400][gc,marking    ] GC(15) Concurrent Preclean 0.074ms
[2020-09-26T04:48:54.790-0400][gc,marking    ] GC(15) Concurrent Mark (3.806s, 3.828s) 21.364ms
[2020-09-26T04:48:54.793-0400][gc,start      ] GC(15) Pause Remark
[2020-09-26T04:48:54.813-0400][gc,stringtable] GC(15) Cleaned string and symbol table, strings: 9453 processed, 1 removed, symbols: 70716 processed, 14 removed
[2020-09-26T04:48:54.813-0400][gc,mmu        ] GC(15) MMU target violated: 20.6ms (20.0ms/21.0ms)
[2020-09-26T04:48:54.813-0400][gc            ] GC(15) Pause Remark 142M->142M(179M) 20.738ms
[2020-09-26T04:48:54.814-0400][gc,cpu        ] GC(15) User=0.01s Sys=0.00s Real=0.02s
[2020-09-26T04:48:54.814-0400][gc,marking    ] GC(15) Concurrent Rebuild Remembered Sets
[2020-09-26T04:48:54.827-0400][gc,marking    ] GC(15) Concurrent Rebuild Remembered Sets 13.253ms
[2020-09-26T04:48:54.842-0400][gc,start      ] GC(15) Pause Cleanup
[2020-09-26T04:48:54.843-0400][gc            ] GC(15) Pause Cleanup 142M->142M(179M) 0.372ms
[2020-09-26T04:48:54.843-0400][gc,cpu        ] GC(15) User=0.00s Sys=0.00s Real=0.00s
[2020-09-26T04:48:54.843-0400][gc,marking    ] GC(15) Concurrent Cleanup for Next Mark
[2020-09-26T04:48:54.844-0400][gc,marking    ] GC(15) Concurrent Cleanup for Next Mark 0.786ms
[2020-09-26T04:48:54.844-0400][gc            ] GC(15) Concurrent Cycle 79.609ms
[2020-09-26T04:48:54.912-0400][gc,start      ] GC(16) Pause Young (Normal) (G1 Evacuation Pause)
[2020-09-26T04:48:54.912-0400][gc,task       ] GC(16) Using 4 workers of 4 for evacuation
[2020-09-26T04:48:54.942-0400][gc,mmu        ] GC(16) MMU target violated: 21.0ms (20.0ms/21.0ms)
[2020-09-26T04:48:54.942-0400][gc,phases     ] GC(16)   Pre Evacuate Collection Set: 0.0ms
[2020-09-26T04:48:54.942-0400][gc,phases     ] GC(16)   Evacuate Collection Set: 21.7ms
[2020-09-26T04:48:54.942-0400][gc,phases     ] GC(16)   Post Evacuate Collection Set: 8.0ms
[2020-09-26T04:48:54.942-0400][gc,phases     ] GC(16)   Other: 0.3ms
[2020-09-26T04:48:54.942-0400][gc,heap       ] GC(16) Eden regions: 5->0(10)
[2020-09-26T04:48:54.942-0400][gc,heap       ] GC(16) Survivor regions: 3->1(1)
[2020-09-26T04:48:54.942-0400][gc,heap       ] GC(16) Old regions: 10->13
[2020-09-26T04:48:54.942-0400][gc,heap       ] GC(16) Humongous regions: 129->129
[2020-09-26T04:48:54.942-0400][gc,metaspace  ] GC(16) Metaspace: 30091K->30091K(1077248K)
[2020-09-26T04:48:54.943-0400][gc            ] GC(16) Pause Young (Normal) (G1 Evacuation Pause) 145M->141M(179M) 30.152ms
[2020-09-26T04:48:54.943-0400][gc,cpu        ] GC(16) User=0.00s Sys=0.01s Real=0.03s
[2020-09-26T04:48:55.366-0400][gc,start      ] GC(17) Pause Young (Concurrent Start) (G1 Evacuation Pause)
[2020-09-26T04:48:55.366-0400][gc,task       ] GC(17) Using 4 workers of 4 for evacuation
[2020-09-26T04:48:55.380-0400][gc,phases     ] GC(17)   Pre Evacuate Collection Set: 0.3ms
[2020-09-26T04:48:55.380-0400][gc,phases     ] GC(17)   Evacuate Collection Set: 12.1ms
[2020-09-26T04:48:55.380-0400][gc,phases     ] GC(17)   Post Evacuate Collection Set: 1.7ms
[2020-09-26T04:48:55.380-0400][gc,phases     ] GC(17)   Other: 0.2ms
[2020-09-26T04:48:55.380-0400][gc,heap       ] GC(17) Eden regions: 10->0(10)
[2020-09-26T04:48:55.380-0400][gc,heap       ] GC(17) Survivor regions: 1->1(2)
[2020-09-26T04:48:55.380-0400][gc,heap       ] GC(17) Old regions: 13->13
[2020-09-26T04:48:55.380-0400][gc,heap       ] GC(17) Humongous regions: 129->129
[2020-09-26T04:48:55.380-0400][gc,metaspace  ] GC(17) Metaspace: 32702K->32702K(1079296K)
[2020-09-26T04:48:55.380-0400][gc            ] GC(17) Pause Young (Concurrent Start) (G1 Evacuation Pause) 151M->141M(179M) 14.396ms
[2020-09-26T04:48:55.380-0400][gc,cpu        ] GC(17) User=0.00s Sys=0.01s Real=0.01s
[2020-09-26T04:48:55.381-0400][gc            ] GC(18) Concurrent Cycle
[2020-09-26T04:48:55.381-0400][gc,marking    ] GC(18) Concurrent Clear Claimed Marks
[2020-09-26T04:48:55.381-0400][gc,marking    ] GC(18) Concurrent Clear Claimed Marks 0.163ms
[2020-09-26T04:48:55.381-0400][gc,marking    ] GC(18) Concurrent Scan Root Regions
[2020-09-26T04:48:55.383-0400][gc,marking    ] GC(18) Concurrent Scan Root Regions 1.858ms
[2020-09-26T04:48:55.383-0400][gc,marking    ] GC(18) Concurrent Mark (4.420s)
[2020-09-26T04:48:55.383-0400][gc,marking    ] GC(18) Concurrent Mark From Roots
[2020-09-26T04:48:55.383-0400][gc,task       ] GC(18) Using 1 workers of 1 for marking
[2020-09-26T04:48:55.410-0400][gc,marking    ] GC(18) Concurrent Mark From Roots 27.253ms
[2020-09-26T04:48:55.410-0400][gc,marking    ] GC(18) Concurrent Preclean
[2020-09-26T04:48:55.410-0400][gc,marking    ] GC(18) Concurrent Preclean 0.079ms
[2020-09-26T04:48:55.410-0400][gc,marking    ] GC(18) Concurrent Mark (4.420s, 4.448s) 27.388ms
[2020-09-26T04:48:55.415-0400][gc,start      ] GC(18) Pause Remark
[2020-09-26T04:48:55.438-0400][gc,stringtable] GC(18) Cleaned string and symbol table, strings: 10136 processed, 9 removed, symbols: 80038 processed, 10 removed
[2020-09-26T04:48:55.438-0400][gc,mmu        ] GC(18) MMU target violated: 21.0ms (20.0ms/21.0ms)
[2020-09-26T04:48:55.438-0400][gc            ] GC(18) Pause Remark 142M->142M(179M) 23.273ms
[2020-09-26T04:48:55.438-0400][gc,cpu        ] GC(18) User=0.03s Sys=0.01s Real=0.02s
[2020-09-26T04:48:55.443-0400][gc,marking    ] GC(18) Concurrent Rebuild Remembered Sets
[2020-09-26T04:48:55.457-0400][gc,marking    ] GC(18) Concurrent Rebuild Remembered Sets 14.444ms
[2020-09-26T04:48:55.468-0400][gc,start      ] GC(18) Pause Cleanup
[2020-09-26T04:48:55.474-0400][gc            ] GC(18) Pause Cleanup 143M->143M(179M) 5.707ms
[2020-09-26T04:48:55.474-0400][gc,cpu        ] GC(18) User=0.00s Sys=0.00s Real=0.00s
[2020-09-26T04:48:55.474-0400][gc,marking    ] GC(18) Concurrent Cleanup for Next Mark
[2020-09-26T04:48:55.475-0400][gc,marking    ] GC(18) Concurrent Cleanup for Next Mark 1.246ms
[2020-09-26T04:48:55.475-0400][gc            ] GC(18) Concurrent Cycle 94.902ms
[2020-09-26T04:48:55.761-0400][gc,start      ] GC(19) Pause Young (Normal) (G1 Evacuation Pause)
[2020-09-26T04:48:55.761-0400][gc,task       ] GC(19) Using 4 workers of 4 for evacuation
[2020-09-26T04:48:55.769-0400][gc,phases     ] GC(19)   Pre Evacuate Collection Set: 0.0ms
[2020-09-26T04:48:55.769-0400][gc,phases     ] GC(19)   Evacuate Collection Set: 7.7ms
[2020-09-26T04:48:55.769-0400][gc,phases     ] GC(19)   Post Evacuate Collection Set: 0.6ms
[2020-09-26T04:48:55.769-0400][gc,phases     ] GC(19)   Other: 0.2ms
[2020-09-26T04:48:55.769-0400][gc,heap       ] GC(19) Eden regions: 10->0(10)
[2020-09-26T04:48:55.769-0400][gc,heap       ] GC(19) Survivor regions: 1->2(2)
[2020-09-26T04:48:55.769-0400][gc,heap       ] GC(19) Old regions: 13->13
[2020-09-26T04:48:55.769-0400][gc,heap       ] GC(19) Humongous regions: 129->129
[2020-09-26T04:48:55.769-0400][gc,metaspace  ] GC(19) Metaspace: 34452K->34452K(1081344K)
[2020-09-26T04:48:55.770-0400][gc            ] GC(19) Pause Young (Normal) (G1 Evacuation Pause) 151M->141M(179M) 8.625ms
[2020-09-26T04:48:55.770-0400][gc,cpu        ] GC(19) User=0.02s Sys=0.01s Real=0.01s
[2020-09-26T04:48:55.885-0400][gc,start      ] GC(20) Pause Young (Concurrent Start) (G1 Humongous Allocation)
[2020-09-26T04:48:55.885-0400][gc,task       ] GC(20) Using 4 workers of 4 for evacuation
[2020-09-26T04:48:55.921-0400][gc,mmu        ] GC(20) MMU target violated: 21.0ms (20.0ms/21.0ms)
[2020-09-26T04:48:55.921-0400][gc,phases     ] GC(20)   Pre Evacuate Collection Set: 0.1ms
[2020-09-26T04:48:55.921-0400][gc,phases     ] GC(20)   Evacuate Collection Set: 16.7ms
[2020-09-26T04:48:55.921-0400][gc,phases     ] GC(20)   Post Evacuate Collection Set: 18.4ms
[2020-09-26T04:48:55.921-0400][gc,phases     ] GC(20)   Other: 0.3ms
[2020-09-26T04:48:55.921-0400][gc,heap       ] GC(20) Eden regions: 2->0(9)
[2020-09-26T04:48:55.921-0400][gc,heap       ] GC(20) Survivor regions: 2->1(2)
[2020-09-26T04:48:55.921-0400][gc,heap       ] GC(20) Old regions: 13->14
[2020-09-26T04:48:55.921-0400][gc,heap       ] GC(20) Humongous regions: 129->129
[2020-09-26T04:48:55.921-0400][gc,metaspace  ] GC(20) Metaspace: 34632K->34632K(1081344K)
[2020-09-26T04:48:55.921-0400][gc            ] GC(20) Pause Young (Concurrent Start) (G1 Humongous Allocation) 143M->142M(179M) 35.476ms
[2020-09-26T04:48:55.921-0400][gc,cpu        ] GC(20) User=0.04s Sys=0.01s Real=0.03s
[2020-09-26T04:48:55.921-0400][gc            ] GC(21) Concurrent Cycle
[2020-09-26T04:48:55.921-0400][gc,marking    ] GC(21) Concurrent Clear Claimed Marks
[2020-09-26T04:48:55.921-0400][gc,marking    ] GC(21) Concurrent Clear Claimed Marks 0.147ms
[2020-09-26T04:48:55.921-0400][gc,marking    ] GC(21) Concurrent Scan Root Regions
[2020-09-26T04:48:55.924-0400][gc,marking    ] GC(21) Concurrent Scan Root Regions 3.159ms
[2020-09-26T04:48:55.924-0400][gc,marking    ] GC(21) Concurrent Mark (4.962s)
[2020-09-26T04:48:55.924-0400][gc,marking    ] GC(21) Concurrent Mark From Roots
[2020-09-26T04:48:55.924-0400][gc,task       ] GC(21) Using 1 workers of 1 for marking
[2020-09-26T04:48:55.950-0400][gc,marking    ] GC(21) Concurrent Mark From Roots 25.446ms
[2020-09-26T04:48:55.950-0400][gc,marking    ] GC(21) Concurrent Preclean
[2020-09-26T04:48:55.950-0400][gc,marking    ] GC(21) Concurrent Preclean 0.127ms
[2020-09-26T04:48:55.950-0400][gc,marking    ] GC(21) Concurrent Mark (4.962s, 4.987s) 25.632ms
[2020-09-26T04:48:55.950-0400][gc,start      ] GC(21) Pause Remark
[2020-09-26T04:48:55.956-0400][gc,stringtable] GC(21) Cleaned string and symbol table, strings: 10528 processed, 0 removed, symbols: 81847 processed, 0 removed
[2020-09-26T04:48:55.975-0400][gc,mmu        ] GC(21) MMU target violated: 21.0ms (20.0ms/21.0ms)
[2020-09-26T04:48:55.975-0400][gc            ] GC(21) Pause Remark 148M->148M(179M) 24.682ms
[2020-09-26T04:48:55.975-0400][gc,cpu        ] GC(21) User=0.03s Sys=0.00s Real=0.03s
[2020-09-26T04:48:55.975-0400][gc,marking    ] GC(21) Concurrent Rebuild Remembered Sets
[2020-09-26T04:48:55.987-0400][gc,marking    ] GC(21) Concurrent Rebuild Remembered Sets 12.196ms
[2020-09-26T04:48:55.988-0400][gc,start      ] GC(21) Pause Cleanup
[2020-09-26T04:48:55.988-0400][gc            ] GC(21) Pause Cleanup 148M->148M(179M) 0.192ms
[2020-09-26T04:48:55.988-0400][gc,cpu        ] GC(21) User=0.00s Sys=0.00s Real=0.00s
[2020-09-26T04:48:55.988-0400][gc,marking    ] GC(21) Concurrent Cleanup for Next Mark
[2020-09-26T04:48:55.989-0400][gc,marking    ] GC(21) Concurrent Cleanup for Next Mark 0.382ms
[2020-09-26T04:48:55.989-0400][gc            ] GC(21) Concurrent Cycle 67.492ms
[2020-09-26T04:51:35.622-0400][gc,start      ] GC(22) Pause Young (Normal) (G1 Evacuation Pause)
[2020-09-26T04:51:35.623-0400][gc,task       ] GC(22) Using 4 workers of 4 for evacuation
[2020-09-26T04:51:35.626-0400][gc,phases     ] GC(22)   Pre Evacuate Collection Set: 0.1ms
[2020-09-26T04:51:35.626-0400][gc,phases     ] GC(22)   Evacuate Collection Set: 2.7ms
[2020-09-26T04:51:35.626-0400][gc,phases     ] GC(22)   Post Evacuate Collection Set: 0.5ms
[2020-09-26T04:51:35.626-0400][gc,phases     ] GC(22)   Other: 0.4ms
[2020-09-26T04:51:35.626-0400][gc,heap       ] GC(22) Eden regions: 9->0(9)
[2020-09-26T04:51:35.626-0400][gc,heap       ] GC(22) Survivor regions: 1->1(2)
[2020-09-26T04:51:35.626-0400][gc,heap       ] GC(22) Old regions: 14->14
[2020-09-26T04:51:35.626-0400][gc,heap       ] GC(22) Humongous regions: 135->129
[2020-09-26T04:51:35.626-0400][gc,metaspace  ] GC(22) Metaspace: 36033K->36033K(1081344K)
[2020-09-26T04:51:35.626-0400][gc            ] GC(22) Pause Young (Normal) (G1 Evacuation Pause) 157M->142M(179M) 3.679ms
[2020-09-26T04:51:35.626-0400][gc,cpu        ] GC(22) User=0.01s Sys=0.00s Real=0.01s
[2020-09-26T04:53:03.716-0400][gc,start      ] GC(23) Pause Young (Concurrent Start) (G1 Evacuation Pause)
[2020-09-26T04:53:03.716-0400][gc,task       ] GC(23) Using 4 workers of 4 for evacuation
[2020-09-26T04:53:03.720-0400][gc,phases     ] GC(23)   Pre Evacuate Collection Set: 0.1ms
[2020-09-26T04:53:03.720-0400][gc,phases     ] GC(23)   Evacuate Collection Set: 2.9ms
[2020-09-26T04:53:03.720-0400][gc,phases     ] GC(23)   Post Evacuate Collection Set: 0.7ms
[2020-09-26T04:53:03.720-0400][gc,phases     ] GC(23)   Other: 0.3ms
[2020-09-26T04:53:03.720-0400][gc,heap       ] GC(23) Eden regions: 9->0(9)
[2020-09-26T04:53:03.720-0400][gc,heap       ] GC(23) Survivor regions: 1->2(2)
[2020-09-26T04:53:03.720-0400][gc,heap       ] GC(23) Old regions: 14->14
[2020-09-26T04:53:03.720-0400][gc,heap       ] GC(23) Humongous regions: 129->129
[2020-09-26T04:53:03.720-0400][gc,metaspace  ] GC(23) Metaspace: 37002K->37002K(1083392K)
[2020-09-26T04:53:03.720-0400][gc            ] GC(23) Pause Young (Concurrent Start) (G1 Evacuation Pause) 151M->142M(179M) 4.045ms
[2020-09-26T04:53:03.720-0400][gc,cpu        ] GC(23) User=0.00s Sys=0.00s Real=0.00s
[2020-09-26T04:53:03.721-0400][gc            ] GC(24) Concurrent Cycle
[2020-09-26T04:53:03.721-0400][gc,marking    ] GC(24) Concurrent Clear Claimed Marks
[2020-09-26T04:53:03.721-0400][gc,marking    ] GC(24) Concurrent Clear Claimed Marks 0.046ms
[2020-09-26T04:53:03.721-0400][gc,marking    ] GC(24) Concurrent Scan Root Regions
[2020-09-26T04:53:03.723-0400][gc,marking    ] GC(24) Concurrent Scan Root Regions 1.915ms
[2020-09-26T04:53:03.723-0400][gc,marking    ] GC(24) Concurrent Mark (252.760s)
[2020-09-26T04:53:03.723-0400][gc,marking    ] GC(24) Concurrent Mark From Roots
[2020-09-26T04:53:03.723-0400][gc,task       ] GC(24) Using 1 workers of 1 for marking
[2020-09-26T04:53:03.741-0400][gc,marking    ] GC(24) Concurrent Mark From Roots 18.679ms
[2020-09-26T04:53:03.741-0400][gc,marking    ] GC(24) Concurrent Preclean
[2020-09-26T04:53:03.741-0400][gc,marking    ] GC(24) Concurrent Preclean 0.081ms
[2020-09-26T04:53:03.741-0400][gc,marking    ] GC(24) Concurrent Mark (252.760s, 252.779s) 18.816ms
[2020-09-26T04:53:03.742-0400][gc,start      ] GC(24) Pause Remark
[2020-09-26T04:53:03.745-0400][gc,stringtable] GC(24) Cleaned string and symbol table, strings: 10882 processed, 3 removed, symbols: 83179 processed, 1 removed
[2020-09-26T04:53:03.745-0400][gc            ] GC(24) Pause Remark 142M->142M(179M) 3.652ms
[2020-09-26T04:53:03.745-0400][gc,cpu        ] GC(24) User=0.01s Sys=0.00s Real=0.01s
[2020-09-26T04:53:03.745-0400][gc,marking    ] GC(24) Concurrent Rebuild Remembered Sets
[2020-09-26T04:53:03.755-0400][gc,marking    ] GC(24) Concurrent Rebuild Remembered Sets 9.483ms
[2020-09-26T04:53:03.755-0400][gc,start      ] GC(24) Pause Cleanup
[2020-09-26T04:53:03.755-0400][gc            ] GC(24) Pause Cleanup 142M->142M(179M) 0.147ms
[2020-09-26T04:53:03.755-0400][gc,cpu        ] GC(24) User=0.00s Sys=0.00s Real=0.00s
[2020-09-26T04:53:03.755-0400][gc,marking    ] GC(24) Concurrent Cleanup for Next Mark
[2020-09-26T04:53:03.756-0400][gc,marking    ] GC(24) Concurrent Cleanup for Next Mark 0.314ms
[2020-09-26T04:53:03.756-0400][gc            ] GC(24) Concurrent Cycle 35.299ms
[2020-09-26T04:54:03.491-0400][gc,start      ] GC(25) Pause Young (Normal) (G1 Evacuation Pause)
[2020-09-26T04:54:03.491-0400][gc,task       ] GC(25) Using 4 workers of 4 for evacuation
[2020-09-26T04:54:03.496-0400][gc,phases     ] GC(25)   Pre Evacuate Collection Set: 0.0ms
[2020-09-26T04:54:03.496-0400][gc,phases     ] GC(25)   Evacuate Collection Set: 3.7ms
[2020-09-26T04:54:03.496-0400][gc,phases     ] GC(25)   Post Evacuate Collection Set: 0.7ms
[2020-09-26T04:54:03.496-0400][gc,phases     ] GC(25)   Other: 0.2ms
[2020-09-26T04:54:03.496-0400][gc,heap       ] GC(25) Eden regions: 9->0(9)
[2020-09-26T04:54:03.496-0400][gc,heap       ] GC(25) Survivor regions: 2->2(2)
[2020-09-26T04:54:03.496-0400][gc,heap       ] GC(25) Old regions: 14->15
[2020-09-26T04:54:03.496-0400][gc,heap       ] GC(25) Humongous regions: 129->129
[2020-09-26T04:54:03.496-0400][gc,metaspace  ] GC(25) Metaspace: 37903K->37903K(1083392K)
[2020-09-26T04:54:03.496-0400][gc            ] GC(25) Pause Young (Normal) (G1 Evacuation Pause) 151M->143M(179M) 4.720ms
[2020-09-26T04:54:03.496-0400][gc,cpu        ] GC(25) User=0.02s Sys=0.00s Real=0.01s
[2020-09-26T04:55:43.854-0400][gc,start      ] GC(26) Pause Young (Concurrent Start) (G1 Evacuation Pause)
[2020-09-26T04:55:43.854-0400][gc,task       ] GC(26) Using 4 workers of 4 for evacuation
[2020-09-26T04:55:43.858-0400][gc,phases     ] GC(26)   Pre Evacuate Collection Set: 0.2ms
[2020-09-26T04:55:43.858-0400][gc,phases     ] GC(26)   Evacuate Collection Set: 3.3ms
[2020-09-26T04:55:43.858-0400][gc,phases     ] GC(26)   Post Evacuate Collection Set: 0.6ms
[2020-09-26T04:55:43.858-0400][gc,phases     ] GC(26)   Other: 0.2ms
[2020-09-26T04:55:43.858-0400][gc,heap       ] GC(26) Eden regions: 9->0(9)
[2020-09-26T04:55:43.858-0400][gc,heap       ] GC(26) Survivor regions: 2->2(2)
[2020-09-26T04:55:43.858-0400][gc,heap       ] GC(26) Old regions: 15->16
[2020-09-26T04:55:43.858-0400][gc,heap       ] GC(26) Humongous regions: 129->129
[2020-09-26T04:55:43.858-0400][gc,metaspace  ] GC(26) Metaspace: 38050K->38050K(1083392K)
[2020-09-26T04:55:43.858-0400][gc            ] GC(26) Pause Young (Concurrent Start) (G1 Evacuation Pause) 152M->144M(179M) 4.383ms
[2020-09-26T04:55:43.858-0400][gc,cpu        ] GC(26) User=0.02s Sys=0.00s Real=0.01s
[2020-09-26T04:55:43.858-0400][gc            ] GC(27) Concurrent Cycle
[2020-09-26T04:55:43.858-0400][gc,marking    ] GC(27) Concurrent Clear Claimed Marks
[2020-09-26T04:55:43.858-0400][gc,marking    ] GC(27) Concurrent Clear Claimed Marks 0.100ms
[2020-09-26T04:55:43.858-0400][gc,marking    ] GC(27) Concurrent Scan Root Regions
[2020-09-26T04:55:43.860-0400][gc,marking    ] GC(27) Concurrent Scan Root Regions 1.452ms
[2020-09-26T04:55:43.860-0400][gc,marking    ] GC(27) Concurrent Mark (412.897s)
[2020-09-26T04:55:43.860-0400][gc,marking    ] GC(27) Concurrent Mark From Roots
[2020-09-26T04:55:43.860-0400][gc,task       ] GC(27) Using 1 workers of 1 for marking
[2020-09-26T04:55:43.881-0400][gc,marking    ] GC(27) Concurrent Mark From Roots 21.008ms
[2020-09-26T04:55:43.881-0400][gc,marking    ] GC(27) Concurrent Preclean
[2020-09-26T04:55:43.881-0400][gc,marking    ] GC(27) Concurrent Preclean 0.162ms
[2020-09-26T04:55:43.881-0400][gc,marking    ] GC(27) Concurrent Mark (412.897s, 412.918s) 21.225ms
[2020-09-26T04:55:43.881-0400][gc,start      ] GC(27) Pause Remark
[2020-09-26T04:55:43.887-0400][gc,stringtable] GC(27) Cleaned string and symbol table, strings: 11441 processed, 303 removed, symbols: 83431 processed, 1 removed
[2020-09-26T04:55:43.888-0400][gc            ] GC(27) Pause Remark 144M->144M(179M) 6.875ms
[2020-09-26T04:55:43.888-0400][gc,cpu        ] GC(27) User=0.02s Sys=0.00s Real=0.01s
[2020-09-26T04:55:43.888-0400][gc,marking    ] GC(27) Concurrent Rebuild Remembered Sets
[2020-09-26T04:55:43.899-0400][gc,marking    ] GC(27) Concurrent Rebuild Remembered Sets 10.399ms
[2020-09-26T04:55:43.899-0400][gc,start      ] GC(27) Pause Cleanup
[2020-09-26T04:55:43.899-0400][gc            ] GC(27) Pause Cleanup 144M->144M(179M) 0.139ms
[2020-09-26T04:55:43.899-0400][gc,cpu        ] GC(27) User=0.00s Sys=0.00s Real=0.00s
[2020-09-26T04:55:43.899-0400][gc,marking    ] GC(27) Concurrent Cleanup for Next Mark
[2020-09-26T04:55:43.900-0400][gc,marking    ] GC(27) Concurrent Cleanup for Next Mark 0.360ms
[2020-09-26T04:55:43.900-0400][gc            ] GC(27) Concurrent Cycle 41.486ms
[2020-09-26T04:57:23.578-0400][gc,start      ] GC(28) Pause Young (Normal) (G1 Evacuation Pause)
[2020-09-26T04:57:23.578-0400][gc,task       ] GC(28) Using 4 workers of 4 for evacuation
[2020-09-26T04:57:23.584-0400][gc,phases     ] GC(28)   Pre Evacuate Collection Set: 0.0ms
[2020-09-26T04:57:23.584-0400][gc,phases     ] GC(28)   Evacuate Collection Set: 6.1ms
[2020-09-26T04:57:23.584-0400][gc,phases     ] GC(28)   Post Evacuate Collection Set: 0.4ms
[2020-09-26T04:57:23.584-0400][gc,phases     ] GC(28)   Other: 0.3ms
[2020-09-26T04:57:23.584-0400][gc,heap       ] GC(28) Eden regions: 9->0(8)
[2020-09-26T04:57:23.584-0400][gc,heap       ] GC(28) Survivor regions: 2->2(2)
[2020-09-26T04:57:23.584-0400][gc,heap       ] GC(28) Old regions: 16->17
[2020-09-26T04:57:23.584-0400][gc,heap       ] GC(28) Humongous regions: 129->129
[2020-09-26T04:57:23.584-0400][gc,metaspace  ] GC(28) Metaspace: 37974K->37974K(1083392K)
[2020-09-26T04:57:23.584-0400][gc            ] GC(28) Pause Young (Normal) (G1 Evacuation Pause) 153M->145M(179M) 6.761ms
[2020-09-26T04:57:23.584-0400][gc,cpu        ] GC(28) User=0.01s Sys=0.00s Real=0.00s
[2020-09-26T04:58:54.542-0400][gc,start      ] GC(29) Pause Young (Concurrent Start) (G1 Evacuation Pause)
[2020-09-26T04:58:54.542-0400][gc,task       ] GC(29) Using 4 workers of 4 for evacuation
[2020-09-26T04:58:54.545-0400][gc,phases     ] GC(29)   Pre Evacuate Collection Set: 0.2ms
[2020-09-26T04:58:54.546-0400][gc,phases     ] GC(29)   Evacuate Collection Set: 2.6ms
[2020-09-26T04:58:54.546-0400][gc,phases     ] GC(29)   Post Evacuate Collection Set: 0.5ms
[2020-09-26T04:58:54.546-0400][gc,phases     ] GC(29)   Other: 0.3ms
[2020-09-26T04:58:54.546-0400][gc,heap       ] GC(29) Eden regions: 8->0(9)
[2020-09-26T04:58:54.546-0400][gc,heap       ] GC(29) Survivor regions: 2->2(2)
[2020-09-26T04:58:54.546-0400][gc,heap       ] GC(29) Old regions: 17->17
[2020-09-26T04:58:54.546-0400][gc,heap       ] GC(29) Humongous regions: 129->129
[2020-09-26T04:58:54.546-0400][gc,metaspace  ] GC(29) Metaspace: 38008K->38008K(1083392K)
[2020-09-26T04:58:54.546-0400][gc            ] GC(29) Pause Young (Concurrent Start) (G1 Evacuation Pause) 153M->145M(179M) 3.578ms
[2020-09-26T04:58:54.546-0400][gc,cpu        ] GC(29) User=0.00s Sys=0.00s Real=0.01s
[2020-09-26T04:58:54.546-0400][gc            ] GC(30) Concurrent Cycle
[2020-09-26T04:58:54.546-0400][gc,marking    ] GC(30) Concurrent Clear Claimed Marks
[2020-09-26T04:58:54.546-0400][gc,marking    ] GC(30) Concurrent Clear Claimed Marks 0.095ms
[2020-09-26T04:58:54.546-0400][gc,marking    ] GC(30) Concurrent Scan Root Regions
[2020-09-26T04:58:54.548-0400][gc,marking    ] GC(30) Concurrent Scan Root Regions 1.905ms
[2020-09-26T04:58:54.548-0400][gc,marking    ] GC(30) Concurrent Mark (603.585s)
[2020-09-26T04:58:54.548-0400][gc,marking    ] GC(30) Concurrent Mark From Roots
[2020-09-26T04:58:54.548-0400][gc,task       ] GC(30) Using 1 workers of 1 for marking
[2020-09-26T04:58:54.571-0400][gc,marking    ] GC(30) Concurrent Mark From Roots 23.454ms
[2020-09-26T04:58:54.571-0400][gc,marking    ] GC(30) Concurrent Preclean
[2020-09-26T04:58:54.571-0400][gc,marking    ] GC(30) Concurrent Preclean 0.136ms
[2020-09-26T04:58:54.571-0400][gc,marking    ] GC(30) Concurrent Mark (603.585s, 603.609s) 23.654ms
[2020-09-26T04:58:54.572-0400][gc,start      ] GC(30) Pause Remark
[2020-09-26T04:58:54.578-0400][gc,stringtable] GC(30) Cleaned string and symbol table, strings: 11201 processed, 4 removed, symbols: 83455 processed, 14 removed
[2020-09-26T04:58:54.579-0400][gc            ] GC(30) Pause Remark 146M->146M(179M) 7.169ms
[2020-09-26T04:58:54.579-0400][gc,cpu        ] GC(30) User=0.02s Sys=0.00s Real=0.01s
[2020-09-26T04:58:54.579-0400][gc,marking    ] GC(30) Concurrent Rebuild Remembered Sets
[2020-09-26T04:58:54.591-0400][gc,marking    ] GC(30) Concurrent Rebuild Remembered Sets 12.138ms
[2020-09-26T04:58:54.592-0400][gc,start      ] GC(30) Pause Cleanup
[2020-09-26T04:58:54.592-0400][gc            ] GC(30) Pause Cleanup 146M->146M(179M) 0.157ms
[2020-09-26T04:58:54.592-0400][gc,cpu        ] GC(30) User=0.00s Sys=0.00s Real=0.00s
[2020-09-26T04:58:54.592-0400][gc,marking    ] GC(30) Concurrent Cleanup for Next Mark
[2020-09-26T04:58:54.592-0400][gc,marking    ] GC(30) Concurrent Cleanup for Next Mark 0.481ms
[2020-09-26T04:58:54.592-0400][gc            ] GC(30) Concurrent Cycle 46.695ms
[2020-09-26T05:00:35.888-0400][gc,start      ] GC(31) Pause Young (Normal) (G1 Evacuation Pause)
[2020-09-26T05:00:35.888-0400][gc,task       ] GC(31) Using 4 workers of 4 for evacuation
[2020-09-26T05:00:35.895-0400][gc,phases     ] GC(31)   Pre Evacuate Collection Set: 0.0ms
[2020-09-26T05:00:35.895-0400][gc,phases     ] GC(31)   Evacuate Collection Set: 6.6ms
[2020-09-26T05:00:35.895-0400][gc,phases     ] GC(31)   Post Evacuate Collection Set: 0.6ms
[2020-09-26T05:00:35.895-0400][gc,phases     ] GC(31)   Other: 0.2ms
[2020-09-26T05:00:35.895-0400][gc,heap       ] GC(31) Eden regions: 9->0(8)
[2020-09-26T05:00:35.895-0400][gc,heap       ] GC(31) Survivor regions: 2->2(2)
[2020-09-26T05:00:35.895-0400][gc,heap       ] GC(31) Old regions: 17->19
[2020-09-26T05:00:35.895-0400][gc,heap       ] GC(31) Humongous regions: 129->129
[2020-09-26T05:00:35.895-0400][gc,metaspace  ] GC(31) Metaspace: 38052K->38052K(1083392K)
[2020-09-26T05:00:35.895-0400][gc            ] GC(31) Pause Young (Normal) (G1 Evacuation Pause) 154M->147M(179M) 7.544ms
[2020-09-26T05:00:35.895-0400][gc,cpu        ] GC(31) User=0.01s Sys=0.00s Real=0.01s
[2020-09-26T05:02:09.077-0400][gc,start      ] GC(32) Pause Young (Concurrent Start) (G1 Evacuation Pause)
[2020-09-26T05:02:09.077-0400][gc,task       ] GC(32) Using 4 workers of 4 for evacuation
[2020-09-26T05:02:09.081-0400][gc,phases     ] GC(32)   Pre Evacuate Collection Set: 0.2ms
[2020-09-26T05:02:09.081-0400][gc,phases     ] GC(32)   Evacuate Collection Set: 3.4ms
[2020-09-26T05:02:09.081-0400][gc,phases     ] GC(32)   Post Evacuate Collection Set: 0.4ms
[2020-09-26T05:02:09.081-0400][gc,phases     ] GC(32)   Other: 0.2ms
[2020-09-26T05:02:09.081-0400][gc,heap       ] GC(32) Eden regions: 8->0(8)
[2020-09-26T05:02:09.081-0400][gc,heap       ] GC(32) Survivor regions: 2->2(2)
[2020-09-26T05:02:09.081-0400][gc,heap       ] GC(32) Old regions: 19->19
[2020-09-26T05:02:09.081-0400][gc,heap       ] GC(32) Humongous regions: 129->129
[2020-09-26T05:02:09.081-0400][gc,metaspace  ] GC(32) Metaspace: 38062K->38062K(1083392K)
[2020-09-26T05:02:09.081-0400][gc            ] GC(32) Pause Young (Concurrent Start) (G1 Evacuation Pause) 155M->147M(179M) 4.291ms
[2020-09-26T05:02:09.081-0400][gc,cpu        ] GC(32) User=0.01s Sys=0.00s Real=0.00s
[2020-09-26T05:02:09.081-0400][gc            ] GC(33) Concurrent Cycle
[2020-09-26T05:02:09.081-0400][gc,marking    ] GC(33) Concurrent Clear Claimed Marks
[2020-09-26T05:02:09.081-0400][gc,marking    ] GC(33) Concurrent Clear Claimed Marks 0.044ms
[2020-09-26T05:02:09.081-0400][gc,marking    ] GC(33) Concurrent Scan Root Regions
[2020-09-26T05:02:09.082-0400][gc,marking    ] GC(33) Concurrent Scan Root Regions 1.239ms
[2020-09-26T05:02:09.082-0400][gc,marking    ] GC(33) Concurrent Mark (798.120s)
[2020-09-26T05:02:09.082-0400][gc,marking    ] GC(33) Concurrent Mark From Roots
[2020-09-26T05:02:09.082-0400][gc,task       ] GC(33) Using 1 workers of 1 for marking
[2020-09-26T05:02:09.104-0400][gc,marking    ] GC(33) Concurrent Mark From Roots 21.921ms
[2020-09-26T05:02:09.104-0400][gc,marking    ] GC(33) Concurrent Preclean
[2020-09-26T05:02:09.104-0400][gc,marking    ] GC(33) Concurrent Preclean 0.107ms
[2020-09-26T05:02:09.104-0400][gc,marking    ] GC(33) Concurrent Mark (798.120s, 798.142s) 22.083ms
[2020-09-26T05:02:09.105-0400][gc,start      ] GC(33) Pause Remark
[2020-09-26T05:02:09.110-0400][gc,stringtable] GC(33) Cleaned string and symbol table, strings: 11369 processed, 5 removed, symbols: 83460 processed, 2 removed
[2020-09-26T05:02:09.110-0400][gc            ] GC(33) Pause Remark 147M->147M(179M) 5.158ms
[2020-09-26T05:02:09.110-0400][gc,cpu        ] GC(33) User=0.01s Sys=0.00s Real=0.00s
[2020-09-26T05:02:09.110-0400][gc,marking    ] GC(33) Concurrent Rebuild Remembered Sets
[2020-09-26T05:02:09.121-0400][gc,marking    ] GC(33) Concurrent Rebuild Remembered Sets 11.397ms
[2020-09-26T05:02:09.122-0400][gc,start      ] GC(33) Pause Cleanup
[2020-09-26T05:02:09.122-0400][gc            ] GC(33) Pause Cleanup 147M->147M(179M) 0.246ms
[2020-09-26T05:02:09.122-0400][gc,cpu        ] GC(33) User=0.00s Sys=0.00s Real=0.00s
[2020-09-26T05:02:09.122-0400][gc,marking    ] GC(33) Concurrent Cleanup for Next Mark
[2020-09-26T05:02:09.123-0400][gc,marking    ] GC(33) Concurrent Cleanup for Next Mark 0.379ms
[2020-09-26T05:02:09.123-0400][gc            ] GC(33) Concurrent Cycle 41.537ms
[2020-09-26T05:03:44.365-0400][gc,start      ] GC(34) Pause Young (Normal) (G1 Evacuation Pause)
[2020-09-26T05:03:44.365-0400][gc,task       ] GC(34) Using 4 workers of 4 for evacuation
[2020-09-26T05:03:44.369-0400][gc,phases     ] GC(34)   Pre Evacuate Collection Set: 0.0ms
[2020-09-26T05:03:44.369-0400][gc,phases     ] GC(34)   Evacuate Collection Set: 2.9ms
[2020-09-26T05:03:44.369-0400][gc,phases     ] GC(34)   Post Evacuate Collection Set: 0.4ms
[2020-09-26T05:03:44.369-0400][gc,phases     ] GC(34)   Other: 0.2ms
[2020-09-26T05:03:44.369-0400][gc,heap       ] GC(34) Eden regions: 8->0(6)
[2020-09-26T05:03:44.369-0400][gc,heap       ] GC(34) Survivor regions: 2->2(2)
[2020-09-26T05:03:44.369-0400][gc,heap       ] GC(34) Old regions: 19->21
[2020-09-26T05:03:44.369-0400][gc,heap       ] GC(34) Humongous regions: 129->129
[2020-09-26T05:03:44.369-0400][gc,metaspace  ] GC(34) Metaspace: 38093K->38093K(1083392K)
[2020-09-26T05:03:44.369-0400][gc            ] GC(34) Pause Young (Normal) (G1 Evacuation Pause) 155M->149M(179M) 3.707ms
[2020-09-26T05:03:44.369-0400][gc,cpu        ] GC(34) User=0.01s Sys=0.00s Real=0.00s
[2020-09-26T05:04:53.218-0400][gc,start      ] GC(35) Pause Young (Concurrent Start) (G1 Evacuation Pause)
[2020-09-26T05:04:53.218-0400][gc,task       ] GC(35) Using 4 workers of 4 for evacuation
[2020-09-26T05:04:53.221-0400][gc,phases     ] GC(35)   Pre Evacuate Collection Set: 0.2ms
[2020-09-26T05:04:53.221-0400][gc,phases     ] GC(35)   Evacuate Collection Set: 2.7ms
[2020-09-26T05:04:53.221-0400][gc,phases     ] GC(35)   Post Evacuate Collection Set: 0.3ms
[2020-09-26T05:04:53.221-0400][gc,phases     ] GC(35)   Other: 0.3ms
[2020-09-26T05:04:53.221-0400][gc,heap       ] GC(35) Eden regions: 6->0(7)
[2020-09-26T05:04:53.221-0400][gc,heap       ] GC(35) Survivor regions: 2->1(1)
[2020-09-26T05:04:53.221-0400][gc,heap       ] GC(35) Old regions: 21->21
[2020-09-26T05:04:53.221-0400][gc,heap       ] GC(35) Humongous regions: 129->129
[2020-09-26T05:04:53.221-0400][gc,metaspace  ] GC(35) Metaspace: 38098K->38098K(1083392K)
[2020-09-26T05:04:53.221-0400][gc            ] GC(35) Pause Young (Concurrent Start) (G1 Evacuation Pause) 155M->149M(179M) 3.453ms
[2020-09-26T05:04:53.221-0400][gc,cpu        ] GC(35) User=0.01s Sys=0.00s Real=0.00s
[2020-09-26T05:04:53.221-0400][gc            ] GC(36) Concurrent Cycle
[2020-09-26T05:04:53.221-0400][gc,marking    ] GC(36) Concurrent Clear Claimed Marks
[2020-09-26T05:04:53.221-0400][gc,marking    ] GC(36) Concurrent Clear Claimed Marks 0.066ms
[2020-09-26T05:04:53.221-0400][gc,marking    ] GC(36) Concurrent Scan Root Regions
[2020-09-26T05:04:53.222-0400][gc,marking    ] GC(36) Concurrent Scan Root Regions 0.936ms
[2020-09-26T05:04:53.222-0400][gc,marking    ] GC(36) Concurrent Mark (962.260s)
[2020-09-26T05:04:53.222-0400][gc,marking    ] GC(36) Concurrent Mark From Roots
[2020-09-26T05:04:53.222-0400][gc,task       ] GC(36) Using 1 workers of 1 for marking
[2020-09-26T05:04:53.245-0400][gc,marking    ] GC(36) Concurrent Mark From Roots 22.971ms
[2020-09-26T05:04:53.245-0400][gc,marking    ] GC(36) Concurrent Preclean
[2020-09-26T05:04:53.245-0400][gc,marking    ] GC(36) Concurrent Preclean 0.108ms
[2020-09-26T05:04:53.245-0400][gc,marking    ] GC(36) Concurrent Mark (962.260s, 962.283s) 23.138ms
[2020-09-26T05:04:53.246-0400][gc,start      ] GC(36) Pause Remark
[2020-09-26T05:04:53.249-0400][gc,stringtable] GC(36) Cleaned string and symbol table, strings: 11404 processed, 0 removed, symbols: 83458 processed, 0 removed
[2020-09-26T05:04:53.250-0400][gc            ] GC(36) Pause Remark 149M->149M(179M) 4.253ms
[2020-09-26T05:04:53.250-0400][gc,cpu        ] GC(36) User=0.01s Sys=0.00s Real=0.00s
[2020-09-26T05:04:53.250-0400][gc,marking    ] GC(36) Concurrent Rebuild Remembered Sets
[2020-09-26T05:04:53.262-0400][gc,marking    ] GC(36) Concurrent Rebuild Remembered Sets 12.080ms
[2020-09-26T05:04:53.262-0400][gc,start      ] GC(36) Pause Cleanup
[2020-09-26T05:04:53.263-0400][gc            ] GC(36) Pause Cleanup 149M->149M(179M) 0.262ms
[2020-09-26T05:04:53.263-0400][gc,cpu        ] GC(36) User=0.00s Sys=0.00s Real=0.00s
[2020-09-26T05:04:53.263-0400][gc,marking    ] GC(36) Concurrent Cleanup for Next Mark
[2020-09-26T05:04:53.263-0400][gc,marking    ] GC(36) Concurrent Cleanup for Next Mark 0.428ms
[2020-09-26T05:04:53.263-0400][gc            ] GC(36) Concurrent Cycle 41.938ms
[2020-09-26T05:06:17.424-0400][gc,start      ] GC(37) Pause Young (Normal) (G1 Evacuation Pause)
[2020-09-26T05:06:17.424-0400][gc,task       ] GC(37) Using 4 workers of 4 for evacuation
[2020-09-26T05:06:17.427-0400][gc,phases     ] GC(37)   Pre Evacuate Collection Set: 0.0ms
[2020-09-26T05:06:17.427-0400][gc,phases     ] GC(37)   Evacuate Collection Set: 2.7ms
[2020-09-26T05:06:17.427-0400][gc,phases     ] GC(37)   Post Evacuate Collection Set: 0.6ms
[2020-09-26T05:06:17.427-0400][gc,phases     ] GC(37)   Other: 0.2ms
[2020-09-26T05:06:17.427-0400][gc,heap       ] GC(37) Eden regions: 7->0(7)
[2020-09-26T05:06:17.427-0400][gc,heap       ] GC(37) Survivor regions: 1->1(1)
[2020-09-26T05:06:17.427-0400][gc,heap       ] GC(37) Old regions: 21->22
[2020-09-26T05:06:17.427-0400][gc,heap       ] GC(37) Humongous regions: 129->129
[2020-09-26T05:06:17.427-0400][gc,metaspace  ] GC(37) Metaspace: 38100K->38100K(1083392K)
[2020-09-26T05:06:17.427-0400][gc            ] GC(37) Pause Young (Normal) (G1 Evacuation Pause) 156M->150M(179M) 3.582ms
[2020-09-26T05:06:17.427-0400][gc,cpu        ] GC(37) User=0.01s Sys=0.00s Real=0.01s
[2020-09-26T05:07:39.664-0400][gc,start      ] GC(38) Pause Young (Concurrent Start) (G1 Evacuation Pause)
[2020-09-26T05:07:39.664-0400][gc,task       ] GC(38) Using 4 workers of 4 for evacuation
[2020-09-26T05:07:39.669-0400][gc,phases     ] GC(38)   Pre Evacuate Collection Set: 0.1ms
[2020-09-26T05:07:39.669-0400][gc,phases     ] GC(38)   Evacuate Collection Set: 4.2ms
[2020-09-26T05:07:39.669-0400][gc,phases     ] GC(38)   Post Evacuate Collection Set: 0.3ms
[2020-09-26T05:07:39.669-0400][gc,phases     ] GC(38)   Other: 0.2ms
[2020-09-26T05:07:39.669-0400][gc,heap       ] GC(38) Eden regions: 7->0(7)
[2020-09-26T05:07:39.669-0400][gc,heap       ] GC(38) Survivor regions: 1->1(1)
[2020-09-26T05:07:39.669-0400][gc,heap       ] GC(38) Old regions: 22->23
[2020-09-26T05:07:39.669-0400][gc,heap       ] GC(38) Humongous regions: 129->129
[2020-09-26T05:07:39.669-0400][gc,metaspace  ] GC(38) Metaspace: 38116K->38116K(1083392K)
[2020-09-26T05:07:39.669-0400][gc            ] GC(38) Pause Young (Concurrent Start) (G1 Evacuation Pause) 157M->151M(179M) 4.935ms
[2020-09-26T05:07:39.669-0400][gc,cpu        ] GC(38) User=0.00s Sys=0.01s Real=0.01s
[2020-09-26T05:07:39.669-0400][gc            ] GC(39) Concurrent Cycle
[2020-09-26T05:07:39.669-0400][gc,marking    ] GC(39) Concurrent Clear Claimed Marks
[2020-09-26T05:07:39.669-0400][gc,marking    ] GC(39) Concurrent Clear Claimed Marks 0.072ms
[2020-09-26T05:07:39.669-0400][gc,marking    ] GC(39) Concurrent Scan Root Regions
[2020-09-26T05:07:39.671-0400][gc,marking    ] GC(39) Concurrent Scan Root Regions 1.212ms
[2020-09-26T05:07:39.671-0400][gc,marking    ] GC(39) Concurrent Mark (1128.708s)
[2020-09-26T05:07:39.671-0400][gc,marking    ] GC(39) Concurrent Mark From Roots
[2020-09-26T05:07:39.671-0400][gc,task       ] GC(39) Using 1 workers of 1 for marking
[2020-09-26T05:07:39.695-0400][gc,marking    ] GC(39) Concurrent Mark From Roots 24.407ms
[2020-09-26T05:07:39.695-0400][gc,marking    ] GC(39) Concurrent Preclean
[2020-09-26T05:07:39.695-0400][gc,marking    ] GC(39) Concurrent Preclean 0.112ms
[2020-09-26T05:07:39.695-0400][gc,marking    ] GC(39) Concurrent Mark (1128.708s, 1128.732s) 24.581ms
[2020-09-26T05:07:39.695-0400][gc,start      ] GC(39) Pause Remark
[2020-09-26T05:07:39.700-0400][gc,stringtable] GC(39) Cleaned string and symbol table, strings: 11407 processed, 0 removed, symbols: 83458 processed, 0 removed
[2020-09-26T05:07:39.701-0400][gc            ] GC(39) Pause Remark 151M->151M(179M) 5.278ms
[2020-09-26T05:07:39.701-0400][gc,cpu        ] GC(39) User=0.01s Sys=0.00s Real=0.00s
[2020-09-26T05:07:39.701-0400][gc,marking    ] GC(39) Concurrent Rebuild Remembered Sets
[2020-09-26T05:07:39.714-0400][gc,marking    ] GC(39) Concurrent Rebuild Remembered Sets 12.749ms
[2020-09-26T05:07:39.714-0400][gc,start      ] GC(39) Pause Cleanup
[2020-09-26T05:07:39.714-0400][gc            ] GC(39) Pause Cleanup 151M->151M(179M) 0.187ms
[2020-09-26T05:07:39.714-0400][gc,cpu        ] GC(39) User=0.00s Sys=0.00s Real=0.00s
[2020-09-26T05:07:39.714-0400][gc,marking    ] GC(39) Concurrent Cleanup for Next Mark
[2020-09-26T05:07:39.715-0400][gc,marking    ] GC(39) Concurrent Cleanup for Next Mark 0.374ms
[2020-09-26T05:07:39.715-0400][gc            ] GC(39) Concurrent Cycle 45.236ms
[2020-09-26T05:09:01.416-0400][gc,start      ] GC(40) Pause Young (Normal) (G1 Evacuation Pause)
[2020-09-26T05:09:01.416-0400][gc,task       ] GC(40) Using 4 workers of 4 for evacuation
[2020-09-26T05:09:01.420-0400][gc,phases     ] GC(40)   Pre Evacuate Collection Set: 0.0ms
[2020-09-26T05:09:01.420-0400][gc,phases     ] GC(40)   Evacuate Collection Set: 2.9ms
[2020-09-26T05:09:01.420-0400][gc,phases     ] GC(40)   Post Evacuate Collection Set: 0.6ms
[2020-09-26T05:09:01.420-0400][gc,phases     ] GC(40)   Other: 0.2ms
[2020-09-26T05:09:01.420-0400][gc,heap       ] GC(40) Eden regions: 7->0(7)
[2020-09-26T05:09:01.420-0400][gc,heap       ] GC(40) Survivor regions: 1->1(1)
[2020-09-26T05:09:01.420-0400][gc,heap       ] GC(40) Old regions: 23->24
[2020-09-26T05:09:01.420-0400][gc,heap       ] GC(40) Humongous regions: 129->129
[2020-09-26T05:09:01.420-0400][gc,metaspace  ] GC(40) Metaspace: 38119K->38119K(1083392K)
[2020-09-26T05:09:01.420-0400][gc            ] GC(40) Pause Young (Normal) (G1 Evacuation Pause) 158M->151M(179M) 3.769ms
[2020-09-26T05:09:01.420-0400][gc,cpu        ] GC(40) User=0.01s Sys=0.00s Real=0.00s
[2020-09-26T05:10:24.123-0400][gc,start      ] GC(41) Pause Young (Concurrent Start) (G1 Evacuation Pause)
[2020-09-26T05:10:24.123-0400][gc,task       ] GC(41) Using 4 workers of 4 for evacuation
[2020-09-26T05:10:24.127-0400][gc,phases     ] GC(41)   Pre Evacuate Collection Set: 0.2ms
[2020-09-26T05:10:24.127-0400][gc,phases     ] GC(41)   Evacuate Collection Set: 3.2ms
[2020-09-26T05:10:24.127-0400][gc,phases     ] GC(41)   Post Evacuate Collection Set: 0.6ms
[2020-09-26T05:10:24.127-0400][gc,phases     ] GC(41)   Other: 0.2ms
[2020-09-26T05:10:24.127-0400][gc,heap       ] GC(41) Eden regions: 7->0(7)
[2020-09-26T05:10:24.127-0400][gc,heap       ] GC(41) Survivor regions: 1->1(1)
[2020-09-26T05:10:24.127-0400][gc,heap       ] GC(41) Old regions: 24->24
[2020-09-26T05:10:24.127-0400][gc,heap       ] GC(41) Humongous regions: 129->129
[2020-09-26T05:10:24.127-0400][gc,metaspace  ] GC(41) Metaspace: 38132K->38132K(1083392K)
[2020-09-26T05:10:24.127-0400][gc            ] GC(41) Pause Young (Concurrent Start) (G1 Evacuation Pause) 158M->152M(179M) 4.209ms
[2020-09-26T05:10:24.127-0400][gc,cpu        ] GC(41) User=0.01s Sys=0.00s Real=0.01s
[2020-09-26T05:10:24.127-0400][gc            ] GC(42) Concurrent Cycle
[2020-09-26T05:10:24.127-0400][gc,marking    ] GC(42) Concurrent Clear Claimed Marks
[2020-09-26T05:10:24.127-0400][gc,marking    ] GC(42) Concurrent Clear Claimed Marks 0.050ms
[2020-09-26T05:10:24.127-0400][gc,marking    ] GC(42) Concurrent Scan Root Regions
[2020-09-26T05:10:24.128-0400][gc,marking    ] GC(42) Concurrent Scan Root Regions 1.355ms
[2020-09-26T05:10:24.128-0400][gc,marking    ] GC(42) Concurrent Mark (1293.166s)
[2020-09-26T05:10:24.128-0400][gc,marking    ] GC(42) Concurrent Mark From Roots
[2020-09-26T05:10:24.128-0400][gc,task       ] GC(42) Using 1 workers of 1 for marking
[2020-09-26T05:10:24.152-0400][gc,marking    ] GC(42) Concurrent Mark From Roots 23.898ms
[2020-09-26T05:10:24.152-0400][gc,marking    ] GC(42) Concurrent Preclean
[2020-09-26T05:10:24.153-0400][gc,marking    ] GC(42) Concurrent Preclean 0.109ms
[2020-09-26T05:10:24.153-0400][gc,marking    ] GC(42) Concurrent Mark (1293.166s, 1293.190s) 24.063ms
[2020-09-26T05:10:24.153-0400][gc,start      ] GC(42) Pause Remark
[2020-09-26T05:10:24.156-0400][gc,stringtable] GC(42) Cleaned string and symbol table, strings: 11424 processed, 0 removed, symbols: 83458 processed, 0 removed
[2020-09-26T05:10:24.156-0400][gc            ] GC(42) Pause Remark 152M->152M(179M) 3.544ms
[2020-09-26T05:10:24.156-0400][gc,cpu        ] GC(42) User=0.01s Sys=0.00s Real=0.01s
[2020-09-26T05:10:24.156-0400][gc,marking    ] GC(42) Concurrent Rebuild Remembered Sets
[2020-09-26T05:10:24.168-0400][gc,marking    ] GC(42) Concurrent Rebuild Remembered Sets 11.989ms
[2020-09-26T05:10:24.169-0400][gc,start      ] GC(42) Pause Cleanup
[2020-09-26T05:10:24.169-0400][gc            ] GC(42) Pause Cleanup 152M->152M(179M) 0.237ms
[2020-09-26T05:10:24.169-0400][gc,cpu        ] GC(42) User=0.00s Sys=0.00s Real=0.00s
[2020-09-26T05:10:24.169-0400][gc,marking    ] GC(42) Concurrent Cleanup for Next Mark
[2020-09-26T05:10:24.170-0400][gc,marking    ] GC(42) Concurrent Cleanup for Next Mark 0.445ms
[2020-09-26T05:10:24.170-0400][gc            ] GC(42) Concurrent Cycle 42.588ms
[2020-09-26T05:11:48.879-0400][gc,start      ] GC(43) Pause Young (Normal) (G1 Evacuation Pause)
[2020-09-26T05:11:48.879-0400][gc,task       ] GC(43) Using 4 workers of 4 for evacuation
[2020-09-26T05:11:48.882-0400][gc,phases     ] GC(43)   Pre Evacuate Collection Set: 0.0ms
[2020-09-26T05:11:48.882-0400][gc,phases     ] GC(43)   Evacuate Collection Set: 2.8ms
[2020-09-26T05:11:48.882-0400][gc,phases     ] GC(43)   Post Evacuate Collection Set: 0.4ms
[2020-09-26T05:11:48.882-0400][gc,phases     ] GC(43)   Other: 0.2ms
[2020-09-26T05:11:48.882-0400][gc,heap       ] GC(43) Eden regions: 7->0(7)
[2020-09-26T05:11:48.882-0400][gc,heap       ] GC(43) Survivor regions: 1->1(1)
[2020-09-26T05:11:48.882-0400][gc,heap       ] GC(43) Old regions: 24->25
[2020-09-26T05:11:48.882-0400][gc,heap       ] GC(43) Humongous regions: 129->129
[2020-09-26T05:11:48.882-0400][gc,metaspace  ] GC(43) Metaspace: 38149K->38149K(1083392K)
[2020-09-26T05:11:48.882-0400][gc            ] GC(43) Pause Young (Normal) (G1 Evacuation Pause) 159M->153M(179M) 3.530ms
[2020-09-26T05:11:48.882-0400][gc,cpu        ] GC(43) User=0.01s Sys=0.00s Real=0.00s
[2020-09-26T05:13:13.087-0400][gc,start      ] GC(44) Pause Young (Concurrent Start) (G1 Evacuation Pause)
[2020-09-26T05:13:13.087-0400][gc,task       ] GC(44) Using 4 workers of 4 for evacuation
[2020-09-26T05:13:13.090-0400][gc,phases     ] GC(44)   Pre Evacuate Collection Set: 0.2ms
[2020-09-26T05:13:13.090-0400][gc,phases     ] GC(44)   Evacuate Collection Set: 2.2ms
[2020-09-26T05:13:13.090-0400][gc,phases     ] GC(44)   Post Evacuate Collection Set: 0.4ms
[2020-09-26T05:13:13.090-0400][gc,phases     ] GC(44)   Other: 0.2ms
[2020-09-26T05:13:13.090-0400][gc,heap       ] GC(44) Eden regions: 7->0(7)
[2020-09-26T05:13:13.090-0400][gc,heap       ] GC(44) Survivor regions: 1->1(1)
[2020-09-26T05:13:13.090-0400][gc,heap       ] GC(44) Old regions: 25->26
[2020-09-26T05:13:13.090-0400][gc,heap       ] GC(44) Humongous regions: 129->129
[2020-09-26T05:13:13.090-0400][gc,metaspace  ] GC(44) Metaspace: 38172K->38172K(1083392K)
[2020-09-26T05:13:13.090-0400][gc            ] GC(44) Pause Young (Concurrent Start) (G1 Evacuation Pause) 160M->153M(179M) 3.091ms
[2020-09-26T05:13:13.090-0400][gc,cpu        ] GC(44) User=0.00s Sys=0.00s Real=0.00s
[2020-09-26T05:13:13.090-0400][gc            ] GC(45) Concurrent Cycle
[2020-09-26T05:13:13.091-0400][gc,marking    ] GC(45) Concurrent Clear Claimed Marks
[2020-09-26T05:13:13.091-0400][gc,marking    ] GC(45) Concurrent Clear Claimed Marks 0.052ms
[2020-09-26T05:13:13.091-0400][gc,marking    ] GC(45) Concurrent Scan Root Regions
[2020-09-26T05:13:13.092-0400][gc,marking    ] GC(45) Concurrent Scan Root Regions 0.995ms
[2020-09-26T05:13:13.092-0400][gc,marking    ] GC(45) Concurrent Mark (1462.129s)
[2020-09-26T05:13:13.092-0400][gc,marking    ] GC(45) Concurrent Mark From Roots
[2020-09-26T05:13:13.092-0400][gc,task       ] GC(45) Using 1 workers of 1 for marking
[2020-09-26T05:13:13.114-0400][gc,marking    ] GC(45) Concurrent Mark From Roots 22.845ms
[2020-09-26T05:13:13.114-0400][gc,marking    ] GC(45) Concurrent Preclean
[2020-09-26T05:13:13.115-0400][gc,marking    ] GC(45) Concurrent Preclean 0.107ms
[2020-09-26T05:13:13.115-0400][gc,marking    ] GC(45) Concurrent Mark (1462.129s, 1462.152s) 23.008ms
[2020-09-26T05:13:13.115-0400][gc,start      ] GC(45) Pause Remark
[2020-09-26T05:13:13.118-0400][gc,stringtable] GC(45) Cleaned string and symbol table, strings: 11428 processed, 0 removed, symbols: 83458 processed, 0 removed
[2020-09-26T05:13:13.119-0400][gc            ] GC(45) Pause Remark 153M->153M(179M) 3.643ms
[2020-09-26T05:13:13.119-0400][gc,cpu        ] GC(45) User=0.01s Sys=0.00s Real=0.00s
[2020-09-26T05:13:13.119-0400][gc,marking    ] GC(45) Concurrent Rebuild Remembered Sets
[2020-09-26T05:13:13.131-0400][gc,marking    ] GC(45) Concurrent Rebuild Remembered Sets 11.960ms
[2020-09-26T05:13:13.131-0400][gc,start      ] GC(45) Pause Cleanup
[2020-09-26T05:13:13.131-0400][gc            ] GC(45) Pause Cleanup 153M->153M(179M) 0.179ms
[2020-09-26T05:13:13.131-0400][gc,cpu        ] GC(45) User=0.00s Sys=0.00s Real=0.00s
[2020-09-26T05:13:13.131-0400][gc,marking    ] GC(45) Concurrent Cleanup for Next Mark
[2020-09-26T05:13:13.132-0400][gc,marking    ] GC(45) Concurrent Cleanup for Next Mark 0.379ms
[2020-09-26T05:13:13.132-0400][gc            ] GC(45) Concurrent Cycle 41.166ms
[2020-09-26T05:14:39.149-0400][gc,start      ] GC(46) Pause Young (Prepare Mixed) (G1 Evacuation Pause)
[2020-09-26T05:14:39.149-0400][gc,task       ] GC(46) Using 4 workers of 4 for evacuation
[2020-09-26T05:14:39.154-0400][gc,phases     ] GC(46)   Pre Evacuate Collection Set: 0.1ms
[2020-09-26T05:14:39.154-0400][gc,phases     ] GC(46)   Evacuate Collection Set: 4.0ms
[2020-09-26T05:14:39.154-0400][gc,phases     ] GC(46)   Post Evacuate Collection Set: 0.8ms
[2020-09-26T05:14:39.154-0400][gc,phases     ] GC(46)   Other: 0.3ms
[2020-09-26T05:14:39.154-0400][gc,heap       ] GC(46) Eden regions: 7->0(7)
[2020-09-26T05:14:39.154-0400][gc,heap       ] GC(46) Survivor regions: 1->1(1)
[2020-09-26T05:14:39.154-0400][gc,heap       ] GC(46) Old regions: 26->26
[2020-09-26T05:14:39.154-0400][gc,heap       ] GC(46) Humongous regions: 129->129
[2020-09-26T05:14:39.154-0400][gc,metaspace  ] GC(46) Metaspace: 38174K->38174K(1083392K)
[2020-09-26T05:14:39.154-0400][gc            ] GC(46) Pause Young (Prepare Mixed) (G1 Evacuation Pause) 160M->154M(179M) 5.336ms
[2020-09-26T05:14:39.154-0400][gc,cpu        ] GC(46) User=0.01s Sys=0.00s Real=0.00s
[2020-09-26T05:16:08.084-0400][gc,start      ] GC(47) Pause Young (Mixed) (G1 Evacuation Pause)
[2020-09-26T05:16:08.084-0400][gc,task       ] GC(47) Using 4 workers of 4 for evacuation
[2020-09-26T05:16:08.089-0400][gc,phases     ] GC(47)   Pre Evacuate Collection Set: 0.1ms
[2020-09-26T05:16:08.089-0400][gc,phases     ] GC(47)   Evacuate Collection Set: 4.9ms
[2020-09-26T05:16:08.089-0400][gc,phases     ] GC(47)   Post Evacuate Collection Set: 0.4ms
[2020-09-26T05:16:08.089-0400][gc,phases     ] GC(47)   Other: 0.2ms
[2020-09-26T05:16:08.089-0400][gc,heap       ] GC(47) Eden regions: 7->0(7)
[2020-09-26T05:16:08.089-0400][gc,heap       ] GC(47) Survivor regions: 1->1(1)
[2020-09-26T05:16:08.089-0400][gc,heap       ] GC(47) Old regions: 26->26
[2020-09-26T05:16:08.089-0400][gc,heap       ] GC(47) Humongous regions: 129->129
[2020-09-26T05:16:08.089-0400][gc,metaspace  ] GC(47) Metaspace: 38182K->38182K(1083392K)
[2020-09-26T05:16:08.089-0400][gc            ] GC(47) Pause Young (Mixed) (G1 Evacuation Pause) 161M->153M(179M) 5.533ms
[2020-09-26T05:16:08.089-0400][gc,cpu        ] GC(47) User=0.01s Sys=0.00s Real=0.01s
[2020-09-26T05:17:32.155-0400][gc,start      ] GC(48) Pause Young (Concurrent Start) (G1 Evacuation Pause)
[2020-09-26T05:17:32.155-0400][gc,task       ] GC(48) Using 4 workers of 4 for evacuation
[2020-09-26T05:17:32.159-0400][gc,phases     ] GC(48)   Pre Evacuate Collection Set: 0.4ms
[2020-09-26T05:17:32.159-0400][gc,phases     ] GC(48)   Evacuate Collection Set: 2.4ms
[2020-09-26T05:17:32.159-0400][gc,phases     ] GC(48)   Post Evacuate Collection Set: 0.4ms
[2020-09-26T05:17:32.159-0400][gc,phases     ] GC(48)   Other: 0.4ms
[2020-09-26T05:17:32.159-0400][gc,heap       ] GC(48) Eden regions: 7->0(7)
[2020-09-26T05:17:32.159-0400][gc,heap       ] GC(48) Survivor regions: 1->1(1)
[2020-09-26T05:17:32.159-0400][gc,heap       ] GC(48) Old regions: 26->26
[2020-09-26T05:17:32.159-0400][gc,heap       ] GC(48) Humongous regions: 129->129
[2020-09-26T05:17:32.159-0400][gc,metaspace  ] GC(48) Metaspace: 38186K->38186K(1083392K)
[2020-09-26T05:17:32.159-0400][gc            ] GC(48) Pause Young (Concurrent Start) (G1 Evacuation Pause) 160M->154M(179M) 3.692ms
[2020-09-26T05:17:32.159-0400][gc,cpu        ] GC(48) User=0.00s Sys=0.00s Real=0.00s
[2020-09-26T05:17:32.159-0400][gc            ] GC(49) Concurrent Cycle
[2020-09-26T05:17:32.159-0400][gc,marking    ] GC(49) Concurrent Clear Claimed Marks
[2020-09-26T05:17:32.159-0400][gc,marking    ] GC(49) Concurrent Clear Claimed Marks 0.087ms
[2020-09-26T05:17:32.159-0400][gc,marking    ] GC(49) Concurrent Scan Root Regions
[2020-09-26T05:17:32.160-0400][gc,marking    ] GC(49) Concurrent Scan Root Regions 1.419ms
[2020-09-26T05:17:32.160-0400][gc,marking    ] GC(49) Concurrent Mark (1721.198s)
[2020-09-26T05:17:32.160-0400][gc,marking    ] GC(49) Concurrent Mark From Roots
[2020-09-26T05:17:32.160-0400][gc,task       ] GC(49) Using 1 workers of 1 for marking
[2020-09-26T05:17:32.185-0400][gc,marking    ] GC(49) Concurrent Mark From Roots 24.292ms
[2020-09-26T05:17:32.185-0400][gc,marking    ] GC(49) Concurrent Preclean
[2020-09-26T05:17:32.185-0400][gc,marking    ] GC(49) Concurrent Preclean 0.110ms
[2020-09-26T05:17:32.185-0400][gc,marking    ] GC(49) Concurrent Mark (1721.198s, 1721.222s) 24.461ms
[2020-09-26T05:17:32.185-0400][gc,start      ] GC(49) Pause Remark
[2020-09-26T05:17:32.189-0400][gc,stringtable] GC(49) Cleaned string and symbol table, strings: 11537 processed, 0 removed, symbols: 83458 processed, 0 removed
[2020-09-26T05:17:32.189-0400][gc            ] GC(49) Pause Remark 154M->154M(179M) 4.063ms
[2020-09-26T05:17:32.189-0400][gc,cpu        ] GC(49) User=0.01s Sys=0.01s Real=0.00s
[2020-09-26T05:17:32.189-0400][gc,marking    ] GC(49) Concurrent Rebuild Remembered Sets
[2020-09-26T05:17:32.201-0400][gc,marking    ] GC(49) Concurrent Rebuild Remembered Sets 11.780ms
[2020-09-26T05:17:32.201-0400][gc,start      ] GC(49) Pause Cleanup
[2020-09-26T05:17:32.202-0400][gc            ] GC(49) Pause Cleanup 154M->154M(179M) 0.167ms
[2020-09-26T05:17:32.202-0400][gc,cpu        ] GC(49) User=0.00s Sys=0.00s Real=0.00s
[2020-09-26T05:17:32.202-0400][gc,marking    ] GC(49) Concurrent Cleanup for Next Mark
[2020-09-26T05:17:32.203-0400][gc,marking    ] GC(49) Concurrent Cleanup for Next Mark 0.668ms
[2020-09-26T05:17:32.203-0400][gc            ] GC(49) Concurrent Cycle 43.854ms
[2020-09-26T05:19:00.623-0400][gc,start      ] GC(50) Pause Young (Prepare Mixed) (G1 Evacuation Pause)
[2020-09-26T05:19:00.623-0400][gc,task       ] GC(50) Using 4 workers of 4 for evacuation
[2020-09-26T05:19:00.626-0400][gc,phases     ] GC(50)   Pre Evacuate Collection Set: 0.0ms
[2020-09-26T05:19:00.626-0400][gc,phases     ] GC(50)   Evacuate Collection Set: 2.8ms
[2020-09-26T05:19:00.626-0400][gc,phases     ] GC(50)   Post Evacuate Collection Set: 0.6ms
[2020-09-26T05:19:00.626-0400][gc,phases     ] GC(50)   Other: 0.2ms
[2020-09-26T05:19:00.626-0400][gc,heap       ] GC(50) Eden regions: 7->0(7)
[2020-09-26T05:19:00.626-0400][gc,heap       ] GC(50) Survivor regions: 1->1(1)
[2020-09-26T05:19:00.626-0400][gc,heap       ] GC(50) Old regions: 26->27
[2020-09-26T05:19:00.626-0400][gc,heap       ] GC(50) Humongous regions: 129->129
[2020-09-26T05:19:00.626-0400][gc,metaspace  ] GC(50) Metaspace: 38190K->38190K(1083392K)
[2020-09-26T05:19:00.626-0400][gc            ] GC(50) Pause Young (Prepare Mixed) (G1 Evacuation Pause) 161M->155M(179M) 3.645ms
[2020-09-26T05:19:00.626-0400][gc,cpu        ] GC(50) User=0.02s Sys=0.00s Real=0.01s
[2020-09-26T05:20:27.826-0400][gc,start      ] GC(51) Pause Young (Mixed) (G1 Evacuation Pause)
[2020-09-26T05:20:27.826-0400][gc,task       ] GC(51) Using 4 workers of 4 for evacuation
[2020-09-26T05:20:27.830-0400][gc,phases     ] GC(51)   Pre Evacuate Collection Set: 0.0ms
[2020-09-26T05:20:27.830-0400][gc,phases     ] GC(51)   Evacuate Collection Set: 3.5ms
[2020-09-26T05:20:27.830-0400][gc,phases     ] GC(51)   Post Evacuate Collection Set: 0.5ms
[2020-09-26T05:20:27.830-0400][gc,phases     ] GC(51)   Other: 0.2ms
[2020-09-26T05:20:27.830-0400][gc,heap       ] GC(51) Eden regions: 7->0(7)
[2020-09-26T05:20:27.830-0400][gc,heap       ] GC(51) Survivor regions: 1->1(1)
[2020-09-26T05:20:27.830-0400][gc,heap       ] GC(51) Old regions: 27->26
[2020-09-26T05:20:27.830-0400][gc,heap       ] GC(51) Humongous regions: 129->129
[2020-09-26T05:20:27.830-0400][gc,metaspace  ] GC(51) Metaspace: 38197K->38197K(1083392K)
[2020-09-26T05:20:27.830-0400][gc            ] GC(51) Pause Young (Mixed) (G1 Evacuation Pause) 162M->154M(179M) 4.314ms
[2020-09-26T05:20:27.830-0400][gc,cpu        ] GC(51) User=0.01s Sys=0.00s Real=0.00s
[2020-09-26T05:21:55.325-0400][gc,start      ] GC(52) Pause Young (Concurrent Start) (G1 Evacuation Pause)
[2020-09-26T05:21:55.325-0400][gc,task       ] GC(52) Using 4 workers of 4 for evacuation
[2020-09-26T05:21:55.328-0400][gc,phases     ] GC(52)   Pre Evacuate Collection Set: 0.2ms
[2020-09-26T05:21:55.328-0400][gc,phases     ] GC(52)   Evacuate Collection Set: 2.4ms
[2020-09-26T05:21:55.328-0400][gc,phases     ] GC(52)   Post Evacuate Collection Set: 0.4ms
[2020-09-26T05:21:55.328-0400][gc,phases     ] GC(52)   Other: 0.2ms
[2020-09-26T05:21:55.328-0400][gc,heap       ] GC(52) Eden regions: 7->0(7)
[2020-09-26T05:21:55.328-0400][gc,heap       ] GC(52) Survivor regions: 1->1(1)
[2020-09-26T05:21:55.328-0400][gc,heap       ] GC(52) Old regions: 26->27
[2020-09-26T05:21:55.328-0400][gc,heap       ] GC(52) Humongous regions: 129->129
[2020-09-26T05:21:55.328-0400][gc,metaspace  ] GC(52) Metaspace: 38204K->38204K(1083392K)
[2020-09-26T05:21:55.328-0400][gc            ] GC(52) Pause Young (Concurrent Start) (G1 Evacuation Pause) 161M->154M(179M) 3.276ms
[2020-09-26T05:21:55.328-0400][gc,cpu        ] GC(52) User=0.00s Sys=0.00s Real=0.00s
[2020-09-26T05:21:55.328-0400][gc            ] GC(53) Concurrent Cycle
[2020-09-26T05:21:55.328-0400][gc,marking    ] GC(53) Concurrent Clear Claimed Marks
[2020-09-26T05:21:55.328-0400][gc,marking    ] GC(53) Concurrent Clear Claimed Marks 0.093ms
[2020-09-26T05:21:55.328-0400][gc,marking    ] GC(53) Concurrent Scan Root Regions
[2020-09-26T05:21:55.329-0400][gc,marking    ] GC(53) Concurrent Scan Root Regions 1.032ms
[2020-09-26T05:21:55.329-0400][gc,marking    ] GC(53) Concurrent Mark (1984.367s)
[2020-09-26T05:21:55.329-0400][gc,marking    ] GC(53) Concurrent Mark From Roots
[2020-09-26T05:21:55.329-0400][gc,task       ] GC(53) Using 1 workers of 1 for marking
[2020-09-26T05:21:55.353-0400][gc,marking    ] GC(53) Concurrent Mark From Roots 23.094ms
[2020-09-26T05:21:55.353-0400][gc,marking    ] GC(53) Concurrent Preclean
[2020-09-26T05:21:55.353-0400][gc,marking    ] GC(53) Concurrent Preclean 0.155ms
[2020-09-26T05:21:55.353-0400][gc,marking    ] GC(53) Concurrent Mark (1984.367s, 1984.390s) 23.313ms
[2020-09-26T05:21:55.353-0400][gc,start      ] GC(53) Pause Remark
[2020-09-26T05:21:55.357-0400][gc,stringtable] GC(53) Cleaned string and symbol table, strings: 11557 processed, 0 removed, symbols: 83458 processed, 0 removed
[2020-09-26T05:21:55.358-0400][gc            ] GC(53) Pause Remark 154M->154M(179M) 4.636ms
[2020-09-26T05:21:55.358-0400][gc,cpu        ] GC(53) User=0.01s Sys=0.00s Real=0.01s
[2020-09-26T05:21:55.358-0400][gc,marking    ] GC(53) Concurrent Rebuild Remembered Sets
[2020-09-26T05:21:55.369-0400][gc,marking    ] GC(53) Concurrent Rebuild Remembered Sets 11.645ms
[2020-09-26T05:21:55.370-0400][gc,start      ] GC(53) Pause Cleanup
[2020-09-26T05:21:55.370-0400][gc            ] GC(53) Pause Cleanup 154M->154M(179M) 0.203ms
[2020-09-26T05:21:55.370-0400][gc,cpu        ] GC(53) User=0.00s Sys=0.00s Real=0.00s
[2020-09-26T05:21:55.370-0400][gc,marking    ] GC(53) Concurrent Cleanup for Next Mark
[2020-09-26T05:21:55.371-0400][gc,marking    ] GC(53) Concurrent Cleanup for Next Mark 0.546ms
[2020-09-26T05:21:55.371-0400][gc            ] GC(53) Concurrent Cycle 42.390ms
[2020-09-26T05:23:23.579-0400][gc,start      ] GC(54) Pause Young (Prepare Mixed) (G1 Evacuation Pause)
[2020-09-26T05:23:23.579-0400][gc,task       ] GC(54) Using 4 workers of 4 for evacuation
[2020-09-26T05:23:23.583-0400][gc,phases     ] GC(54)   Pre Evacuate Collection Set: 0.0ms
[2020-09-26T05:23:23.583-0400][gc,phases     ] GC(54)   Evacuate Collection Set: 3.5ms
[2020-09-26T05:23:23.583-0400][gc,phases     ] GC(54)   Post Evacuate Collection Set: 0.4ms
[2020-09-26T05:23:23.583-0400][gc,phases     ] GC(54)   Other: 0.2ms
[2020-09-26T05:23:23.583-0400][gc,heap       ] GC(54) Eden regions: 7->0(7)
[2020-09-26T05:23:23.583-0400][gc,heap       ] GC(54) Survivor regions: 1->1(1)
[2020-09-26T05:23:23.583-0400][gc,heap       ] GC(54) Old regions: 27->27
[2020-09-26T05:23:23.583-0400][gc,heap       ] GC(54) Humongous regions: 129->129
[2020-09-26T05:23:23.583-0400][gc,metaspace  ] GC(54) Metaspace: 38204K->38204K(1083392K)
[2020-09-26T05:23:23.583-0400][gc            ] GC(54) Pause Young (Prepare Mixed) (G1 Evacuation Pause) 161M->155M(179M) 4.212ms
[2020-09-26T05:23:23.583-0400][gc,cpu        ] GC(54) User=0.01s Sys=0.00s Real=0.00s
[2020-09-26T05:24:52.554-0400][gc,start      ] GC(55) Pause Young (Mixed) (G1 Evacuation Pause)
[2020-09-26T05:24:52.554-0400][gc,task       ] GC(55) Using 4 workers of 4 for evacuation
[2020-09-26T05:24:52.558-0400][gc,phases     ] GC(55)   Pre Evacuate Collection Set: 0.0ms
[2020-09-26T05:24:52.558-0400][gc,phases     ] GC(55)   Evacuate Collection Set: 3.2ms
[2020-09-26T05:24:52.558-0400][gc,phases     ] GC(55)   Post Evacuate Collection Set: 0.4ms
[2020-09-26T05:24:52.558-0400][gc,phases     ] GC(55)   Other: 0.3ms
[2020-09-26T05:24:52.558-0400][gc,heap       ] GC(55) Eden regions: 7->0(7)
[2020-09-26T05:24:52.558-0400][gc,heap       ] GC(55) Survivor regions: 1->1(1)
[2020-09-26T05:24:52.558-0400][gc,heap       ] GC(55) Old regions: 27->26
[2020-09-26T05:24:52.558-0400][gc,heap       ] GC(55) Humongous regions: 129->129
[2020-09-26T05:24:52.558-0400][gc,metaspace  ] GC(55) Metaspace: 38230K->38230K(1083392K)
[2020-09-26T05:24:52.558-0400][gc            ] GC(55) Pause Young (Mixed) (G1 Evacuation Pause) 162M->153M(179M) 4.041ms
[2020-09-26T05:24:52.558-0400][gc,cpu        ] GC(55) User=0.01s Sys=0.00s Real=0.01s
[2020-09-26T05:26:20.309-0400][gc,start      ] GC(56) Pause Young (Concurrent Start) (G1 Evacuation Pause)
[2020-09-26T05:26:20.309-0400][gc,task       ] GC(56) Using 4 workers of 4 for evacuation
[2020-09-26T05:26:20.312-0400][gc,phases     ] GC(56)   Pre Evacuate Collection Set: 0.2ms
[2020-09-26T05:26:20.312-0400][gc,phases     ] GC(56)   Evacuate Collection Set: 3.0ms
[2020-09-26T05:26:20.312-0400][gc,phases     ] GC(56)   Post Evacuate Collection Set: 0.4ms
[2020-09-26T05:26:20.313-0400][gc,phases     ] GC(56)   Other: 0.3ms
[2020-09-26T05:26:20.313-0400][gc,heap       ] GC(56) Eden regions: 7->0(7)
[2020-09-26T05:26:20.313-0400][gc,heap       ] GC(56) Survivor regions: 1->1(1)
[2020-09-26T05:26:20.313-0400][gc,heap       ] GC(56) Old regions: 26->26
[2020-09-26T05:26:20.313-0400][gc,heap       ] GC(56) Humongous regions: 129->129
[2020-09-26T05:26:20.313-0400][gc,metaspace  ] GC(56) Metaspace: 38234K->38234K(1083392K)
[2020-09-26T05:26:20.313-0400][gc            ] GC(56) Pause Young (Concurrent Start) (G1 Evacuation Pause) 160M->154M(179M) 3.842ms
[2020-09-26T05:26:20.313-0400][gc,cpu        ] GC(56) User=0.01s Sys=0.00s Real=0.00s
[2020-09-26T05:26:20.313-0400][gc            ] GC(57) Concurrent Cycle
[2020-09-26T05:26:20.313-0400][gc,marking    ] GC(57) Concurrent Clear Claimed Marks
[2020-09-26T05:26:20.313-0400][gc,marking    ] GC(57) Concurrent Clear Claimed Marks 0.088ms
[2020-09-26T05:26:20.313-0400][gc,marking    ] GC(57) Concurrent Scan Root Regions
[2020-09-26T05:26:20.314-0400][gc,marking    ] GC(57) Concurrent Scan Root Regions 1.275ms
[2020-09-26T05:26:20.314-0400][gc,marking    ] GC(57) Concurrent Mark (2249.351s)
[2020-09-26T05:26:20.314-0400][gc,marking    ] GC(57) Concurrent Mark From Roots
[2020-09-26T05:26:20.314-0400][gc,task       ] GC(57) Using 1 workers of 1 for marking
[2020-09-26T05:26:20.338-0400][gc,marking    ] GC(57) Concurrent Mark From Roots 24.184ms
[2020-09-26T05:26:20.338-0400][gc,marking    ] GC(57) Concurrent Preclean
[2020-09-26T05:26:20.338-0400][gc,marking    ] GC(57) Concurrent Preclean 0.112ms
[2020-09-26T05:26:20.338-0400][gc,marking    ] GC(57) Concurrent Mark (2249.351s, 2249.376s) 24.353ms
[2020-09-26T05:26:20.339-0400][gc,start      ] GC(57) Pause Remark
[2020-09-26T05:26:20.343-0400][gc,stringtable] GC(57) Cleaned string and symbol table, strings: 11573 processed, 0 removed, symbols: 83458 processed, 0 removed
[2020-09-26T05:26:20.344-0400][gc            ] GC(57) Pause Remark 154M->154M(179M) 4.921ms
[2020-09-26T05:26:20.344-0400][gc,cpu        ] GC(57) User=0.01s Sys=0.00s Real=0.00s
[2020-09-26T05:26:20.344-0400][gc,marking    ] GC(57) Concurrent Rebuild Remembered Sets
[2020-09-26T05:26:20.356-0400][gc,marking    ] GC(57) Concurrent Rebuild Remembered Sets 12.224ms
[2020-09-26T05:26:20.356-0400][gc,start      ] GC(57) Pause Cleanup
[2020-09-26T05:26:20.356-0400][gc            ] GC(57) Pause Cleanup 154M->154M(179M) 0.152ms
[2020-09-26T05:26:20.356-0400][gc,cpu        ] GC(57) User=0.00s Sys=0.00s Real=0.00s
[2020-09-26T05:26:20.357-0400][gc,marking    ] GC(57) Concurrent Cleanup for Next Mark
[2020-09-26T05:26:20.357-0400][gc,marking    ] GC(57) Concurrent Cleanup for Next Mark 0.494ms
[2020-09-26T05:26:20.357-0400][gc            ] GC(57) Concurrent Cycle 44.406ms
[2020-09-26T05:27:46.550-0400][gc,start      ] GC(58) Pause Young (Prepare Mixed) (G1 Evacuation Pause)
[2020-09-26T05:27:46.550-0400][gc,task       ] GC(58) Using 4 workers of 4 for evacuation
[2020-09-26T05:27:46.553-0400][gc,phases     ] GC(58)   Pre Evacuate Collection Set: 0.1ms
[2020-09-26T05:27:46.553-0400][gc,phases     ] GC(58)   Evacuate Collection Set: 3.0ms
[2020-09-26T05:27:46.553-0400][gc,phases     ] GC(58)   Post Evacuate Collection Set: 0.4ms
[2020-09-26T05:27:46.553-0400][gc,phases     ] GC(58)   Other: 0.2ms
[2020-09-26T05:27:46.553-0400][gc,heap       ] GC(58) Eden regions: 7->0(7)
[2020-09-26T05:27:46.553-0400][gc,heap       ] GC(58) Survivor regions: 1->1(1)
[2020-09-26T05:27:46.553-0400][gc,heap       ] GC(58) Old regions: 26->27
[2020-09-26T05:27:46.553-0400][gc,heap       ] GC(58) Humongous regions: 129->129
[2020-09-26T05:27:46.553-0400][gc,metaspace  ] GC(58) Metaspace: 38234K->38234K(1083392K)
[2020-09-26T05:27:46.553-0400][gc            ] GC(58) Pause Young (Prepare Mixed) (G1 Evacuation Pause) 161M->155M(179M) 3.721ms
[2020-09-26T05:27:46.553-0400][gc,cpu        ] GC(58) User=0.01s Sys=0.00s Real=0.00s
[2020-09-26T05:29:15.315-0400][gc,start      ] GC(59) Pause Young (Mixed) (G1 Evacuation Pause)
[2020-09-26T05:29:15.315-0400][gc,task       ] GC(59) Using 4 workers of 4 for evacuation
[2020-09-26T05:29:15.319-0400][gc,phases     ] GC(59)   Pre Evacuate Collection Set: 0.0ms
[2020-09-26T05:29:15.319-0400][gc,phases     ] GC(59)   Evacuate Collection Set: 3.2ms
[2020-09-26T05:29:15.319-0400][gc,phases     ] GC(59)   Post Evacuate Collection Set: 0.4ms
[2020-09-26T05:29:15.319-0400][gc,phases     ] GC(59)   Other: 0.2ms
[2020-09-26T05:29:15.319-0400][gc,heap       ] GC(59) Eden regions: 7->0(7)
[2020-09-26T05:29:15.319-0400][gc,heap       ] GC(59) Survivor regions: 1->1(1)
[2020-09-26T05:29:15.319-0400][gc,heap       ] GC(59) Old regions: 27->26
[2020-09-26T05:29:15.319-0400][gc,heap       ] GC(59) Humongous regions: 129->129
[2020-09-26T05:29:15.319-0400][gc,metaspace  ] GC(59) Metaspace: 38239K->38239K(1083392K)
[2020-09-26T05:29:15.319-0400][gc            ] GC(59) Pause Young (Mixed) (G1 Evacuation Pause) 162M->154M(179M) 3.930ms
[2020-09-26T05:29:15.319-0400][gc,cpu        ] GC(59) User=0.01s Sys=0.01s Real=0.00s
[2020-09-26T05:30:39.558-0400][gc,start      ] GC(60) Pause Young (Concurrent Start) (G1 Evacuation Pause)
[2020-09-26T05:30:39.558-0400][gc,task       ] GC(60) Using 4 workers of 4 for evacuation
[2020-09-26T05:30:39.564-0400][gc,phases     ] GC(60)   Pre Evacuate Collection Set: 0.2ms
[2020-09-26T05:30:39.564-0400][gc,phases     ] GC(60)   Evacuate Collection Set: 4.7ms
[2020-09-26T05:30:39.564-0400][gc,phases     ] GC(60)   Post Evacuate Collection Set: 0.4ms
[2020-09-26T05:30:39.564-0400][gc,phases     ] GC(60)   Other: 0.3ms
[2020-09-26T05:30:39.564-0400][gc,heap       ] GC(60) Eden regions: 7->0(7)
[2020-09-26T05:30:39.564-0400][gc,heap       ] GC(60) Survivor regions: 1->1(1)
[2020-09-26T05:30:39.564-0400][gc,heap       ] GC(60) Old regions: 26->27
[2020-09-26T05:30:39.564-0400][gc,heap       ] GC(60) Humongous regions: 129->129
[2020-09-26T05:30:39.564-0400][gc,metaspace  ] GC(60) Metaspace: 38242K->38242K(1083392K)
[2020-09-26T05:30:39.564-0400][gc            ] GC(60) Pause Young (Concurrent Start) (G1 Evacuation Pause) 161M->154M(179M) 5.639ms
[2020-09-26T05:30:39.564-0400][gc,cpu        ] GC(60) User=0.01s Sys=0.00s Real=0.00s
[2020-09-26T05:30:39.564-0400][gc            ] GC(61) Concurrent Cycle
[2020-09-26T05:30:39.564-0400][gc,marking    ] GC(61) Concurrent Clear Claimed Marks
[2020-09-26T05:30:39.564-0400][gc,marking    ] GC(61) Concurrent Clear Claimed Marks 0.039ms
[2020-09-26T05:30:39.564-0400][gc,marking    ] GC(61) Concurrent Scan Root Regions
[2020-09-26T05:30:39.565-0400][gc,marking    ] GC(61) Concurrent Scan Root Regions 1.296ms
[2020-09-26T05:30:39.565-0400][gc,marking    ] GC(61) Concurrent Mark (2508.602s)
[2020-09-26T05:30:39.565-0400][gc,marking    ] GC(61) Concurrent Mark From Roots
[2020-09-26T05:30:39.565-0400][gc,task       ] GC(61) Using 1 workers of 1 for marking
[2020-09-26T05:30:39.588-0400][gc,marking    ] GC(61) Concurrent Mark From Roots 22.957ms
[2020-09-26T05:30:39.588-0400][gc,marking    ] GC(61) Concurrent Preclean
[2020-09-26T05:30:39.588-0400][gc,marking    ] GC(61) Concurrent Preclean 0.120ms
[2020-09-26T05:30:39.588-0400][gc,marking    ] GC(61) Concurrent Mark (2508.602s, 2508.625s) 23.154ms
[2020-09-26T05:30:39.589-0400][gc,start      ] GC(61) Pause Remark
[2020-09-26T05:30:39.592-0400][gc,stringtable] GC(61) Cleaned string and symbol table, strings: 11575 processed, 0 removed, symbols: 83458 processed, 0 removed
[2020-09-26T05:30:39.593-0400][gc            ] GC(61) Pause Remark 154M->154M(179M) 3.983ms
[2020-09-26T05:30:39.593-0400][gc,cpu        ] GC(61) User=0.02s Sys=0.00s Real=0.00s
[2020-09-26T05:30:39.593-0400][gc,marking    ] GC(61) Concurrent Rebuild Remembered Sets
[2020-09-26T05:30:39.605-0400][gc,marking    ] GC(61) Concurrent Rebuild Remembered Sets 11.962ms
[2020-09-26T05:30:39.605-0400][gc,start      ] GC(61) Pause Cleanup
[2020-09-26T05:30:39.605-0400][gc            ] GC(61) Pause Cleanup 154M->154M(179M) 0.159ms
[2020-09-26T05:30:39.605-0400][gc,cpu        ] GC(61) User=0.00s Sys=0.00s Real=0.00s
[2020-09-26T05:30:39.605-0400][gc,marking    ] GC(61) Concurrent Cleanup for Next Mark
[2020-09-26T05:30:39.606-0400][gc,marking    ] GC(61) Concurrent Cleanup for Next Mark 0.437ms
[2020-09-26T05:30:39.606-0400][gc            ] GC(61) Concurrent Cycle 42.133ms
[2020-09-26T05:32:09.315-0400][gc,start      ] GC(62) Pause Young (Prepare Mixed) (G1 Evacuation Pause)
[2020-09-26T05:32:09.315-0400][gc,task       ] GC(62) Using 4 workers of 4 for evacuation
[2020-09-26T05:32:09.321-0400][gc,phases     ] GC(62)   Pre Evacuate Collection Set: 0.0ms
[2020-09-26T05:32:09.321-0400][gc,phases     ] GC(62)   Evacuate Collection Set: 5.9ms
[2020-09-26T05:32:09.321-0400][gc,phases     ] GC(62)   Post Evacuate Collection Set: 0.4ms
[2020-09-26T05:32:09.321-0400][gc,phases     ] GC(62)   Other: 0.2ms
[2020-09-26T05:32:09.321-0400][gc,heap       ] GC(62) Eden regions: 7->0(7)
[2020-09-26T05:32:09.321-0400][gc,heap       ] GC(62) Survivor regions: 1->1(1)
[2020-09-26T05:32:09.322-0400][gc,heap       ] GC(62) Old regions: 27->28
[2020-09-26T05:32:09.322-0400][gc,heap       ] GC(62) Humongous regions: 129->129
[2020-09-26T05:32:09.322-0400][gc,metaspace  ] GC(62) Metaspace: 38255K->38255K(1083392K)
[2020-09-26T05:32:09.322-0400][gc            ] GC(62) Pause Young (Prepare Mixed) (G1 Evacuation Pause) 161M->155M(179M) 6.559ms
[2020-09-26T05:32:09.322-0400][gc,cpu        ] GC(62) User=0.01s Sys=0.00s Real=0.00s
[2020-09-26T05:33:38.575-0400][gc,start      ] GC(63) Pause Young (Mixed) (G1 Evacuation Pause)
[2020-09-26T05:33:38.575-0400][gc,task       ] GC(63) Using 4 workers of 4 for evacuation
[2020-09-26T05:33:38.579-0400][gc,phases     ] GC(63)   Pre Evacuate Collection Set: 0.1ms
[2020-09-26T05:33:38.579-0400][gc,phases     ] GC(63)   Evacuate Collection Set: 2.7ms
[2020-09-26T05:33:38.579-0400][gc,phases     ] GC(63)   Post Evacuate Collection Set: 0.5ms
[2020-09-26T05:33:38.579-0400][gc,phases     ] GC(63)   Other: 0.2ms
[2020-09-26T05:33:38.579-0400][gc,heap       ] GC(63) Eden regions: 7->0(7)
[2020-09-26T05:33:38.579-0400][gc,heap       ] GC(63) Survivor regions: 1->1(1)
[2020-09-26T05:33:38.579-0400][gc,heap       ] GC(63) Old regions: 28->26
[2020-09-26T05:33:38.579-0400][gc,heap       ] GC(63) Humongous regions: 129->129
[2020-09-26T05:33:38.579-0400][gc,metaspace  ] GC(63) Metaspace: 38262K->38262K(1083392K)
[2020-09-26T05:33:38.579-0400][gc            ] GC(63) Pause Young (Mixed) (G1 Evacuation Pause) 162M->154M(179M) 3.544ms
[2020-09-26T05:33:38.579-0400][gc,cpu        ] GC(63) User=0.01s Sys=0.00s Real=0.00s
[2020-09-26T05:35:06.805-0400][gc,start      ] GC(64) Pause Young (Concurrent Start) (G1 Evacuation Pause)
[2020-09-26T05:35:06.805-0400][gc,task       ] GC(64) Using 4 workers of 4 for evacuation
[2020-09-26T05:35:06.810-0400][gc,phases     ] GC(64)   Pre Evacuate Collection Set: 0.2ms
[2020-09-26T05:35:06.810-0400][gc,phases     ] GC(64)   Evacuate Collection Set: 4.7ms
[2020-09-26T05:35:06.810-0400][gc,phases     ] GC(64)   Post Evacuate Collection Set: 0.2ms
[2020-09-26T05:35:06.810-0400][gc,phases     ] GC(64)   Other: 0.3ms
[2020-09-26T05:35:06.810-0400][gc,heap       ] GC(64) Eden regions: 7->0(7)
[2020-09-26T05:35:06.810-0400][gc,heap       ] GC(64) Survivor regions: 1->1(1)
[2020-09-26T05:35:06.810-0400][gc,heap       ] GC(64) Old regions: 26->27
[2020-09-26T05:35:06.810-0400][gc,heap       ] GC(64) Humongous regions: 129->129
[2020-09-26T05:35:06.810-0400][gc,metaspace  ] GC(64) Metaspace: 38271K->38271K(1085440K)
[2020-09-26T05:35:06.810-0400][gc            ] GC(64) Pause Young (Concurrent Start) (G1 Evacuation Pause) 161M->154M(179M) 5.452ms
[2020-09-26T05:35:06.810-0400][gc,cpu        ] GC(64) User=0.01s Sys=0.00s Real=0.00s
[2020-09-26T05:35:06.811-0400][gc            ] GC(65) Concurrent Cycle
[2020-09-26T05:35:06.811-0400][gc,marking    ] GC(65) Concurrent Clear Claimed Marks
[2020-09-26T05:35:06.811-0400][gc,marking    ] GC(65) Concurrent Clear Claimed Marks 0.062ms
[2020-09-26T05:35:06.811-0400][gc,marking    ] GC(65) Concurrent Scan Root Regions
[2020-09-26T05:35:06.812-0400][gc,marking    ] GC(65) Concurrent Scan Root Regions 1.293ms
[2020-09-26T05:35:06.812-0400][gc,marking    ] GC(65) Concurrent Mark (2775.849s)
[2020-09-26T05:35:06.812-0400][gc,marking    ] GC(65) Concurrent Mark From Roots
[2020-09-26T05:35:06.812-0400][gc,task       ] GC(65) Using 1 workers of 1 for marking
[2020-09-26T05:35:06.836-0400][gc,marking    ] GC(65) Concurrent Mark From Roots 24.072ms
[2020-09-26T05:35:06.836-0400][gc,marking    ] GC(65) Concurrent Preclean
[2020-09-26T05:35:06.836-0400][gc,marking    ] GC(65) Concurrent Preclean 0.111ms
[2020-09-26T05:35:06.836-0400][gc,marking    ] GC(65) Concurrent Mark (2775.849s, 2775.873s) 24.241ms
[2020-09-26T05:35:06.836-0400][gc,start      ] GC(65) Pause Remark
[2020-09-26T05:35:06.843-0400][gc,stringtable] GC(65) Cleaned string and symbol table, strings: 11583 processed, 0 removed, symbols: 83458 processed, 0 removed
[2020-09-26T05:35:06.843-0400][gc            ] GC(65) Pause Remark 154M->154M(179M) 6.629ms
[2020-09-26T05:35:06.843-0400][gc,cpu        ] GC(65) User=0.02s Sys=0.00s Real=0.00s
[2020-09-26T05:35:06.843-0400][gc,marking    ] GC(65) Concurrent Rebuild Remembered Sets
[2020-09-26T05:35:06.856-0400][gc,marking    ] GC(65) Concurrent Rebuild Remembered Sets 12.281ms
[2020-09-26T05:35:06.856-0400][gc,start      ] GC(65) Pause Cleanup
[2020-09-26T05:35:06.856-0400][gc            ] GC(65) Pause Cleanup 154M->154M(179M) 0.158ms
[2020-09-26T05:35:06.856-0400][gc,cpu        ] GC(65) User=0.00s Sys=0.00s Real=0.00s
[2020-09-26T05:35:06.856-0400][gc,marking    ] GC(65) Concurrent Cleanup for Next Mark
[2020-09-26T05:35:06.857-0400][gc,marking    ] GC(65) Concurrent Cleanup for Next Mark 0.698ms
[2020-09-26T05:35:06.857-0400][gc            ] GC(65) Concurrent Cycle 46.215ms
[2020-09-26T05:36:35.535-0400][gc,start      ] GC(66) Pause Young (Prepare Mixed) (G1 Evacuation Pause)
[2020-09-26T05:36:35.535-0400][gc,task       ] GC(66) Using 4 workers of 4 for evacuation
[2020-09-26T05:36:35.539-0400][gc,phases     ] GC(66)   Pre Evacuate Collection Set: 0.0ms
[2020-09-26T05:36:35.539-0400][gc,phases     ] GC(66)   Evacuate Collection Set: 3.2ms
[2020-09-26T05:36:35.539-0400][gc,phases     ] GC(66)   Post Evacuate Collection Set: 0.4ms
[2020-09-26T05:36:35.539-0400][gc,phases     ] GC(66)   Other: 0.2ms
[2020-09-26T05:36:35.539-0400][gc,heap       ] GC(66) Eden regions: 7->0(7)
[2020-09-26T05:36:35.539-0400][gc,heap       ] GC(66) Survivor regions: 1->1(1)
[2020-09-26T05:36:35.539-0400][gc,heap       ] GC(66) Old regions: 27->28
[2020-09-26T05:36:35.539-0400][gc,heap       ] GC(66) Humongous regions: 129->129
[2020-09-26T05:36:35.539-0400][gc,metaspace  ] GC(66) Metaspace: 38276K->38276K(1085440K)
[2020-09-26T05:36:35.539-0400][gc            ] GC(66) Pause Young (Prepare Mixed) (G1 Evacuation Pause) 161M->155M(179M) 3.889ms
[2020-09-26T05:36:35.539-0400][gc,cpu        ] GC(66) User=0.01s Sys=0.00s Real=0.00s
[2020-09-26T05:37:57.317-0400][gc,start      ] GC(67) Pause Young (Mixed) (G1 Evacuation Pause)
[2020-09-26T05:37:57.317-0400][gc,task       ] GC(67) Using 4 workers of 4 for evacuation
[2020-09-26T05:37:57.321-0400][gc,phases     ] GC(67)   Pre Evacuate Collection Set: 0.1ms
[2020-09-26T05:37:57.321-0400][gc,phases     ] GC(67)   Evacuate Collection Set: 3.7ms
[2020-09-26T05:37:57.322-0400][gc,phases     ] GC(67)   Post Evacuate Collection Set: 0.4ms
[2020-09-26T05:37:57.322-0400][gc,phases     ] GC(67)   Other: 0.2ms
[2020-09-26T05:37:57.322-0400][gc,heap       ] GC(67) Eden regions: 7->0(7)
[2020-09-26T05:37:57.322-0400][gc,heap       ] GC(67) Survivor regions: 1->1(1)
[2020-09-26T05:37:57.322-0400][gc,heap       ] GC(67) Old regions: 28->26
[2020-09-26T05:37:57.322-0400][gc,heap       ] GC(67) Humongous regions: 129->129
[2020-09-26T05:37:57.322-0400][gc,metaspace  ] GC(67) Metaspace: 38289K->38289K(1085440K)
[2020-09-26T05:37:57.322-0400][gc            ] GC(67) Pause Young (Mixed) (G1 Evacuation Pause) 162M->153M(179M) 4.383ms
[2020-09-26T05:37:57.322-0400][gc,cpu        ] GC(67) User=0.02s Sys=0.00s Real=0.00s
[2020-09-26T05:38:57.022-0400][gc,start      ] GC(68) Pause Young (Concurrent Start) (G1 Evacuation Pause)
[2020-09-26T05:38:57.022-0400][gc,task       ] GC(68) Using 4 workers of 4 for evacuation
[2020-09-26T05:38:57.026-0400][gc,phases     ] GC(68)   Pre Evacuate Collection Set: 0.2ms
[2020-09-26T05:38:57.026-0400][gc,phases     ] GC(68)   Evacuate Collection Set: 3.3ms
[2020-09-26T05:38:57.026-0400][gc,phases     ] GC(68)   Post Evacuate Collection Set: 0.4ms
[2020-09-26T05:38:57.026-0400][gc,phases     ] GC(68)   Other: 0.3ms
[2020-09-26T05:38:57.026-0400][gc,heap       ] GC(68) Eden regions: 7->0(7)
[2020-09-26T05:38:57.026-0400][gc,heap       ] GC(68) Survivor regions: 1->1(1)
[2020-09-26T05:38:57.026-0400][gc,heap       ] GC(68) Old regions: 26->26
[2020-09-26T05:38:57.026-0400][gc,heap       ] GC(68) Humongous regions: 129->129
[2020-09-26T05:38:57.026-0400][gc,metaspace  ] GC(68) Metaspace: 38315K->38315K(1085440K)
[2020-09-26T05:38:57.026-0400][gc            ] GC(68) Pause Young (Concurrent Start) (G1 Evacuation Pause) 160M->154M(179M) 4.207ms
[2020-09-26T05:38:57.026-0400][gc,cpu        ] GC(68) User=0.02s Sys=0.00s Real=0.01s
[2020-09-26T05:38:57.026-0400][gc            ] GC(69) Concurrent Cycle
[2020-09-26T05:38:57.026-0400][gc,marking    ] GC(69) Concurrent Clear Claimed Marks
[2020-09-26T05:38:57.026-0400][gc,marking    ] GC(69) Concurrent Clear Claimed Marks 0.050ms
[2020-09-26T05:38:57.026-0400][gc,marking    ] GC(69) Concurrent Scan Root Regions
[2020-09-26T05:38:57.027-0400][gc,marking    ] GC(69) Concurrent Scan Root Regions 1.363ms
[2020-09-26T05:38:57.027-0400][gc,marking    ] GC(69) Concurrent Mark (3006.065s)
[2020-09-26T05:38:57.027-0400][gc,marking    ] GC(69) Concurrent Mark From Roots
[2020-09-26T05:38:57.027-0400][gc,task       ] GC(69) Using 1 workers of 1 for marking
[2020-09-26T05:38:57.051-0400][gc,marking    ] GC(69) Concurrent Mark From Roots 23.562ms
[2020-09-26T05:38:57.051-0400][gc,marking    ] GC(69) Concurrent Preclean
[2020-09-26T05:38:57.051-0400][gc,marking    ] GC(69) Concurrent Preclean 0.114ms
[2020-09-26T05:38:57.051-0400][gc,marking    ] GC(69) Concurrent Mark (3006.065s, 3006.088s) 23.744ms
[2020-09-26T05:38:57.051-0400][gc,start      ] GC(69) Pause Remark
[2020-09-26T05:38:57.055-0400][gc,stringtable] GC(69) Cleaned string and symbol table, strings: 11610 processed, 0 removed, symbols: 83462 processed, 0 removed
[2020-09-26T05:38:57.055-0400][gc            ] GC(69) Pause Remark 154M->154M(179M) 3.921ms
[2020-09-26T05:38:57.055-0400][gc,cpu        ] GC(69) User=0.01s Sys=0.00s Real=0.01s
[2020-09-26T05:38:57.055-0400][gc,marking    ] GC(69) Concurrent Rebuild Remembered Sets
[2020-09-26T05:38:57.067-0400][gc,marking    ] GC(69) Concurrent Rebuild Remembered Sets 11.914ms
[2020-09-26T05:38:57.068-0400][gc,start      ] GC(69) Pause Cleanup
[2020-09-26T05:38:57.068-0400][gc            ] GC(69) Pause Cleanup 154M->154M(179M) 0.149ms
[2020-09-26T05:38:57.068-0400][gc,cpu        ] GC(69) User=0.00s Sys=0.00s Real=0.00s
[2020-09-26T05:38:57.068-0400][gc,marking    ] GC(69) Concurrent Cleanup for Next Mark
[2020-09-26T05:38:57.068-0400][gc,marking    ] GC(69) Concurrent Cleanup for Next Mark 0.432ms
[2020-09-26T05:38:57.068-0400][gc            ] GC(69) Concurrent Cycle 42.510ms
[2020-09-26T05:40:05.623-0400][gc,start      ] GC(70) Pause Young (Prepare Mixed) (G1 Evacuation Pause)
[2020-09-26T05:40:05.623-0400][gc,task       ] GC(70) Using 4 workers of 4 for evacuation
[2020-09-26T05:40:05.626-0400][gc,phases     ] GC(70)   Pre Evacuate Collection Set: 0.0ms
[2020-09-26T05:40:05.626-0400][gc,phases     ] GC(70)   Evacuate Collection Set: 3.2ms
[2020-09-26T05:40:05.626-0400][gc,phases     ] GC(70)   Post Evacuate Collection Set: 0.6ms
[2020-09-26T05:40:05.626-0400][gc,phases     ] GC(70)   Other: 0.2ms
[2020-09-26T05:40:05.626-0400][gc,heap       ] GC(70) Eden regions: 7->0(7)
[2020-09-26T05:40:05.626-0400][gc,heap       ] GC(70) Survivor regions: 1->1(1)
[2020-09-26T05:40:05.626-0400][gc,heap       ] GC(70) Old regions: 26->27
[2020-09-26T05:40:05.626-0400][gc,heap       ] GC(70) Humongous regions: 129->129
[2020-09-26T05:40:05.626-0400][gc,metaspace  ] GC(70) Metaspace: 38318K->38318K(1085440K)
[2020-09-26T05:40:05.626-0400][gc            ] GC(70) Pause Young (Prepare Mixed) (G1 Evacuation Pause) 161M->155M(179M) 3.976ms
[2020-09-26T05:40:05.627-0400][gc,cpu        ] GC(70) User=0.01s Sys=0.00s Real=0.01s
[2020-09-26T05:41:08.464-0400][gc,start      ] GC(71) Pause Young (Mixed) (G1 Evacuation Pause)
[2020-09-26T05:41:08.464-0400][gc,task       ] GC(71) Using 4 workers of 4 for evacuation
[2020-09-26T05:41:08.468-0400][gc,phases     ] GC(71)   Pre Evacuate Collection Set: 0.0ms
[2020-09-26T05:41:08.468-0400][gc,phases     ] GC(71)   Evacuate Collection Set: 3.4ms
[2020-09-26T05:41:08.468-0400][gc,phases     ] GC(71)   Post Evacuate Collection Set: 0.6ms
[2020-09-26T05:41:08.468-0400][gc,phases     ] GC(71)   Other: 0.2ms
[2020-09-26T05:41:08.468-0400][gc,heap       ] GC(71) Eden regions: 7->0(7)
[2020-09-26T05:41:08.468-0400][gc,heap       ] GC(71) Survivor regions: 1->1(1)
[2020-09-26T05:41:08.468-0400][gc,heap       ] GC(71) Old regions: 27->27
[2020-09-26T05:41:08.468-0400][gc,heap       ] GC(71) Humongous regions: 129->129
[2020-09-26T05:41:08.468-0400][gc,metaspace  ] GC(71) Metaspace: 38334K->38334K(1085440K)
[2020-09-26T05:41:08.468-0400][gc            ] GC(71) Pause Young (Mixed) (G1 Evacuation Pause) 162M->154M(179M) 4.299ms
[2020-09-26T05:41:08.468-0400][gc,cpu        ] GC(71) User=0.01s Sys=0.00s Real=0.01s
[2020-09-26T05:42:09.277-0400][gc,start      ] GC(72) Pause Young (Concurrent Start) (G1 Evacuation Pause)
[2020-09-26T05:42:09.277-0400][gc,task       ] GC(72) Using 4 workers of 4 for evacuation
[2020-09-26T05:42:09.283-0400][gc,phases     ] GC(72)   Pre Evacuate Collection Set: 0.1ms
[2020-09-26T05:42:09.283-0400][gc,phases     ] GC(72)   Evacuate Collection Set: 5.6ms
[2020-09-26T05:42:09.283-0400][gc,phases     ] GC(72)   Post Evacuate Collection Set: 0.2ms
[2020-09-26T05:42:09.283-0400][gc,phases     ] GC(72)   Other: 0.2ms
[2020-09-26T05:42:09.283-0400][gc,heap       ] GC(72) Eden regions: 7->0(7)
[2020-09-26T05:42:09.283-0400][gc,heap       ] GC(72) Survivor regions: 1->1(1)
[2020-09-26T05:42:09.283-0400][gc,heap       ] GC(72) Old regions: 27->27
[2020-09-26T05:42:09.283-0400][gc,heap       ] GC(72) Humongous regions: 129->129
