[2020-09-24T06:53:37.154-0400][gc,heap] Heap region size: 1M
[2020-09-24T06:53:37.157-0400][gc     ] Using G1
[2020-09-24T06:53:37.157-0400][gc,heap,coops] Heap address: 0x00000000e0000000, size: 512 MB, Compressed Oops mode: 32-bit
[2020-09-24T06:53:37.157-0400][gc,cds       ] Mark closed archive regions in map: [0x00000000fff00000, 0x00000000fff69ff8]
[2020-09-24T06:53:37.157-0400][gc,cds       ] Mark open archive regions in map: [0x00000000ffe00000, 0x00000000ffe46ff8]
[2020-09-24T06:53:37.349-0400][gc,start     ] GC(0) Pause Young (Normal) (G1 Evacuation Pause)
[2020-09-24T06:53:37.349-0400][gc,task      ] GC(0) Using 3 workers of 4 for evacuation
[2020-09-24T06:53:37.357-0400][gc,phases    ] GC(0)   Pre Evacuate Collection Set: 0.0ms
[2020-09-24T06:53:37.357-0400][gc,phases    ] GC(0)   Evacuate Collection Set: 7.4ms
[2020-09-24T06:53:37.357-0400][gc,phases    ] GC(0)   Post Evacuate Collection Set: 0.6ms
[2020-09-24T06:53:37.357-0400][gc,phases    ] GC(0)   Other: 0.5ms
[2020-09-24T06:53:37.357-0400][gc,heap      ] GC(0) Eden regions: 6->0(5)
[2020-09-24T06:53:37.357-0400][gc,heap      ] GC(0) Survivor regions: 0->1(1)
[2020-09-24T06:53:37.357-0400][gc,heap      ] GC(0) Old regions: 2->5
[2020-09-24T06:53:37.357-0400][gc,heap      ] GC(0) Humongous regions: 0->0
[2020-09-24T06:53:37.357-0400][gc,metaspace ] GC(0) Metaspace: 2148K->2148K(1056768K)
[2020-09-24T06:53:37.357-0400][gc           ] GC(0) Pause Young (Normal) (G1 Evacuation Pause) 6M->3M(130M) 8.528ms
[2020-09-24T06:53:37.357-0400][gc,cpu       ] GC(0) User=0.01s Sys=0.01s Real=0.01s
[2020-09-24T06:53:37.507-0400][gc,start     ] GC(1) Pause Young (Normal) (G1 Evacuation Pause)
[2020-09-24T06:53:37.507-0400][gc,task      ] GC(1) Using 3 workers of 4 for evacuation
[2020-09-24T06:53:37.512-0400][gc,phases    ] GC(1)   Pre Evacuate Collection Set: 0.0ms
[2020-09-24T06:53:37.512-0400][gc,phases    ] GC(1)   Evacuate Collection Set: 4.4ms
[2020-09-24T06:53:37.512-0400][gc,phases    ] GC(1)   Post Evacuate Collection Set: 0.3ms
[2020-09-24T06:53:37.512-0400][gc,phases    ] GC(1)   Other: 0.1ms
[2020-09-24T06:53:37.512-0400][gc,heap      ] GC(1) Eden regions: 5->0(5)
[2020-09-24T06:53:37.512-0400][gc,heap      ] GC(1) Survivor regions: 1->1(1)
[2020-09-24T06:53:37.512-0400][gc,heap      ] GC(1) Old regions: 5->6
[2020-09-24T06:53:37.512-0400][gc,heap      ] GC(1) Humongous regions: 0->0
[2020-09-24T06:53:37.512-0400][gc,metaspace ] GC(1) Metaspace: 4996K->4996K(1056768K)
[2020-09-24T06:53:37.512-0400][gc           ] GC(1) Pause Young (Normal) (G1 Evacuation Pause) 8M->5M(130M) 4.937ms
[2020-09-24T06:53:37.512-0400][gc,cpu       ] GC(1) User=0.01s Sys=0.01s Real=0.00s
[2020-09-24T06:53:37.624-0400][gc,start     ] GC(2) Pause Young (Normal) (G1 Evacuation Pause)
[2020-09-24T06:53:37.624-0400][gc,task      ] GC(2) Using 3 workers of 4 for evacuation
[2020-09-24T06:53:37.628-0400][gc,phases    ] GC(2)   Pre Evacuate Collection Set: 0.0ms
[2020-09-24T06:53:37.628-0400][gc,phases    ] GC(2)   Evacuate Collection Set: 3.4ms
[2020-09-24T06:53:37.628-0400][gc,phases    ] GC(2)   Post Evacuate Collection Set: 0.4ms
[2020-09-24T06:53:37.628-0400][gc,phases    ] GC(2)   Other: 0.1ms
[2020-09-24T06:53:37.628-0400][gc,heap      ] GC(2) Eden regions: 5->0(5)
[2020-09-24T06:53:37.628-0400][gc,heap      ] GC(2) Survivor regions: 1->1(1)
[2020-09-24T06:53:37.628-0400][gc,heap      ] GC(2) Old regions: 6->7
[2020-09-24T06:53:37.628-0400][gc,heap      ] GC(2) Humongous regions: 0->0
[2020-09-24T06:53:37.628-0400][gc,metaspace ] GC(2) Metaspace: 6284K->6284K(1056768K)
[2020-09-24T06:53:37.628-0400][gc           ] GC(2) Pause Young (Normal) (G1 Evacuation Pause) 10M->6M(130M) 4.028ms
[2020-09-24T06:53:37.628-0400][gc,cpu       ] GC(2) User=0.01s Sys=0.01s Real=0.00s
[2020-09-24T06:53:37.699-0400][gc,start     ] GC(3) Pause Young (Normal) (G1 Evacuation Pause)
[2020-09-24T06:53:37.699-0400][gc,task      ] GC(3) Using 3 workers of 4 for evacuation
[2020-09-24T06:53:37.700-0400][gc,phases    ] GC(3)   Pre Evacuate Collection Set: 0.0ms
[2020-09-24T06:53:37.700-0400][gc,phases    ] GC(3)   Evacuate Collection Set: 1.0ms
[2020-09-24T06:53:37.700-0400][gc,phases    ] GC(3)   Post Evacuate Collection Set: 0.3ms
[2020-09-24T06:53:37.700-0400][gc,phases    ] GC(3)   Other: 0.1ms
[2020-09-24T06:53:37.700-0400][gc,heap      ] GC(3) Eden regions: 5->0(5)
[2020-09-24T06:53:37.700-0400][gc,heap      ] GC(3) Survivor regions: 1->1(1)
[2020-09-24T06:53:37.700-0400][gc,heap      ] GC(3) Old regions: 7->8
[2020-09-24T06:53:37.700-0400][gc,heap      ] GC(3) Humongous regions: 0->0
[2020-09-24T06:53:37.700-0400][gc,metaspace ] GC(3) Metaspace: 7731K->7731K(1056768K)
[2020-09-24T06:53:37.700-0400][gc           ] GC(3) Pause Young (Normal) (G1 Evacuation Pause) 11M->6M(130M) 1.536ms
[2020-09-24T06:53:37.700-0400][gc,cpu       ] GC(3) User=0.01s Sys=0.00s Real=0.00s
[2020-09-24T06:53:37.788-0400][gc,start     ] GC(4) Pause Young (Normal) (G1 Evacuation Pause)
[2020-09-24T06:53:37.788-0400][gc,task      ] GC(4) Using 3 workers of 4 for evacuation
[2020-09-24T06:53:37.789-0400][gc,phases    ] GC(4)   Pre Evacuate Collection Set: 0.0ms
[2020-09-24T06:53:37.789-0400][gc,phases    ] GC(4)   Evacuate Collection Set: 0.8ms
[2020-09-24T06:53:37.789-0400][gc,phases    ] GC(4)   Post Evacuate Collection Set: 0.5ms
[2020-09-24T06:53:37.789-0400][gc,phases    ] GC(4)   Other: 0.1ms
[2020-09-24T06:53:37.789-0400][gc,heap      ] GC(4) Eden regions: 5->0(5)
[2020-09-24T06:53:37.789-0400][gc,heap      ] GC(4) Survivor regions: 1->1(1)
[2020-09-24T06:53:37.789-0400][gc,heap      ] GC(4) Old regions: 8->8
[2020-09-24T06:53:37.789-0400][gc,heap      ] GC(4) Humongous regions: 0->0
[2020-09-24T06:53:37.789-0400][gc,metaspace ] GC(4) Metaspace: 9327K->9327K(1058816K)
[2020-09-24T06:53:37.789-0400][gc           ] GC(4) Pause Young (Normal) (G1 Evacuation Pause) 11M->6M(130M) 1.500ms
[2020-09-24T06:53:37.789-0400][gc,cpu       ] GC(4) User=0.00s Sys=0.01s Real=0.00s
[2020-09-24T06:53:37.848-0400][gc,start     ] GC(5) Pause Young (Normal) (G1 Evacuation Pause)
[2020-09-24T06:53:37.848-0400][gc,task      ] GC(5) Using 3 workers of 4 for evacuation
[2020-09-24T06:53:37.849-0400][gc,phases    ] GC(5)   Pre Evacuate Collection Set: 0.0ms
[2020-09-24T06:53:37.849-0400][gc,phases    ] GC(5)   Evacuate Collection Set: 0.8ms
[2020-09-24T06:53:37.849-0400][gc,phases    ] GC(5)   Post Evacuate Collection Set: 0.3ms
[2020-09-24T06:53:37.849-0400][gc,phases    ] GC(5)   Other: 0.1ms
[2020-09-24T06:53:37.849-0400][gc,heap      ] GC(5) Eden regions: 5->0(8)
[2020-09-24T06:53:37.849-0400][gc,heap      ] GC(5) Survivor regions: 1->1(1)
[2020-09-24T06:53:37.849-0400][gc,heap      ] GC(5) Old regions: 8->8
[2020-09-24T06:53:37.849-0400][gc,heap      ] GC(5) Humongous regions: 0->0
[2020-09-24T06:53:37.849-0400][gc,metaspace ] GC(5) Metaspace: 10662K->10662K(1058816K)
[2020-09-24T06:53:37.849-0400][gc           ] GC(5) Pause Young (Normal) (G1 Evacuation Pause) 11M->6M(130M) 1.304ms
[2020-09-24T06:53:37.849-0400][gc,cpu       ] GC(5) User=0.01s Sys=0.00s Real=0.00s
[2020-09-24T06:53:37.974-0400][gc,start     ] GC(6) Pause Young (Normal) (G1 Evacuation Pause)
[2020-09-24T06:53:37.974-0400][gc,task      ] GC(6) Using 3 workers of 4 for evacuation
[2020-09-24T06:53:37.975-0400][gc,phases    ] GC(6)   Pre Evacuate Collection Set: 0.0ms
[2020-09-24T06:53:37.975-0400][gc,phases    ] GC(6)   Evacuate Collection Set: 1.1ms
[2020-09-24T06:53:37.975-0400][gc,phases    ] GC(6)   Post Evacuate Collection Set: 0.3ms
[2020-09-24T06:53:37.975-0400][gc,phases    ] GC(6)   Other: 0.1ms
[2020-09-24T06:53:37.975-0400][gc,heap      ] GC(6) Eden regions: 8->0(12)
[2020-09-24T06:53:37.975-0400][gc,heap      ] GC(6) Survivor regions: 1->1(2)
[2020-09-24T06:53:37.975-0400][gc,heap      ] GC(6) Old regions: 8->8
[2020-09-24T06:53:37.975-0400][gc,heap      ] GC(6) Humongous regions: 0->0
[2020-09-24T06:53:37.975-0400][gc,metaspace ] GC(6) Metaspace: 12985K->12985K(1060864K)
[2020-09-24T06:53:37.975-0400][gc           ] GC(6) Pause Young (Normal) (G1 Evacuation Pause) 14M->6M(130M) 1.567ms
[2020-09-24T06:53:37.975-0400][gc,cpu       ] GC(6) User=0.00s Sys=0.00s Real=0.00s
[2020-09-24T06:53:38.159-0400][gc,start     ] GC(7) Pause Young (Normal) (G1 Evacuation Pause)
[2020-09-24T06:53:38.159-0400][gc,task      ] GC(7) Using 3 workers of 4 for evacuation
[2020-09-24T06:53:38.162-0400][gc,phases    ] GC(7)   Pre Evacuate Collection Set: 0.0ms
[2020-09-24T06:53:38.162-0400][gc,phases    ] GC(7)   Evacuate Collection Set: 1.9ms
[2020-09-24T06:53:38.162-0400][gc,phases    ] GC(7)   Post Evacuate Collection Set: 0.4ms
[2020-09-24T06:53:38.162-0400][gc,phases    ] GC(7)   Other: 0.2ms
[2020-09-24T06:53:38.162-0400][gc,heap      ] GC(7) Eden regions: 12->0(14)
[2020-09-24T06:53:38.162-0400][gc,heap      ] GC(7) Survivor regions: 1->2(2)
[2020-09-24T06:53:38.162-0400][gc,heap      ] GC(7) Old regions: 8->8
[2020-09-24T06:53:38.162-0400][gc,heap      ] GC(7) Humongous regions: 0->0
[2020-09-24T06:53:38.162-0400][gc,metaspace ] GC(7) Metaspace: 16009K->16009K(1062912K)
[2020-09-24T06:53:38.162-0400][gc           ] GC(7) Pause Young (Normal) (G1 Evacuation Pause) 18M->7M(130M) 2.499ms
[2020-09-24T06:53:38.162-0400][gc,cpu       ] GC(7) User=0.00s Sys=0.01s Real=0.00s
[2020-09-24T06:53:38.349-0400][gc,start     ] GC(8) Pause Young (Normal) (G1 Evacuation Pause)
[2020-09-24T06:53:38.350-0400][gc,task      ] GC(8) Using 4 workers of 4 for evacuation
[2020-09-24T06:53:38.352-0400][gc,phases    ] GC(8)   Pre Evacuate Collection Set: 0.0ms
[2020-09-24T06:53:38.352-0400][gc,phases    ] GC(8)   Evacuate Collection Set: 2.1ms
[2020-09-24T06:53:38.352-0400][gc,phases    ] GC(8)   Post Evacuate Collection Set: 0.4ms
[2020-09-24T06:53:38.352-0400][gc,phases    ] GC(8)   Other: 0.4ms
[2020-09-24T06:53:38.352-0400][gc,heap      ] GC(8) Eden regions: 14->0(74)
[2020-09-24T06:53:38.352-0400][gc,heap      ] GC(8) Survivor regions: 2->2(2)
[2020-09-24T06:53:38.352-0400][gc,heap      ] GC(8) Old regions: 8->8
[2020-09-24T06:53:38.352-0400][gc,heap      ] GC(8) Humongous regions: 0->0
[2020-09-24T06:53:38.352-0400][gc,metaspace ] GC(8) Metaspace: 19542K->19542K(1067008K)
[2020-09-24T06:53:38.352-0400][gc           ] GC(8) Pause Young (Normal) (G1 Evacuation Pause) 21M->7M(130M) 2.965ms
[2020-09-24T06:53:38.352-0400][gc,cpu       ] GC(8) User=0.00s Sys=0.00s Real=0.00s
[2020-09-24T06:53:38.423-0400][gc,start     ] GC(9) Pause Young (Concurrent Start) (Metadata GC Threshold)
[2020-09-24T06:53:38.423-0400][gc,task      ] GC(9) Using 4 workers of 4 for evacuation
[2020-09-24T06:53:38.427-0400][gc,phases    ] GC(9)   Pre Evacuate Collection Set: 0.0ms
[2020-09-24T06:53:38.427-0400][gc,phases    ] GC(9)   Evacuate Collection Set: 3.2ms
[2020-09-24T06:53:38.427-0400][gc,phases    ] GC(9)   Post Evacuate Collection Set: 0.3ms
[2020-09-24T06:53:38.427-0400][gc,phases    ] GC(9)   Other: 0.2ms
[2020-09-24T06:53:38.427-0400][gc,heap      ] GC(9) Eden regions: 5->0(33)
[2020-09-24T06:53:38.427-0400][gc,heap      ] GC(9) Survivor regions: 2->2(10)
[2020-09-24T06:53:38.427-0400][gc,heap      ] GC(9) Old regions: 8->8
[2020-09-24T06:53:38.427-0400][gc,heap      ] GC(9) Humongous regions: 0->0
[2020-09-24T06:53:38.427-0400][gc,metaspace ] GC(9) Metaspace: 20586K->20586K(1067008K)
[2020-09-24T06:53:38.427-0400][gc           ] GC(9) Pause Young (Concurrent Start) (Metadata GC Threshold) 11M->7M(130M) 3.754ms
[2020-09-24T06:53:38.427-0400][gc,cpu       ] GC(9) User=0.00s Sys=0.00s Real=0.01s
[2020-09-24T06:53:38.427-0400][gc           ] GC(10) Concurrent Cycle
[2020-09-24T06:53:38.427-0400][gc,marking   ] GC(10) Concurrent Clear Claimed Marks
[2020-09-24T06:53:38.427-0400][gc,marking   ] GC(10) Concurrent Clear Claimed Marks 0.016ms
[2020-09-24T06:53:38.427-0400][gc,marking   ] GC(10) Concurrent Scan Root Regions
[2020-09-24T06:53:38.428-0400][gc,marking   ] GC(10) Concurrent Scan Root Regions 1.371ms
[2020-09-24T06:53:38.428-0400][gc,marking   ] GC(10) Concurrent Mark (1.277s)
[2020-09-24T06:53:38.428-0400][gc,marking   ] GC(10) Concurrent Mark From Roots
[2020-09-24T06:53:38.428-0400][gc,task      ] GC(10) Using 1 workers of 1 for marking
[2020-09-24T06:53:38.436-0400][gc,marking   ] GC(10) Concurrent Mark From Roots 7.230ms
[2020-09-24T06:53:38.436-0400][gc,marking   ] GC(10) Concurrent Preclean
[2020-09-24T06:53:38.436-0400][gc,marking   ] GC(10) Concurrent Preclean 0.165ms
[2020-09-24T06:53:38.436-0400][gc,marking   ] GC(10) Concurrent Mark (1.277s, 1.285s) 7.441ms
[2020-09-24T06:53:38.436-0400][gc,start     ] GC(10) Pause Remark
[2020-09-24T06:53:38.439-0400][gc,stringtable] GC(10) Cleaned string and symbol table, strings: 4903 processed, 5 removed, symbols: 51498 processed, 46 removed
[2020-09-24T06:53:38.439-0400][gc            ] GC(10) Pause Remark 8M->8M(130M) 2.908ms
[2020-09-24T06:53:38.439-0400][gc,cpu        ] GC(10) User=0.00s Sys=0.00s Real=0.00s
[2020-09-24T06:53:38.439-0400][gc,marking    ] GC(10) Concurrent Rebuild Remembered Sets
[2020-09-24T06:53:38.443-0400][gc,marking    ] GC(10) Concurrent Rebuild Remembered Sets 3.499ms
[2020-09-24T06:53:38.443-0400][gc,start      ] GC(10) Pause Cleanup
[2020-09-24T06:53:38.443-0400][gc            ] GC(10) Pause Cleanup 8M->8M(130M) 0.113ms
[2020-09-24T06:53:38.443-0400][gc,cpu        ] GC(10) User=0.00s Sys=0.00s Real=0.00s
[2020-09-24T06:53:38.443-0400][gc,marking    ] GC(10) Concurrent Cleanup for Next Mark
[2020-09-24T06:53:38.444-0400][gc,marking    ] GC(10) Concurrent Cleanup for Next Mark 1.425ms
[2020-09-24T06:53:38.444-0400][gc            ] GC(10) Concurrent Cycle 17.447ms
[2020-09-24T06:53:38.692-0400][gc,start      ] GC(11) Pause Young (Concurrent Start) (G1 Humongous Allocation)
[2020-09-24T06:53:38.692-0400][gc,task       ] GC(11) Using 4 workers of 4 for evacuation
[2020-09-24T06:53:38.695-0400][gc,phases     ] GC(11)   Pre Evacuate Collection Set: 0.1ms
[2020-09-24T06:53:38.695-0400][gc,phases     ] GC(11)   Evacuate Collection Set: 2.8ms
[2020-09-24T06:53:38.695-0400][gc,phases     ] GC(11)   Post Evacuate Collection Set: 0.4ms
[2020-09-24T06:53:38.695-0400][gc,phases     ] GC(11)   Other: 0.1ms
[2020-09-24T06:53:38.695-0400][gc,heap       ] GC(11) Eden regions: 10->0(27)
[2020-09-24T06:53:38.695-0400][gc,heap       ] GC(11) Survivor regions: 2->2(4)
[2020-09-24T06:53:38.695-0400][gc,heap       ] GC(11) Old regions: 8->8
[2020-09-24T06:53:38.695-0400][gc,heap       ] GC(11) Humongous regions: 0->0
[2020-09-24T06:53:38.695-0400][gc,metaspace  ] GC(11) Metaspace: 21581K->21581K(1069056K)
[2020-09-24T06:53:38.695-0400][gc            ] GC(11) Pause Young (Concurrent Start) (G1 Humongous Allocation) 17M->8M(130M) 3.465ms
[2020-09-24T06:53:38.695-0400][gc,cpu        ] GC(11) User=0.01s Sys=0.00s Real=0.01s
[2020-09-24T06:53:38.695-0400][gc            ] GC(12) Concurrent Cycle
[2020-09-24T06:53:38.695-0400][gc,marking    ] GC(12) Concurrent Clear Claimed Marks
[2020-09-24T06:53:38.695-0400][gc,marking    ] GC(12) Concurrent Clear Claimed Marks 0.024ms
[2020-09-24T06:53:38.695-0400][gc,marking    ] GC(12) Concurrent Scan Root Regions
[2020-09-24T06:53:38.698-0400][gc,marking    ] GC(12) Concurrent Scan Root Regions 2.187ms
[2020-09-24T06:53:38.698-0400][gc,marking    ] GC(12) Concurrent Mark (1.546s)
[2020-09-24T06:53:38.698-0400][gc,marking    ] GC(12) Concurrent Mark From Roots
[2020-09-24T06:53:38.698-0400][gc,task       ] GC(12) Using 1 workers of 1 for marking
[2020-09-24T06:53:38.708-0400][gc,marking    ] GC(12) Concurrent Mark From Roots 10.554ms
[2020-09-24T06:53:38.708-0400][gc,marking    ] GC(12) Concurrent Preclean
[2020-09-24T06:53:38.708-0400][gc,marking    ] GC(12) Concurrent Preclean 0.084ms
[2020-09-24T06:53:38.708-0400][gc,marking    ] GC(12) Concurrent Mark (1.546s, 1.557s) 10.724ms
[2020-09-24T06:53:38.741-0400][gc,start      ] GC(12) Pause Remark
[2020-09-24T06:53:38.742-0400][gc,stringtable] GC(12) Cleaned string and symbol table, strings: 5192 processed, 1 removed, symbols: 52848 processed, 2 removed
[2020-09-24T06:53:38.743-0400][gc            ] GC(12) Pause Remark 137M->137M(259M) 2.063ms
[2020-09-24T06:53:38.743-0400][gc,cpu        ] GC(12) User=0.00s Sys=0.00s Real=0.00s
[2020-09-24T06:53:38.743-0400][gc,marking    ] GC(12) Concurrent Rebuild Remembered Sets
[2020-09-24T06:53:38.747-0400][gc,marking    ] GC(12) Concurrent Rebuild Remembered Sets 3.864ms
[2020-09-24T06:53:38.747-0400][gc,start      ] GC(12) Pause Cleanup
[2020-09-24T06:53:38.747-0400][gc            ] GC(12) Pause Cleanup 138M->138M(259M) 0.191ms
[2020-09-24T06:53:38.747-0400][gc,cpu        ] GC(12) User=0.00s Sys=0.00s Real=0.00s
[2020-09-24T06:53:38.747-0400][gc,marking    ] GC(12) Concurrent Cleanup for Next Mark
[2020-09-24T06:53:38.752-0400][gc,marking    ] GC(12) Concurrent Cleanup for Next Mark 4.984ms
[2020-09-24T06:53:38.752-0400][gc            ] GC(12) Concurrent Cycle 57.005ms
[2020-09-24T06:53:39.030-0400][gc,start      ] GC(13) Pause Young (Normal) (G1 Evacuation Pause)
[2020-09-24T06:53:39.030-0400][gc,task       ] GC(13) Using 4 workers of 4 for evacuation
[2020-09-24T06:53:39.037-0400][gc,phases     ] GC(13)   Pre Evacuate Collection Set: 0.0ms
[2020-09-24T06:53:39.037-0400][gc,phases     ] GC(13)   Evacuate Collection Set: 6.2ms
[2020-09-24T06:53:39.037-0400][gc,phases     ] GC(13)   Post Evacuate Collection Set: 0.5ms
[2020-09-24T06:53:39.037-0400][gc,phases     ] GC(13)   Other: 0.1ms
[2020-09-24T06:53:39.037-0400][gc,heap       ] GC(13) Eden regions: 27->0(32)
[2020-09-24T06:53:39.037-0400][gc,heap       ] GC(13) Survivor regions: 2->4(4)
[2020-09-24T06:53:39.037-0400][gc,heap       ] GC(13) Old regions: 8->8
[2020-09-24T06:53:39.037-0400][gc,heap       ] GC(13) Humongous regions: 129->129
[2020-09-24T06:53:39.037-0400][gc,metaspace  ] GC(13) Metaspace: 26775K->26775K(1073152K)
[2020-09-24T06:53:39.037-0400][gc            ] GC(13) Pause Young (Normal) (G1 Evacuation Pause) 164M->139M(259M) 6.987ms
[2020-09-24T06:53:39.037-0400][gc,cpu        ] GC(13) User=0.01s Sys=0.01s Real=0.01s
[2020-09-24T06:53:39.478-0400][gc,start      ] GC(14) Pause Young (Concurrent Start) (G1 Evacuation Pause)
[2020-09-24T06:53:39.478-0400][gc,task       ] GC(14) Using 4 workers of 4 for evacuation
[2020-09-24T06:53:39.488-0400][gc,phases     ] GC(14)   Pre Evacuate Collection Set: 0.1ms
[2020-09-24T06:53:39.488-0400][gc,phases     ] GC(14)   Evacuate Collection Set: 9.6ms
[2020-09-24T06:53:39.488-0400][gc,phases     ] GC(14)   Post Evacuate Collection Set: 0.5ms
[2020-09-24T06:53:39.488-0400][gc,phases     ] GC(14)   Other: 0.2ms
[2020-09-24T06:53:39.488-0400][gc,heap       ] GC(14) Eden regions: 32->0(35)
[2020-09-24T06:53:39.488-0400][gc,heap       ] GC(14) Survivor regions: 4->5(5)
[2020-09-24T06:53:39.488-0400][gc,heap       ] GC(14) Old regions: 8->10
[2020-09-24T06:53:39.488-0400][gc,heap       ] GC(14) Humongous regions: 129->129
[2020-09-24T06:53:39.488-0400][gc,metaspace  ] GC(14) Metaspace: 33704K->33704K(1079296K)
[2020-09-24T06:53:39.488-0400][gc            ] GC(14) Pause Young (Concurrent Start) (G1 Evacuation Pause) 171M->141M(259M) 10.526ms
[2020-09-24T06:53:39.488-0400][gc,cpu        ] GC(14) User=0.02s Sys=0.01s Real=0.01s
[2020-09-24T06:53:39.488-0400][gc            ] GC(15) Concurrent Cycle
[2020-09-24T06:53:39.488-0400][gc,marking    ] GC(15) Concurrent Clear Claimed Marks
[2020-09-24T06:53:39.489-0400][gc,marking    ] GC(15) Concurrent Clear Claimed Marks 0.119ms
[2020-09-24T06:53:39.489-0400][gc,marking    ] GC(15) Concurrent Scan Root Regions
[2020-09-24T06:53:39.491-0400][gc,marking    ] GC(15) Concurrent Scan Root Regions 2.919ms
[2020-09-24T06:53:39.491-0400][gc,marking    ] GC(15) Concurrent Mark (2.340s)
[2020-09-24T06:53:39.491-0400][gc,marking    ] GC(15) Concurrent Mark From Roots
[2020-09-24T06:53:39.491-0400][gc,task       ] GC(15) Using 1 workers of 1 for marking
[2020-09-24T06:53:39.506-0400][gc,marking    ] GC(15) Concurrent Mark From Roots 14.230ms
[2020-09-24T06:53:39.506-0400][gc,marking    ] GC(15) Concurrent Preclean
[2020-09-24T06:53:39.506-0400][gc,marking    ] GC(15) Concurrent Preclean 0.079ms
[2020-09-24T06:53:39.506-0400][gc,marking    ] GC(15) Concurrent Mark (2.340s, 2.355s) 14.384ms
[2020-09-24T06:53:39.509-0400][gc,start      ] GC(15) Pause Remark
[2020-09-24T06:53:39.515-0400][gc,stringtable] GC(15) Cleaned string and symbol table, strings: 10258 processed, 0 removed, symbols: 80315 processed, 13 removed
[2020-09-24T06:53:39.515-0400][gc            ] GC(15) Pause Remark 142M->142M(259M) 6.414ms
[2020-09-24T06:53:39.515-0400][gc,cpu        ] GC(15) User=0.02s Sys=0.00s Real=0.01s
[2020-09-24T06:53:39.515-0400][gc,marking    ] GC(15) Concurrent Rebuild Remembered Sets
[2020-09-24T06:53:39.530-0400][gc,marking    ] GC(15) Concurrent Rebuild Remembered Sets 15.203ms
[2020-09-24T06:53:39.532-0400][gc,start      ] GC(15) Pause Cleanup
[2020-09-24T06:53:39.532-0400][gc            ] GC(15) Pause Cleanup 143M->143M(259M) 0.130ms
[2020-09-24T06:53:39.532-0400][gc,cpu        ] GC(15) User=0.00s Sys=0.00s Real=0.00s
[2020-09-24T06:53:39.532-0400][gc,marking    ] GC(15) Concurrent Cleanup for Next Mark
[2020-09-24T06:53:39.534-0400][gc,marking    ] GC(15) Concurrent Cleanup for Next Mark 1.739ms
[2020-09-24T06:53:39.534-0400][gc            ] GC(15) Concurrent Cycle 45.755ms
[2020-09-24T06:56:45.524-0400][gc,start      ] GC(16) Pause Young (Normal) (G1 Evacuation Pause)
[2020-09-24T06:56:45.525-0400][gc,task       ] GC(16) Using 4 workers of 4 for evacuation
[2020-09-24T06:56:45.540-0400][gc,phases     ] GC(16)   Pre Evacuate Collection Set: 0.0ms
[2020-09-24T06:56:45.540-0400][gc,phases     ] GC(16)   Evacuate Collection Set: 15.0ms
[2020-09-24T06:56:45.540-0400][gc,phases     ] GC(16)   Post Evacuate Collection Set: 0.7ms
[2020-09-24T06:56:45.540-0400][gc,phases     ] GC(16)   Other: 0.2ms
[2020-09-24T06:56:45.540-0400][gc,heap       ] GC(16) Eden regions: 31->0(36)
[2020-09-24T06:56:45.540-0400][gc,heap       ] GC(16) Survivor regions: 5->5(5)
[2020-09-24T06:56:45.540-0400][gc,heap       ] GC(16) Old regions: 10->12
[2020-09-24T06:56:45.540-0400][gc,heap       ] GC(16) Humongous regions: 129->129
[2020-09-24T06:56:45.540-0400][gc,metaspace  ] GC(16) Metaspace: 38217K->38217K(1083392K)
[2020-09-24T06:56:45.541-0400][gc            ] GC(16) Pause Young (Normal) (G1 Evacuation Pause) 172M->144M(259M) 16.025ms
[2020-09-24T06:56:45.541-0400][gc,cpu        ] GC(16) User=0.02s Sys=0.00s Real=0.01s
[2020-09-24T07:09:05.007-0400][gc,start      ] GC(17) Pause Young (Concurrent Start) (G1 Evacuation Pause)
[2020-09-24T07:09:05.007-0400][gc,task       ] GC(17) Using 4 workers of 4 for evacuation
[2020-09-24T07:09:05.016-0400][gc,phases     ] GC(17)   Pre Evacuate Collection Set: 0.4ms
[2020-09-24T07:09:05.016-0400][gc,phases     ] GC(17)   Evacuate Collection Set: 7.9ms
[2020-09-24T07:09:05.016-0400][gc,phases     ] GC(17)   Post Evacuate Collection Set: 0.8ms
[2020-09-24T07:09:05.016-0400][gc,phases     ] GC(17)   Other: 0.4ms
[2020-09-24T07:09:05.016-0400][gc,heap       ] GC(17) Eden regions: 36->0(58)
[2020-09-24T07:09:05.016-0400][gc,heap       ] GC(17) Survivor regions: 5->4(6)
[2020-09-24T07:09:05.016-0400][gc,heap       ] GC(17) Old regions: 12->15
[2020-09-24T07:09:05.016-0400][gc,heap       ] GC(17) Humongous regions: 129->129
[2020-09-24T07:09:05.016-0400][gc,metaspace  ] GC(17) Metaspace: 38830K->38830K(1085440K)
[2020-09-24T07:09:05.016-0400][gc            ] GC(17) Pause Young (Concurrent Start) (G1 Evacuation Pause) 180M->145M(259M) 9.546ms
[2020-09-24T07:09:05.016-0400][gc,cpu        ] GC(17) User=0.02s Sys=0.00s Real=0.01s
[2020-09-24T07:09:05.016-0400][gc            ] GC(18) Concurrent Cycle
[2020-09-24T07:09:05.016-0400][gc,marking    ] GC(18) Concurrent Clear Claimed Marks
[2020-09-24T07:09:05.017-0400][gc,marking    ] GC(18) Concurrent Clear Claimed Marks 0.199ms
[2020-09-24T07:09:05.017-0400][gc,marking    ] GC(18) Concurrent Scan Root Regions
[2020-09-24T07:09:05.020-0400][gc,marking    ] GC(18) Concurrent Scan Root Regions 2.823ms
[2020-09-24T07:09:05.020-0400][gc,marking    ] GC(18) Concurrent Mark (927.868s)
[2020-09-24T07:09:05.020-0400][gc,marking    ] GC(18) Concurrent Mark From Roots
[2020-09-24T07:09:05.020-0400][gc,task       ] GC(18) Using 1 workers of 1 for marking
[2020-09-24T07:09:05.036-0400][gc,marking    ] GC(18) Concurrent Mark From Roots 16.896ms
[2020-09-24T07:09:05.036-0400][gc,marking    ] GC(18) Concurrent Preclean
[2020-09-24T07:09:05.037-0400][gc,marking    ] GC(18) Concurrent Preclean 0.163ms
[2020-09-24T07:09:05.037-0400][gc,marking    ] GC(18) Concurrent Mark (927.868s, 927.885s) 17.109ms
[2020-09-24T07:09:05.037-0400][gc,start      ] GC(18) Pause Remark
[2020-09-24T07:09:05.045-0400][gc,stringtable] GC(18) Cleaned string and symbol table, strings: 11552 processed, 283 removed, symbols: 83702 processed, 4 removed
[2020-09-24T07:09:05.045-0400][gc            ] GC(18) Pause Remark 146M->146M(259M) 8.447ms
[2020-09-24T07:09:05.045-0400][gc,cpu        ] GC(18) User=0.02s Sys=0.00s Real=0.01s
[2020-09-24T07:09:05.046-0400][gc,marking    ] GC(18) Concurrent Rebuild Remembered Sets
[2020-09-24T07:09:05.054-0400][gc,marking    ] GC(18) Concurrent Rebuild Remembered Sets 8.645ms
[2020-09-24T07:09:05.055-0400][gc,start      ] GC(18) Pause Cleanup
[2020-09-24T07:09:05.055-0400][gc            ] GC(18) Pause Cleanup 146M->146M(259M) 0.218ms
[2020-09-24T07:09:05.055-0400][gc,cpu        ] GC(18) User=0.00s Sys=0.00s Real=0.00s
[2020-09-24T07:09:05.055-0400][gc,marking    ] GC(18) Concurrent Cleanup for Next Mark
[2020-09-24T07:09:05.055-0400][gc,marking    ] GC(18) Concurrent Cleanup for Next Mark 0.498ms
[2020-09-24T07:09:05.055-0400][gc            ] GC(18) Concurrent Cycle 39.008ms
[2020-09-24T07:11:46.708-0400][gc,heap,exit  ] Heap
[2020-09-24T07:11:46.708-0400][gc,heap,exit  ]  garbage-first heap   total 265216K, used 165512K [0x00000000e0000000, 0x0000000100000000)
[2020-09-24T07:11:46.708-0400][gc,heap,exit  ]   region size 1024K, 21 young (21504K), 4 survivors (4096K)
[2020-09-24T07:11:46.708-0400][gc,heap,exit  ]  Metaspace       used 39337K, capacity 41322K, committed 41600K, reserved 1085440K
[2020-09-24T07:11:46.708-0400][gc,heap,exit  ]   class space    used 4785K, capacity 5728K, committed 5760K, reserved 1048576K
