[2020-09-24T05:51:20.901-0400][gc,heap] Heap region size: 1M
[2020-09-24T05:51:20.904-0400][gc     ] Using G1
[2020-09-24T05:51:20.904-0400][gc,heap,coops] Heap address: 0x00000000e0000000, size: 512 MB, Compressed Oops mode: 32-bit
[2020-09-24T05:51:20.904-0400][gc,cds       ] Mark closed archive regions in map: [0x00000000fff00000, 0x00000000fff69ff8]
[2020-09-24T05:51:20.904-0400][gc,cds       ] Mark open archive regions in map: [0x00000000ffe00000, 0x00000000ffe46ff8]
[2020-09-24T05:51:21.093-0400][gc,start     ] GC(0) Pause Young (Normal) (G1 Evacuation Pause)
[2020-09-24T05:51:21.098-0400][gc,task      ] GC(0) Using 3 workers of 4 for evacuation
[2020-09-24T05:51:21.107-0400][gc,phases    ] GC(0)   Pre Evacuate Collection Set: 0.0ms
[2020-09-24T05:51:21.107-0400][gc,phases    ] GC(0)   Evacuate Collection Set: 7.8ms
[2020-09-24T05:51:21.107-0400][gc,phases    ] GC(0)   Post Evacuate Collection Set: 0.5ms
[2020-09-24T05:51:21.107-0400][gc,phases    ] GC(0)   Other: 5.0ms
[2020-09-24T05:51:21.107-0400][gc,heap      ] GC(0) Eden regions: 6->0(5)
[2020-09-24T05:51:21.107-0400][gc,heap      ] GC(0) Survivor regions: 0->1(1)
[2020-09-24T05:51:21.107-0400][gc,heap      ] GC(0) Old regions: 2->5
[2020-09-24T05:51:21.107-0400][gc,heap      ] GC(0) Humongous regions: 0->0
[2020-09-24T05:51:21.107-0400][gc,metaspace ] GC(0) Metaspace: 2153K->2153K(1056768K)
[2020-09-24T05:51:21.107-0400][gc           ] GC(0) Pause Young (Normal) (G1 Evacuation Pause) 6M->3M(130M) 13.353ms
[2020-09-24T05:51:21.107-0400][gc,cpu       ] GC(0) User=0.02s Sys=0.01s Real=0.02s
[2020-09-24T05:51:21.252-0400][gc,start     ] GC(1) Pause Young (Normal) (G1 Evacuation Pause)
[2020-09-24T05:51:21.252-0400][gc,task      ] GC(1) Using 3 workers of 4 for evacuation
[2020-09-24T05:51:21.259-0400][gc,phases    ] GC(1)   Pre Evacuate Collection Set: 0.0ms
[2020-09-24T05:51:21.259-0400][gc,phases    ] GC(1)   Evacuate Collection Set: 6.3ms
[2020-09-24T05:51:21.259-0400][gc,phases    ] GC(1)   Post Evacuate Collection Set: 0.5ms
[2020-09-24T05:51:21.259-0400][gc,phases    ] GC(1)   Other: 0.1ms
[2020-09-24T05:51:21.259-0400][gc,heap      ] GC(1) Eden regions: 5->0(5)
[2020-09-24T05:51:21.259-0400][gc,heap      ] GC(1) Survivor regions: 1->1(1)
[2020-09-24T05:51:21.259-0400][gc,heap      ] GC(1) Old regions: 5->6
[2020-09-24T05:51:21.259-0400][gc,heap      ] GC(1) Humongous regions: 0->0
[2020-09-24T05:51:21.259-0400][gc,metaspace ] GC(1) Metaspace: 4997K->4997K(1056768K)
[2020-09-24T05:51:21.259-0400][gc           ] GC(1) Pause Young (Normal) (G1 Evacuation Pause) 8M->5M(130M) 6.959ms
[2020-09-24T05:51:21.259-0400][gc,cpu       ] GC(1) User=0.01s Sys=0.00s Real=0.01s
[2020-09-24T05:51:21.361-0400][gc,start     ] GC(2) Pause Young (Normal) (G1 Evacuation Pause)
[2020-09-24T05:51:21.361-0400][gc,task      ] GC(2) Using 3 workers of 4 for evacuation
[2020-09-24T05:51:21.364-0400][gc,phases    ] GC(2)   Pre Evacuate Collection Set: 0.0ms
[2020-09-24T05:51:21.364-0400][gc,phases    ] GC(2)   Evacuate Collection Set: 2.1ms
[2020-09-24T05:51:21.364-0400][gc,phases    ] GC(2)   Post Evacuate Collection Set: 0.3ms
[2020-09-24T05:51:21.364-0400][gc,phases    ] GC(2)   Other: 0.1ms
[2020-09-24T05:51:21.364-0400][gc,heap      ] GC(2) Eden regions: 5->0(5)
[2020-09-24T05:51:21.364-0400][gc,heap      ] GC(2) Survivor regions: 1->1(1)
[2020-09-24T05:51:21.364-0400][gc,heap      ] GC(2) Old regions: 6->7
[2020-09-24T05:51:21.364-0400][gc,heap      ] GC(2) Humongous regions: 0->0
[2020-09-24T05:51:21.364-0400][gc,metaspace ] GC(2) Metaspace: 6295K->6295K(1056768K)
[2020-09-24T05:51:21.364-0400][gc           ] GC(2) Pause Young (Normal) (G1 Evacuation Pause) 10M->6M(130M) 2.661ms
[2020-09-24T05:51:21.364-0400][gc,cpu       ] GC(2) User=0.00s Sys=0.00s Real=0.01s
[2020-09-24T05:51:21.436-0400][gc,start     ] GC(3) Pause Young (Normal) (G1 Evacuation Pause)
[2020-09-24T05:51:21.436-0400][gc,task      ] GC(3) Using 3 workers of 4 for evacuation
[2020-09-24T05:51:21.437-0400][gc,phases    ] GC(3)   Pre Evacuate Collection Set: 0.0ms
[2020-09-24T05:51:21.437-0400][gc,phases    ] GC(3)   Evacuate Collection Set: 1.1ms
[2020-09-24T05:51:21.437-0400][gc,phases    ] GC(3)   Post Evacuate Collection Set: 0.3ms
[2020-09-24T05:51:21.437-0400][gc,phases    ] GC(3)   Other: 0.1ms
[2020-09-24T05:51:21.437-0400][gc,heap      ] GC(3) Eden regions: 5->0(5)
[2020-09-24T05:51:21.437-0400][gc,heap      ] GC(3) Survivor regions: 1->1(1)
[2020-09-24T05:51:21.437-0400][gc,heap      ] GC(3) Old regions: 7->8
[2020-09-24T05:51:21.437-0400][gc,heap      ] GC(3) Humongous regions: 0->0
[2020-09-24T05:51:21.437-0400][gc,metaspace ] GC(3) Metaspace: 7737K->7737K(1056768K)
[2020-09-24T05:51:21.437-0400][gc           ] GC(3) Pause Young (Normal) (G1 Evacuation Pause) 11M->6M(130M) 1.629ms
[2020-09-24T05:51:21.438-0400][gc,cpu       ] GC(3) User=0.01s Sys=0.00s Real=0.00s
[2020-09-24T05:51:21.524-0400][gc,start     ] GC(4) Pause Young (Normal) (G1 Evacuation Pause)
[2020-09-24T05:51:21.524-0400][gc,task      ] GC(4) Using 3 workers of 4 for evacuation
[2020-09-24T05:51:21.526-0400][gc,phases    ] GC(4)   Pre Evacuate Collection Set: 0.0ms
[2020-09-24T05:51:21.526-0400][gc,phases    ] GC(4)   Evacuate Collection Set: 0.8ms
[2020-09-24T05:51:21.526-0400][gc,phases    ] GC(4)   Post Evacuate Collection Set: 0.5ms
[2020-09-24T05:51:21.526-0400][gc,phases    ] GC(4)   Other: 0.1ms
[2020-09-24T05:51:21.526-0400][gc,heap      ] GC(4) Eden regions: 5->0(6)
[2020-09-24T05:51:21.526-0400][gc,heap      ] GC(4) Survivor regions: 1->1(1)
[2020-09-24T05:51:21.526-0400][gc,heap      ] GC(4) Old regions: 8->8
[2020-09-24T05:51:21.526-0400][gc,heap      ] GC(4) Humongous regions: 0->0
[2020-09-24T05:51:21.526-0400][gc,metaspace ] GC(4) Metaspace: 9324K->9324K(1058816K)
[2020-09-24T05:51:21.526-0400][gc           ] GC(4) Pause Young (Normal) (G1 Evacuation Pause) 11M->6M(130M) 1.462ms
[2020-09-24T05:51:21.526-0400][gc,cpu       ] GC(4) User=0.01s Sys=0.00s Real=0.00s
[2020-09-24T05:51:21.598-0400][gc,start     ] GC(5) Pause Young (Normal) (G1 Evacuation Pause)
[2020-09-24T05:51:21.598-0400][gc,task      ] GC(5) Using 3 workers of 4 for evacuation
[2020-09-24T05:51:21.600-0400][gc,phases    ] GC(5)   Pre Evacuate Collection Set: 0.0ms
[2020-09-24T05:51:21.600-0400][gc,phases    ] GC(5)   Evacuate Collection Set: 0.8ms
[2020-09-24T05:51:21.600-0400][gc,phases    ] GC(5)   Post Evacuate Collection Set: 0.5ms
[2020-09-24T05:51:21.600-0400][gc,phases    ] GC(5)   Other: 0.1ms
[2020-09-24T05:51:21.600-0400][gc,heap      ] GC(5) Eden regions: 6->0(9)
[2020-09-24T05:51:21.600-0400][gc,heap      ] GC(5) Survivor regions: 1->1(1)
[2020-09-24T05:51:21.600-0400][gc,heap      ] GC(5) Old regions: 8->8
[2020-09-24T05:51:21.600-0400][gc,heap      ] GC(5) Humongous regions: 0->0
[2020-09-24T05:51:21.600-0400][gc,metaspace ] GC(5) Metaspace: 10956K->10956K(1058816K)
[2020-09-24T05:51:21.600-0400][gc           ] GC(5) Pause Young (Normal) (G1 Evacuation Pause) 12M->6M(130M) 1.499ms
[2020-09-24T05:51:21.600-0400][gc,cpu       ] GC(5) User=0.00s Sys=0.01s Real=0.00s
[2020-09-24T05:51:21.736-0400][gc,start     ] GC(6) Pause Young (Normal) (G1 Evacuation Pause)
[2020-09-24T05:51:21.736-0400][gc,task      ] GC(6) Using 3 workers of 4 for evacuation
[2020-09-24T05:51:21.738-0400][gc,phases    ] GC(6)   Pre Evacuate Collection Set: 0.0ms
[2020-09-24T05:51:21.738-0400][gc,phases    ] GC(6)   Evacuate Collection Set: 1.9ms
[2020-09-24T05:51:21.738-0400][gc,phases    ] GC(6)   Post Evacuate Collection Set: 0.3ms
[2020-09-24T05:51:21.738-0400][gc,phases    ] GC(6)   Other: 0.2ms
[2020-09-24T05:51:21.738-0400][gc,heap      ] GC(6) Eden regions: 9->0(12)
[2020-09-24T05:51:21.738-0400][gc,heap      ] GC(6) Survivor regions: 1->1(2)
[2020-09-24T05:51:21.738-0400][gc,heap      ] GC(6) Old regions: 8->8
[2020-09-24T05:51:21.738-0400][gc,heap      ] GC(6) Humongous regions: 0->0
[2020-09-24T05:51:21.738-0400][gc,metaspace ] GC(6) Metaspace: 13450K->13450K(1060864K)
[2020-09-24T05:51:21.738-0400][gc           ] GC(6) Pause Young (Normal) (G1 Evacuation Pause) 15M->6M(130M) 2.523ms
[2020-09-24T05:51:21.738-0400][gc,cpu       ] GC(6) User=0.00s Sys=0.00s Real=0.00s
[2020-09-24T05:51:21.934-0400][gc,start     ] GC(7) Pause Young (Normal) (G1 Evacuation Pause)
[2020-09-24T05:51:21.934-0400][gc,task      ] GC(7) Using 3 workers of 4 for evacuation
[2020-09-24T05:51:21.936-0400][gc,phases    ] GC(7)   Pre Evacuate Collection Set: 0.0ms
[2020-09-24T05:51:21.936-0400][gc,phases    ] GC(7)   Evacuate Collection Set: 1.6ms
[2020-09-24T05:51:21.936-0400][gc,phases    ] GC(7)   Post Evacuate Collection Set: 0.4ms
[2020-09-24T05:51:21.936-0400][gc,phases    ] GC(7)   Other: 0.1ms
[2020-09-24T05:51:21.936-0400][gc,heap      ] GC(7) Eden regions: 12->0(14)
[2020-09-24T05:51:21.936-0400][gc,heap      ] GC(7) Survivor regions: 1->2(2)
[2020-09-24T05:51:21.936-0400][gc,heap      ] GC(7) Old regions: 8->8
[2020-09-24T05:51:21.936-0400][gc,heap      ] GC(7) Humongous regions: 0->0
[2020-09-24T05:51:21.936-0400][gc,metaspace ] GC(7) Metaspace: 16673K->16673K(1064960K)
[2020-09-24T05:51:21.936-0400][gc           ] GC(7) Pause Young (Normal) (G1 Evacuation Pause) 18M->7M(130M) 2.283ms
[2020-09-24T05:51:21.936-0400][gc,cpu       ] GC(7) User=0.00s Sys=0.01s Real=0.00s
[2020-09-24T05:51:25.156-0400][gc,heap,exit ] Heap
[2020-09-24T05:51:25.156-0400][gc,heap,exit ]  garbage-first heap   total 133120K, used 19774K [0x00000000e0000000, 0x0000000100000000)
[2020-09-24T05:51:25.156-0400][gc,heap,exit ]   region size 1024K, 16 young (16384K), 2 survivors (2048K)
[2020-09-24T05:51:25.156-0400][gc,heap,exit ]  Metaspace       used 20086K, capacity 20668K, committed 20864K, reserved 1067008K
[2020-09-24T05:51:25.156-0400][gc,heap,exit ]   class space    used 2454K, capacity 2677K, committed 2688K, reserved 1048576K
