[2020-09-24T07:39:04.586-0400][gc,heap] Heap region size: 1M
[2020-09-24T07:39:04.589-0400][gc     ] Using G1
[2020-09-24T07:39:04.589-0400][gc,heap,coops] Heap address: 0x00000000e0000000, size: 512 MB, Compressed Oops mode: 32-bit
[2020-09-24T07:39:04.590-0400][gc,cds       ] Mark closed archive regions in map: [0x00000000fff00000, 0x00000000fff69ff8]
[2020-09-24T07:39:04.590-0400][gc,cds       ] Mark open archive regions in map: [0x00000000ffe00000, 0x00000000ffe46ff8]
[2020-09-24T07:39:04.917-0400][gc,start     ] GC(0) Pause Young (Normal) (G1 Evacuation Pause)
[2020-09-24T07:39:04.917-0400][gc,task      ] GC(0) Using 3 workers of 4 for evacuation
[2020-09-24T07:39:04.924-0400][gc,phases    ] GC(0)   Pre Evacuate Collection Set: 0.0ms
[2020-09-24T07:39:04.924-0400][gc,phases    ] GC(0)   Evacuate Collection Set: 6.7ms
[2020-09-24T07:39:04.924-0400][gc,phases    ] GC(0)   Post Evacuate Collection Set: 0.5ms
[2020-09-24T07:39:04.924-0400][gc,phases    ] GC(0)   Other: 0.5ms
[2020-09-24T07:39:04.924-0400][gc,heap      ] GC(0) Eden regions: 6->0(5)
[2020-09-24T07:39:04.924-0400][gc,heap      ] GC(0) Survivor regions: 0->1(1)
[2020-09-24T07:39:04.924-0400][gc,heap      ] GC(0) Old regions: 2->5
[2020-09-24T07:39:04.924-0400][gc,heap      ] GC(0) Humongous regions: 0->0
[2020-09-24T07:39:04.924-0400][gc,metaspace ] GC(0) Metaspace: 2167K->2167K(1056768K)
[2020-09-24T07:39:04.924-0400][gc           ] GC(0) Pause Young (Normal) (G1 Evacuation Pause) 6M->3M(130M) 7.721ms
[2020-09-24T07:39:04.924-0400][gc,cpu       ] GC(0) User=0.01s Sys=0.00s Real=0.01s
[2020-09-24T07:39:05.147-0400][gc,start     ] GC(1) Pause Young (Normal) (G1 Evacuation Pause)
[2020-09-24T07:39:05.147-0400][gc,task      ] GC(1) Using 3 workers of 4 for evacuation
[2020-09-24T07:39:05.173-0400][gc,mmu       ] GC(1) MMU target violated: 21.0ms (20.0ms/21.0ms)
[2020-09-24T07:39:05.173-0400][gc,phases    ] GC(1)   Pre Evacuate Collection Set: 0.0ms
[2020-09-24T07:39:05.173-0400][gc,phases    ] GC(1)   Evacuate Collection Set: 18.2ms
[2020-09-24T07:39:05.173-0400][gc,phases    ] GC(1)   Post Evacuate Collection Set: 7.8ms
[2020-09-24T07:39:05.173-0400][gc,phases    ] GC(1)   Other: 0.4ms
[2020-09-24T07:39:05.173-0400][gc,heap      ] GC(1) Eden regions: 5->0(5)
[2020-09-24T07:39:05.173-0400][gc,heap      ] GC(1) Survivor regions: 1->1(1)
[2020-09-24T07:39:05.173-0400][gc,heap      ] GC(1) Old regions: 5->6
[2020-09-24T07:39:05.173-0400][gc,heap      ] GC(1) Humongous regions: 0->0
[2020-09-24T07:39:05.173-0400][gc,metaspace ] GC(1) Metaspace: 4968K->4968K(1056768K)
[2020-09-24T07:39:05.174-0400][gc           ] GC(1) Pause Young (Normal) (G1 Evacuation Pause) 8M->5M(130M) 26.524ms
[2020-09-24T07:39:05.174-0400][gc,cpu       ] GC(1) User=0.04s Sys=0.01s Real=0.03s
[2020-09-24T07:39:05.387-0400][gc,start     ] GC(2) Pause Young (Normal) (G1 Evacuation Pause)
[2020-09-24T07:39:05.387-0400][gc,task      ] GC(2) Using 3 workers of 4 for evacuation
[2020-09-24T07:39:05.394-0400][gc,phases    ] GC(2)   Pre Evacuate Collection Set: 0.0ms
[2020-09-24T07:39:05.394-0400][gc,phases    ] GC(2)   Evacuate Collection Set: 5.8ms
[2020-09-24T07:39:05.394-0400][gc,phases    ] GC(2)   Post Evacuate Collection Set: 1.1ms
[2020-09-24T07:39:05.394-0400][gc,phases    ] GC(2)   Other: 0.1ms
[2020-09-24T07:39:05.394-0400][gc,heap      ] GC(2) Eden regions: 5->0(5)
[2020-09-24T07:39:05.394-0400][gc,heap      ] GC(2) Survivor regions: 1->1(1)
[2020-09-24T07:39:05.394-0400][gc,heap      ] GC(2) Old regions: 6->7
[2020-09-24T07:39:05.394-0400][gc,heap      ] GC(2) Humongous regions: 0->0
[2020-09-24T07:39:05.394-0400][gc,metaspace ] GC(2) Metaspace: 6246K->6246K(1056768K)
[2020-09-24T07:39:05.394-0400][gc           ] GC(2) Pause Young (Normal) (G1 Evacuation Pause) 10M->6M(130M) 7.092ms
[2020-09-24T07:39:05.394-0400][gc,cpu       ] GC(2) User=0.02s Sys=0.00s Real=0.01s
[2020-09-24T07:39:05.514-0400][gc,start     ] GC(3) Pause Young (Normal) (G1 Evacuation Pause)
[2020-09-24T07:39:05.514-0400][gc,task      ] GC(3) Using 3 workers of 4 for evacuation
[2020-09-24T07:39:05.516-0400][gc,phases    ] GC(3)   Pre Evacuate Collection Set: 0.0ms
[2020-09-24T07:39:05.516-0400][gc,phases    ] GC(3)   Evacuate Collection Set: 1.4ms
[2020-09-24T07:39:05.516-0400][gc,phases    ] GC(3)   Post Evacuate Collection Set: 0.3ms
[2020-09-24T07:39:05.516-0400][gc,phases    ] GC(3)   Other: 0.6ms
[2020-09-24T07:39:05.516-0400][gc,heap      ] GC(3) Eden regions: 5->0(5)
[2020-09-24T07:39:05.516-0400][gc,heap      ] GC(3) Survivor regions: 1->1(1)
[2020-09-24T07:39:05.516-0400][gc,heap      ] GC(3) Old regions: 7->8
[2020-09-24T07:39:05.516-0400][gc,heap      ] GC(3) Humongous regions: 0->0
[2020-09-24T07:39:05.516-0400][gc,metaspace ] GC(3) Metaspace: 7743K->7743K(1056768K)
[2020-09-24T07:39:05.516-0400][gc           ] GC(3) Pause Young (Normal) (G1 Evacuation Pause) 11M->6M(130M) 2.069ms
[2020-09-24T07:39:05.516-0400][gc,cpu       ] GC(3) User=0.00s Sys=0.00s Real=0.00s
[2020-09-24T07:39:05.643-0400][gc,start     ] GC(4) Pause Young (Normal) (G1 Evacuation Pause)
[2020-09-24T07:39:05.643-0400][gc,task      ] GC(4) Using 3 workers of 4 for evacuation
[2020-09-24T07:39:05.645-0400][gc,phases    ] GC(4)   Pre Evacuate Collection Set: 0.0ms
[2020-09-24T07:39:05.645-0400][gc,phases    ] GC(4)   Evacuate Collection Set: 0.9ms
[2020-09-24T07:39:05.645-0400][gc,phases    ] GC(4)   Post Evacuate Collection Set: 0.3ms
[2020-09-24T07:39:05.645-0400][gc,phases    ] GC(4)   Other: 0.1ms
[2020-09-24T07:39:05.645-0400][gc,heap      ] GC(4) Eden regions: 5->0(5)
[2020-09-24T07:39:05.645-0400][gc,heap      ] GC(4) Survivor regions: 1->1(1)
[2020-09-24T07:39:05.645-0400][gc,heap      ] GC(4) Old regions: 8->8
[2020-09-24T07:39:05.645-0400][gc,heap      ] GC(4) Humongous regions: 0->0
[2020-09-24T07:39:05.645-0400][gc,metaspace ] GC(4) Metaspace: 9363K->9363K(1058816K)
[2020-09-24T07:39:05.645-0400][gc           ] GC(4) Pause Young (Normal) (G1 Evacuation Pause) 11M->6M(130M) 1.430ms
[2020-09-24T07:39:05.645-0400][gc,cpu       ] GC(4) User=0.00s Sys=0.00s Real=0.01s
[2020-09-24T07:39:05.721-0400][gc,start     ] GC(5) Pause Young (Normal) (G1 Evacuation Pause)
[2020-09-24T07:39:05.721-0400][gc,task      ] GC(5) Using 3 workers of 4 for evacuation
[2020-09-24T07:39:05.724-0400][gc,phases    ] GC(5)   Pre Evacuate Collection Set: 0.0ms
[2020-09-24T07:39:05.724-0400][gc,phases    ] GC(5)   Evacuate Collection Set: 2.0ms
[2020-09-24T07:39:05.724-0400][gc,phases    ] GC(5)   Post Evacuate Collection Set: 0.7ms
[2020-09-24T07:39:05.724-0400][gc,phases    ] GC(5)   Other: 0.1ms
[2020-09-24T07:39:05.724-0400][gc,heap      ] GC(5) Eden regions: 5->0(7)
[2020-09-24T07:39:05.724-0400][gc,heap      ] GC(5) Survivor regions: 1->1(1)
[2020-09-24T07:39:05.724-0400][gc,heap      ] GC(5) Old regions: 8->8
[2020-09-24T07:39:05.724-0400][gc,heap      ] GC(5) Humongous regions: 0->0
[2020-09-24T07:39:05.724-0400][gc,metaspace ] GC(5) Metaspace: 10786K->10786K(1058816K)
[2020-09-24T07:39:05.724-0400][gc           ] GC(5) Pause Young (Normal) (G1 Evacuation Pause) 11M->6M(130M) 2.877ms
[2020-09-24T07:39:05.728-0400][gc,cpu       ] GC(5) User=0.01s Sys=0.01s Real=0.01s
[2020-09-24T07:39:05.932-0400][gc,start     ] GC(6) Pause Young (Normal) (G1 Evacuation Pause)
[2020-09-24T07:39:05.932-0400][gc,task      ] GC(6) Using 3 workers of 4 for evacuation
[2020-09-24T07:39:05.934-0400][gc,phases    ] GC(6)   Pre Evacuate Collection Set: 0.0ms
[2020-09-24T07:39:05.934-0400][gc,phases    ] GC(6)   Evacuate Collection Set: 1.4ms
[2020-09-24T07:39:05.934-0400][gc,phases    ] GC(6)   Post Evacuate Collection Set: 0.4ms
[2020-09-24T07:39:05.934-0400][gc,phases    ] GC(6)   Other: 0.2ms
[2020-09-24T07:39:05.934-0400][gc,heap      ] GC(6) Eden regions: 7->0(10)
[2020-09-24T07:39:05.934-0400][gc,heap      ] GC(6) Survivor regions: 1->1(1)
[2020-09-24T07:39:05.934-0400][gc,heap      ] GC(6) Old regions: 8->8
[2020-09-24T07:39:05.934-0400][gc,heap      ] GC(6) Humongous regions: 0->0
[2020-09-24T07:39:05.934-0400][gc,metaspace ] GC(6) Metaspace: 12832K->12832K(1060864K)
[2020-09-24T07:39:05.934-0400][gc           ] GC(6) Pause Young (Normal) (G1 Evacuation Pause) 13M->6M(130M) 2.028ms
[2020-09-24T07:39:05.934-0400][gc,cpu       ] GC(6) User=0.00s Sys=0.00s Real=0.01s
[2020-09-24T07:39:06.264-0400][gc,start     ] GC(7) Pause Young (Normal) (G1 Evacuation Pause)
[2020-09-24T07:39:06.264-0400][gc,task      ] GC(7) Using 3 workers of 4 for evacuation
[2020-09-24T07:39:06.267-0400][gc,phases    ] GC(7)   Pre Evacuate Collection Set: 0.0ms
[2020-09-24T07:39:06.267-0400][gc,phases    ] GC(7)   Evacuate Collection Set: 2.4ms
[2020-09-24T07:39:06.267-0400][gc,phases    ] GC(7)   Post Evacuate Collection Set: 0.4ms
[2020-09-24T07:39:06.267-0400][gc,phases    ] GC(7)   Other: 0.1ms
[2020-09-24T07:39:06.267-0400][gc,heap      ] GC(7) Eden regions: 10->0(11)
[2020-09-24T07:39:06.267-0400][gc,heap      ] GC(7) Survivor regions: 1->2(2)
[2020-09-24T07:39:06.267-0400][gc,heap      ] GC(7) Old regions: 8->8
[2020-09-24T07:39:06.267-0400][gc,heap      ] GC(7) Humongous regions: 0->0
[2020-09-24T07:39:06.267-0400][gc,metaspace ] GC(7) Metaspace: 15376K->15376K(1062912K)
[2020-09-24T07:39:06.267-0400][gc           ] GC(7) Pause Young (Normal) (G1 Evacuation Pause) 16M->7M(130M) 3.097ms
[2020-09-24T07:39:06.267-0400][gc,cpu       ] GC(7) User=0.00s Sys=0.00s Real=0.00s
[2020-09-24T07:39:06.422-0400][gc,start     ] GC(8) Pause Young (Normal) (G1 Evacuation Pause)
[2020-09-24T07:39:06.422-0400][gc,task      ] GC(8) Using 3 workers of 4 for evacuation
[2020-09-24T07:39:06.430-0400][gc,phases    ] GC(8)   Pre Evacuate Collection Set: 0.1ms
[2020-09-24T07:39:06.430-0400][gc,phases    ] GC(8)   Evacuate Collection Set: 5.8ms
[2020-09-24T07:39:06.430-0400][gc,phases    ] GC(8)   Post Evacuate Collection Set: 1.8ms
[2020-09-24T07:39:06.430-0400][gc,phases    ] GC(8)   Other: 0.1ms
[2020-09-24T07:39:06.430-0400][gc,heap      ] GC(8) Eden regions: 11->0(74)
[2020-09-24T07:39:06.430-0400][gc,heap      ] GC(8) Survivor regions: 2->2(2)
[2020-09-24T07:39:06.430-0400][gc,heap      ] GC(8) Old regions: 8->8
[2020-09-24T07:39:06.430-0400][gc,heap      ] GC(8) Humongous regions: 0->0
[2020-09-24T07:39:06.430-0400][gc,metaspace ] GC(8) Metaspace: 18406K->18406K(1067008K)
[2020-09-24T07:39:06.430-0400][gc           ] GC(8) Pause Young (Normal) (G1 Evacuation Pause) 18M->7M(130M) 7.840ms
[2020-09-24T07:39:06.430-0400][gc,cpu       ] GC(8) User=0.01s Sys=0.01s Real=0.01s
[2020-09-24T07:39:06.789-0400][gc,start     ] GC(9) Pause Young (Concurrent Start) (Metadata GC Threshold)
[2020-09-24T07:39:06.792-0400][gc,task      ] GC(9) Using 4 workers of 4 for evacuation
[2020-09-24T07:39:06.809-0400][gc,phases    ] GC(9)   Pre Evacuate Collection Set: 0.1ms
[2020-09-24T07:39:06.809-0400][gc,phases    ] GC(9)   Evacuate Collection Set: 14.2ms
[2020-09-24T07:39:06.809-0400][gc,phases    ] GC(9)   Post Evacuate Collection Set: 0.5ms
[2020-09-24T07:39:06.809-0400][gc,phases    ] GC(9)   Other: 5.0ms
[2020-09-24T07:39:06.809-0400][gc,heap      ] GC(9) Eden regions: 11->0(37)
[2020-09-24T07:39:06.809-0400][gc,heap      ] GC(9) Survivor regions: 2->2(10)
[2020-09-24T07:39:06.809-0400][gc,heap      ] GC(9) Old regions: 8->8
[2020-09-24T07:39:06.809-0400][gc,heap      ] GC(9) Humongous regions: 0->0
[2020-09-24T07:39:06.809-0400][gc,metaspace ] GC(9) Metaspace: 20554K->20554K(1067008K)
[2020-09-24T07:39:06.809-0400][gc           ] GC(9) Pause Young (Concurrent Start) (Metadata GC Threshold) 18M->7M(130M) 20.043ms
[2020-09-24T07:39:06.809-0400][gc,cpu       ] GC(9) User=0.01s Sys=0.03s Real=0.02s
[2020-09-24T07:39:06.809-0400][gc           ] GC(10) Concurrent Cycle
[2020-09-24T07:39:06.809-0400][gc,marking   ] GC(10) Concurrent Clear Claimed Marks
[2020-09-24T07:39:06.809-0400][gc,marking   ] GC(10) Concurrent Clear Claimed Marks 0.062ms
[2020-09-24T07:39:06.809-0400][gc,marking   ] GC(10) Concurrent Scan Root Regions
[2020-09-24T07:39:06.813-0400][gc,marking   ] GC(10) Concurrent Scan Root Regions 3.686ms
[2020-09-24T07:39:06.813-0400][gc,marking   ] GC(10) Concurrent Mark (2.231s)
[2020-09-24T07:39:06.813-0400][gc,marking   ] GC(10) Concurrent Mark From Roots
[2020-09-24T07:39:06.813-0400][gc,task      ] GC(10) Using 1 workers of 1 for marking
[2020-09-24T07:39:06.859-0400][gc,marking   ] GC(10) Concurrent Mark From Roots 45.546ms
[2020-09-24T07:39:06.859-0400][gc,marking   ] GC(10) Concurrent Preclean
[2020-09-24T07:39:06.859-0400][gc,marking   ] GC(10) Concurrent Preclean 0.102ms
[2020-09-24T07:39:06.859-0400][gc,marking   ] GC(10) Concurrent Mark (2.231s, 2.276s) 45.751ms
[2020-09-24T07:39:06.866-0400][gc,start     ] GC(10) Pause Remark
[2020-09-24T07:39:06.885-0400][gc,stringtable] GC(10) Cleaned string and symbol table, strings: 4941 processed, 5 removed, symbols: 51806 processed, 44 removed
[2020-09-24T07:39:06.886-0400][gc,mmu        ] GC(10) MMU target violated: 20.1ms (20.0ms/21.0ms)
[2020-09-24T07:39:06.886-0400][gc            ] GC(10) Pause Remark 9M->9M(130M) 20.157ms
[2020-09-24T07:39:06.886-0400][gc,cpu        ] GC(10) User=0.02s Sys=0.01s Real=0.02s
[2020-09-24T07:39:06.886-0400][gc,marking    ] GC(10) Concurrent Rebuild Remembered Sets
[2020-09-24T07:39:06.892-0400][gc,marking    ] GC(10) Concurrent Rebuild Remembered Sets 6.078ms
[2020-09-24T07:39:06.904-0400][gc,start      ] GC(10) Pause Cleanup
[2020-09-24T07:39:06.904-0400][gc            ] GC(10) Pause Cleanup 9M->9M(130M) 0.232ms
[2020-09-24T07:39:06.904-0400][gc,cpu        ] GC(10) User=0.00s Sys=0.00s Real=0.00s
[2020-09-24T07:39:06.905-0400][gc,marking    ] GC(10) Concurrent Cleanup for Next Mark
[2020-09-24T07:39:06.908-0400][gc,marking    ] GC(10) Concurrent Cleanup for Next Mark 2.891ms
[2020-09-24T07:39:06.908-0400][gc            ] GC(10) Concurrent Cycle 98.708ms
[2020-09-24T07:39:07.531-0400][gc,start      ] GC(11) Pause Young (Concurrent Start) (G1 Evacuation Pause)
[2020-09-24T07:39:07.531-0400][gc,task       ] GC(11) Using 4 workers of 4 for evacuation
[2020-09-24T07:39:07.546-0400][gc,phases     ] GC(11)   Pre Evacuate Collection Set: 0.1ms
[2020-09-24T07:39:07.546-0400][gc,phases     ] GC(11)   Evacuate Collection Set: 12.9ms
[2020-09-24T07:39:07.546-0400][gc,phases     ] GC(11)   Post Evacuate Collection Set: 2.1ms
[2020-09-24T07:39:07.546-0400][gc,phases     ] GC(11)   Other: 0.3ms
[2020-09-24T07:39:07.546-0400][gc,heap       ] GC(11) Eden regions: 6->0(20)
[2020-09-24T07:39:07.546-0400][gc,heap       ] GC(11) Survivor regions: 2->1(1)
[2020-09-24T07:39:07.546-0400][gc,heap       ] GC(11) Old regions: 8->9
[2020-09-24T07:39:07.546-0400][gc,heap       ] GC(11) Humongous regions: 0->0
[2020-09-24T07:39:07.546-0400][gc,metaspace  ] GC(11) Metaspace: 21321K->21321K(1069056K)
[2020-09-24T07:39:07.546-0400][gc            ] GC(11) Pause Young (Concurrent Start) (G1 Evacuation Pause) 13M->8M(165M) 15.520ms
[2020-09-24T07:39:07.546-0400][gc,cpu        ] GC(11) User=0.01s Sys=0.00s Real=0.02s
[2020-09-24T07:39:07.546-0400][gc            ] GC(12) Concurrent Cycle
[2020-09-24T07:39:07.546-0400][gc,marking    ] GC(12) Concurrent Clear Claimed Marks
[2020-09-24T07:39:07.546-0400][gc,marking    ] GC(12) Concurrent Clear Claimed Marks 0.073ms
[2020-09-24T07:39:07.546-0400][gc,marking    ] GC(12) Concurrent Scan Root Regions
[2020-09-24T07:39:07.548-0400][gc,marking    ] GC(12) Concurrent Scan Root Regions 1.369ms
[2020-09-24T07:39:07.548-0400][gc,marking    ] GC(12) Concurrent Mark (2.965s)
[2020-09-24T07:39:07.548-0400][gc,marking    ] GC(12) Concurrent Mark From Roots
[2020-09-24T07:39:07.548-0400][gc,task       ] GC(12) Using 1 workers of 1 for marking
[2020-09-24T07:39:07.562-0400][gc,marking    ] GC(12) Concurrent Mark From Roots 13.645ms
[2020-09-24T07:39:07.562-0400][gc,marking    ] GC(12) Concurrent Preclean
[2020-09-24T07:39:07.562-0400][gc,marking    ] GC(12) Concurrent Preclean 0.086ms
[2020-09-24T07:39:07.562-0400][gc,marking    ] GC(12) Concurrent Mark (2.965s, 2.979s) 13.789ms
[2020-09-24T07:39:07.566-0400][gc,start      ] GC(12) Pause Remark
[2020-09-24T07:39:07.578-0400][gc,stringtable] GC(12) Cleaned string and symbol table, strings: 5100 processed, 1 removed, symbols: 52102 processed, 2 removed
[2020-09-24T07:39:07.578-0400][gc            ] GC(12) Pause Remark 8M->8M(165M) 11.828ms
[2020-09-24T07:39:07.578-0400][gc,cpu        ] GC(12) User=0.01s Sys=0.00s Real=0.01s
[2020-09-24T07:39:07.578-0400][gc,marking    ] GC(12) Concurrent Rebuild Remembered Sets
[2020-09-24T07:39:07.584-0400][gc,marking    ] GC(12) Concurrent Rebuild Remembered Sets 5.435ms
[2020-09-24T07:39:07.585-0400][gc,start      ] GC(12) Pause Cleanup
[2020-09-24T07:39:07.585-0400][gc            ] GC(12) Pause Cleanup 8M->8M(165M) 0.296ms
[2020-09-24T07:39:07.585-0400][gc,cpu        ] GC(12) User=0.00s Sys=0.00s Real=0.00s
[2020-09-24T07:39:07.585-0400][gc,marking    ] GC(12) Concurrent Cleanup for Next Mark
[2020-09-24T07:39:07.588-0400][gc,marking    ] GC(12) Concurrent Cleanup for Next Mark 2.708ms
[2020-09-24T07:39:07.588-0400][gc            ] GC(12) Concurrent Cycle 41.489ms
[2020-09-24T07:39:07.760-0400][gc,start      ] GC(13) Pause Young (Concurrent Start) (G1 Humongous Allocation)
[2020-09-24T07:39:07.760-0400][gc,task       ] GC(13) Using 4 workers of 4 for evacuation
[2020-09-24T07:39:07.769-0400][gc,phases     ] GC(13)   Pre Evacuate Collection Set: 0.1ms
[2020-09-24T07:39:07.769-0400][gc,phases     ] GC(13)   Evacuate Collection Set: 8.4ms
[2020-09-24T07:39:07.769-0400][gc,phases     ] GC(13)   Post Evacuate Collection Set: 0.4ms
[2020-09-24T07:39:07.769-0400][gc,phases     ] GC(13)   Other: 0.3ms
[2020-09-24T07:39:07.769-0400][gc,heap       ] GC(13) Eden regions: 3->0(17)
[2020-09-24T07:39:07.769-0400][gc,heap       ] GC(13) Survivor regions: 1->1(2)
[2020-09-24T07:39:07.769-0400][gc,heap       ] GC(13) Old regions: 9->9
[2020-09-24T07:39:07.769-0400][gc,heap       ] GC(13) Humongous regions: 0->0
[2020-09-24T07:39:07.769-0400][gc,metaspace  ] GC(13) Metaspace: 21609K->21609K(1069056K)
[2020-09-24T07:39:07.769-0400][gc            ] GC(13) Pause Young (Concurrent Start) (G1 Humongous Allocation) 10M->8M(165M) 9.259ms
[2020-09-24T07:39:07.769-0400][gc,cpu        ] GC(13) User=0.01s Sys=0.01s Real=0.01s
[2020-09-24T07:39:07.769-0400][gc            ] GC(14) Concurrent Cycle
[2020-09-24T07:39:07.769-0400][gc,marking    ] GC(14) Concurrent Clear Claimed Marks
[2020-09-24T07:39:07.769-0400][gc,marking    ] GC(14) Concurrent Clear Claimed Marks 0.036ms
[2020-09-24T07:39:07.769-0400][gc,marking    ] GC(14) Concurrent Scan Root Regions
[2020-09-24T07:39:07.771-0400][gc,marking    ] GC(14) Concurrent Scan Root Regions 1.630ms
[2020-09-24T07:39:07.771-0400][gc,marking    ] GC(14) Concurrent Mark (3.188s)
[2020-09-24T07:39:07.771-0400][gc,marking    ] GC(14) Concurrent Mark From Roots
[2020-09-24T07:39:07.771-0400][gc,task       ] GC(14) Using 1 workers of 1 for marking
[2020-09-24T07:39:07.783-0400][gc,marking    ] GC(14) Concurrent Mark From Roots 11.852ms
[2020-09-24T07:39:07.783-0400][gc,marking    ] GC(14) Concurrent Preclean
[2020-09-24T07:39:07.783-0400][gc,marking    ] GC(14) Concurrent Preclean 0.089ms
[2020-09-24T07:39:07.783-0400][gc,marking    ] GC(14) Concurrent Mark (3.188s, 3.200s) 12.007ms
[2020-09-24T07:39:08.078-0400][gc,start      ] GC(14) Pause Remark
[2020-09-24T07:39:08.081-0400][gc,stringtable] GC(14) Cleaned string and symbol table, strings: 5187 processed, 5 removed, symbols: 52846 processed, 0 removed
[2020-09-24T07:39:08.081-0400][gc            ] GC(14) Pause Remark 137M->137M(165M) 2.851ms
[2020-09-24T07:39:08.081-0400][gc,cpu        ] GC(14) User=0.00s Sys=0.01s Real=0.00s
[2020-09-24T07:39:08.081-0400][gc,marking    ] GC(14) Concurrent Rebuild Remembered Sets
[2020-09-24T07:39:08.103-0400][gc,marking    ] GC(14) Concurrent Rebuild Remembered Sets 21.076ms
[2020-09-24T07:39:08.103-0400][gc,start      ] GC(14) Pause Cleanup
[2020-09-24T07:39:08.103-0400][gc            ] GC(14) Pause Cleanup 138M->138M(165M) 0.187ms
[2020-09-24T07:39:08.103-0400][gc,cpu        ] GC(14) User=0.00s Sys=0.00s Real=0.00s
[2020-09-24T07:39:08.103-0400][gc,marking    ] GC(14) Concurrent Cleanup for Next Mark
[2020-09-24T07:39:08.104-0400][gc,marking    ] GC(14) Concurrent Cleanup for Next Mark 0.819ms
[2020-09-24T07:39:08.104-0400][gc            ] GC(14) Concurrent Cycle 334.904ms
[2020-09-24T07:39:08.398-0400][gc,start      ] GC(15) Pause Young (Normal) (G1 Evacuation Pause)
[2020-09-24T07:39:08.398-0400][gc,task       ] GC(15) Using 4 workers of 4 for evacuation
[2020-09-24T07:39:08.402-0400][gc,phases     ] GC(15)   Pre Evacuate Collection Set: 0.0ms
[2020-09-24T07:39:08.402-0400][gc,phases     ] GC(15)   Evacuate Collection Set: 3.6ms
[2020-09-24T07:39:08.402-0400][gc,phases     ] GC(15)   Post Evacuate Collection Set: 0.4ms
[2020-09-24T07:39:08.402-0400][gc,phases     ] GC(15)   Other: 0.1ms
[2020-09-24T07:39:08.402-0400][gc,heap       ] GC(15) Eden regions: 17->0(6)
[2020-09-24T07:39:08.402-0400][gc,heap       ] GC(15) Survivor regions: 1->2(3)
[2020-09-24T07:39:08.402-0400][gc,heap       ] GC(15) Old regions: 9->9
[2020-09-24T07:39:08.402-0400][gc,heap       ] GC(15) Humongous regions: 129->129
[2020-09-24T07:39:08.402-0400][gc,metaspace  ] GC(15) Metaspace: 25608K->25608K(1073152K)
[2020-09-24T07:39:08.402-0400][gc            ] GC(15) Pause Young (Normal) (G1 Evacuation Pause) 154M->138M(165M) 4.261ms
[2020-09-24T07:39:08.402-0400][gc,cpu        ] GC(15) User=0.00s Sys=0.01s Real=0.00s
[2020-09-24T07:39:08.543-0400][gc,start      ] GC(16) Pause Young (Concurrent Start) (G1 Evacuation Pause)
[2020-09-24T07:39:08.543-0400][gc,task       ] GC(16) Using 4 workers of 4 for evacuation
[2020-09-24T07:39:08.548-0400][gc,phases     ] GC(16)   Pre Evacuate Collection Set: 0.1ms
[2020-09-24T07:39:08.549-0400][gc,phases     ] GC(16)   Evacuate Collection Set: 4.7ms
[2020-09-24T07:39:08.549-0400][gc,phases     ] GC(16)   Post Evacuate Collection Set: 0.5ms
[2020-09-24T07:39:08.549-0400][gc,phases     ] GC(16)   Other: 0.2ms
[2020-09-24T07:39:08.549-0400][gc,heap       ] GC(16) Eden regions: 6->0(7)
[2020-09-24T07:39:08.549-0400][gc,heap       ] GC(16) Survivor regions: 2->1(1)
[2020-09-24T07:39:08.549-0400][gc,heap       ] GC(16) Old regions: 9->11
[2020-09-24T07:39:08.549-0400][gc,heap       ] GC(16) Humongous regions: 129->129
[2020-09-24T07:39:08.549-0400][gc,metaspace  ] GC(16) Metaspace: 26636K->26636K(1073152K)
[2020-09-24T07:39:08.549-0400][gc            ] GC(16) Pause Young (Concurrent Start) (G1 Evacuation Pause) 144M->138M(165M) 5.544ms
[2020-09-24T07:39:08.549-0400][gc,cpu        ] GC(16) User=0.01s Sys=0.02s Real=0.01s
[2020-09-24T07:39:08.549-0400][gc            ] GC(17) Concurrent Cycle
[2020-09-24T07:39:08.549-0400][gc,marking    ] GC(17) Concurrent Clear Claimed Marks
[2020-09-24T07:39:08.549-0400][gc,marking    ] GC(17) Concurrent Clear Claimed Marks 0.043ms
[2020-09-24T07:39:08.549-0400][gc,marking    ] GC(17) Concurrent Scan Root Regions
[2020-09-24T07:39:08.551-0400][gc,marking    ] GC(17) Concurrent Scan Root Regions 1.922ms
[2020-09-24T07:39:08.551-0400][gc,marking    ] GC(17) Concurrent Mark (3.968s)
[2020-09-24T07:39:08.551-0400][gc,marking    ] GC(17) Concurrent Mark From Roots
[2020-09-24T07:39:08.551-0400][gc,task       ] GC(17) Using 1 workers of 1 for marking
[2020-09-24T07:39:08.571-0400][gc,marking    ] GC(17) Concurrent Mark From Roots 20.332ms
[2020-09-24T07:39:08.571-0400][gc,marking    ] GC(17) Concurrent Preclean
[2020-09-24T07:39:08.571-0400][gc,marking    ] GC(17) Concurrent Preclean 0.064ms
[2020-09-24T07:39:08.571-0400][gc,marking    ] GC(17) Concurrent Mark (3.968s, 3.989s) 20.453ms
[2020-09-24T07:39:08.572-0400][gc,start      ] GC(17) Pause Remark
[2020-09-24T07:39:08.578-0400][gc,stringtable] GC(17) Cleaned string and symbol table, strings: 6871 processed, 0 removed, symbols: 61426 processed, 1 removed
[2020-09-24T07:39:08.578-0400][gc            ] GC(17) Pause Remark 139M->139M(165M) 6.434ms
[2020-09-24T07:39:08.578-0400][gc,cpu        ] GC(17) User=0.02s Sys=0.00s Real=0.01s
[2020-09-24T07:39:08.578-0400][gc,marking    ] GC(17) Concurrent Rebuild Remembered Sets
[2020-09-24T07:39:08.585-0400][gc,marking    ] GC(17) Concurrent Rebuild Remembered Sets 7.318ms
[2020-09-24T07:39:08.586-0400][gc,start      ] GC(17) Pause Cleanup
[2020-09-24T07:39:08.586-0400][gc            ] GC(17) Pause Cleanup 140M->140M(165M) 0.190ms
[2020-09-24T07:39:08.586-0400][gc,cpu        ] GC(17) User=0.00s Sys=0.00s Real=0.00s
[2020-09-24T07:39:08.586-0400][gc,marking    ] GC(17) Concurrent Cleanup for Next Mark
[2020-09-24T07:39:08.596-0400][gc,marking    ] GC(17) Concurrent Cleanup for Next Mark 9.797ms
[2020-09-24T07:39:08.596-0400][gc            ] GC(17) Concurrent Cycle 47.315ms
[2020-09-24T07:39:08.740-0400][gc,start      ] GC(18) Pause Young (Normal) (G1 Evacuation Pause)
[2020-09-24T07:39:08.740-0400][gc,task       ] GC(18) Using 4 workers of 4 for evacuation
[2020-09-24T07:39:08.745-0400][gc,phases     ] GC(18)   Pre Evacuate Collection Set: 0.0ms
[2020-09-24T07:39:08.745-0400][gc,phases     ] GC(18)   Evacuate Collection Set: 3.9ms
[2020-09-24T07:39:08.745-0400][gc,phases     ] GC(18)   Post Evacuate Collection Set: 0.4ms
[2020-09-24T07:39:08.745-0400][gc,phases     ] GC(18)   Other: 0.2ms
[2020-09-24T07:39:08.745-0400][gc,heap       ] GC(18) Eden regions: 7->0(7)
[2020-09-24T07:39:08.745-0400][gc,heap       ] GC(18) Survivor regions: 1->1(1)
[2020-09-24T07:39:08.745-0400][gc,heap       ] GC(18) Old regions: 11->11
[2020-09-24T07:39:08.745-0400][gc,heap       ] GC(18) Humongous regions: 129->129
[2020-09-24T07:39:08.745-0400][gc,metaspace  ] GC(18) Metaspace: 27638K->27638K(1075200K)
[2020-09-24T07:39:08.745-0400][gc            ] GC(18) Pause Young (Normal) (G1 Evacuation Pause) 145M->139M(165M) 4.586ms
[2020-09-24T07:39:08.745-0400][gc,cpu        ] GC(18) User=0.00s Sys=0.00s Real=0.01s
[2020-09-24T07:39:08.906-0400][gc,start      ] GC(19) Pause Young (Concurrent Start) (G1 Evacuation Pause)
[2020-09-24T07:39:08.906-0400][gc,task       ] GC(19) Using 4 workers of 4 for evacuation
[2020-09-24T07:39:08.929-0400][gc,mmu        ] GC(19) MMU target violated: 21.0ms (20.0ms/21.0ms)
[2020-09-24T07:39:08.929-0400][gc,phases     ] GC(19)   Pre Evacuate Collection Set: 0.1ms
[2020-09-24T07:39:08.929-0400][gc,phases     ] GC(19)   Evacuate Collection Set: 22.3ms
[2020-09-24T07:39:08.929-0400][gc,phases     ] GC(19)   Post Evacuate Collection Set: 0.3ms
[2020-09-24T07:39:08.929-0400][gc,phases     ] GC(19)   Other: 0.3ms
[2020-09-24T07:39:08.929-0400][gc,heap       ] GC(19) Eden regions: 7->0(7)
[2020-09-24T07:39:08.929-0400][gc,heap       ] GC(19) Survivor regions: 1->1(1)
[2020-09-24T07:39:08.929-0400][gc,heap       ] GC(19) Old regions: 11->12
[2020-09-24T07:39:08.929-0400][gc,heap       ] GC(19) Humongous regions: 129->129
[2020-09-24T07:39:08.929-0400][gc,metaspace  ] GC(19) Metaspace: 29229K->29229K(1075200K)
[2020-09-24T07:39:08.929-0400][gc            ] GC(19) Pause Young (Concurrent Start) (G1 Evacuation Pause) 146M->140M(165M) 23.018ms
[2020-09-24T07:39:08.929-0400][gc,cpu        ] GC(19) User=0.01s Sys=0.00s Real=0.02s
[2020-09-24T07:39:08.931-0400][gc            ] GC(20) Concurrent Cycle
[2020-09-24T07:39:08.931-0400][gc,marking    ] GC(20) Concurrent Clear Claimed Marks
[2020-09-24T07:39:08.931-0400][gc,marking    ] GC(20) Concurrent Clear Claimed Marks 0.092ms
[2020-09-24T07:39:08.931-0400][gc,marking    ] GC(20) Concurrent Scan Root Regions
[2020-09-24T07:39:08.932-0400][gc,marking    ] GC(20) Concurrent Scan Root Regions 1.013ms
[2020-09-24T07:39:08.932-0400][gc,marking    ] GC(20) Concurrent Mark (4.349s)
[2020-09-24T07:39:08.932-0400][gc,marking    ] GC(20) Concurrent Mark From Roots
[2020-09-24T07:39:08.932-0400][gc,task       ] GC(20) Using 1 workers of 1 for marking
[2020-09-24T07:39:08.949-0400][gc,marking    ] GC(20) Concurrent Mark From Roots 17.260ms
[2020-09-24T07:39:08.949-0400][gc,marking    ] GC(20) Concurrent Preclean
[2020-09-24T07:39:08.949-0400][gc,marking    ] GC(20) Concurrent Preclean 0.072ms
[2020-09-24T07:39:08.949-0400][gc,marking    ] GC(20) Concurrent Mark (4.349s, 4.367s) 17.412ms
[2020-09-24T07:39:08.950-0400][gc,start      ] GC(20) Pause Remark
[2020-09-24T07:39:08.967-0400][gc,stringtable] GC(20) Cleaned string and symbol table, strings: 9449 processed, 3 removed, symbols: 70476 processed, 13 removed
[2020-09-24T07:39:08.974-0400][gc,mmu        ] GC(20) MMU target violated: 21.0ms (20.0ms/21.0ms)
[2020-09-24T07:39:08.974-0400][gc            ] GC(20) Pause Remark 141M->141M(165M) 24.111ms
[2020-09-24T07:39:08.974-0400][gc,cpu        ] GC(20) User=0.01s Sys=0.01s Real=0.03s
[2020-09-24T07:39:08.974-0400][gc,marking    ] GC(20) Concurrent Rebuild Remembered Sets
[2020-09-24T07:39:08.984-0400][gc,marking    ] GC(20) Concurrent Rebuild Remembered Sets 9.762ms
[2020-09-24T07:39:08.993-0400][gc,start      ] GC(20) Pause Cleanup
[2020-09-24T07:39:08.993-0400][gc            ] GC(20) Pause Cleanup 142M->142M(165M) 0.149ms
[2020-09-24T07:39:08.993-0400][gc,cpu        ] GC(20) User=0.00s Sys=0.00s Real=0.00s
[2020-09-24T07:39:08.995-0400][gc,marking    ] GC(20) Concurrent Cleanup for Next Mark
[2020-09-24T07:39:08.998-0400][gc,marking    ] GC(20) Concurrent Cleanup for Next Mark 3.317ms
[2020-09-24T07:39:08.998-0400][gc            ] GC(20) Concurrent Cycle 67.826ms
[2020-09-24T07:39:09.298-0400][gc,start      ] GC(21) Pause Young (Normal) (G1 Evacuation Pause)
[2020-09-24T07:39:09.298-0400][gc,task       ] GC(21) Using 4 workers of 4 for evacuation
[2020-09-24T07:39:09.307-0400][gc,phases     ] GC(21)   Pre Evacuate Collection Set: 0.0ms
[2020-09-24T07:39:09.307-0400][gc,phases     ] GC(21)   Evacuate Collection Set: 7.4ms
[2020-09-24T07:39:09.307-0400][gc,phases     ] GC(21)   Post Evacuate Collection Set: 1.0ms
[2020-09-24T07:39:09.307-0400][gc,phases     ] GC(21)   Other: 0.5ms
[2020-09-24T07:39:09.307-0400][gc,heap       ] GC(21) Eden regions: 7->0(7)
[2020-09-24T07:39:09.307-0400][gc,heap       ] GC(21) Survivor regions: 1->1(1)
[2020-09-24T07:39:09.307-0400][gc,heap       ] GC(21) Old regions: 12->13
[2020-09-24T07:39:09.307-0400][gc,heap       ] GC(21) Humongous regions: 129->129
[2020-09-24T07:39:09.307-0400][gc,metaspace  ] GC(21) Metaspace: 30877K->30877K(1077248K)
[2020-09-24T07:39:09.307-0400][gc            ] GC(21) Pause Young (Normal) (G1 Evacuation Pause) 147M->141M(165M) 9.054ms
[2020-09-24T07:39:09.308-0400][gc,cpu        ] GC(21) User=0.01s Sys=0.01s Real=0.01s
[2020-09-24T07:39:09.541-0400][gc,start      ] GC(22) Pause Young (Concurrent Start) (G1 Evacuation Pause)
[2020-09-24T07:39:09.541-0400][gc,task       ] GC(22) Using 4 workers of 4 for evacuation
[2020-09-24T07:39:09.550-0400][gc,phases     ] GC(22)   Pre Evacuate Collection Set: 0.1ms
[2020-09-24T07:39:09.550-0400][gc,phases     ] GC(22)   Evacuate Collection Set: 7.3ms
[2020-09-24T07:39:09.550-0400][gc,phases     ] GC(22)   Post Evacuate Collection Set: 0.6ms
[2020-09-24T07:39:09.550-0400][gc,phases     ] GC(22)   Other: 0.3ms
[2020-09-24T07:39:09.550-0400][gc,heap       ] GC(22) Eden regions: 7->0(7)
[2020-09-24T07:39:09.550-0400][gc,heap       ] GC(22) Survivor regions: 1->1(1)
[2020-09-24T07:39:09.550-0400][gc,heap       ] GC(22) Old regions: 13->14
[2020-09-24T07:39:09.550-0400][gc,heap       ] GC(22) Humongous regions: 129->129
[2020-09-24T07:39:09.550-0400][gc,metaspace  ] GC(22) Metaspace: 32745K->32745K(1079296K)
[2020-09-24T07:39:09.550-0400][gc            ] GC(22) Pause Young (Concurrent Start) (G1 Evacuation Pause) 148M->141M(165M) 8.267ms
[2020-09-24T07:39:09.550-0400][gc,cpu        ] GC(22) User=0.01s Sys=0.01s Real=0.01s
[2020-09-24T07:39:09.550-0400][gc            ] GC(23) Concurrent Cycle
[2020-09-24T07:39:09.550-0400][gc,marking    ] GC(23) Concurrent Clear Claimed Marks
[2020-09-24T07:39:09.550-0400][gc,marking    ] GC(23) Concurrent Clear Claimed Marks 0.675ms
[2020-09-24T07:39:09.551-0400][gc,marking    ] GC(23) Concurrent Scan Root Regions
[2020-09-24T07:39:09.551-0400][gc,marking    ] GC(23) Concurrent Scan Root Regions 0.810ms
[2020-09-24T07:39:09.551-0400][gc,marking    ] GC(23) Concurrent Mark (4.969s)
[2020-09-24T07:39:09.551-0400][gc,marking    ] GC(23) Concurrent Mark From Roots
[2020-09-24T07:39:09.551-0400][gc,task       ] GC(23) Using 1 workers of 1 for marking
[2020-09-24T07:39:09.604-0400][gc,marking    ] GC(23) Concurrent Mark From Roots 52.684ms
[2020-09-24T07:39:09.604-0400][gc,marking    ] GC(23) Concurrent Preclean
[2020-09-24T07:39:09.604-0400][gc,marking    ] GC(23) Concurrent Preclean 0.066ms
[2020-09-24T07:39:09.604-0400][gc,marking    ] GC(23) Concurrent Mark (4.969s, 5.022s) 52.813ms
[2020-09-24T07:39:09.626-0400][gc,start      ] GC(23) Pause Remark
[2020-09-24T07:39:09.650-0400][gc,stringtable] GC(23) Cleaned string and symbol table, strings: 10122 processed, 5 removed, symbols: 79630 processed, 10 removed
[2020-09-24T07:39:09.656-0400][gc,mmu        ] GC(23) MMU target violated: 21.0ms (20.0ms/21.0ms)
[2020-09-24T07:39:09.656-0400][gc            ] GC(23) Pause Remark 142M->142M(165M) 29.423ms
[2020-09-24T07:39:09.656-0400][gc,cpu        ] GC(23) User=0.05s Sys=0.00s Real=0.03s
[2020-09-24T07:39:09.656-0400][gc,marking    ] GC(23) Concurrent Rebuild Remembered Sets
[2020-09-24T07:39:09.671-0400][gc,marking    ] GC(23) Concurrent Rebuild Remembered Sets 15.528ms
[2020-09-24T07:39:09.678-0400][gc,start      ] GC(23) Pause Cleanup
[2020-09-24T07:39:09.679-0400][gc            ] GC(23) Pause Cleanup 142M->142M(165M) 0.655ms
[2020-09-24T07:39:09.679-0400][gc,cpu        ] GC(23) User=0.00s Sys=0.00s Real=0.00s
[2020-09-24T07:39:09.679-0400][gc,marking    ] GC(23) Concurrent Cleanup for Next Mark
[2020-09-24T07:39:09.686-0400][gc,marking    ] GC(23) Concurrent Cleanup for Next Mark 6.929ms
[2020-09-24T07:39:09.686-0400][gc            ] GC(23) Concurrent Cycle 135.890ms
[2020-09-24T07:39:09.997-0400][gc,start      ] GC(24) Pause Young (Normal) (G1 Evacuation Pause)
[2020-09-24T07:39:09.997-0400][gc,task       ] GC(24) Using 4 workers of 4 for evacuation
[2020-09-24T07:39:10.011-0400][gc,phases     ] GC(24)   Pre Evacuate Collection Set: 0.0ms
[2020-09-24T07:39:10.011-0400][gc,phases     ] GC(24)   Evacuate Collection Set: 12.7ms
[2020-09-24T07:39:10.011-0400][gc,phases     ] GC(24)   Post Evacuate Collection Set: 1.5ms
[2020-09-24T07:39:10.011-0400][gc,phases     ] GC(24)   Other: 0.2ms
[2020-09-24T07:39:10.011-0400][gc,heap       ] GC(24) Eden regions: 7->0(7)
[2020-09-24T07:39:10.011-0400][gc,heap       ] GC(24) Survivor regions: 1->1(1)
[2020-09-24T07:39:10.011-0400][gc,heap       ] GC(24) Old regions: 14->14
[2020-09-24T07:39:10.011-0400][gc,heap       ] GC(24) Humongous regions: 129->129
[2020-09-24T07:39:10.011-0400][gc,metaspace  ] GC(24) Metaspace: 33848K->33848K(1079296K)
[2020-09-24T07:39:10.011-0400][gc            ] GC(24) Pause Young (Normal) (G1 Evacuation Pause) 148M->141M(165M) 14.578ms
[2020-09-24T07:39:10.011-0400][gc,cpu        ] GC(24) User=0.03s Sys=0.00s Real=0.01s
[2020-09-24T07:39:55.301-0400][gc,start      ] GC(25) Pause Young (Concurrent Start) (G1 Evacuation Pause)
[2020-09-24T07:39:55.301-0400][gc,task       ] GC(25) Using 4 workers of 4 for evacuation
[2020-09-24T07:39:55.316-0400][gc,phases     ] GC(25)   Pre Evacuate Collection Set: 0.1ms
[2020-09-24T07:39:55.316-0400][gc,phases     ] GC(25)   Evacuate Collection Set: 14.4ms
[2020-09-24T07:39:55.316-0400][gc,phases     ] GC(25)   Post Evacuate Collection Set: 0.7ms
[2020-09-24T07:39:55.316-0400][gc,phases     ] GC(25)   Other: 0.7ms
[2020-09-24T07:39:55.316-0400][gc,heap       ] GC(25) Eden regions: 7->0(7)
[2020-09-24T07:39:55.316-0400][gc,heap       ] GC(25) Survivor regions: 1->1(1)
[2020-09-24T07:39:55.316-0400][gc,heap       ] GC(25) Old regions: 14->14
[2020-09-24T07:39:55.316-0400][gc,heap       ] GC(25) Humongous regions: 129->129
[2020-09-24T07:39:55.316-0400][gc,metaspace  ] GC(25) Metaspace: 34881K->34881K(1081344K)
[2020-09-24T07:39:55.316-0400][gc            ] GC(25) Pause Young (Concurrent Start) (G1 Evacuation Pause) 148M->141M(165M) 15.547ms
[2020-09-24T07:39:55.316-0400][gc,cpu        ] GC(25) User=0.00s Sys=0.00s Real=0.02s
[2020-09-24T07:39:55.319-0400][gc            ] GC(26) Concurrent Cycle
[2020-09-24T07:39:55.319-0400][gc,marking    ] GC(26) Concurrent Clear Claimed Marks
[2020-09-24T07:39:55.319-0400][gc,marking    ] GC(26) Concurrent Clear Claimed Marks 0.445ms
[2020-09-24T07:39:55.319-0400][gc,marking    ] GC(26) Concurrent Scan Root Regions
[2020-09-24T07:39:55.320-0400][gc,marking    ] GC(26) Concurrent Scan Root Regions 1.017ms
[2020-09-24T07:39:55.320-0400][gc,marking    ] GC(26) Concurrent Mark (50.738s)
[2020-09-24T07:39:55.320-0400][gc,marking    ] GC(26) Concurrent Mark From Roots
[2020-09-24T07:39:55.320-0400][gc,task       ] GC(26) Using 1 workers of 1 for marking
[2020-09-24T07:39:55.349-0400][gc,marking    ] GC(26) Concurrent Mark From Roots 28.605ms
[2020-09-24T07:39:55.349-0400][gc,marking    ] GC(26) Concurrent Preclean
[2020-09-24T07:39:55.349-0400][gc,marking    ] GC(26) Concurrent Preclean 0.122ms
[2020-09-24T07:39:55.349-0400][gc,marking    ] GC(26) Concurrent Mark (50.738s, 50.767s) 28.805ms
[2020-09-24T07:39:55.350-0400][gc,start      ] GC(26) Pause Remark
[2020-09-24T07:39:55.375-0400][gc,stringtable] GC(26) Cleaned string and symbol table, strings: 10560 processed, 649 removed, symbols: 81242 processed, 3 removed
[2020-09-24T07:39:55.378-0400][gc,mmu        ] GC(26) MMU target violated: 21.0ms (20.0ms/21.0ms)
[2020-09-24T07:39:55.379-0400][gc            ] GC(26) Pause Remark 142M->13M(165M) 28.949ms
[2020-09-24T07:39:55.379-0400][gc,cpu        ] GC(26) User=0.01s Sys=0.01s Real=0.03s
[2020-09-24T07:39:55.379-0400][gc,marking    ] GC(26) Concurrent Rebuild Remembered Sets
[2020-09-24T07:39:55.391-0400][gc,marking    ] GC(26) Concurrent Rebuild Remembered Sets 11.954ms
[2020-09-24T07:39:55.391-0400][gc,start      ] GC(26) Pause Cleanup
[2020-09-24T07:39:55.391-0400][gc            ] GC(26) Pause Cleanup 13M->13M(165M) 0.173ms
[2020-09-24T07:39:55.391-0400][gc,cpu        ] GC(26) User=0.00s Sys=0.00s Real=0.00s
[2020-09-24T07:39:55.391-0400][gc,marking    ] GC(26) Concurrent Cleanup for Next Mark
[2020-09-24T07:39:55.391-0400][gc,marking    ] GC(26) Concurrent Cleanup for Next Mark 0.300ms
[2020-09-24T07:39:55.392-0400][gc            ] GC(26) Concurrent Cycle 72.660ms
[2020-09-24T07:39:57.765-0400][gc,heap,exit  ] Heap
[2020-09-24T07:39:57.765-0400][gc,heap,exit  ]  garbage-first heap   total 168960K, used 15332K [0x00000000e0000000, 0x0000000100000000)
[2020-09-24T07:39:57.765-0400][gc,heap,exit  ]   region size 1024K, 4 young (4096K), 1 survivors (1024K)
[2020-09-24T07:39:57.765-0400][gc,heap,exit  ]  Metaspace       used 34979K, capacity 36457K, committed 36608K, reserved 1081344K
[2020-09-24T07:39:57.765-0400][gc,heap,exit  ]   class space    used 4100K, capacity 4755K, committed 4864K, reserved 1048576K
