[2020-09-24T05:53:15.168-0400][gc,heap] Heap region size: 1M
[2020-09-24T05:53:15.170-0400][gc     ] Using G1
[2020-09-24T05:53:15.170-0400][gc,heap,coops] Heap address: 0x00000000e0000000, size: 512 MB, Compressed Oops mode: 32-bit
[2020-09-24T05:53:15.170-0400][gc,cds       ] Mark closed archive regions in map: [0x00000000fff00000, 0x00000000fff69ff8]
[2020-09-24T05:53:15.171-0400][gc,cds       ] Mark open archive regions in map: [0x00000000ffe00000, 0x00000000ffe46ff8]
[2020-09-24T05:53:15.354-0400][gc,start     ] GC(0) Pause Young (Normal) (G1 Evacuation Pause)
[2020-09-24T05:53:15.354-0400][gc,task      ] GC(0) Using 3 workers of 4 for evacuation
[2020-09-24T05:53:15.361-0400][gc,phases    ] GC(0)   Pre Evacuate Collection Set: 0.0ms
[2020-09-24T05:53:15.361-0400][gc,phases    ] GC(0)   Evacuate Collection Set: 6.1ms
[2020-09-24T05:53:15.361-0400][gc,phases    ] GC(0)   Post Evacuate Collection Set: 0.5ms
[2020-09-24T05:53:15.361-0400][gc,phases    ] GC(0)   Other: 0.4ms
[2020-09-24T05:53:15.361-0400][gc,heap      ] GC(0) Eden regions: 6->0(5)
[2020-09-24T05:53:15.361-0400][gc,heap      ] GC(0) Survivor regions: 0->1(1)
[2020-09-24T05:53:15.361-0400][gc,heap      ] GC(0) Old regions: 2->5
[2020-09-24T05:53:15.361-0400][gc,heap      ] GC(0) Humongous regions: 0->0
[2020-09-24T05:53:15.361-0400][gc,metaspace ] GC(0) Metaspace: 2150K->2150K(1056768K)
[2020-09-24T05:53:15.361-0400][gc           ] GC(0) Pause Young (Normal) (G1 Evacuation Pause) 6M->3M(130M) 7.138ms
[2020-09-24T05:53:15.361-0400][gc,cpu       ] GC(0) User=0.01s Sys=0.00s Real=0.00s
[2020-09-24T05:53:15.508-0400][gc,start     ] GC(1) Pause Young (Normal) (G1 Evacuation Pause)
[2020-09-24T05:53:15.508-0400][gc,task      ] GC(1) Using 3 workers of 4 for evacuation
[2020-09-24T05:53:15.513-0400][gc,phases    ] GC(1)   Pre Evacuate Collection Set: 0.0ms
[2020-09-24T05:53:15.513-0400][gc,phases    ] GC(1)   Evacuate Collection Set: 4.7ms
[2020-09-24T05:53:15.513-0400][gc,phases    ] GC(1)   Post Evacuate Collection Set: 0.4ms
[2020-09-24T05:53:15.513-0400][gc,phases    ] GC(1)   Other: 0.1ms
[2020-09-24T05:53:15.513-0400][gc,heap      ] GC(1) Eden regions: 5->0(5)
[2020-09-24T05:53:15.513-0400][gc,heap      ] GC(1) Survivor regions: 1->1(1)
[2020-09-24T05:53:15.513-0400][gc,heap      ] GC(1) Old regions: 5->6
[2020-09-24T05:53:15.513-0400][gc,heap      ] GC(1) Humongous regions: 0->0
[2020-09-24T05:53:15.513-0400][gc,metaspace ] GC(1) Metaspace: 4994K->4994K(1056768K)
[2020-09-24T05:53:15.513-0400][gc           ] GC(1) Pause Young (Normal) (G1 Evacuation Pause) 8M->5M(130M) 5.265ms
[2020-09-24T05:53:15.513-0400][gc,cpu       ] GC(1) User=0.01s Sys=0.00s Real=0.00s
[2020-09-24T05:53:15.621-0400][gc,start     ] GC(2) Pause Young (Normal) (G1 Evacuation Pause)
[2020-09-24T05:53:15.621-0400][gc,task      ] GC(2) Using 3 workers of 4 for evacuation
[2020-09-24T05:53:15.624-0400][gc,phases    ] GC(2)   Pre Evacuate Collection Set: 0.0ms
[2020-09-24T05:53:15.624-0400][gc,phases    ] GC(2)   Evacuate Collection Set: 2.6ms
[2020-09-24T05:53:15.624-0400][gc,phases    ] GC(2)   Post Evacuate Collection Set: 0.3ms
[2020-09-24T05:53:15.624-0400][gc,phases    ] GC(2)   Other: 0.1ms
[2020-09-24T05:53:15.624-0400][gc,heap      ] GC(2) Eden regions: 5->0(5)
[2020-09-24T05:53:15.624-0400][gc,heap      ] GC(2) Survivor regions: 1->1(1)
[2020-09-24T05:53:15.624-0400][gc,heap      ] GC(2) Old regions: 6->7
[2020-09-24T05:53:15.624-0400][gc,heap      ] GC(2) Humongous regions: 0->0
[2020-09-24T05:53:15.624-0400][gc,metaspace ] GC(2) Metaspace: 6276K->6276K(1056768K)
[2020-09-24T05:53:15.624-0400][gc           ] GC(2) Pause Young (Normal) (G1 Evacuation Pause) 10M->6M(130M) 3.146ms
[2020-09-24T05:53:15.624-0400][gc,cpu       ] GC(2) User=0.01s Sys=0.00s Real=0.01s
[2020-09-24T05:53:15.695-0400][gc,start     ] GC(3) Pause Young (Normal) (G1 Evacuation Pause)
[2020-09-24T05:53:15.695-0400][gc,task      ] GC(3) Using 3 workers of 4 for evacuation
[2020-09-24T05:53:15.697-0400][gc,phases    ] GC(3)   Pre Evacuate Collection Set: 0.0ms
[2020-09-24T05:53:15.697-0400][gc,phases    ] GC(3)   Evacuate Collection Set: 1.4ms
[2020-09-24T05:53:15.697-0400][gc,phases    ] GC(3)   Post Evacuate Collection Set: 0.3ms
[2020-09-24T05:53:15.697-0400][gc,phases    ] GC(3)   Other: 0.1ms
[2020-09-24T05:53:15.697-0400][gc,heap      ] GC(3) Eden regions: 5->0(5)
[2020-09-24T05:53:15.697-0400][gc,heap      ] GC(3) Survivor regions: 1->1(1)
[2020-09-24T05:53:15.697-0400][gc,heap      ] GC(3) Old regions: 7->8
[2020-09-24T05:53:15.697-0400][gc,heap      ] GC(3) Humongous regions: 0->0
[2020-09-24T05:53:15.697-0400][gc,metaspace ] GC(3) Metaspace: 7722K->7722K(1056768K)
[2020-09-24T05:53:15.697-0400][gc           ] GC(3) Pause Young (Normal) (G1 Evacuation Pause) 11M->6M(130M) 1.986ms
[2020-09-24T05:53:15.697-0400][gc,cpu       ] GC(3) User=0.01s Sys=0.00s Real=0.00s
[2020-09-24T05:53:15.783-0400][gc,start     ] GC(4) Pause Young (Normal) (G1 Evacuation Pause)
[2020-09-24T05:53:15.783-0400][gc,task      ] GC(4) Using 3 workers of 4 for evacuation
[2020-09-24T05:53:15.784-0400][gc,phases    ] GC(4)   Pre Evacuate Collection Set: 0.0ms
[2020-09-24T05:53:15.784-0400][gc,phases    ] GC(4)   Evacuate Collection Set: 1.0ms
[2020-09-24T05:53:15.784-0400][gc,phases    ] GC(4)   Post Evacuate Collection Set: 0.4ms
[2020-09-24T05:53:15.784-0400][gc,phases    ] GC(4)   Other: 0.1ms
[2020-09-24T05:53:15.784-0400][gc,heap      ] GC(4) Eden regions: 5->0(6)
[2020-09-24T05:53:15.784-0400][gc,heap      ] GC(4) Survivor regions: 1->1(1)
[2020-09-24T05:53:15.784-0400][gc,heap      ] GC(4) Old regions: 8->8
[2020-09-24T05:53:15.784-0400][gc,heap      ] GC(4) Humongous regions: 0->0
[2020-09-24T05:53:15.784-0400][gc,metaspace ] GC(4) Metaspace: 9314K->9314K(1058816K)
[2020-09-24T05:53:15.784-0400][gc           ] GC(4) Pause Young (Normal) (G1 Evacuation Pause) 11M->6M(130M) 1.514ms
[2020-09-24T05:53:15.784-0400][gc,cpu       ] GC(4) User=0.00s Sys=0.00s Real=0.01s
[2020-09-24T05:53:15.861-0400][gc,start     ] GC(5) Pause Young (Normal) (G1 Evacuation Pause)
[2020-09-24T05:53:15.861-0400][gc,task      ] GC(5) Using 3 workers of 4 for evacuation
[2020-09-24T05:53:15.862-0400][gc,phases    ] GC(5)   Pre Evacuate Collection Set: 0.0ms
[2020-09-24T05:53:15.862-0400][gc,phases    ] GC(5)   Evacuate Collection Set: 1.1ms
[2020-09-24T05:53:15.862-0400][gc,phases    ] GC(5)   Post Evacuate Collection Set: 0.2ms
[2020-09-24T05:53:15.862-0400][gc,phases    ] GC(5)   Other: 0.1ms
[2020-09-24T05:53:15.862-0400][gc,heap      ] GC(5) Eden regions: 6->0(9)
[2020-09-24T05:53:15.862-0400][gc,heap      ] GC(5) Survivor regions: 1->1(1)
[2020-09-24T05:53:15.862-0400][gc,heap      ] GC(5) Old regions: 8->8
[2020-09-24T05:53:15.862-0400][gc,heap      ] GC(5) Humongous regions: 0->0
[2020-09-24T05:53:15.862-0400][gc,metaspace ] GC(5) Metaspace: 10946K->10946K(1058816K)
[2020-09-24T05:53:15.862-0400][gc           ] GC(5) Pause Young (Normal) (G1 Evacuation Pause) 12M->6M(130M) 1.450ms
[2020-09-24T05:53:15.862-0400][gc,cpu       ] GC(5) User=0.00s Sys=0.00s Real=0.00s
[2020-09-24T05:53:15.992-0400][gc,start     ] GC(6) Pause Young (Normal) (G1 Evacuation Pause)
[2020-09-24T05:53:15.992-0400][gc,task      ] GC(6) Using 3 workers of 4 for evacuation
[2020-09-24T05:53:15.996-0400][gc,phases    ] GC(6)   Pre Evacuate Collection Set: 0.0ms
[2020-09-24T05:53:15.996-0400][gc,phases    ] GC(6)   Evacuate Collection Set: 3.5ms
[2020-09-24T05:53:15.996-0400][gc,phases    ] GC(6)   Post Evacuate Collection Set: 0.3ms
[2020-09-24T05:53:15.996-0400][gc,phases    ] GC(6)   Other: 0.1ms
[2020-09-24T05:53:15.996-0400][gc,heap      ] GC(6) Eden regions: 9->0(12)
[2020-09-24T05:53:15.996-0400][gc,heap      ] GC(6) Survivor regions: 1->1(2)
[2020-09-24T05:53:15.996-0400][gc,heap      ] GC(6) Old regions: 8->8
[2020-09-24T05:53:15.996-0400][gc,heap      ] GC(6) Humongous regions: 0->0
[2020-09-24T05:53:15.996-0400][gc,metaspace ] GC(6) Metaspace: 13439K->13439K(1060864K)
[2020-09-24T05:53:15.996-0400][gc           ] GC(6) Pause Young (Normal) (G1 Evacuation Pause) 15M->6M(130M) 3.968ms
[2020-09-24T05:53:15.996-0400][gc,cpu       ] GC(6) User=0.01s Sys=0.00s Real=0.01s
[2020-09-24T05:53:16.184-0400][gc,start     ] GC(7) Pause Young (Normal) (G1 Evacuation Pause)
[2020-09-24T05:53:16.184-0400][gc,task      ] GC(7) Using 3 workers of 4 for evacuation
[2020-09-24T05:53:16.186-0400][gc,phases    ] GC(7)   Pre Evacuate Collection Set: 0.0ms
[2020-09-24T05:53:16.186-0400][gc,phases    ] GC(7)   Evacuate Collection Set: 1.6ms
[2020-09-24T05:53:16.186-0400][gc,phases    ] GC(7)   Post Evacuate Collection Set: 0.3ms
[2020-09-24T05:53:16.186-0400][gc,phases    ] GC(7)   Other: 0.1ms
[2020-09-24T05:53:16.186-0400][gc,heap      ] GC(7) Eden regions: 12->0(14)
[2020-09-24T05:53:16.186-0400][gc,heap      ] GC(7) Survivor regions: 1->2(2)
[2020-09-24T05:53:16.186-0400][gc,heap      ] GC(7) Old regions: 8->8
[2020-09-24T05:53:16.186-0400][gc,heap      ] GC(7) Humongous regions: 0->0
[2020-09-24T05:53:16.186-0400][gc,metaspace ] GC(7) Metaspace: 16661K->16661K(1064960K)
[2020-09-24T05:53:16.186-0400][gc           ] GC(7) Pause Young (Normal) (G1 Evacuation Pause) 18M->7M(130M) 2.135ms
[2020-09-24T05:53:16.186-0400][gc,cpu       ] GC(7) User=0.01s Sys=0.00s Real=0.00s
[2020-09-24T05:53:16.426-0400][gc,start     ] GC(8) Pause Young (Normal) (G1 Evacuation Pause)
[2020-09-24T05:53:16.426-0400][gc,task      ] GC(8) Using 4 workers of 4 for evacuation
[2020-09-24T05:53:16.428-0400][gc,phases    ] GC(8)   Pre Evacuate Collection Set: 0.0ms
[2020-09-24T05:53:16.428-0400][gc,phases    ] GC(8)   Evacuate Collection Set: 2.2ms
[2020-09-24T05:53:16.428-0400][gc,phases    ] GC(8)   Post Evacuate Collection Set: 0.4ms
[2020-09-24T05:53:16.428-0400][gc,phases    ] GC(8)   Other: 0.3ms
[2020-09-24T05:53:16.428-0400][gc,heap      ] GC(8) Eden regions: 14->0(40)
[2020-09-24T05:53:16.428-0400][gc,heap      ] GC(8) Survivor regions: 2->2(2)
[2020-09-24T05:53:16.428-0400][gc,heap      ] GC(8) Old regions: 8->8
[2020-09-24T05:53:16.428-0400][gc,heap      ] GC(8) Humongous regions: 0->0
[2020-09-24T05:53:16.428-0400][gc,metaspace ] GC(8) Metaspace: 20161K->20161K(1067008K)
[2020-09-24T05:53:16.428-0400][gc           ] GC(8) Pause Young (Normal) (G1 Evacuation Pause) 21M->7M(130M) 2.852ms
[2020-09-24T05:53:16.428-0400][gc,cpu       ] GC(8) User=0.01s Sys=0.00s Real=0.00s
[2020-09-24T05:53:16.436-0400][gc,start     ] GC(9) Pause Young (Concurrent Start) (G1 Humongous Allocation)
[2020-09-24T05:53:16.436-0400][gc,task      ] GC(9) Using 4 workers of 4 for evacuation
[2020-09-24T05:53:16.444-0400][gc,phases    ] GC(9)   Pre Evacuate Collection Set: 0.0ms
[2020-09-24T05:53:16.444-0400][gc,phases    ] GC(9)   Evacuate Collection Set: 7.0ms
[2020-09-24T05:53:16.444-0400][gc,phases    ] GC(9)   Post Evacuate Collection Set: 0.3ms
[2020-09-24T05:53:16.444-0400][gc,phases    ] GC(9)   Other: 0.2ms
[2020-09-24T05:53:16.444-0400][gc,heap      ] GC(9) Eden regions: 1->0(26)
[2020-09-24T05:53:16.444-0400][gc,heap      ] GC(9) Survivor regions: 2->2(6)
[2020-09-24T05:53:16.444-0400][gc,heap      ] GC(9) Old regions: 8->8
[2020-09-24T05:53:16.444-0400][gc,heap      ] GC(9) Humongous regions: 0->0
[2020-09-24T05:53:16.444-0400][gc,metaspace ] GC(9) Metaspace: 20277K->20277K(1067008K)
[2020-09-24T05:53:16.444-0400][gc           ] GC(9) Pause Young (Concurrent Start) (G1 Humongous Allocation) 8M->7M(130M) 7.625ms
[2020-09-24T05:53:16.444-0400][gc,cpu       ] GC(9) User=0.00s Sys=0.00s Real=0.01s
[2020-09-24T05:53:16.444-0400][gc           ] GC(10) Concurrent Cycle
[2020-09-24T05:53:16.444-0400][gc,marking   ] GC(10) Concurrent Clear Claimed Marks
[2020-09-24T05:53:16.444-0400][gc,marking   ] GC(10) Concurrent Clear Claimed Marks 0.022ms
[2020-09-24T05:53:16.444-0400][gc,marking   ] GC(10) Concurrent Scan Root Regions
[2020-09-24T05:53:16.445-0400][gc,marking   ] GC(10) Concurrent Scan Root Regions 1.718ms
[2020-09-24T05:53:16.446-0400][gc,marking   ] GC(10) Concurrent Mark (1.281s)
[2020-09-24T05:53:16.446-0400][gc,marking   ] GC(10) Concurrent Mark From Roots
[2020-09-24T05:53:16.446-0400][gc,task      ] GC(10) Using 1 workers of 1 for marking
[2020-09-24T05:53:16.455-0400][gc,marking   ] GC(10) Concurrent Mark From Roots 9.883ms
[2020-09-24T05:53:16.455-0400][gc,marking   ] GC(10) Concurrent Preclean
[2020-09-24T05:53:16.456-0400][gc,marking   ] GC(10) Concurrent Preclean 0.086ms
[2020-09-24T05:53:16.456-0400][gc,marking   ] GC(10) Concurrent Mark (1.281s, 1.291s) 10.028ms
[2020-09-24T05:53:16.519-0400][gc,start     ] GC(10) Pause Remark
[2020-09-24T05:53:16.521-0400][gc,stringtable] GC(10) Cleaned string and symbol table, strings: 4884 processed, 6 removed, symbols: 49817 processed, 42 removed
[2020-09-24T05:53:16.522-0400][gc            ] GC(10) Pause Remark 136M->136M(259M) 2.264ms
[2020-09-24T05:53:16.522-0400][gc,cpu        ] GC(10) User=0.01s Sys=0.00s Real=0.00s
[2020-09-24T05:53:16.522-0400][gc,marking    ] GC(10) Concurrent Rebuild Remembered Sets
[2020-09-24T05:53:16.526-0400][gc,marking    ] GC(10) Concurrent Rebuild Remembered Sets 3.812ms
[2020-09-24T05:53:16.526-0400][gc,start      ] GC(10) Pause Cleanup
[2020-09-24T05:53:16.526-0400][gc            ] GC(10) Pause Cleanup 137M->137M(259M) 0.220ms
[2020-09-24T05:53:16.526-0400][gc,cpu        ] GC(10) User=0.00s Sys=0.00s Real=0.00s
[2020-09-24T05:53:16.526-0400][gc,marking    ] GC(10) Concurrent Cleanup for Next Mark
[2020-09-24T05:53:16.532-0400][gc,marking    ] GC(10) Concurrent Cleanup for Next Mark 5.469ms
[2020-09-24T05:53:16.532-0400][gc            ] GC(10) Concurrent Cycle 88.064ms
[2020-09-24T05:53:16.713-0400][gc,start      ] GC(11) Pause Young (Normal) (G1 Evacuation Pause)
[2020-09-24T05:53:16.713-0400][gc,task       ] GC(11) Using 4 workers of 4 for evacuation
[2020-09-24T05:53:16.718-0400][gc,phases     ] GC(11)   Pre Evacuate Collection Set: 0.0ms
[2020-09-24T05:53:16.718-0400][gc,phases     ] GC(11)   Evacuate Collection Set: 4.2ms
[2020-09-24T05:53:16.718-0400][gc,phases     ] GC(11)   Post Evacuate Collection Set: 0.3ms
[2020-09-24T05:53:16.718-0400][gc,phases     ] GC(11)   Other: 0.1ms
[2020-09-24T05:53:16.718-0400][gc,heap       ] GC(11) Eden regions: 20->0(25)
[2020-09-24T05:53:16.718-0400][gc,heap       ] GC(11) Survivor regions: 2->3(3)
[2020-09-24T05:53:16.718-0400][gc,heap       ] GC(11) Old regions: 8->8
[2020-09-24T05:53:16.718-0400][gc,heap       ] GC(11) Humongous regions: 129->129
[2020-09-24T05:53:16.718-0400][gc,metaspace  ] GC(11) Metaspace: 24602K->24602K(1071104K)
[2020-09-24T05:53:16.718-0400][gc            ] GC(11) Pause Young (Normal) (G1 Evacuation Pause) 156M->137M(259M) 4.700ms
[2020-09-24T05:53:16.718-0400][gc,cpu        ] GC(11) User=0.01s Sys=0.01s Real=0.01s
[2020-09-24T05:53:17.165-0400][gc,start      ] GC(12) Pause Young (Concurrent Start) (G1 Evacuation Pause)
[2020-09-24T05:53:17.165-0400][gc,task       ] GC(12) Using 4 workers of 4 for evacuation
[2020-09-24T05:53:17.173-0400][gc,phases     ] GC(12)   Pre Evacuate Collection Set: 0.1ms
[2020-09-24T05:53:17.173-0400][gc,phases     ] GC(12)   Evacuate Collection Set: 6.9ms
[2020-09-24T05:53:17.173-0400][gc,phases     ] GC(12)   Post Evacuate Collection Set: 0.6ms
[2020-09-24T05:53:17.173-0400][gc,phases     ] GC(12)   Other: 0.4ms
[2020-09-24T05:53:17.173-0400][gc,heap       ] GC(12) Eden regions: 25->0(27)
[2020-09-24T05:53:17.173-0400][gc,heap       ] GC(12) Survivor regions: 3->4(4)
[2020-09-24T05:53:17.173-0400][gc,heap       ] GC(12) Old regions: 8->9
[2020-09-24T05:53:17.173-0400][gc,heap       ] GC(12) Humongous regions: 129->129
[2020-09-24T05:53:17.173-0400][gc,metaspace  ] GC(12) Metaspace: 29107K->29107K(1075200K)
[2020-09-24T05:53:17.173-0400][gc            ] GC(12) Pause Young (Concurrent Start) (G1 Evacuation Pause) 162M->140M(259M) 8.178ms
[2020-09-24T05:53:17.173-0400][gc,cpu        ] GC(12) User=0.01s Sys=0.01s Real=0.00s
[2020-09-24T05:53:17.173-0400][gc            ] GC(13) Concurrent Cycle
[2020-09-24T05:53:17.173-0400][gc,marking    ] GC(13) Concurrent Clear Claimed Marks
[2020-09-24T05:53:17.173-0400][gc,marking    ] GC(13) Concurrent Clear Claimed Marks 0.057ms
[2020-09-24T05:53:17.173-0400][gc,marking    ] GC(13) Concurrent Scan Root Regions
[2020-09-24T05:53:17.176-0400][gc,marking    ] GC(13) Concurrent Scan Root Regions 3.302ms
[2020-09-24T05:53:17.177-0400][gc,marking    ] GC(13) Concurrent Mark (2.012s)
[2020-09-24T05:53:17.177-0400][gc,marking    ] GC(13) Concurrent Mark From Roots
[2020-09-24T05:53:17.177-0400][gc,task       ] GC(13) Using 1 workers of 1 for marking
[2020-09-24T05:53:17.190-0400][gc,marking    ] GC(13) Concurrent Mark From Roots 13.252ms
[2020-09-24T05:53:17.190-0400][gc,marking    ] GC(13) Concurrent Preclean
[2020-09-24T05:53:17.190-0400][gc,marking    ] GC(13) Concurrent Preclean 0.054ms
[2020-09-24T05:53:17.190-0400][gc,marking    ] GC(13) Concurrent Mark (2.012s, 2.026s) 13.381ms
[2020-09-24T05:53:17.190-0400][gc,start      ] GC(13) Pause Remark
[2020-09-24T05:53:17.194-0400][gc,stringtable] GC(13) Cleaned string and symbol table, strings: 9469 processed, 0 removed, symbols: 71212 processed, 22 removed
[2020-09-24T05:53:17.194-0400][gc            ] GC(13) Pause Remark 141M->141M(259M) 3.795ms
[2020-09-24T05:53:17.194-0400][gc,cpu        ] GC(13) User=0.01s Sys=0.01s Real=0.01s
[2020-09-24T05:53:17.194-0400][gc,marking    ] GC(13) Concurrent Rebuild Remembered Sets
[2020-09-24T05:53:17.199-0400][gc,marking    ] GC(13) Concurrent Rebuild Remembered Sets 5.438ms
[2020-09-24T05:53:17.204-0400][gc,start      ] GC(13) Pause Cleanup
[2020-09-24T05:53:17.204-0400][gc            ] GC(13) Pause Cleanup 141M->141M(259M) 0.211ms
[2020-09-24T05:53:17.204-0400][gc,cpu        ] GC(13) User=0.00s Sys=0.00s Real=0.00s
[2020-09-24T05:53:17.204-0400][gc,marking    ] GC(13) Concurrent Cleanup for Next Mark
[2020-09-24T05:53:17.207-0400][gc,marking    ] GC(13) Concurrent Cleanup for Next Mark 2.650ms
[2020-09-24T05:53:17.207-0400][gc            ] GC(13) Concurrent Cycle 33.917ms
[2020-09-24T05:53:17.338-0400][gc,start      ] GC(14) Pause Young (Normal) (G1 Evacuation Pause)
[2020-09-24T05:53:17.338-0400][gc,task       ] GC(14) Using 4 workers of 4 for evacuation
[2020-09-24T05:53:17.345-0400][gc,phases     ] GC(14)   Pre Evacuate Collection Set: 0.0ms
[2020-09-24T05:53:17.345-0400][gc,phases     ] GC(14)   Evacuate Collection Set: 5.8ms
[2020-09-24T05:53:17.345-0400][gc,phases     ] GC(14)   Post Evacuate Collection Set: 0.3ms
[2020-09-24T05:53:17.345-0400][gc,phases     ] GC(14)   Other: 0.2ms
[2020-09-24T05:53:17.345-0400][gc,heap       ] GC(14) Eden regions: 8->0(22)
[2020-09-24T05:53:17.345-0400][gc,heap       ] GC(14) Survivor regions: 4->1(2)
[2020-09-24T05:53:17.345-0400][gc,heap       ] GC(14) Old regions: 9->13
[2020-09-24T05:53:17.345-0400][gc,heap       ] GC(14) Humongous regions: 129->129
[2020-09-24T05:53:17.345-0400][gc,metaspace  ] GC(14) Metaspace: 30937K->30937K(1077248K)
[2020-09-24T05:53:17.345-0400][gc            ] GC(14) Pause Young (Normal) (G1 Evacuation Pause) 148M->141M(259M) 6.333ms
[2020-09-24T05:53:17.345-0400][gc,cpu        ] GC(14) User=0.01s Sys=0.01s Real=0.01s
[2020-09-24T06:08:05.401-0400][gc,start      ] GC(15) Pause Young (Concurrent Start) (G1 Evacuation Pause)
[2020-09-24T06:08:05.401-0400][gc,task       ] GC(15) Using 4 workers of 4 for evacuation
[2020-09-24T06:08:05.406-0400][gc,phases     ] GC(15)   Pre Evacuate Collection Set: 0.1ms
[2020-09-24T06:08:05.406-0400][gc,phases     ] GC(15)   Evacuate Collection Set: 3.9ms
[2020-09-24T06:08:05.406-0400][gc,phases     ] GC(15)   Post Evacuate Collection Set: 0.6ms
[2020-09-24T06:08:05.406-0400][gc,phases     ] GC(15)   Other: 0.3ms
[2020-09-24T06:08:05.406-0400][gc,heap       ] GC(15) Eden regions: 22->0(26)
[2020-09-24T06:08:05.406-0400][gc,heap       ] GC(15) Survivor regions: 1->2(3)
[2020-09-24T06:08:05.406-0400][gc,heap       ] GC(15) Old regions: 13->13
[2020-09-24T06:08:05.406-0400][gc,heap       ] GC(15) Humongous regions: 129->129
[2020-09-24T06:08:05.406-0400][gc,metaspace  ] GC(15) Metaspace: 33956K->33956K(1081344K)
[2020-09-24T06:08:05.406-0400][gc            ] GC(15) Pause Young (Concurrent Start) (G1 Evacuation Pause) 163M->141M(259M) 5.035ms
[2020-09-24T06:08:05.406-0400][gc,cpu        ] GC(15) User=0.00s Sys=0.00s Real=0.01s
[2020-09-24T06:08:05.406-0400][gc            ] GC(16) Concurrent Cycle
[2020-09-24T06:08:05.406-0400][gc,marking    ] GC(16) Concurrent Clear Claimed Marks
[2020-09-24T06:08:05.406-0400][gc,marking    ] GC(16) Concurrent Clear Claimed Marks 0.046ms
[2020-09-24T06:08:05.406-0400][gc,marking    ] GC(16) Concurrent Scan Root Regions
[2020-09-24T06:08:05.408-0400][gc,marking    ] GC(16) Concurrent Scan Root Regions 1.498ms
[2020-09-24T06:08:05.408-0400][gc,marking    ] GC(16) Concurrent Mark (890.244s)
[2020-09-24T06:08:05.408-0400][gc,marking    ] GC(16) Concurrent Mark From Roots
[2020-09-24T06:08:05.408-0400][gc,task       ] GC(16) Using 1 workers of 1 for marking
[2020-09-24T06:08:05.440-0400][gc,marking    ] GC(16) Concurrent Mark From Roots 31.653ms
[2020-09-24T06:08:05.440-0400][gc,marking    ] GC(16) Concurrent Preclean
[2020-09-24T06:08:05.440-0400][gc,marking    ] GC(16) Concurrent Preclean 0.277ms
[2020-09-24T06:08:05.440-0400][gc,marking    ] GC(16) Concurrent Mark (890.244s, 890.276s) 31.984ms
[2020-09-24T06:08:05.440-0400][gc,start      ] GC(16) Pause Remark
[2020-09-24T06:08:05.472-0400][gc,stringtable] GC(16) Cleaned string and symbol table, strings: 10448 processed, 297 removed, symbols: 80543 processed, 11 removed
[2020-09-24T06:08:05.486-0400][gc,mmu        ] GC(16) MMU target violated: 21.0ms (20.0ms/21.0ms)
[2020-09-24T06:08:05.486-0400][gc            ] GC(16) Pause Remark 142M->142M(259M) 45.867ms
[2020-09-24T06:08:05.486-0400][gc,cpu        ] GC(16) User=0.06s Sys=0.00s Real=0.05s
[2020-09-24T06:08:05.486-0400][gc,marking    ] GC(16) Concurrent Rebuild Remembered Sets
[2020-09-24T06:08:05.496-0400][gc,marking    ] GC(16) Concurrent Rebuild Remembered Sets 10.092ms
[2020-09-24T06:08:05.497-0400][gc,start      ] GC(16) Pause Cleanup
[2020-09-24T06:08:05.497-0400][gc            ] GC(16) Pause Cleanup 142M->142M(259M) 0.206ms
[2020-09-24T06:08:05.497-0400][gc,cpu        ] GC(16) User=0.00s Sys=0.00s Real=0.00s
[2020-09-24T06:08:05.497-0400][gc,marking    ] GC(16) Concurrent Cleanup for Next Mark
[2020-09-24T06:08:05.498-0400][gc,marking    ] GC(16) Concurrent Cleanup for Next Mark 0.661ms
[2020-09-24T06:08:05.498-0400][gc            ] GC(16) Concurrent Cycle 91.521ms
[2020-09-24T06:27:00.392-0400][gc,start      ] GC(17) Pause Young (Normal) (G1 Evacuation Pause)
[2020-09-24T06:27:00.392-0400][gc,task       ] GC(17) Using 4 workers of 4 for evacuation
[2020-09-24T06:27:00.397-0400][gc,phases     ] GC(17)   Pre Evacuate Collection Set: 0.2ms
[2020-09-24T06:27:00.397-0400][gc,phases     ] GC(17)   Evacuate Collection Set: 3.0ms
[2020-09-24T06:27:00.397-0400][gc,phases     ] GC(17)   Post Evacuate Collection Set: 0.9ms
[2020-09-24T06:27:00.397-0400][gc,phases     ] GC(17)   Other: 0.3ms
[2020-09-24T06:27:00.397-0400][gc,heap       ] GC(17) Eden regions: 22->0(34)
[2020-09-24T06:27:00.397-0400][gc,heap       ] GC(17) Survivor regions: 2->2(3)
[2020-09-24T06:27:00.397-0400][gc,heap       ] GC(17) Old regions: 13->13
[2020-09-24T06:27:00.397-0400][gc,heap       ] GC(17) Humongous regions: 129->129
[2020-09-24T06:27:00.397-0400][gc,metaspace  ] GC(17) Metaspace: 34581K->34581K(1081344K)
[2020-09-24T06:27:00.397-0400][gc            ] GC(17) Pause Young (Normal) (G1 Evacuation Pause) 163M->141M(259M) 4.369ms
[2020-09-24T06:27:00.397-0400][gc,cpu        ] GC(17) User=0.01s Sys=0.00s Real=0.01s
