[2020-09-24T05:19:08.021-0400][gc,heap] Heap region size: 1M
[2020-09-24T05:19:08.026-0400][gc     ] Using G1
[2020-09-24T05:19:08.026-0400][gc,heap,coops] Heap address: 0x00000000e0000000, size: 512 MB, Compressed Oops mode: 32-bit
[2020-09-24T05:19:08.027-0400][gc,cds       ] Mark closed archive regions in map: [0x00000000fff00000, 0x00000000fff69ff8]
[2020-09-24T05:19:08.027-0400][gc,cds       ] Mark open archive regions in map: [0x00000000ffe00000, 0x00000000ffe46ff8]
[2020-09-24T05:19:14.425-0400][gc,heap,exit ] Heap
[2020-09-24T05:19:14.425-0400][gc,heap,exit ]  garbage-first heap   total 524288K, used 24260K [0x00000000e0000000, 0x0000000100000000)
[2020-09-24T05:19:14.425-0400][gc,heap,exit ]   region size 1024K, 24 young (24576K), 0 survivors (0K)
[2020-09-24T05:19:14.425-0400][gc,heap,exit ]  Metaspace       used 7225K, capacity 7536K, committed 7680K, reserved 1056768K
[2020-09-24T05:19:14.425-0400][gc,heap,exit ]   class space    used 829K, capacity 940K, committed 1024K, reserved 1048576K
