[2020-09-24T05:31:14.235-0400][gc,heap] Heap region size: 1M
[2020-09-24T05:31:14.240-0400][gc     ] Using G1
[2020-09-24T05:31:14.240-0400][gc,heap,coops] Heap address: 0x00000000e0000000, size: 512 MB, Compressed Oops mode: 32-bit
[2020-09-24T05:31:14.240-0400][gc,cds       ] Mark closed archive regions in map: [0x00000000fff00000, 0x00000000fff69ff8]
[2020-09-24T05:31:14.240-0400][gc,cds       ] Mark open archive regions in map: [0x00000000ffe00000, 0x00000000ffe46ff8]
[2020-09-24T05:33:15.365-0400][gc,start     ] GC(0) Pause Young (Normal) (G1 Evacuation Pause)
[2020-09-24T05:33:15.365-0400][gc,task      ] GC(0) Using 4 workers of 4 for evacuation
[2020-09-24T05:33:15.447-0400][gc,mmu       ] GC(0) MMU target violated: 21.0ms (20.0ms/21.0ms)
[2020-09-24T05:33:15.447-0400][gc,phases    ] GC(0)   Pre Evacuate Collection Set: 0.0ms
[2020-09-24T05:33:15.447-0400][gc,phases    ] GC(0)   Evacuate Collection Set: 80.9ms
[2020-09-24T05:33:15.447-0400][gc,phases    ] GC(0)   Post Evacuate Collection Set: 0.6ms
[2020-09-24T05:33:15.447-0400][gc,phases    ] GC(0)   Other: 0.7ms
[2020-09-24T05:33:15.447-0400][gc,heap      ] GC(0) Eden regions: 25->0(21)
[2020-09-24T05:33:15.447-0400][gc,heap      ] GC(0) Survivor regions: 0->4(4)
[2020-09-24T05:33:15.447-0400][gc,heap      ] GC(0) Old regions: 2->4
[2020-09-24T05:33:15.447-0400][gc,heap      ] GC(0) Humongous regions: 0->0
[2020-09-24T05:33:15.447-0400][gc,metaspace ] GC(0) Metaspace: 7565K->7565K(1056768K)
[2020-09-24T05:33:15.447-0400][gc           ] GC(0) Pause Young (Normal) (G1 Evacuation Pause) 25M->5M(512M) 82.246ms
[2020-09-24T05:33:15.447-0400][gc,cpu       ] GC(0) User=0.00s Sys=0.30s Real=0.08s
[2020-09-24T17:59:28.717-0400][gc,start     ] GC(1) Pause Young (Normal) (G1 Evacuation Pause)
[2020-09-24T17:59:28.719-0400][gc,task      ] GC(1) Using 4 workers of 4 for evacuation
[2020-09-24T17:59:28.752-0400][gc,mmu       ] GC(1) MMU target violated: 21.0ms (20.0ms/21.0ms)
[2020-09-24T17:59:28.752-0400][gc,phases    ] GC(1)   Pre Evacuate Collection Set: 3.7ms
[2020-09-24T17:59:28.752-0400][gc,phases    ] GC(1)   Evacuate Collection Set: 29.0ms
[2020-09-24T17:59:28.752-0400][gc,phases    ] GC(1)   Post Evacuate Collection Set: 0.6ms
[2020-09-24T17:59:28.752-0400][gc,phases    ] GC(1)   Other: 2.1ms
[2020-09-24T17:59:28.752-0400][gc,heap      ] GC(1) Eden regions: 21->0(24)
[2020-09-24T17:59:28.752-0400][gc,heap      ] GC(1) Survivor regions: 4->1(4)
[2020-09-24T17:59:28.752-0400][gc,heap      ] GC(1) Old regions: 4->8
[2020-09-24T17:59:28.752-0400][gc,heap      ] GC(1) Humongous regions: 0->0
[2020-09-24T17:59:28.752-0400][gc,metaspace ] GC(1) Metaspace: 8400K->8400K(1056768K)
[2020-09-24T17:59:28.752-0400][gc           ] GC(1) Pause Young (Normal) (G1 Evacuation Pause) 26M->6M(512M) 35.417ms
[2020-09-24T17:59:28.752-0400][gc,cpu       ] GC(1) User=0.10s Sys=0.00s Real=0.03s
[2020-09-24T23:25:57.944-0400][gc,start     ] GC(2) Pause Young (Normal) (G1 Evacuation Pause)
[2020-09-24T23:25:57.944-0400][gc,task      ] GC(2) Using 4 workers of 4 for evacuation
[2020-09-24T23:25:57.950-0400][gc,phases    ] GC(2)   Pre Evacuate Collection Set: 2.7ms
[2020-09-24T23:25:57.950-0400][gc,phases    ] GC(2)   Evacuate Collection Set: 3.1ms
[2020-09-24T23:25:57.950-0400][gc,phases    ] GC(2)   Post Evacuate Collection Set: 0.6ms
[2020-09-24T23:25:57.950-0400][gc,phases    ] GC(2)   Other: 0.6ms
[2020-09-24T23:25:57.950-0400][gc,heap      ] GC(2) Eden regions: 24->0(24)
[2020-09-24T23:25:57.950-0400][gc,heap      ] GC(2) Survivor regions: 1->1(4)
[2020-09-24T23:25:57.950-0400][gc,heap      ] GC(2) Old regions: 8->8
[2020-09-24T23:25:57.950-0400][gc,heap      ] GC(2) Humongous regions: 0->0
[2020-09-24T23:25:57.950-0400][gc,metaspace ] GC(2) Metaspace: 8400K->8400K(1056768K)
[2020-09-24T23:25:57.951-0400][gc           ] GC(2) Pause Young (Normal) (G1 Evacuation Pause) 30M->6M(512M) 6.867ms
[2020-09-24T23:25:57.951-0400][gc,cpu       ] GC(2) User=0.02s Sys=0.00s Real=0.01s
[2020-09-25T04:58:04.450-0400][gc,start     ] GC(3) Pause Young (Normal) (G1 Evacuation Pause)
[2020-09-25T04:58:04.451-0400][gc,task      ] GC(3) Using 4 workers of 4 for evacuation
[2020-09-25T04:58:04.464-0400][gc,phases    ] GC(3)   Pre Evacuate Collection Set: 3.0ms
[2020-09-25T04:58:04.464-0400][gc,phases    ] GC(3)   Evacuate Collection Set: 9.5ms
[2020-09-25T04:58:04.464-0400][gc,phases    ] GC(3)   Post Evacuate Collection Set: 0.7ms
[2020-09-25T04:58:04.464-0400][gc,phases    ] GC(3)   Other: 0.7ms
[2020-09-25T04:58:04.464-0400][gc,heap      ] GC(3) Eden regions: 24->0(24)
[2020-09-25T04:58:04.464-0400][gc,heap      ] GC(3) Survivor regions: 1->1(4)
[2020-09-25T04:58:04.464-0400][gc,heap      ] GC(3) Old regions: 8->8
[2020-09-25T04:58:04.464-0400][gc,heap      ] GC(3) Humongous regions: 0->0
[2020-09-25T04:58:04.464-0400][gc,metaspace ] GC(3) Metaspace: 8404K->8404K(1056768K)
[2020-09-25T04:58:04.464-0400][gc           ] GC(3) Pause Young (Normal) (G1 Evacuation Pause) 30M->6M(512M) 13.930ms
[2020-09-25T04:58:04.464-0400][gc,cpu       ] GC(3) User=0.04s Sys=0.00s Real=0.01s
[2020-09-25T10:29:15.333-0400][gc,start     ] GC(4) Pause Young (Normal) (G1 Evacuation Pause)
[2020-09-25T10:29:15.333-0400][gc,task      ] GC(4) Using 4 workers of 4 for evacuation
[2020-09-25T10:29:15.341-0400][gc,phases    ] GC(4)   Pre Evacuate Collection Set: 2.9ms
[2020-09-25T10:29:15.341-0400][gc,phases    ] GC(4)   Evacuate Collection Set: 4.0ms
[2020-09-25T10:29:15.341-0400][gc,phases    ] GC(4)   Post Evacuate Collection Set: 0.7ms
[2020-09-25T10:29:15.341-0400][gc,phases    ] GC(4)   Other: 0.9ms
[2020-09-25T10:29:15.341-0400][gc,heap      ] GC(4) Eden regions: 24->0(24)
[2020-09-25T10:29:15.341-0400][gc,heap      ] GC(4) Survivor regions: 1->1(4)
[2020-09-25T10:29:15.341-0400][gc,heap      ] GC(4) Old regions: 8->8
[2020-09-25T10:29:15.341-0400][gc,heap      ] GC(4) Humongous regions: 0->0
[2020-09-25T10:29:15.341-0400][gc,metaspace ] GC(4) Metaspace: 8404K->8404K(1056768K)
[2020-09-25T10:29:15.341-0400][gc           ] GC(4) Pause Young (Normal) (G1 Evacuation Pause) 30M->6M(512M) 8.494ms
[2020-09-25T10:29:15.341-0400][gc,cpu       ] GC(4) User=0.01s Sys=0.00s Real=0.01s
[2020-09-25T16:04:09.141-0400][gc,start     ] GC(5) Pause Young (Normal) (G1 Evacuation Pause)
[2020-09-25T16:04:09.141-0400][gc,task      ] GC(5) Using 4 workers of 4 for evacuation
[2020-09-25T16:04:09.146-0400][gc,phases    ] GC(5)   Pre Evacuate Collection Set: 1.3ms
[2020-09-25T16:04:09.146-0400][gc,phases    ] GC(5)   Evacuate Collection Set: 2.4ms
[2020-09-25T16:04:09.146-0400][gc,phases    ] GC(5)   Post Evacuate Collection Set: 0.7ms
[2020-09-25T16:04:09.146-0400][gc,phases    ] GC(5)   Other: 0.3ms
[2020-09-25T16:04:09.146-0400][gc,heap      ] GC(5) Eden regions: 24->0(24)
[2020-09-25T16:04:09.146-0400][gc,heap      ] GC(5) Survivor regions: 1->1(4)
[2020-09-25T16:04:09.146-0400][gc,heap      ] GC(5) Old regions: 8->8
[2020-09-25T16:04:09.146-0400][gc,heap      ] GC(5) Humongous regions: 0->0
[2020-09-25T16:04:09.146-0400][gc,metaspace ] GC(5) Metaspace: 8404K->8404K(1056768K)
[2020-09-25T16:04:09.146-0400][gc           ] GC(5) Pause Young (Normal) (G1 Evacuation Pause) 30M->6M(512M) 4.637ms
[2020-09-25T16:04:09.146-0400][gc,cpu       ] GC(5) User=0.01s Sys=0.00s Real=0.01s
[2020-09-25T21:36:09.838-0400][gc,start     ] GC(6) Pause Young (Normal) (G1 Evacuation Pause)
[2020-09-25T21:36:09.839-0400][gc,task      ] GC(6) Using 4 workers of 4 for evacuation
[2020-09-25T21:36:09.842-0400][gc,phases    ] GC(6)   Pre Evacuate Collection Set: 1.0ms
[2020-09-25T21:36:09.842-0400][gc,phases    ] GC(6)   Evacuate Collection Set: 1.5ms
[2020-09-25T21:36:09.842-0400][gc,phases    ] GC(6)   Post Evacuate Collection Set: 0.7ms
[2020-09-25T21:36:09.842-0400][gc,phases    ] GC(6)   Other: 0.3ms
[2020-09-25T21:36:09.842-0400][gc,heap      ] GC(6) Eden regions: 24->0(24)
[2020-09-25T21:36:09.842-0400][gc,heap      ] GC(6) Survivor regions: 1->1(4)
[2020-09-25T21:36:09.842-0400][gc,heap      ] GC(6) Old regions: 8->8
[2020-09-25T21:36:09.842-0400][gc,heap      ] GC(6) Humongous regions: 0->0
[2020-09-25T21:36:09.842-0400][gc,metaspace ] GC(6) Metaspace: 8410K->8410K(1056768K)
[2020-09-25T21:36:09.842-0400][gc           ] GC(6) Pause Young (Normal) (G1 Evacuation Pause) 30M->6M(512M) 3.446ms
[2020-09-25T21:36:09.842-0400][gc,cpu       ] GC(6) User=0.01s Sys=0.00s Real=0.00s
[2020-09-26T02:20:20.902-0400][gc,start     ] GC(7) Pause Young (Normal) (G1 Evacuation Pause)
[2020-09-26T02:20:20.902-0400][gc,task      ] GC(7) Using 4 workers of 4 for evacuation
[2020-09-26T02:20:20.911-0400][gc,phases    ] GC(7)   Pre Evacuate Collection Set: 2.0ms
[2020-09-26T02:20:20.911-0400][gc,phases    ] GC(7)   Evacuate Collection Set: 5.2ms
[2020-09-26T02:20:20.911-0400][gc,phases    ] GC(7)   Post Evacuate Collection Set: 0.8ms
[2020-09-26T02:20:20.911-0400][gc,phases    ] GC(7)   Other: 0.9ms
[2020-09-26T02:20:20.911-0400][gc,heap      ] GC(7) Eden regions: 24->0(24)
[2020-09-26T02:20:20.911-0400][gc,heap      ] GC(7) Survivor regions: 1->1(4)
[2020-09-26T02:20:20.911-0400][gc,heap      ] GC(7) Old regions: 8->8
[2020-09-26T02:20:20.911-0400][gc,heap      ] GC(7) Humongous regions: 0->0
[2020-09-26T02:20:20.911-0400][gc,metaspace ] GC(7) Metaspace: 8457K->8457K(1056768K)
[2020-09-26T02:20:20.911-0400][gc           ] GC(7) Pause Young (Normal) (G1 Evacuation Pause) 30M->6M(512M) 9.013ms
[2020-09-26T02:20:20.911-0400][gc,cpu       ] GC(7) User=0.01s Sys=0.00s Real=0.01s
